<html>
<body>
<pre>
<h1>µVision Build Log</h1>
<h2>Tool Versions:</h2>
IDE-Version: •ÏVision V5.24.2.0
Copyright (C) 2017 ARM Ltd and ARM Germany GmbH. All rights reserved.
License Information: Kwang Seon Hong, UTTEC, LIC=KRMMM-XAJCR-T33MI-T3M7J-QP611-9RZPL
 
Tool Versions:
Toolchain:       MDK-ARM Plus  Version: 5.24.1
Toolchain Path:  C:\Keil_v5\ARM\ARMCC\Bin
C Compiler:      Armcc.exe V5.06 update 5 (build 528)
Assembler:       Armasm.exe V5.06 update 5 (build 528)
Linker/Locator:  ArmLink.exe V5.06 update 5 (build 528)
Library Manager: ArmAr.exe V5.06 update 5 (build 528)
Hex Converter:   FromElf.exe V5.06 update 5 (build 528)
CPU DLL:         
Dialog DLL:      DCM.DLL V1.16.0.0
Target DLL:      CMSIS_AGDI.dll V1.28.3.0
Dialog DLL:      TCM.DLL V1.32.0.0
 
<h2>Project:</h2>
C:\mbed\mbed518\uttec518\empty.uvprojx
Project File Date:  01/01/2018

<h2>Output:</h2>
*** Using Compiler 'V5.06 update 5 (build 528)', folder: 'C:\Keil_v5\ARM\ARMCC\Bin'
Build target 'uttec518'
compiling mainForSx1276.cpp...
compiling UttecSx1276.cpp...
..\..\mbed528\uttec528\UttecApp\UttecSx1276.cpp(146): warning:  #780-D: reference is to variable "i"  (declared at line 111) -- under old for-init scoping rules it would have been variable "i"  (declared at line 142)
                          for( i = 4; i < BufferSize; i++ )
..\..\mbed528\uttec528\UttecApp\UttecSx1276.cpp(146): warning:  #780-D: reference is to variable "i"  (declared at line 111) -- under old for-init scoping rules it would have been variable "i"  (declared at line 142)
                          for( i = 4; i < BufferSize; i++ )
..\..\mbed528\uttec528\UttecApp\UttecSx1276.cpp(146): warning:  #780-D: reference is to variable "i"  (declared at line 111) -- under old for-init scoping rules it would have been variable "i"  (declared at line 142)
                          for( i = 4; i < BufferSize; i++ )
..\..\mbed528\uttec528\UttecApp\UttecSx1276.cpp(148): warning:  #780-D: reference is to variable "i"  (declared at line 111) -- under old for-init scoping rules it would have been variable "i"  (declared at line 142)
                              Buffer[i] = i - 4;
..\..\mbed528\uttec528\UttecApp\UttecSx1276.cpp(148): warning:  #780-D: reference is to variable "i"  (declared at line 111) -- under old for-init scoping rules it would have been variable "i"  (declared at line 142)
                              Buffer[i] = i - 4;
..\..\mbed528\uttec528\UttecApp\UttecSx1276.cpp(164): warning:  #780-D: reference is to variable "i"  (declared at line 111) -- under old for-init scoping rules it would have been variable "i"  (declared at line 160)
                          for( i = 4; i < BufferSize; i++ )
..\..\mbed528\uttec528\UttecApp\UttecSx1276.cpp(164): warning:  #780-D: reference is to variable "i"  (declared at line 111) -- under old for-init scoping rules it would have been variable "i"  (declared at line 160)
                          for( i = 4; i < BufferSize; i++ )
..\..\mbed528\uttec528\UttecApp\UttecSx1276.cpp(164): warning:  #780-D: reference is to variable "i"  (declared at line 111) -- under old for-init scoping rules it would have been variable "i"  (declared at line 160)
                          for( i = 4; i < BufferSize; i++ )
..\..\mbed528\uttec528\UttecApp\UttecSx1276.cpp(166): warning:  #780-D: reference is to variable "i"  (declared at line 111) -- under old for-init scoping rules it would have been variable "i"  (declared at line 160)
                              Buffer[i] = i - 4;
..\..\mbed528\uttec528\UttecApp\UttecSx1276.cpp(166): warning:  #780-D: reference is to variable "i"  (declared at line 111) -- under old for-init scoping rules it would have been variable "i"  (declared at line 160)
                              Buffer[i] = i - 4;
..\..\mbed528\uttec528\UttecApp\UttecSx1276.cpp(189): warning:  #780-D: reference is to variable "i"  (declared at line 111) -- under old for-init scoping rules it would have been variable "i"  (declared at line 115)
                          for( i = 4; i < BufferSize; i++ )
..\..\mbed528\uttec528\UttecApp\UttecSx1276.cpp(189): warning:  #780-D: reference is to variable "i"  (declared at line 111) -- under old for-init scoping rules it would have been variable "i"  (declared at line 115)
                          for( i = 4; i < BufferSize; i++ )
..\..\mbed528\uttec528\UttecApp\UttecSx1276.cpp(189): warning:  #780-D: reference is to variable "i"  (declared at line 111) -- under old for-init scoping rules it would have been variable "i"  (declared at line 115)
                          for( i = 4; i < BufferSize; i++ )
..\..\mbed528\uttec528\UttecApp\UttecSx1276.cpp(191): warning:  #780-D: reference is to variable "i"  (declared at line 111) -- under old for-init scoping rules it would have been variable "i"  (declared at line 115)
                              Buffer[i] = i - 4;
..\..\mbed528\uttec528\UttecApp\UttecSx1276.cpp(191): warning:  #780-D: reference is to variable "i"  (declared at line 111) -- under old for-init scoping rules it would have been variable "i"  (declared at line 115)
                              Buffer[i] = i - 4;
..\..\mbed528\uttec528\UttecApp\UttecSx1276.cpp(223): warning:  #780-D: reference is to variable "i"  (declared at line 111) -- under old for-init scoping rules it would have been variable "i"  (declared at line 115)
                  for( i = 4; i < BufferSize; i++ )
..\..\mbed528\uttec528\UttecApp\UttecSx1276.cpp(223): warning:  #780-D: reference is to variable "i"  (declared at line 111) -- under old for-init scoping rules it would have been variable "i"  (declared at line 115)
                  for( i = 4; i < BufferSize; i++ )
..\..\mbed528\uttec528\UttecApp\UttecSx1276.cpp(223): warning:  #780-D: reference is to variable "i"  (declared at line 111) -- under old for-init scoping rules it would have been variable "i"  (declared at line 115)
                  for( i = 4; i < BufferSize; i++ )
..\..\mbed528\uttec528\UttecApp\UttecSx1276.cpp(225): warning:  #780-D: reference is to variable "i"  (declared at line 111) -- under old for-init scoping rules it would have been variable "i"  (declared at line 115)
                      Buffer[i] = i - 4;
..\..\mbed528\uttec528\UttecApp\UttecSx1276.cpp(225): warning:  #780-D: reference is to variable "i"  (declared at line 111) -- under old for-init scoping rules it would have been variable "i"  (declared at line 115)
                      Buffer[i] = i - 4;
..\..\mbed528\uttec528\UttecApp\UttecSx1276.cpp(242): warning:  #780-D: reference is to variable "i"  (declared at line 111) -- under old for-init scoping rules it would have been variable "i"  (declared at line 115)
                  for( i = 4; i < BufferSize; i++ )
..\..\mbed528\uttec528\UttecApp\UttecSx1276.cpp(242): warning:  #780-D: reference is to variable "i"  (declared at line 111) -- under old for-init scoping rules it would have been variable "i"  (declared at line 115)
                  for( i = 4; i < BufferSize; i++ )
..\..\mbed528\uttec528\UttecApp\UttecSx1276.cpp(242): warning:  #780-D: reference is to variable "i"  (declared at line 111) -- under old for-init scoping rules it would have been variable "i"  (declared at line 115)
                  for( i = 4; i < BufferSize; i++ )
..\..\mbed528\uttec528\UttecApp\UttecSx1276.cpp(244): warning:  #780-D: reference is to variable "i"  (declared at line 111) -- under old for-init scoping rules it would have been variable "i"  (declared at line 115)
                      Buffer[i] = i - 4;
..\..\mbed528\uttec528\UttecApp\UttecSx1276.cpp(244): warning:  #780-D: reference is to variable "i"  (declared at line 111) -- under old for-init scoping rules it would have been variable "i"  (declared at line 115)
                      Buffer[i] = i - 4;
..\..\mbed528\uttec528\UttecApp\UttecSx1276.cpp(253): warning:  #780-D: reference is to variable "i"  (declared at line 111) -- under old for-init scoping rules it would have been variable "i"  (declared at line 115)
                  for( i = 4; i < BufferSize; i++ )
..\..\mbed528\uttec528\UttecApp\UttecSx1276.cpp(253): warning:  #780-D: reference is to variable "i"  (declared at line 111) -- under old for-init scoping rules it would have been variable "i"  (declared at line 115)
                  for( i = 4; i < BufferSize; i++ )
..\..\mbed528\uttec528\UttecApp\UttecSx1276.cpp(253): warning:  #780-D: reference is to variable "i"  (declared at line 111) -- under old for-init scoping rules it would have been variable "i"  (declared at line 115)
                  for( i = 4; i < BufferSize; i++ )
..\..\mbed528\uttec528\UttecApp\UttecSx1276.cpp(255): warning:  #780-D: reference is to variable "i"  (declared at line 111) -- under old for-init scoping rules it would have been variable "i"  (declared at line 115)
                      Buffer[i] = i - 4;
..\..\mbed528\uttec528\UttecApp\UttecSx1276.cpp(255): warning:  #780-D: reference is to variable "i"  (declared at line 111) -- under old for-init scoping rules it would have been variable "i"  (declared at line 115)
                      Buffer[i] = i - 4;
..\..\mbed528\uttec528\UttecApp\UttecSx1276.cpp: 30 warnings, 0 errors
linking...
Program Size: Code=62864 RO-data=3868 RW-data=628 ZI-data=3324  
FromELF: creating hex file...
".\BUILD\sx1276nrf518_171229_1600.axf" - 0 Error(s), 30 Warning(s).

<h2>Software Packages used:</h2>

Package Vendor: NordicSemiconductor
                http://developer.nordicsemi.com/nRF5_SDK/pieces/nRF_DeviceFamilyPack/NordicSemiconductor.nRF_DeviceFamilyPack.8.15.0.pack
                NordicSemiconductor.nRF_DeviceFamilyPack.8.15.0
                Nordic Semiconductor nRF ARM devices Device Family Pack.

<h2>Collection of Component include folders:</h2>
  .\RTE\_uttec518
  C:\Keil_v5\ARM\PACK\NordicSemiconductor\nRF_DeviceFamilyPack\8.15.0\Device\Include

<h2>Collection of Component Files used:</h2>
Build Time Elapsed:  00:00:03
</pre>
</body>
</html>
