<html>
<body>
<pre>
<h1>µVision Build Log</h1>
<h2>Tool Versions:</h2>
IDE-Version: •ÏVision V5.24.2.0
Copyright (C) 2017 ARM Ltd and ARM Germany GmbH. All rights reserved.
License Information: Kwang Seon Hong, UTTEC, LIC=KRMMM-XAJCR-T33MI-T3M7J-QP611-9RZPL
 
Tool Versions:
Toolchain:       MDK-ARM Plus  Version: 5.24.1
Toolchain Path:  C:\Keil_v5\ARM\ARMCC\Bin
C Compiler:      Armcc.exe V5.06 update 5 (build 528)
Assembler:       Armasm.exe V5.06 update 5 (build 528)
Linker/Locator:  ArmLink.exe V5.06 update 5 (build 528)
Library Manager: ArmAr.exe V5.06 update 5 (build 528)
Hex Converter:   FromElf.exe V5.06 update 5 (build 528)
CPU DLL:         
Dialog DLL:      DCM.DLL V1.16.0.0
Target DLL:      CMSIS_AGDI.dll V1.28.3.0
Dialog DLL:      TCM.DLL V1.32.0.0
 
<h2>Project:</h2>
C:\mbed\mbed518\uttec518\empty.uvprojx
Project File Date:  12/29/2017

<h2>Output:</h2>
*** Using Compiler 'V5.06 update 5 (build 528)', folder: 'C:\Keil_v5\ARM\ARMCC\Bin'
Build target 'uttec518'
compiling radio_config.c...
compiling Rf.cpp...
compiling mainForSx1276.cpp...
..\..\mbed528\uttec528\mainForSx1276.cpp(64): warning:  #550-D: variable "myLib"  was set but never used
  	uttecLib_t myLib;
..\..\mbed528\uttec528\mainForSx1276.cpp(66): warning:  #177-D: variable "ulCount"  was declared but never referenced
  	uint32_t ulCount = 0;
..\..\mbed528\uttec528\mainForSx1276.cpp: 2 warnings, 0 errors
compiling DimmerRf.cpp...
compiling Flash.cpp...
compiling rs485.cpp...
compiling UttecLed.cpp...
compiling sx1276Exe.cpp...
compiling mSecExe.cpp...
compiling UttecUtil.cpp...
compiling UttecBle.cpp...
compiling proc485.cpp...
compiling procBle.cpp...
compiling procRf.cpp...
compiling procSec.cpp...
compiling procServer.cpp...
compiling procSx1276.cpp...
linking...
Program Size: Code=37324 RO-data=2584 RW-data=352 ZI-data=2416  
FromELF: creating hex file...
".\BUILD\sx1276nrf518_171223_1200.axf" - 0 Error(s), 2 Warning(s).

<h2>Software Packages used:</h2>

Package Vendor: NordicSemiconductor
                http://developer.nordicsemi.com/nRF5_SDK/pieces/nRF_DeviceFamilyPack/NordicSemiconductor.nRF_DeviceFamilyPack.8.15.0.pack
                NordicSemiconductor.nRF_DeviceFamilyPack.8.15.0
                Nordic Semiconductor nRF ARM devices Device Family Pack.

<h2>Collection of Component include folders:</h2>
  .\RTE\_uttec518
  C:\Keil_v5\ARM\PACK\NordicSemiconductor\nRF_DeviceFamilyPack\8.15.0\Device\Include

<h2>Collection of Component Files used:</h2>
Build Time Elapsed:  00:00:07
</pre>
</body>
</html>
