<!doctype html public "-//w3c//dtd html 4.0 transitional//en">
<html><head>
<title>Static Call Graph - [.\BUILD\sx1276nrf518_180105_1100.axf]</title></head>
<body><HR>
<H1>Static Call Graph for image .\BUILD\sx1276nrf518_180105_1100.axf</H1><HR>
<BR><P>#&#060CALLGRAPH&#062# ARM Linker, 5060528: Last Updated: Sat Jan 06 15:14:44 2018
<BR><P>
<H3>Maximum Stack Usage =          0 bytes + Unknown(Cycles, Untraceable Function Pointers)</H3><H3>
Call chain for Maximum Stack Depth:</H3>

<P>
<H3>
Mutually Recursive functions
</H3> <LI><a href="#[15]">NMI_Handler</a>&nbsp;&nbsp;&nbsp;&rArr;&nbsp;&nbsp;&nbsp;<a href="#[15]">NMI_Handler</a><BR>
 <LI><a href="#[16]">HardFault_Handler</a>&nbsp;&nbsp;&nbsp;&rArr;&nbsp;&nbsp;&nbsp;<a href="#[16]">HardFault_Handler</a><BR>
 <LI><a href="#[17]">SVC_Handler</a>&nbsp;&nbsp;&nbsp;&rArr;&nbsp;&nbsp;&nbsp;<a href="#[17]">SVC_Handler</a><BR>
 <LI><a href="#[18]">PendSV_Handler</a>&nbsp;&nbsp;&nbsp;&rArr;&nbsp;&nbsp;&nbsp;<a href="#[18]">PendSV_Handler</a><BR>
 <LI><a href="#[19]">SysTick_Handler</a>&nbsp;&nbsp;&nbsp;&rArr;&nbsp;&nbsp;&nbsp;<a href="#[19]">SysTick_Handler</a><BR>
 <LI><a href="#[20]">ADC_IRQHandler_v</a>&nbsp;&nbsp;&nbsp;&rArr;&nbsp;&nbsp;&nbsp;<a href="#[20]">ADC_IRQHandler_v</a><BR>
 <LI><a href="#[29a]">mbed_die</a>&nbsp;&nbsp;&nbsp;&rArr;&nbsp;&nbsp;&nbsp;<a href="#[178]">mbed_assert_internal</a><BR>
 <LI><a href="#[2a9]">gpio_mode</a>&nbsp;&nbsp;&nbsp;&rArr;&nbsp;&nbsp;&nbsp;<a href="#[178]">mbed_assert_internal</a><BR>
 <LI><a href="#[2a8]">gpio_init</a>&nbsp;&nbsp;&nbsp;&rArr;&nbsp;&nbsp;&nbsp;<a href="#[178]">mbed_assert_internal</a><BR>
 <LI><a href="#[1f6]">gpio_dir</a>&nbsp;&nbsp;&nbsp;&rArr;&nbsp;&nbsp;&nbsp;<a href="#[178]">mbed_assert_internal</a><BR>
 <LI><a href="#[1bd]">gpio_init_out</a>&nbsp;&nbsp;&nbsp;&rArr;&nbsp;&nbsp;&nbsp;<a href="#[178]">mbed_assert_internal</a><BR>
 <LI><a href="#[29f]">queue_process</a>&nbsp;&nbsp;&nbsp;&rArr;&nbsp;&nbsp;&nbsp;<a href="#[29f]">queue_process</a><BR>
</UL>
<P>
<H3>
Function Pointers
</H3><UL>
 <LI><a href="#[3e]">&lang;Func3&rang;</a> from mbed/TARGET_NRF51_DK/TOOLCHAIN_ARM_STD/mbed.ar(SerialBase.o)(i.<Func3>) referenced from mbed/TARGET_NRF51_DK/TOOLCHAIN_ARM_STD/mbed.ar(SerialBase.o)(i._ZN4mbed10SerialBaseC1E7PinNameS1_i)
 <LI><a href="#[4c]">ADC_IRQHandler</a> from mbed/TARGET_NRF51_DK/TOOLCHAIN_ARM_STD/nrf_drv_adc.o(i.ADC_IRQHandler) referenced from mbed/TARGET_NRF51_DK/TOOLCHAIN_ARM_STD/analogin_api.o(i.analogin_init)
 <LI><a href="#[20]">ADC_IRQHandler_v</a> from mbed/TARGET_NRF51_DK/TOOLCHAIN_ARM_STD/startup_nRF51822.o(.text) referenced from mbed/TARGET_NRF51_DK/TOOLCHAIN_ARM_STD/startup_nRF51822.o(RESET)
 <LI><a href="#[28]">CCM_AAR_IRQHandler</a> from mbed/TARGET_NRF51_DK/TOOLCHAIN_ARM_STD/startup_nRF51822.o(.text) referenced from mbed/TARGET_NRF51_DK/TOOLCHAIN_ARM_STD/startup_nRF51822.o(RESET)
 <LI><a href="#[27]">ECB_IRQHandler</a> from mbed/TARGET_NRF51_DK/TOOLCHAIN_ARM_STD/startup_nRF51822.o(.text) referenced from mbed/TARGET_NRF51_DK/TOOLCHAIN_ARM_STD/startup_nRF51822.o(RESET)
 <LI><a href="#[50]">GPIOTE_IRQHandler</a> from mbed/TARGET_NRF51_DK/TOOLCHAIN_ARM_STD/nrf_drv_gpiote.o(i.GPIOTE_IRQHandler) referenced from mbed/TARGET_NRF51_DK/TOOLCHAIN_ARM_STD/gpio_api.o(i.gpio_init)
 <LI><a href="#[50]">GPIOTE_IRQHandler</a> from mbed/TARGET_NRF51_DK/TOOLCHAIN_ARM_STD/nrf_drv_gpiote.o(i.GPIOTE_IRQHandler) referenced from mbed/TARGET_NRF51_DK/TOOLCHAIN_ARM_STD/pwmout_api.o(i.pwmout_init)
 <LI><a href="#[1f]">GPIOTE_IRQHandler_v</a> from mbed/TARGET_NRF51_DK/TOOLCHAIN_ARM_STD/startup_nRF51822.o(.text) referenced from mbed/TARGET_NRF51_DK/TOOLCHAIN_ARM_STD/startup_nRF51822.o(RESET)
 <LI><a href="#[16]">HardFault_Handler</a> from mbed/TARGET_NRF51_DK/TOOLCHAIN_ARM_STD/startup_nRF51822.o(.text) referenced from mbed/TARGET_NRF51_DK/TOOLCHAIN_ARM_STD/startup_nRF51822.o(RESET)
 <LI><a href="#[2c]">LPCOMP_IRQHandler_v</a> from mbed/TARGET_NRF51_DK/TOOLCHAIN_ARM_STD/startup_nRF51822.o(.text) referenced from mbed/TARGET_NRF51_DK/TOOLCHAIN_ARM_STD/startup_nRF51822.o(RESET)
 <LI><a href="#[15]">NMI_Handler</a> from mbed/TARGET_NRF51_DK/TOOLCHAIN_ARM_STD/startup_nRF51822.o(.text) referenced from mbed/TARGET_NRF51_DK/TOOLCHAIN_ARM_STD/startup_nRF51822.o(RESET)
 <LI><a href="#[1a]">POWER_CLOCK_IRQHandler</a> from mbed/TARGET_NRF51_DK/TOOLCHAIN_ARM_STD/startup_nRF51822.o(.text) referenced from mbed/TARGET_NRF51_DK/TOOLCHAIN_ARM_STD/startup_nRF51822.o(RESET)
 <LI><a href="#[18]">PendSV_Handler</a> from mbed/TARGET_NRF51_DK/TOOLCHAIN_ARM_STD/startup_nRF51822.o(.text) referenced from mbed/TARGET_NRF51_DK/TOOLCHAIN_ARM_STD/startup_nRF51822.o(RESET)
 <LI><a href="#[2b]">QDEC_IRQHandler_v</a> from mbed/TARGET_NRF51_DK/TOOLCHAIN_ARM_STD/startup_nRF51822.o(.text) referenced from mbed/TARGET_NRF51_DK/TOOLCHAIN_ARM_STD/startup_nRF51822.o(RESET)
 <LI><a href="#[1b]">RADIO_IRQHandler</a> from mbed/TARGET_NRF51_DK/TOOLCHAIN_ARM_STD/startup_nRF51822.o(.text) referenced from mbed/TARGET_NRF51_DK/TOOLCHAIN_ARM_STD/startup_nRF51822.o(RESET)
 <LI><a href="#[26]">RNG_IRQHandler</a> from mbed/TARGET_NRF51_DK/TOOLCHAIN_ARM_STD/startup_nRF51822.o(.text) referenced from mbed/TARGET_NRF51_DK/TOOLCHAIN_ARM_STD/startup_nRF51822.o(RESET)
 <LI><a href="#[24]">RTC0_IRQHandler</a> from mbed/TARGET_NRF51_DK/TOOLCHAIN_ARM_STD/startup_nRF51822.o(.text) referenced from mbed/TARGET_NRF51_DK/TOOLCHAIN_ARM_STD/startup_nRF51822.o(RESET)
 <LI><a href="#[4e]">RTC1_IRQHandler</a> from mbed/TARGET_NRF51_DK/TOOLCHAIN_ARM_STD/us_ticker.o(i.RTC1_IRQHandler) referenced from mbed/TARGET_NRF51_DK/TOOLCHAIN_ARM_STD/us_ticker.o(i.common_rtc_init)
 <LI><a href="#[4e]">RTC1_IRQHandler</a> from mbed/TARGET_NRF51_DK/TOOLCHAIN_ARM_STD/us_ticker.o(i.RTC1_IRQHandler) referenced from mbed/TARGET_NRF51_DK/TOOLCHAIN_ARM_STD/us_ticker.o(i.us_ticker_init)
 <LI><a href="#[4e]">RTC1_IRQHandler</a> from mbed/TARGET_NRF51_DK/TOOLCHAIN_ARM_STD/us_ticker.o(i.RTC1_IRQHandler) referenced from mbed/TARGET_NRF51_DK/TOOLCHAIN_ARM_STD/us_ticker.o(i.us_ticker_read)
 <LI><a href="#[2a]">RTC1_IRQHandler_v</a> from mbed/TARGET_NRF51_DK/TOOLCHAIN_ARM_STD/startup_nRF51822.o(.text) referenced from mbed/TARGET_NRF51_DK/TOOLCHAIN_ARM_STD/startup_nRF51822.o(RESET)
 <LI><a href="#[14]">Reset_Handler</a> from mbed/TARGET_NRF51_DK/TOOLCHAIN_ARM_STD/startup_nRF51822.o(.text) referenced from mbed/TARGET_NRF51_DK/TOOLCHAIN_ARM_STD/startup_nRF51822.o(RESET)
 <LI><a href="#[1d]">SPI0_TWI0_IRQHandler_v</a> from mbed/TARGET_NRF51_DK/TOOLCHAIN_ARM_STD/startup_nRF51822.o(.text) referenced from mbed/TARGET_NRF51_DK/TOOLCHAIN_ARM_STD/startup_nRF51822.o(RESET)
 <LI><a href="#[5c]">SPI1_TWI1_IRQHandler</a> from mbed/TARGET_NRF51_DK/TOOLCHAIN_ARM_STD/nrf_drv_common.o(i.SPI1_TWI1_IRQHandler) referenced from mbed/TARGET_NRF51_DK/TOOLCHAIN_ARM_STD/spi_api.o(.constdata)
 <LI><a href="#[1e]">SPI1_TWI1_IRQHandler_v</a> from mbed/TARGET_NRF51_DK/TOOLCHAIN_ARM_STD/startup_nRF51822.o(.text) referenced from mbed/TARGET_NRF51_DK/TOOLCHAIN_ARM_STD/startup_nRF51822.o(RESET)
 <LI><a href="#[17]">SVC_Handler</a> from mbed/TARGET_NRF51_DK/TOOLCHAIN_ARM_STD/startup_nRF51822.o(.text) referenced from mbed/TARGET_NRF51_DK/TOOLCHAIN_ARM_STD/startup_nRF51822.o(RESET)
 <LI><a href="#[2d]">SWI0_IRQHandler_v</a> from mbed/TARGET_NRF51_DK/TOOLCHAIN_ARM_STD/startup_nRF51822.o(.text) referenced from mbed/TARGET_NRF51_DK/TOOLCHAIN_ARM_STD/startup_nRF51822.o(RESET)
 <LI><a href="#[2e]">SWI1_IRQHandler_v</a> from mbed/TARGET_NRF51_DK/TOOLCHAIN_ARM_STD/startup_nRF51822.o(.text) referenced from mbed/TARGET_NRF51_DK/TOOLCHAIN_ARM_STD/startup_nRF51822.o(RESET)
 <LI><a href="#[2f]">SWI2_IRQHandler_v</a> from mbed/TARGET_NRF51_DK/TOOLCHAIN_ARM_STD/startup_nRF51822.o(.text) referenced from mbed/TARGET_NRF51_DK/TOOLCHAIN_ARM_STD/startup_nRF51822.o(RESET)
 <LI><a href="#[30]">SWI3_IRQHandler_v</a> from mbed/TARGET_NRF51_DK/TOOLCHAIN_ARM_STD/startup_nRF51822.o(.text) referenced from mbed/TARGET_NRF51_DK/TOOLCHAIN_ARM_STD/startup_nRF51822.o(RESET)
 <LI><a href="#[31]">SWI4_IRQHandler</a> from mbed/TARGET_NRF51_DK/TOOLCHAIN_ARM_STD/startup_nRF51822.o(.text) referenced from mbed/TARGET_NRF51_DK/TOOLCHAIN_ARM_STD/startup_nRF51822.o(RESET)
 <LI><a href="#[32]">SWI5_IRQHandler</a> from mbed/TARGET_NRF51_DK/TOOLCHAIN_ARM_STD/startup_nRF51822.o(.text) referenced from mbed/TARGET_NRF51_DK/TOOLCHAIN_ARM_STD/startup_nRF51822.o(RESET)
 <LI><a href="#[19]">SysTick_Handler</a> from mbed/TARGET_NRF51_DK/TOOLCHAIN_ARM_STD/startup_nRF51822.o(.text) referenced from mbed/TARGET_NRF51_DK/TOOLCHAIN_ARM_STD/startup_nRF51822.o(RESET)
 <LI><a href="#[33]">SystemInit</a> from mbed/TARGET_NRF51_DK/TOOLCHAIN_ARM_STD/system_nrf51.o(i.SystemInit) referenced from mbed/TARGET_NRF51_DK/TOOLCHAIN_ARM_STD/startup_nRF51822.o(.text)
 <LI><a href="#[25]">TEMP_IRQHandler</a> from mbed/TARGET_NRF51_DK/TOOLCHAIN_ARM_STD/startup_nRF51822.o(.text) referenced from mbed/TARGET_NRF51_DK/TOOLCHAIN_ARM_STD/startup_nRF51822.o(RESET)
 <LI><a href="#[21]">TIMER0_IRQHandler</a> from mbed/TARGET_NRF51_DK/TOOLCHAIN_ARM_STD/startup_nRF51822.o(.text) referenced from mbed/TARGET_NRF51_DK/TOOLCHAIN_ARM_STD/startup_nRF51822.o(RESET)
 <LI><a href="#[58]">TIMER1_IRQHandler</a> from mbed/TARGET_NRF51_DK/TOOLCHAIN_ARM_STD/nrf_drv_timer.o(i.TIMER1_IRQHandler) referenced from mbed/TARGET_NRF51_DK/TOOLCHAIN_ARM_STD/pwmout_api.o(.constdata)
 <LI><a href="#[22]">TIMER1_IRQHandler_v</a> from mbed/TARGET_NRF51_DK/TOOLCHAIN_ARM_STD/startup_nRF51822.o(.text) referenced from mbed/TARGET_NRF51_DK/TOOLCHAIN_ARM_STD/startup_nRF51822.o(RESET)
 <LI><a href="#[59]">TIMER2_IRQHandler</a> from mbed/TARGET_NRF51_DK/TOOLCHAIN_ARM_STD/nrf_drv_timer.o(i.TIMER2_IRQHandler) referenced from mbed/TARGET_NRF51_DK/TOOLCHAIN_ARM_STD/pwmout_api.o(.constdata)
 <LI><a href="#[23]">TIMER2_IRQHandler_v</a> from mbed/TARGET_NRF51_DK/TOOLCHAIN_ARM_STD/startup_nRF51822.o(.text) referenced from mbed/TARGET_NRF51_DK/TOOLCHAIN_ARM_STD/startup_nRF51822.o(RESET)
 <LI><a href="#[53]">UART0_IRQHandler</a> from mbed/TARGET_NRF51_DK/TOOLCHAIN_ARM_STD/serial_api.o(i.UART0_IRQHandler) referenced from mbed/TARGET_NRF51_DK/TOOLCHAIN_ARM_STD/serial_api.o(i.serial_init)
 <LI><a href="#[1c]">UART0_IRQHandler_v</a> from mbed/TARGET_NRF51_DK/TOOLCHAIN_ARM_STD/startup_nRF51822.o(.text) referenced from mbed/TARGET_NRF51_DK/TOOLCHAIN_ARM_STD/startup_nRF51822.o(RESET)
 <LI><a href="#[29]">WDT_IRQHandler_v</a> from mbed/TARGET_NRF51_DK/TOOLCHAIN_ARM_STD/startup_nRF51822.o(.text) referenced from mbed/TARGET_NRF51_DK/TOOLCHAIN_ARM_STD/startup_nRF51822.o(RESET)
 <LI><a href="#[3c]">rcuCallback()</a> from .\build\rcu.o(i._Z11rcuCallbackv) referenced from .\build\rcu.o(i._ZN3RcuC1Ev)
 <LI><a href="#[51]">tickSec()</a> from .\build\mainforsx1276.o(i._Z7tickSecv) referenced from .\build\mainforsx1276.o(i.main)
 <LI><a href="#[52]">tickmSec()</a> from .\build\mainforsx1276.o(i._Z8tickmSecv) referenced from .\build\mainforsx1276.o(i.main)
 <LI><a href="#[3b]">attimeout()</a> from .\build\procsx1276.o(i._Z9attimeoutv) referenced from .\build\procsx1276.o(i._ZN10procSx127612setNewFactorEv)
 <LI><a href="#[7d]">SX1276MB1xAS::AntSwDeInit()</a> from .\build\sx1276-hal.o(i._ZN12SX1276MB1xAS11AntSwDeInitEv) referenced from .\build\sx1276-hal.o(.constdata__ZTV12SX1276MB1xAS)
 <LI><a href="#[86]">SX1276MB1xAS::DetectBoardType()</a> from .\build\sx1276-hal.o(i._ZN12SX1276MB1xAS15DetectBoardTypeEv) referenced from .\build\sx1276-hal.o(.constdata__ZTV12SX1276MB1xAS)
 <LI><a href="#[7b]">SX1276MB1xAS::SetAntSwLowPower(bool)</a> from .\build\sx1276-hal.o(i._ZN12SX1276MB1xAS16SetAntSwLowPowerEb) referenced from .\build\sx1276-hal.o(.constdata__ZTV12SX1276MB1xAS)
 <LI><a href="#[78]">SX1276MB1xAS::RadioRegistersInit()</a> from .\build\sx1276-hal.o(i._ZN12SX1276MB1xAS18RadioRegistersInitEv) referenced from .\build\sx1276-hal.o(.constdata__ZTV12SX1276MB1xAS)
 <LI><a href="#[71]">SX1276MB1xAS::Read(unsigned char)</a> from .\build\sx1276-hal.o(i._ZN12SX1276MB1xAS4ReadEh) referenced from .\build\sx1276-hal.o(.constdata__ZTV12SX1276MB1xAS)
 <LI><a href="#[73]">SX1276MB1xAS::Read(unsigned char, unsigned char*, unsigned char)</a> from .\build\sx1276-hal.o(i._ZN12SX1276MB1xAS4ReadEhPhh) referenced from .\build\sx1276-hal.o(.constdata__ZTV12SX1276MB1xAS)
 <LI><a href="#[76]">SX1276MB1xAS::Reset()</a> from .\build\sx1276-hal.o(i._ZN12SX1276MB1xAS5ResetEv) referenced from .\build\sx1276-hal.o(.constdata__ZTV12SX1276MB1xAS)
 <LI><a href="#[72]">SX1276MB1xAS::Write(unsigned char, unsigned char*, unsigned char)</a> from .\build\sx1276-hal.o(i._ZN12SX1276MB1xAS5WriteEhPhh) referenced from .\build\sx1276-hal.o(.constdata__ZTV12SX1276MB1xAS)
 <LI><a href="#[70]">SX1276MB1xAS::Write(unsigned char, unsigned char)</a> from .\build\sx1276-hal.o(i._ZN12SX1276MB1xAS5WriteEhh) referenced from .\build\sx1276-hal.o(.constdata__ZTV12SX1276MB1xAS)
 <LI><a href="#[77]">SX1276MB1xAS::IoInit()</a> from .\build\sx1276-hal.o(i._ZN12SX1276MB1xAS6IoInitEv) referenced from .\build\sx1276-hal.o(.constdata__ZTV12SX1276MB1xAS)
 <LI><a href="#[79]">SX1276MB1xAS::SpiInit()</a> from .\build\sx1276-hal.o(i._ZN12SX1276MB1xAS7SpiInitEv) referenced from .\build\sx1276-hal.o(.constdata__ZTV12SX1276MB1xAS)
 <LI><a href="#[75]">SX1276MB1xAS::ReadFifo(unsigned char*, unsigned char)</a> from .\build\sx1276-hal.o(i._ZN12SX1276MB1xAS8ReadFifoEPhh) referenced from .\build\sx1276-hal.o(.constdata__ZTV12SX1276MB1xAS)
 <LI><a href="#[7e]">SX1276MB1xAS::SetAntSw(unsigned char)</a> from .\build\sx1276-hal.o(i._ZN12SX1276MB1xAS8SetAntSwEh) referenced from .\build\sx1276-hal.o(.constdata__ZTV12SX1276MB1xAS)
 <LI><a href="#[7c]">SX1276MB1xAS::AntSwInit()</a> from .\build\sx1276-hal.o(i._ZN12SX1276MB1xAS9AntSwInitEv) referenced from .\build\sx1276-hal.o(.constdata__ZTV12SX1276MB1xAS)
 <LI><a href="#[7a]">SX1276MB1xAS::IoIrqInit(void(SX1276::**)())</a> from .\build\sx1276-hal.o(i._ZN12SX1276MB1xAS9IoIrqInitEPM6SX1276FvvE) referenced from .\build\sx1276-hal.o(.constdata__ZTV12SX1276MB1xAS)
 <LI><a href="#[74]">SX1276MB1xAS::WriteFifo(unsigned char*, unsigned char)</a> from .\build\sx1276-hal.o(i._ZN12SX1276MB1xAS9WriteFifoEPhh) referenced from .\build\sx1276-hal.o(.constdata__ZTV12SX1276MB1xAS)
 <LI><a href="#[47]">SX1276MB1xAS::~SX1276MB1xAS()</a> from .\build\sx1276exe_1.o(i._ZN12SX1276MB1xASD1Ev) referenced from .\build\sx1276-hal.o(.constdata__ZTV12SX1276MB1xAS)
 <LI><a href="#[47]">SX1276MB1xAS::~SX1276MB1xAS()</a> from .\build\sx1276exe_1.o(i._ZN12SX1276MB1xASD1Ev) referenced from .\build\sx1276exe_1.o(i.__sti___13_sx1276Exe_cpp_led)
 <LI><a href="#[8a]">mbed::FileHandle::size()</a> from mbed/TARGET_NRF51_DK/TOOLCHAIN_ARM_STD/mbed.ar(FileHandle.o)(i._ZN4mbed10FileHandle4sizeEv) referenced from mbed/TARGET_NRF51_DK/TOOLCHAIN_ARM_STD/mbed.ar(FileHandle.o)(.constdata__ZTVN4mbed10FileHandleE)
 <LI><a href="#[89]">mbed::FileHandle::isatty()</a> from mbed/TARGET_NRF51_DK/TOOLCHAIN_ARM_STD/mbed.ar(FileHandle.o)(i._ZN4mbed10FileHandle6isattyEv) referenced from mbed/TARGET_NRF51_DK/TOOLCHAIN_ARM_STD/mbed.ar(FileHandle.o)(.constdata__ZTVN4mbed10FileHandleE)
 <LI><a href="#[3f]">mbed::SerialBase::_irq_handler(unsigned, SerialIrq)</a> from mbed/TARGET_NRF51_DK/TOOLCHAIN_ARM_STD/mbed.ar(SerialBase.o)(i._ZN4mbed10SerialBase12_irq_handlerEj9SerialIrq) referenced from mbed/TARGET_NRF51_DK/TOOLCHAIN_ARM_STD/mbed.ar(SerialBase.o)(i._ZN4mbed10SerialBaseC1E7PinNameS1_i)
 <LI><a href="#[5e]">mbed::SerialBase::interrupt_handler_asynch()</a> from mbed/TARGET_NRF51_DK/TOOLCHAIN_ARM_STD/mbed.ar(SerialBase.o)(i._ZN4mbed10SerialBase24interrupt_handler_asynchEv) referenced from mbed/TARGET_NRF51_DK/TOOLCHAIN_ARM_STD/mbed.ar(SerialBase.o)(.constdata)
 <LI><a href="#[8b]">mbed::SerialBase::lock()</a> from mbed/TARGET_NRF51_DK/TOOLCHAIN_ARM_STD/mbed.ar(SerialBase.o)(i._ZN4mbed10SerialBase4lockEv) referenced from mbed/TARGET_NRF51_DK/TOOLCHAIN_ARM_STD/mbed.ar(SerialBase.o)(.constdata__ZTVN4mbed10SerialBaseE)
 <LI><a href="#[8c]">mbed::SerialBase::unlock()</a> from mbed/TARGET_NRF51_DK/TOOLCHAIN_ARM_STD/mbed.ar(SerialBase.o)(i._ZN4mbed10SerialBase6unlockEv) referenced from mbed/TARGET_NRF51_DK/TOOLCHAIN_ARM_STD/mbed.ar(SerialBase.o)(.constdata__ZTVN4mbed10SerialBaseE)
 <LI><a href="#[8d]">mbed::SerialBase::~SerialBase()</a> from mbed/TARGET_NRF51_DK/TOOLCHAIN_ARM_STD/mbed.ar(SerialBase.o)(i._ZN4mbed10SerialBaseD1Ev) referenced from mbed/TARGET_NRF51_DK/TOOLCHAIN_ARM_STD/mbed.ar(SerialBase.o)(.constdata__ZTVN4mbed10SerialBaseE)
 <LI><a href="#[41]">mbed::TimerEvent::irq(unsigned)</a> from mbed/TARGET_NRF51_DK/TOOLCHAIN_ARM_STD/mbed.ar(TimerEvent.o)(i._ZN4mbed10TimerEvent3irqEj) referenced from mbed/TARGET_NRF51_DK/TOOLCHAIN_ARM_STD/mbed.ar(TimerEvent.o)(i._ZN4mbed10TimerEventC2Ev)
 <LI><a href="#[8e]">mbed::TimerEvent::~TimerEvent__sub_object()</a> from mbed/TARGET_NRF51_DK/TOOLCHAIN_ARM_STD/mbed.ar(TimerEvent.o)(i._ZN4mbed10TimerEventD2Ev) referenced from mbed/TARGET_NRF51_DK/TOOLCHAIN_ARM_STD/mbed.ar(TimerEvent.o)(.constdata__ZTVN4mbed10TimerEventE)
 <LI><a href="#[42]">mbed::InterruptIn::_irq_handler(unsigned, gpio_irq_event)</a> from mbed/TARGET_NRF51_DK/TOOLCHAIN_ARM_STD/mbed.ar(InterruptIn.o)(i._ZN4mbed11InterruptIn12_irq_handlerEj14gpio_irq_event) referenced from mbed/TARGET_NRF51_DK/TOOLCHAIN_ARM_STD/mbed.ar(InterruptIn.o)(i._ZN4mbed11InterruptInC1E7PinName)
 <LI><a href="#[4b]">mbed::InterruptIn::~InterruptIn()</a> from mbed/TARGET_NRF51_DK/TOOLCHAIN_ARM_STD/mbed.ar(InterruptIn.o)(i._ZN4mbed11InterruptInD1Ev) referenced from mbed/TARGET_NRF51_DK/TOOLCHAIN_ARM_STD/mbed.ar(InterruptIn.o)(.constdata__ZTVN4mbed11InterruptInE)
 <LI><a href="#[4b]">mbed::InterruptIn::~InterruptIn()</a> from mbed/TARGET_NRF51_DK/TOOLCHAIN_ARM_STD/mbed.ar(InterruptIn.o)(i._ZN4mbed11InterruptInD1Ev) referenced from .\build\rcu.o(i.__sti___7_Rcu_cpp_rcuEvent)
 <LI><a href="#[5d]">mbed::SPI::irq_handler_asynch()</a> from mbed/TARGET_NRF51_DK/TOOLCHAIN_ARM_STD/mbed.ar(SPI.o)(i._ZN4mbed3SPI18irq_handler_asynchEv) referenced from mbed/TARGET_NRF51_DK/TOOLCHAIN_ARM_STD/mbed.ar(SPI.o)(.constdata)
 <LI><a href="#[90]">mbed::SPI::lock()</a> from mbed/TARGET_NRF51_DK/TOOLCHAIN_ARM_STD/mbed.ar(SPI.o)(i._ZN4mbed3SPI4lockEv) referenced from mbed/TARGET_NRF51_DK/TOOLCHAIN_ARM_STD/mbed.ar(SPI.o)(.constdata__ZTVN4mbed3SPIE)
 <LI><a href="#[8f]">mbed::SPI::write(int)</a> from mbed/TARGET_NRF51_DK/TOOLCHAIN_ARM_STD/mbed.ar(SPI.o)(i._ZN4mbed3SPI5writeEi) referenced from mbed/TARGET_NRF51_DK/TOOLCHAIN_ARM_STD/mbed.ar(SPI.o)(.constdata__ZTVN4mbed3SPIE)
 <LI><a href="#[91]">mbed::SPI::unlock()</a> from mbed/TARGET_NRF51_DK/TOOLCHAIN_ARM_STD/mbed.ar(SPI.o)(i._ZN4mbed3SPI6unlockEv) referenced from mbed/TARGET_NRF51_DK/TOOLCHAIN_ARM_STD/mbed.ar(SPI.o)(.constdata__ZTVN4mbed3SPIE)
 <LI><a href="#[49]">mbed::Timer::~Timer()</a> from mbed/TARGET_NRF51_DK/TOOLCHAIN_ARM_STD/mbed.ar(Timer.o)(i._ZN4mbed5TimerD1Ev) referenced from .\build\mainforsx1276.o(i.__sti___17_mainForSx1276_cpp_Uart)
 <LI><a href="#[45]">mbed::PwmOut::~PwmOut()</a> from .\build\msecexe.o(i._ZN4mbed6PwmOutD1Ev) referenced from .\build\msecexe.o(i.__sti___11_mSecExe_cpp_pir)
 <LI><a href="#[92]">mbed::Serial::lock()</a> from mbed/TARGET_NRF51_DK/TOOLCHAIN_ARM_STD/mbed.ar(Serial.o)(i._ZN4mbed6Serial4lockEv) referenced from mbed/TARGET_NRF51_DK/TOOLCHAIN_ARM_STD/mbed.ar(Serial.o)(.constdata__ZTVN4mbed6SerialE)
 <LI><a href="#[93]">mbed::Serial::unlock()</a> from mbed/TARGET_NRF51_DK/TOOLCHAIN_ARM_STD/mbed.ar(Serial.o)(i._ZN4mbed6Serial6unlockEv) referenced from mbed/TARGET_NRF51_DK/TOOLCHAIN_ARM_STD/mbed.ar(Serial.o)(.constdata__ZTVN4mbed6SerialE)
 <LI><a href="#[48]">mbed::Serial::~Serial()</a> from mbed/TARGET_NRF51_DK/TOOLCHAIN_ARM_STD/mbed.ar(Serial.o)(i._ZN4mbed6SerialD1Ev) referenced from mbed/TARGET_NRF51_DK/TOOLCHAIN_ARM_STD/mbed.ar(Serial.o)(.constdata__ZTVN4mbed6SerialE)
 <LI><a href="#[48]">mbed::Serial::~Serial()</a> from mbed/TARGET_NRF51_DK/TOOLCHAIN_ARM_STD/mbed.ar(Serial.o)(i._ZN4mbed6SerialD1Ev) referenced from .\build\mainforsx1276.o(i.__sti___17_mainForSx1276_cpp_Uart)
 <LI><a href="#[9f]">mbed::Stream::lock()</a> from mbed/TARGET_NRF51_DK/TOOLCHAIN_ARM_STD/mbed.ar(Stream.o)(i._ZN4mbed6Stream4lockEv) referenced from mbed/TARGET_NRF51_DK/TOOLCHAIN_ARM_STD/mbed.ar(Stream.o)(.constdata__ZTVN4mbed6StreamE)
 <LI><a href="#[94]">mbed::Stream::read(void*, unsigned)</a> from mbed/TARGET_NRF51_DK/TOOLCHAIN_ARM_STD/mbed.ar(Stream.o)(i._ZN4mbed6Stream4readEPvj) referenced from mbed/TARGET_NRF51_DK/TOOLCHAIN_ARM_STD/mbed.ar(Serial.o)(.constdata__ZTVN4mbed6SerialE)
 <LI><a href="#[94]">mbed::Stream::read(void*, unsigned)</a> from mbed/TARGET_NRF51_DK/TOOLCHAIN_ARM_STD/mbed.ar(Stream.o)(i._ZN4mbed6Stream4readEPvj) referenced from mbed/TARGET_NRF51_DK/TOOLCHAIN_ARM_STD/mbed.ar(Stream.o)(.constdata__ZTVN4mbed6StreamE)
 <LI><a href="#[96]">mbed::Stream::seek(long, int)</a> from mbed/TARGET_NRF51_DK/TOOLCHAIN_ARM_STD/mbed.ar(Stream.o)(i._ZN4mbed6Stream4seekEli) referenced from mbed/TARGET_NRF51_DK/TOOLCHAIN_ARM_STD/mbed.ar(Serial.o)(.constdata__ZTVN4mbed6SerialE)
 <LI><a href="#[96]">mbed::Stream::seek(long, int)</a> from mbed/TARGET_NRF51_DK/TOOLCHAIN_ARM_STD/mbed.ar(Stream.o)(i._ZN4mbed6Stream4seekEli) referenced from mbed/TARGET_NRF51_DK/TOOLCHAIN_ARM_STD/mbed.ar(Stream.o)(.constdata__ZTVN4mbed6StreamE)
 <LI><a href="#[99]">mbed::Stream::size()</a> from mbed/TARGET_NRF51_DK/TOOLCHAIN_ARM_STD/mbed.ar(Stream.o)(i._ZN4mbed6Stream4sizeEv) referenced from mbed/TARGET_NRF51_DK/TOOLCHAIN_ARM_STD/mbed.ar(Serial.o)(.constdata__ZTVN4mbed6SerialE)
 <LI><a href="#[99]">mbed::Stream::size()</a> from mbed/TARGET_NRF51_DK/TOOLCHAIN_ARM_STD/mbed.ar(Stream.o)(i._ZN4mbed6Stream4sizeEv) referenced from mbed/TARGET_NRF51_DK/TOOLCHAIN_ARM_STD/mbed.ar(Stream.o)(.constdata__ZTVN4mbed6StreamE)
 <LI><a href="#[97]">mbed::Stream::close()</a> from mbed/TARGET_NRF51_DK/TOOLCHAIN_ARM_STD/mbed.ar(Stream.o)(i._ZN4mbed6Stream5closeEv) referenced from mbed/TARGET_NRF51_DK/TOOLCHAIN_ARM_STD/mbed.ar(Serial.o)(.constdata__ZTVN4mbed6SerialE)
 <LI><a href="#[97]">mbed::Stream::close()</a> from mbed/TARGET_NRF51_DK/TOOLCHAIN_ARM_STD/mbed.ar(Stream.o)(i._ZN4mbed6Stream5closeEv) referenced from mbed/TARGET_NRF51_DK/TOOLCHAIN_ARM_STD/mbed.ar(Stream.o)(.constdata__ZTVN4mbed6StreamE)
 <LI><a href="#[95]">mbed::Stream::write(const void*, unsigned)</a> from mbed/TARGET_NRF51_DK/TOOLCHAIN_ARM_STD/mbed.ar(Stream.o)(i._ZN4mbed6Stream5writeEPKvj) referenced from mbed/TARGET_NRF51_DK/TOOLCHAIN_ARM_STD/mbed.ar(Serial.o)(.constdata__ZTVN4mbed6SerialE)
 <LI><a href="#[95]">mbed::Stream::write(const void*, unsigned)</a> from mbed/TARGET_NRF51_DK/TOOLCHAIN_ARM_STD/mbed.ar(Stream.o)(i._ZN4mbed6Stream5writeEPKvj) referenced from mbed/TARGET_NRF51_DK/TOOLCHAIN_ARM_STD/mbed.ar(Stream.o)(.constdata__ZTVN4mbed6StreamE)
 <LI><a href="#[98]">mbed::Stream::isatty()</a> from mbed/TARGET_NRF51_DK/TOOLCHAIN_ARM_STD/mbed.ar(Stream.o)(i._ZN4mbed6Stream6isattyEv) referenced from mbed/TARGET_NRF51_DK/TOOLCHAIN_ARM_STD/mbed.ar(Serial.o)(.constdata__ZTVN4mbed6SerialE)
 <LI><a href="#[98]">mbed::Stream::isatty()</a> from mbed/TARGET_NRF51_DK/TOOLCHAIN_ARM_STD/mbed.ar(Stream.o)(i._ZN4mbed6Stream6isattyEv) referenced from mbed/TARGET_NRF51_DK/TOOLCHAIN_ARM_STD/mbed.ar(Stream.o)(.constdata__ZTVN4mbed6StreamE)
 <LI><a href="#[a0]">mbed::Stream::unlock()</a> from mbed/TARGET_NRF51_DK/TOOLCHAIN_ARM_STD/mbed.ar(Stream.o)(i._ZN4mbed6Stream6unlockEv) referenced from mbed/TARGET_NRF51_DK/TOOLCHAIN_ARM_STD/mbed.ar(Stream.o)(.constdata__ZTVN4mbed6StreamE)
 <LI><a href="#[9e]">mbed::Stream::~Stream__sub_object()</a> from mbed/TARGET_NRF51_DK/TOOLCHAIN_ARM_STD/mbed.ar(Stream.o)(i._ZN4mbed6StreamD2Ev) referenced from mbed/TARGET_NRF51_DK/TOOLCHAIN_ARM_STD/mbed.ar(Stream.o)(.constdata__ZTVN4mbed6StreamE)
 <LI><a href="#[a1]">mbed::Ticker::handler()</a> from mbed/TARGET_NRF51_DK/TOOLCHAIN_ARM_STD/mbed.ar(Ticker.o)(i._ZN4mbed6Ticker7handlerEv) referenced from mbed/TARGET_NRF51_DK/TOOLCHAIN_ARM_STD/mbed.ar(Ticker.o)(.constdata__ZTVN4mbed6TickerE)
 <LI><a href="#[4a]">mbed::Ticker::~Ticker()</a> from mbed/TARGET_NRF51_DK/TOOLCHAIN_ARM_STD/mbed.ar(Ticker.o)(i._ZN4mbed6TickerD1Ev) referenced from mbed/TARGET_NRF51_DK/TOOLCHAIN_ARM_STD/mbed.ar(Ticker.o)(.constdata__ZTVN4mbed6TickerE)
 <LI><a href="#[4a]">mbed::Ticker::~Ticker()</a> from mbed/TARGET_NRF51_DK/TOOLCHAIN_ARM_STD/mbed.ar(Ticker.o)(i._ZN4mbed6TickerD1Ev) referenced from .\build\mainforsx1276.o(i.__sti___17_mainForSx1276_cpp_Uart)
 <LI><a href="#[a2]">mbed::Timeout::handler()</a> from mbed/TARGET_NRF51_DK/TOOLCHAIN_ARM_STD/mbed.ar(Timeout.o)(i._ZN4mbed7Timeout7handlerEv) referenced from mbed/TARGET_NRF51_DK/TOOLCHAIN_ARM_STD/mbed.ar(Timeout.o)(.constdata__ZTVN4mbed7TimeoutE)
 <LI><a href="#[46]">mbed::Timeout::~Timeout()</a> from mbed/TARGET_NRF51_DK/TOOLCHAIN_ARM_STD/mbed.ar(Timeout.o)(i._ZN4mbed7TimeoutD1Ev) referenced from mbed/TARGET_NRF51_DK/TOOLCHAIN_ARM_STD/mbed.ar(Timeout.o)(.constdata__ZTVN4mbed7TimeoutE)
 <LI><a href="#[46]">mbed::Timeout::~Timeout()</a> from mbed/TARGET_NRF51_DK/TOOLCHAIN_ARM_STD/mbed.ar(Timeout.o)(i._ZN4mbed7TimeoutD1Ev) referenced from .\build\uttecutil.o(i.__sti___13_UttecUtil_cpp_380f9fb9)
 <LI><a href="#[a3]">mbed::AnalogIn::lock()</a> from .\build\msecexe.o(i._ZN4mbed8AnalogIn4lockEv) referenced from .\build\msecexe.o(.constdata__ZTVN4mbed8AnalogInE)
 <LI><a href="#[a4]">mbed::AnalogIn::unlock()</a> from .\build\msecexe.o(i._ZN4mbed8AnalogIn6unlockEv) referenced from .\build\msecexe.o(.constdata__ZTVN4mbed8AnalogInE)
 <LI><a href="#[44]">mbed::AnalogIn::~AnalogIn()</a> from .\build\msecexe.o(i._ZN4mbed8AnalogInD1Ev) referenced from .\build\msecexe.o(.constdata__ZTVN4mbed8AnalogInE)
 <LI><a href="#[44]">mbed::AnalogIn::~AnalogIn()</a> from .\build\msecexe.o(i._ZN4mbed8AnalogInD1Ev) referenced from .\build\msecexe.o(i.__sti___11_mSecExe_cpp_pir)
 <LI><a href="#[a6]">void mbed::Callback&lang;void()&rang;::function_call&lang;mbed::Callback&lang;void()&rang;::method_context&lang;SX1276MB1xAS, void(SX1276MB1xAS::*)()&rang;&rang;(const void*)</a> from .\build\sx1276-hal.o(t._ZN4mbed8CallbackIFvvEE13function_callINS2_14method_contextI12SX1276MB1xASMS5_FvvEEEEEvPKv) referenced from .\build\sx1276-hal.o(.constdata__ZZN4mbed8CallbackIFvvEE8generateINS2_14method_contextI12SX1276MB1xASMS5_FvvEEEEEvRKT_E3ops)
 <LI><a href="#[a9]">void mbed::Callback&lang;void()&rang;::function_call&lang;mbed::Callback&lang;void()&rang;::method_context&lang;SX1276, void(SX1276::*)()&rang;&rang;(const void*)</a> from .\build\sx1276.o(t._ZN4mbed8CallbackIFvvEE13function_callINS2_14method_contextI6SX1276MS5_FvvEEEEEvPKv) referenced from .\build\sx1276.o(.constdata__ZZN4mbed8CallbackIFvvEE8generateINS2_14method_contextI6SX1276MS5_FvvEEEEEvRKT_E3ops)
 <LI><a href="#[ac]">void mbed::Callback&lang;void()&rang;::function_call&lang;void(*)()&rang;(const void*)</a> from .\build\mainforsx1276.o(t._ZN4mbed8CallbackIFvvEE13function_callIPS1_EEvPKv) referenced from .\build\mainforsx1276.o(.constdata__ZZN4mbed8CallbackIFvvEE8generateIPS1_EEvRKT_E3ops)
 <LI><a href="#[a8]">void mbed::Callback&lang;void()&rang;::function_dtor&lang;mbed::Callback&lang;void()&rang;::method_context&lang;SX1276MB1xAS, void(SX1276MB1xAS::*)()&rang;&rang;(void*)</a> from .\build\sx1276-hal.o(t._ZN4mbed8CallbackIFvvEE13function_dtorINS2_14method_contextI12SX1276MB1xASMS5_FvvEEEEEvPv) referenced from .\build\sx1276-hal.o(.constdata__ZZN4mbed8CallbackIFvvEE8generateINS2_14method_contextI12SX1276MB1xASMS5_FvvEEEEEvRKT_E3ops)
 <LI><a href="#[ab]">void mbed::Callback&lang;void()&rang;::function_dtor&lang;mbed::Callback&lang;void()&rang;::method_context&lang;SX1276, void(SX1276::*)()&rang;&rang;(void*)</a> from .\build\sx1276.o(t._ZN4mbed8CallbackIFvvEE13function_dtorINS2_14method_contextI6SX1276MS5_FvvEEEEEvPv) referenced from .\build\sx1276.o(.constdata__ZZN4mbed8CallbackIFvvEE8generateINS2_14method_contextI6SX1276MS5_FvvEEEEEvRKT_E3ops)
 <LI><a href="#[ae]">void mbed::Callback&lang;void()&rang;::function_dtor&lang;void(*)()&rang;(void*)</a> from .\build\mainforsx1276.o(t._ZN4mbed8CallbackIFvvEE13function_dtorIPS1_EEvPv) referenced from .\build\mainforsx1276.o(.constdata__ZZN4mbed8CallbackIFvvEE8generateIPS1_EEvRKT_E3ops)
 <LI><a href="#[a7]">void mbed::Callback&lang;void()&rang;::function_move&lang;mbed::Callback&lang;void()&rang;::method_context&lang;SX1276MB1xAS, void(SX1276MB1xAS::*)()&rang;&rang;(void*, const void*)</a> from .\build\sx1276-hal.o(t._ZN4mbed8CallbackIFvvEE13function_moveINS2_14method_contextI12SX1276MB1xASMS5_FvvEEEEEvPvPKv) referenced from .\build\sx1276-hal.o(.constdata__ZZN4mbed8CallbackIFvvEE8generateINS2_14method_contextI12SX1276MB1xASMS5_FvvEEEEEvRKT_E3ops)
 <LI><a href="#[aa]">void mbed::Callback&lang;void()&rang;::function_move&lang;mbed::Callback&lang;void()&rang;::method_context&lang;SX1276, void(SX1276::*)()&rang;&rang;(void*, const void*)</a> from .\build\sx1276.o(t._ZN4mbed8CallbackIFvvEE13function_moveINS2_14method_contextI6SX1276MS5_FvvEEEEEvPvPKv) referenced from .\build\sx1276.o(.constdata__ZZN4mbed8CallbackIFvvEE8generateINS2_14method_contextI6SX1276MS5_FvvEEEEEvRKT_E3ops)
 <LI><a href="#[ad]">void mbed::Callback&lang;void()&rang;::function_move&lang;void(*)()&rang;(void*, const void*)</a> from .\build\mainforsx1276.o(t._ZN4mbed8CallbackIFvvEE13function_moveIPS1_EEvPvPKv) referenced from .\build\mainforsx1276.o(.constdata__ZZN4mbed8CallbackIFvvEE8generateIPS1_EEvRKT_E3ops)
 <LI><a href="#[40]">mbed::Callback&lang;void()&rang;::~Callback()</a> from mbed/TARGET_NRF51_DK/TOOLCHAIN_ARM_STD/mbed.ar(SerialBase.o)(t._ZN4mbed8CallbackIFvvEED1Ev) referenced from mbed/TARGET_NRF51_DK/TOOLCHAIN_ARM_STD/mbed.ar(SerialBase.o)(i._ZN4mbed10SerialBaseD1Ev)
 <LI><a href="#[a5]">mbed::FileBase::~FileBase()</a> from mbed/TARGET_NRF51_DK/TOOLCHAIN_ARM_STD/mbed.ar(FileBase.o)(i._ZN4mbed8FileBaseD1Ev) referenced from mbed/TARGET_NRF51_DK/TOOLCHAIN_ARM_STD/mbed.ar(FileBase.o)(.constdata__ZTVN4mbed8FileBaseE)
 <LI><a href="#[3d]">CThunk&lang;mbed::SerialBase&rang;::trampoline(mbed::SerialBase*, void*, void(mbed::SerialBase::**)(void*))</a> from mbed/TARGET_NRF51_DK/TOOLCHAIN_ARM_STD/mbed.ar(SerialBase.o)(t._ZN6CThunkIN4mbed10SerialBaseEE10trampolineEPS1_PvPMS1_FvS4_E) referenced from mbed/TARGET_NRF51_DK/TOOLCHAIN_ARM_STD/mbed.ar(SerialBase.o)(i._ZN4mbed10SerialBaseC1E7PinNameS1_i)
 <LI><a href="#[43]">CThunk&lang;mbed::SPI&rang;::trampoline(mbed::SPI*, void*, void(mbed::SPI::**)(void*))</a> from mbed/TARGET_NRF51_DK/TOOLCHAIN_ARM_STD/mbed.ar(SPI.o)(t._ZN6CThunkIN4mbed3SPIEE10trampolineEPS1_PvPMS1_FvS4_E) referenced from mbed/TARGET_NRF51_DK/TOOLCHAIN_ARM_STD/mbed.ar(SPI.o)(i._ZN4mbed3SPIC1E7PinNameS1_S1_S1_)
 <LI><a href="#[6c]">SX1276::SetChannel(unsigned)</a> from .\build\sx1276.o(i._ZN6SX127610SetChannelEj) referenced from .\build\sx1276-hal.o(.constdata__ZTV12SX1276MB1xAS)
 <LI><a href="#[6c]">SX1276::SetChannel(unsigned)</a> from .\build\sx1276.o(i._ZN6SX127610SetChannelEj) referenced from .\build\sx1276.o(.constdata__ZTV6SX1276)
 <LI><a href="#[85]">SX1276::OnTimeoutIrq()</a> from .\build\sx1276.o(i._ZN6SX127612OnTimeoutIrqEv) referenced from .\build\sx1276-hal.o(.constdata__ZTV12SX1276MB1xAS)
 <LI><a href="#[85]">SX1276::OnTimeoutIrq()</a> from .\build\sx1276.o(i._ZN6SX127612OnTimeoutIrqEv) referenced from .\build\sx1276.o(.constdata__ZTV6SX1276)
 <LI><a href="#[6f]">SX1276::Tx(unsigned)</a> from .\build\sx1276.o(i._ZN6SX12762TxEj) referenced from .\build\sx1276-hal.o(.constdata__ZTV12SX1276MB1xAS)
 <LI><a href="#[6f]">SX1276::Tx(unsigned)</a> from .\build\sx1276.o(i._ZN6SX12762TxEj) referenced from .\build\sx1276.o(.constdata__ZTV6SX1276)
 <LI><a href="#[6d]">SX1276::Send(unsigned char*, unsigned char)</a> from .\build\sx1276.o(i._ZN6SX12764SendEPhh) referenced from .\build\sx1276-hal.o(.constdata__ZTV12SX1276MB1xAS)
 <LI><a href="#[6d]">SX1276::Send(unsigned char*, unsigned char)</a> from .\build\sx1276.o(i._ZN6SX12764SendEPhh) referenced from .\build\sx1276.o(.constdata__ZTV6SX1276)
 <LI><a href="#[6e]">SX1276::Standby()</a> from .\build\sx1276.o(i._ZN6SX12767StandbyEv) referenced from .\build\sx1276-hal.o(.constdata__ZTV12SX1276MB1xAS)
 <LI><a href="#[6e]">SX1276::Standby()</a> from .\build\sx1276.o(i._ZN6SX12767StandbyEv) referenced from .\build\sx1276.o(.constdata__ZTV6SX1276)
 <LI><a href="#[6b]">SX1276::SetModem(ModemType)</a> from .\build\sx1276.o(i._ZN6SX12768SetModemE9ModemType) referenced from .\build\sx1276-hal.o(.constdata__ZTV12SX1276MB1xAS)
 <LI><a href="#[6b]">SX1276::SetModem(ModemType)</a> from .\build\sx1276.o(i._ZN6SX12768SetModemE9ModemType) referenced from .\build\sx1276.o(.constdata__ZTV6SX1276)
 <LI><a href="#[80]">SX1276::OnDio0Irq()</a> from .\build\sx1276.o(i._ZN6SX12769OnDio0IrqEv) referenced from .\build\sx1276-hal.o(.constdata__ZTV12SX1276MB1xAS)
 <LI><a href="#[80]">SX1276::OnDio0Irq()</a> from .\build\sx1276.o(i._ZN6SX12769OnDio0IrqEv) referenced from .\build\sx1276.o(.constdata__ZTV6SX1276)
 <LI><a href="#[81]">SX1276::OnDio1Irq()</a> from .\build\sx1276.o(i._ZN6SX12769OnDio1IrqEv) referenced from .\build\sx1276-hal.o(.constdata__ZTV12SX1276MB1xAS)
 <LI><a href="#[81]">SX1276::OnDio1Irq()</a> from .\build\sx1276.o(i._ZN6SX12769OnDio1IrqEv) referenced from .\build\sx1276.o(.constdata__ZTV6SX1276)
 <LI><a href="#[82]">SX1276::OnDio2Irq()</a> from .\build\sx1276.o(i._ZN6SX12769OnDio2IrqEv) referenced from .\build\sx1276-hal.o(.constdata__ZTV12SX1276MB1xAS)
 <LI><a href="#[82]">SX1276::OnDio2Irq()</a> from .\build\sx1276.o(i._ZN6SX12769OnDio2IrqEv) referenced from .\build\sx1276.o(.constdata__ZTV6SX1276)
 <LI><a href="#[83]">SX1276::OnDio3Irq()</a> from .\build\sx1276.o(i._ZN6SX12769OnDio3IrqEv) referenced from .\build\sx1276-hal.o(.constdata__ZTV12SX1276MB1xAS)
 <LI><a href="#[83]">SX1276::OnDio3Irq()</a> from .\build\sx1276.o(i._ZN6SX12769OnDio3IrqEv) referenced from .\build\sx1276.o(.constdata__ZTV6SX1276)
 <LI><a href="#[84]">SX1276::OnDio4Irq()</a> from .\build\sx1276.o(i._ZN6SX12769OnDio4IrqEv) referenced from .\build\sx1276-hal.o(.constdata__ZTV12SX1276MB1xAS)
 <LI><a href="#[84]">SX1276::OnDio4Irq()</a> from .\build\sx1276.o(i._ZN6SX12769OnDio4IrqEv) referenced from .\build\sx1276.o(.constdata__ZTV6SX1276)
 <LI><a href="#[7f]">SX1276::SetOpMode(unsigned char)</a> from .\build\sx1276.o(i._ZN6SX12769SetOpModeEh) referenced from .\build\sx1276-hal.o(.constdata__ZTV12SX1276MB1xAS)
 <LI><a href="#[7f]">SX1276::SetOpMode(unsigned char)</a> from .\build\sx1276.o(i._ZN6SX12769SetOpModeEh) referenced from .\build\sx1276.o(.constdata__ZTV6SX1276)
 <LI><a href="#[88]">SX1276::~SX1276__sub_object()</a> from .\build\sx1276.o(i._ZN6SX1276D2Ev) referenced from .\build\sx1276.o(.constdata__ZTV6SX1276)
 <LI><a href="#[9c]">thunk{-152} to mbed::Serial::lock()</a> from mbed/TARGET_NRF51_DK/TOOLCHAIN_ARM_STD/mbed.ar(Serial.o)(i._ZThn152_N4mbed6Serial4lockEv) referenced from mbed/TARGET_NRF51_DK/TOOLCHAIN_ARM_STD/mbed.ar(Serial.o)(.constdata__ZTVN4mbed6SerialE)
 <LI><a href="#[9b]">thunk{-152} to mbed::Serial::_getc()</a> from mbed/TARGET_NRF51_DK/TOOLCHAIN_ARM_STD/mbed.ar(Serial.o)(i._ZThn152_N4mbed6Serial5_getcEv) referenced from mbed/TARGET_NRF51_DK/TOOLCHAIN_ARM_STD/mbed.ar(Serial.o)(.constdata__ZTVN4mbed6SerialE)
 <LI><a href="#[9a]">thunk{-152} to mbed::Serial::_putc(int)</a> from mbed/TARGET_NRF51_DK/TOOLCHAIN_ARM_STD/mbed.ar(Serial.o)(i._ZThn152_N4mbed6Serial5_putcEi) referenced from mbed/TARGET_NRF51_DK/TOOLCHAIN_ARM_STD/mbed.ar(Serial.o)(.constdata__ZTVN4mbed6SerialE)
 <LI><a href="#[9d]">thunk{-152} to mbed::Serial::unlock()</a> from mbed/TARGET_NRF51_DK/TOOLCHAIN_ARM_STD/mbed.ar(Serial.o)(i._ZThn152_N4mbed6Serial6unlockEv) referenced from mbed/TARGET_NRF51_DK/TOOLCHAIN_ARM_STD/mbed.ar(Serial.o)(.constdata__ZTVN4mbed6SerialE)
 <LI><a href="#[87]">__cxa_pure_virtual</a> from C:\Keil_v5\ARM\ARMCC\Bin\..\lib\cpplib\cpprt_p.l(pure_virt.o)(i.__cxa_pure_virtual) referenced 24 times from .\build\radio.o(.constdata__ZTV5Radio)
 <LI><a href="#[87]">__cxa_pure_virtual</a> from C:\Keil_v5\ARM\ARMCC\Bin\..\lib\cpplib\cpprt_p.l(pure_virt.o)(i.__cxa_pure_virtual) referenced 18 times from .\build\sx1276.o(.constdata__ZTV6SX1276)
 <LI><a href="#[87]">__cxa_pure_virtual</a> from C:\Keil_v5\ARM\ARMCC\Bin\..\lib\cpplib\cpprt_p.l(pure_virt.o)(i.__cxa_pure_virtual) referenced 4 times from mbed/TARGET_NRF51_DK/TOOLCHAIN_ARM_STD/mbed.ar(FileHandle.o)(.constdata__ZTVN4mbed10FileHandleE)
 <LI><a href="#[87]">__cxa_pure_virtual</a> from C:\Keil_v5\ARM\ARMCC\Bin\..\lib\cpplib\cpprt_p.l(pure_virt.o)(i.__cxa_pure_virtual) referenced from mbed/TARGET_NRF51_DK/TOOLCHAIN_ARM_STD/mbed.ar(TimerEvent.o)(.constdata__ZTVN4mbed10TimerEventE)
 <LI><a href="#[87]">__cxa_pure_virtual</a> from C:\Keil_v5\ARM\ARMCC\Bin\..\lib\cpplib\cpprt_p.l(pure_virt.o)(i.__cxa_pure_virtual) referenced 2 times from mbed/TARGET_NRF51_DK/TOOLCHAIN_ARM_STD/mbed.ar(Stream.o)(.constdata__ZTVN4mbed6StreamE)
 <LI><a href="#[ba]">__main</a> from C:\Keil_v5\ARM\ARMCC\Bin\..\lib\armlib\c_p.l(__main.o)(!!!main) referenced from mbed/TARGET_NRF51_DK/TOOLCHAIN_ARM_STD/startup_nRF51822.o(.text)
 <LI><a href="#[b6]">__sti___10_procRf_cpp_6e0e75ac</a> from .\build\procrf.o(i.__sti___10_procRf_cpp_6e0e75ac) referenced from .\build\procrf.o(.init_array)
 <LI><a href="#[b3]">__sti___11_mSecExe_cpp_pir</a> from .\build\msecexe.o(i.__sti___11_mSecExe_cpp_pir) referenced from .\build\msecexe.o(.init_array)
 <LI><a href="#[b5]">__sti___11_proc485_cpp_3ad18b61</a> from .\build\proc485.o(i.__sti___11_proc485_cpp_3ad18b61) referenced from .\build\proc485.o(.init_array)
 <LI><a href="#[b2]">__sti___12_UttecLed_cpp_66a161ca</a> from .\build\uttecled.o(i.__sti___12_UttecLed_cpp_66a161ca) referenced from .\build\uttecled.o(.init_array)
 <LI><a href="#[b4]">__sti___13_UttecUtil_cpp_380f9fb9</a> from .\build\uttecutil.o(i.__sti___13_UttecUtil_cpp_380f9fb9) referenced from .\build\uttecutil.o(.init_array)
 <LI><a href="#[b9]">__sti___13_sx1276Exe_cpp_led</a> from .\build\sx1276exe_1.o(i.__sti___13_sx1276Exe_cpp_led) referenced from .\build\sx1276exe_1.o(.init_array)
 <LI><a href="#[b7]">__sti___14_procServer_cpp_1a881cf1</a> from .\build\procserver.o(i.__sti___14_procServer_cpp_1a881cf1) referenced from .\build\procserver.o(.init_array)
 <LI><a href="#[b8]">__sti___14_procSx1276_cpp_4f61e213</a> from .\build\procsx1276.o(i.__sti___14_procSx1276_cpp_4f61e213) referenced from .\build\procsx1276.o(.init_array)
 <LI><a href="#[af]">__sti___17_mainForSx1276_cpp_Uart</a> from .\build\mainforsx1276.o(i.__sti___17_mainForSx1276_cpp_Uart) referenced from .\build\mainforsx1276.o(.init_array)
 <LI><a href="#[b1]">__sti___7_Rcu_cpp_rcuEvent</a> from .\build\rcu.o(i.__sti___7_Rcu_cpp_rcuEvent) referenced from .\build\rcu.o(.init_array)
 <LI><a href="#[b0]">__sti___9_rs485_cpp_18ca7105</a> from .\build\rs485.o(i.__sti___9_rs485_cpp_18ca7105) referenced from .\build\rs485.o(.init_array)
 <LI><a href="#[3a]">_get_lc_ctype</a> from C:\Keil_v5\ARM\ARMCC\Bin\..\lib\armlib\c_p.l(lc_ctype_c.o)(locale$$code) referenced from C:\Keil_v5\ARM\ARMCC\Bin\..\lib\armlib\c_p.l(rt_ctype_table.o)(.text)
 <LI><a href="#[54]">_printf_fp_dec_real</a> from C:\Keil_v5\ARM\ARMCC\Bin\..\lib\armlib\c_p.l(_printf_fp_dec.o)(.text) referenced from C:\Keil_v5\ARM\ARMCC\Bin\..\lib\armlib\fz_ps.l(printf1.o)(x$fpl$printf1)
 <LI><a href="#[55]">_printf_fp_hex_real</a> from C:\Keil_v5\ARM\ARMCC\Bin\..\lib\armlib\c_p.l(_printf_fp_hex.o)(.text) referenced from C:\Keil_v5\ARM\ARMCC\Bin\..\lib\armlib\fz_ps.l(printf2.o)(x$fpl$printf2)
 <LI><a href="#[38]">_printf_input_char</a> from C:\Keil_v5\ARM\ARMCC\Bin\..\lib\armlib\c_p.l(_printf_char_common.o)(.text) referenced from C:\Keil_v5\ARM\ARMCC\Bin\..\lib\armlib\c_p.l(_printf_char_common.o)(.text)
 <LI><a href="#[36]">_snputc</a> from C:\Keil_v5\ARM\ARMCC\Bin\..\lib\armlib\c_p.l(_snputc.o)(.text) referenced from C:\Keil_v5\ARM\ARMCC\Bin\..\lib\armlib\c_p.l(vsnprintf.o)(.text)
 <LI><a href="#[37]">_sputc</a> from C:\Keil_v5\ARM\ARMCC\Bin\..\lib\armlib\c_p.l(_sputc.o)(.text) referenced from C:\Keil_v5\ARM\ARMCC\Bin\..\lib\armlib\c_p.l(__2sprintf.o)(.text)
 <LI><a href="#[39]">fputc</a> from C:\Keil_v5\ARM\ARMCC\Bin\..\lib\armlib\c_p.l(fputc.o)(i.fputc) referenced from C:\Keil_v5\ARM\ARMCC\Bin\..\lib\armlib\c_p.l(_printf_char_file.o)(.text)
 <LI><a href="#[13]">fs_event_handler</a> from mbed/TARGET_NRF51_DK/TOOLCHAIN_ARM_STD/fds.o(i.fs_event_handler) referenced 2 times from mbed/TARGET_NRF51_DK/TOOLCHAIN_ARM_STD/fds.o(fs_data)
 <LI><a href="#[4f]">gpiote_irq_handler</a> from mbed/TARGET_NRF51_DK/TOOLCHAIN_ARM_STD/gpio_api.o(i.gpiote_irq_handler) referenced from mbed/TARGET_NRF51_DK/TOOLCHAIN_ARM_STD/gpio_api.o(i.gpio_apply_config)
 <LI><a href="#[56]">irq_handler_for_instance_1</a> from mbed/TARGET_NRF51_DK/TOOLCHAIN_ARM_STD/nrf_drv_spi.o(i.irq_handler_for_instance_1) referenced 2 times from mbed/TARGET_NRF51_DK/TOOLCHAIN_ARM_STD/nrf_drv_spi.o(.constdata)
 <LI><a href="#[62]">lp_ticker_clear_interrupt</a> from mbed/TARGET_NRF51_DK/TOOLCHAIN_ARM_STD/lp_ticker.o(i.lp_ticker_clear_interrupt) referenced from mbed/TARGET_NRF51_DK/TOOLCHAIN_ARM_STD/mbed.ar(mbed_lp_ticker_api.o)(.constdata)
 <LI><a href="#[61]">lp_ticker_disable_interrupt</a> from mbed/TARGET_NRF51_DK/TOOLCHAIN_ARM_STD/lp_ticker.o(i.lp_ticker_disable_interrupt) referenced from mbed/TARGET_NRF51_DK/TOOLCHAIN_ARM_STD/mbed.ar(mbed_lp_ticker_api.o)(.constdata)
 <LI><a href="#[64]">lp_ticker_fire_interrupt</a> from mbed/TARGET_NRF51_DK/TOOLCHAIN_ARM_STD/lp_ticker.o(i.lp_ticker_fire_interrupt) referenced from mbed/TARGET_NRF51_DK/TOOLCHAIN_ARM_STD/mbed.ar(mbed_lp_ticker_api.o)(.constdata)
 <LI><a href="#[5f]">lp_ticker_init</a> from mbed/TARGET_NRF51_DK/TOOLCHAIN_ARM_STD/lp_ticker.o(i.lp_ticker_init) referenced from mbed/TARGET_NRF51_DK/TOOLCHAIN_ARM_STD/mbed.ar(mbed_lp_ticker_api.o)(.constdata)
 <LI><a href="#[60]">lp_ticker_read</a> from mbed/TARGET_NRF51_DK/TOOLCHAIN_ARM_STD/lp_ticker.o(i.lp_ticker_read) referenced from mbed/TARGET_NRF51_DK/TOOLCHAIN_ARM_STD/mbed.ar(mbed_lp_ticker_api.o)(.constdata)
 <LI><a href="#[63]">lp_ticker_set_interrupt</a> from mbed/TARGET_NRF51_DK/TOOLCHAIN_ARM_STD/lp_ticker.o(i.lp_ticker_set_interrupt) referenced from mbed/TARGET_NRF51_DK/TOOLCHAIN_ARM_STD/mbed.ar(mbed_lp_ticker_api.o)(.constdata)
 <LI><a href="#[5a]">master_event_handler_1</a> from mbed/TARGET_NRF51_DK/TOOLCHAIN_ARM_STD/spi_api.o(i.master_event_handler_1) referenced from mbed/TARGET_NRF51_DK/TOOLCHAIN_ARM_STD/spi_api.o(.constdata)
 <LI><a href="#[34]">nrf_reloc_vector_table</a> from mbed/TARGET_NRF51_DK/TOOLCHAIN_ARM_STD/reloc_vector_table.o(i.nrf_reloc_vector_table) referenced from mbed/TARGET_NRF51_DK/TOOLCHAIN_ARM_STD/startup_nRF51822.o(.text)
 <LI><a href="#[4d]">pwm_ready_tick</a> from mbed/TARGET_NRF51_DK/TOOLCHAIN_ARM_STD/app_pwm.o(i.pwm_ready_tick) referenced from mbed/TARGET_NRF51_DK/TOOLCHAIN_ARM_STD/app_pwm.o(i.app_pwm_init)
 <LI><a href="#[5b]">slave_event_handler_1</a> from mbed/TARGET_NRF51_DK/TOOLCHAIN_ARM_STD/spi_api.o(i.slave_event_handler_1) referenced from mbed/TARGET_NRF51_DK/TOOLCHAIN_ARM_STD/spi_api.o(.constdata)
 <LI><a href="#[68]">us_ticker_clear_interrupt</a> from mbed/TARGET_NRF51_DK/TOOLCHAIN_ARM_STD/us_ticker.o(i.us_ticker_clear_interrupt) referenced from mbed/TARGET_NRF51_DK/TOOLCHAIN_ARM_STD/mbed.ar(mbed_us_ticker_api.o)(.constdata)
 <LI><a href="#[67]">us_ticker_disable_interrupt</a> from mbed/TARGET_NRF51_DK/TOOLCHAIN_ARM_STD/us_ticker.o(i.us_ticker_disable_interrupt) referenced from mbed/TARGET_NRF51_DK/TOOLCHAIN_ARM_STD/mbed.ar(mbed_us_ticker_api.o)(.constdata)
 <LI><a href="#[6a]">us_ticker_fire_interrupt</a> from mbed/TARGET_NRF51_DK/TOOLCHAIN_ARM_STD/us_ticker.o(i.us_ticker_fire_interrupt) referenced from mbed/TARGET_NRF51_DK/TOOLCHAIN_ARM_STD/mbed.ar(mbed_us_ticker_api.o)(.constdata)
 <LI><a href="#[65]">us_ticker_init</a> from mbed/TARGET_NRF51_DK/TOOLCHAIN_ARM_STD/us_ticker.o(i.us_ticker_init) referenced from mbed/TARGET_NRF51_DK/TOOLCHAIN_ARM_STD/mbed.ar(mbed_us_ticker_api.o)(.constdata)
 <LI><a href="#[66]">us_ticker_read</a> from mbed/TARGET_NRF51_DK/TOOLCHAIN_ARM_STD/us_ticker.o(i.us_ticker_read) referenced from mbed/TARGET_NRF51_DK/TOOLCHAIN_ARM_STD/mbed.ar(mbed_us_ticker_api.o)(.constdata)
 <LI><a href="#[69]">us_ticker_set_interrupt</a> from mbed/TARGET_NRF51_DK/TOOLCHAIN_ARM_STD/us_ticker.o(i.us_ticker_set_interrupt) referenced from mbed/TARGET_NRF51_DK/TOOLCHAIN_ARM_STD/mbed.ar(mbed_us_ticker_api.o)(.constdata)
</UL>
<P>
<H3>
Global Symbols
</H3>
<P><STRONG><a name="[ba]"></a>__main</STRONG> (Thumb, 8 bytes, Stack size 0 bytes, C:\Keil_v5\ARM\ARMCC\Bin\..\lib\armlib\c_p.l(__main.o)(!!!main))
<BR><BR>[Calls]<UL><LI><a href="#[bd]">&gt;&gt;</a>&nbsp;&nbsp;&nbsp;__rt_entry
<LI><a href="#[bc]">&gt;&gt;</a>&nbsp;&nbsp;&nbsp;__scatterload
</UL>

<P><STRONG><a name="[bc]"></a>__scatterload</STRONG> (Thumb, 0 bytes, Stack size 0 bytes, C:\Keil_v5\ARM\ARMCC\Bin\..\lib\armlib\c_p.l(__scatter.o)(!!!scatter))
<BR><BR>[Called By]<UL><LI><a href="#[ba]">&gt;&gt;</a>&nbsp;&nbsp;&nbsp;__main
</UL>

<P><STRONG><a name="[be]"></a>__scatterload_rt2</STRONG> (Thumb, 52 bytes, Stack size 0 bytes, C:\Keil_v5\ARM\ARMCC\Bin\..\lib\armlib\c_p.l(__scatter.o)(!!!scatter), UNUSED)
<BR><BR>[Calls]<UL><LI><a href="#[bd]">&gt;&gt;</a>&nbsp;&nbsp;&nbsp;__rt_entry
</UL>

<P><STRONG><a name="[10a]"></a>_printf_percent</STRONG> (Thumb, 0 bytes, Stack size 0 bytes, C:\Keil_v5\ARM\ARMCC\Bin\..\lib\armlib\c_p.l(_printf_percent.o)(.ARM.Collect$$_printf_percent$$00000000))
<BR><BR>[Called By]<UL><LI><a href="#[108]">&gt;&gt;</a>&nbsp;&nbsp;&nbsp;__printf
</UL>

<P><STRONG><a name="[bf]"></a>_printf_n</STRONG> (Thumb, 0 bytes, Stack size 0 bytes, C:\Keil_v5\ARM\ARMCC\Bin\..\lib\armlib\c_p.l(_printf_n.o)(.ARM.Collect$$_printf_percent$$00000001))
<BR><BR>[Calls]<UL><LI><a href="#[c0]">&gt;&gt;</a>&nbsp;&nbsp;&nbsp;_printf_p
<LI><a href="#[c1]">&gt;&gt;</a>&nbsp;&nbsp;&nbsp;_printf_charcount
</UL>

<P><STRONG><a name="[c0]"></a>_printf_p</STRONG> (Thumb, 0 bytes, Stack size 0 bytes, C:\Keil_v5\ARM\ARMCC\Bin\..\lib\armlib\c_p.l(_printf_p.o)(.ARM.Collect$$_printf_percent$$00000002))
<BR><BR>[Calls]<UL><LI><a href="#[c2]">&gt;&gt;</a>&nbsp;&nbsp;&nbsp;_printf_f
<LI><a href="#[c3]">&gt;&gt;</a>&nbsp;&nbsp;&nbsp;_printf_hex_ptr
</UL>
<BR>[Called By]<UL><LI><a href="#[bf]">&gt;&gt;</a>&nbsp;&nbsp;&nbsp;_printf_n
</UL>

<P><STRONG><a name="[c2]"></a>_printf_f</STRONG> (Thumb, 0 bytes, Stack size 0 bytes, C:\Keil_v5\ARM\ARMCC\Bin\..\lib\armlib\c_p.l(_printf_f.o)(.ARM.Collect$$_printf_percent$$00000003))
<BR><BR>[Calls]<UL><LI><a href="#[c4]">&gt;&gt;</a>&nbsp;&nbsp;&nbsp;_printf_e
<LI><a href="#[c5]">&gt;&gt;</a>&nbsp;&nbsp;&nbsp;_printf_fp_dec
</UL>
<BR>[Called By]<UL><LI><a href="#[c0]">&gt;&gt;</a>&nbsp;&nbsp;&nbsp;_printf_p
</UL>

<P><STRONG><a name="[c4]"></a>_printf_e</STRONG> (Thumb, 0 bytes, Stack size 0 bytes, C:\Keil_v5\ARM\ARMCC\Bin\..\lib\armlib\c_p.l(_printf_e.o)(.ARM.Collect$$_printf_percent$$00000004))
<BR><BR>[Calls]<UL><LI><a href="#[c6]">&gt;&gt;</a>&nbsp;&nbsp;&nbsp;_printf_g
<LI><a href="#[c5]">&gt;&gt;</a>&nbsp;&nbsp;&nbsp;_printf_fp_dec
</UL>
<BR>[Called By]<UL><LI><a href="#[c2]">&gt;&gt;</a>&nbsp;&nbsp;&nbsp;_printf_f
</UL>

<P><STRONG><a name="[c6]"></a>_printf_g</STRONG> (Thumb, 0 bytes, Stack size 0 bytes, C:\Keil_v5\ARM\ARMCC\Bin\..\lib\armlib\c_p.l(_printf_g.o)(.ARM.Collect$$_printf_percent$$00000005))
<BR><BR>[Calls]<UL><LI><a href="#[c7]">&gt;&gt;</a>&nbsp;&nbsp;&nbsp;_printf_a
<LI><a href="#[c5]">&gt;&gt;</a>&nbsp;&nbsp;&nbsp;_printf_fp_dec
</UL>
<BR>[Called By]<UL><LI><a href="#[c4]">&gt;&gt;</a>&nbsp;&nbsp;&nbsp;_printf_e
</UL>

<P><STRONG><a name="[c7]"></a>_printf_a</STRONG> (Thumb, 0 bytes, Stack size 0 bytes, C:\Keil_v5\ARM\ARMCC\Bin\..\lib\armlib\c_p.l(_printf_a.o)(.ARM.Collect$$_printf_percent$$00000006))
<BR><BR>[Calls]<UL><LI><a href="#[c8]">&gt;&gt;</a>&nbsp;&nbsp;&nbsp;_printf_ll
<LI><a href="#[c9]">&gt;&gt;</a>&nbsp;&nbsp;&nbsp;_printf_fp_hex
</UL>
<BR>[Called By]<UL><LI><a href="#[c6]">&gt;&gt;</a>&nbsp;&nbsp;&nbsp;_printf_g
</UL>

<P><STRONG><a name="[c8]"></a>_printf_ll</STRONG> (Thumb, 0 bytes, Stack size 0 bytes, C:\Keil_v5\ARM\ARMCC\Bin\..\lib\armlib\c_p.l(_printf_ll.o)(.ARM.Collect$$_printf_percent$$00000007))
<BR><BR>[Calls]<UL><LI><a href="#[ca]">&gt;&gt;</a>&nbsp;&nbsp;&nbsp;_printf_i
</UL>
<BR>[Called By]<UL><LI><a href="#[c7]">&gt;&gt;</a>&nbsp;&nbsp;&nbsp;_printf_a
</UL>

<P><STRONG><a name="[ca]"></a>_printf_i</STRONG> (Thumb, 0 bytes, Stack size 0 bytes, C:\Keil_v5\ARM\ARMCC\Bin\..\lib\armlib\c_p.l(_printf_i.o)(.ARM.Collect$$_printf_percent$$00000008))
<BR><BR>[Calls]<UL><LI><a href="#[cb]">&gt;&gt;</a>&nbsp;&nbsp;&nbsp;_printf_d
<LI><a href="#[cc]">&gt;&gt;</a>&nbsp;&nbsp;&nbsp;_printf_int_dec
</UL>
<BR>[Called By]<UL><LI><a href="#[c8]">&gt;&gt;</a>&nbsp;&nbsp;&nbsp;_printf_ll
</UL>

<P><STRONG><a name="[cb]"></a>_printf_d</STRONG> (Thumb, 0 bytes, Stack size 0 bytes, C:\Keil_v5\ARM\ARMCC\Bin\..\lib\armlib\c_p.l(_printf_d.o)(.ARM.Collect$$_printf_percent$$00000009))
<BR><BR>[Calls]<UL><LI><a href="#[cd]">&gt;&gt;</a>&nbsp;&nbsp;&nbsp;_printf_u
<LI><a href="#[cc]">&gt;&gt;</a>&nbsp;&nbsp;&nbsp;_printf_int_dec
</UL>
<BR>[Called By]<UL><LI><a href="#[ca]">&gt;&gt;</a>&nbsp;&nbsp;&nbsp;_printf_i
</UL>

<P><STRONG><a name="[cd]"></a>_printf_u</STRONG> (Thumb, 0 bytes, Stack size 0 bytes, C:\Keil_v5\ARM\ARMCC\Bin\..\lib\armlib\c_p.l(_printf_u.o)(.ARM.Collect$$_printf_percent$$0000000A))
<BR><BR>[Calls]<UL><LI><a href="#[ce]">&gt;&gt;</a>&nbsp;&nbsp;&nbsp;_printf_o
<LI><a href="#[cc]">&gt;&gt;</a>&nbsp;&nbsp;&nbsp;_printf_int_dec
</UL>
<BR>[Called By]<UL><LI><a href="#[cb]">&gt;&gt;</a>&nbsp;&nbsp;&nbsp;_printf_d
</UL>

<P><STRONG><a name="[ce]"></a>_printf_o</STRONG> (Thumb, 0 bytes, Stack size 0 bytes, C:\Keil_v5\ARM\ARMCC\Bin\..\lib\armlib\c_p.l(_printf_o.o)(.ARM.Collect$$_printf_percent$$0000000B))
<BR><BR>[Calls]<UL><LI><a href="#[d0]">&gt;&gt;</a>&nbsp;&nbsp;&nbsp;_printf_int_oct
<LI><a href="#[cf]">&gt;&gt;</a>&nbsp;&nbsp;&nbsp;_printf_x
</UL>
<BR>[Called By]<UL><LI><a href="#[cd]">&gt;&gt;</a>&nbsp;&nbsp;&nbsp;_printf_u
</UL>

<P><STRONG><a name="[cf]"></a>_printf_x</STRONG> (Thumb, 0 bytes, Stack size 0 bytes, C:\Keil_v5\ARM\ARMCC\Bin\..\lib\armlib\c_p.l(_printf_x.o)(.ARM.Collect$$_printf_percent$$0000000C))
<BR><BR>[Calls]<UL><LI><a href="#[d1]">&gt;&gt;</a>&nbsp;&nbsp;&nbsp;_printf_lli
<LI><a href="#[d2]">&gt;&gt;</a>&nbsp;&nbsp;&nbsp;_printf_int_hex
</UL>
<BR>[Called By]<UL><LI><a href="#[ce]">&gt;&gt;</a>&nbsp;&nbsp;&nbsp;_printf_o
</UL>

<P><STRONG><a name="[d1]"></a>_printf_lli</STRONG> (Thumb, 0 bytes, Stack size 0 bytes, C:\Keil_v5\ARM\ARMCC\Bin\..\lib\armlib\c_p.l(_printf_lli.o)(.ARM.Collect$$_printf_percent$$0000000D))
<BR><BR>[Calls]<UL><LI><a href="#[d3]">&gt;&gt;</a>&nbsp;&nbsp;&nbsp;_printf_lld
<LI><a href="#[d4]">&gt;&gt;</a>&nbsp;&nbsp;&nbsp;_printf_longlong_dec
</UL>
<BR>[Called By]<UL><LI><a href="#[cf]">&gt;&gt;</a>&nbsp;&nbsp;&nbsp;_printf_x
</UL>

<P><STRONG><a name="[d3]"></a>_printf_lld</STRONG> (Thumb, 0 bytes, Stack size 0 bytes, C:\Keil_v5\ARM\ARMCC\Bin\..\lib\armlib\c_p.l(_printf_lld.o)(.ARM.Collect$$_printf_percent$$0000000E))
<BR><BR>[Calls]<UL><LI><a href="#[d5]">&gt;&gt;</a>&nbsp;&nbsp;&nbsp;_printf_llu
<LI><a href="#[d4]">&gt;&gt;</a>&nbsp;&nbsp;&nbsp;_printf_longlong_dec
</UL>
<BR>[Called By]<UL><LI><a href="#[d1]">&gt;&gt;</a>&nbsp;&nbsp;&nbsp;_printf_lli
</UL>

<P><STRONG><a name="[d5]"></a>_printf_llu</STRONG> (Thumb, 0 bytes, Stack size 0 bytes, C:\Keil_v5\ARM\ARMCC\Bin\..\lib\armlib\c_p.l(_printf_llu.o)(.ARM.Collect$$_printf_percent$$0000000F))
<BR><BR>[Calls]<UL><LI><a href="#[d6]">&gt;&gt;</a>&nbsp;&nbsp;&nbsp;_printf_llo
<LI><a href="#[d4]">&gt;&gt;</a>&nbsp;&nbsp;&nbsp;_printf_longlong_dec
</UL>
<BR>[Called By]<UL><LI><a href="#[d3]">&gt;&gt;</a>&nbsp;&nbsp;&nbsp;_printf_lld
</UL>

<P><STRONG><a name="[d6]"></a>_printf_llo</STRONG> (Thumb, 0 bytes, Stack size 0 bytes, C:\Keil_v5\ARM\ARMCC\Bin\..\lib\armlib\c_p.l(_printf_llo.o)(.ARM.Collect$$_printf_percent$$00000010))
<BR><BR>[Calls]<UL><LI><a href="#[d7]">&gt;&gt;</a>&nbsp;&nbsp;&nbsp;_printf_llx
<LI><a href="#[d8]">&gt;&gt;</a>&nbsp;&nbsp;&nbsp;_printf_ll_oct
</UL>
<BR>[Called By]<UL><LI><a href="#[d5]">&gt;&gt;</a>&nbsp;&nbsp;&nbsp;_printf_llu
</UL>

<P><STRONG><a name="[d7]"></a>_printf_llx</STRONG> (Thumb, 0 bytes, Stack size 0 bytes, C:\Keil_v5\ARM\ARMCC\Bin\..\lib\armlib\c_p.l(_printf_llx.o)(.ARM.Collect$$_printf_percent$$00000011))
<BR><BR>[Calls]<UL><LI><a href="#[d9]">&gt;&gt;</a>&nbsp;&nbsp;&nbsp;_printf_l
<LI><a href="#[da]">&gt;&gt;</a>&nbsp;&nbsp;&nbsp;_printf_ll_hex
</UL>
<BR>[Called By]<UL><LI><a href="#[d6]">&gt;&gt;</a>&nbsp;&nbsp;&nbsp;_printf_llo
</UL>

<P><STRONG><a name="[d9]"></a>_printf_l</STRONG> (Thumb, 0 bytes, Stack size 0 bytes, C:\Keil_v5\ARM\ARMCC\Bin\..\lib\armlib\c_p.l(_printf_l.o)(.ARM.Collect$$_printf_percent$$00000012))
<BR><BR>[Calls]<UL><LI><a href="#[db]">&gt;&gt;</a>&nbsp;&nbsp;&nbsp;_printf_c
</UL>
<BR>[Called By]<UL><LI><a href="#[d7]">&gt;&gt;</a>&nbsp;&nbsp;&nbsp;_printf_llx
</UL>

<P><STRONG><a name="[db]"></a>_printf_c</STRONG> (Thumb, 0 bytes, Stack size 0 bytes, C:\Keil_v5\ARM\ARMCC\Bin\..\lib\armlib\c_p.l(_printf_c.o)(.ARM.Collect$$_printf_percent$$00000013))
<BR><BR>[Calls]<UL><LI><a href="#[dd]">&gt;&gt;</a>&nbsp;&nbsp;&nbsp;_printf_char
<LI><a href="#[dc]">&gt;&gt;</a>&nbsp;&nbsp;&nbsp;_printf_s
</UL>
<BR>[Called By]<UL><LI><a href="#[d9]">&gt;&gt;</a>&nbsp;&nbsp;&nbsp;_printf_l
</UL>

<P><STRONG><a name="[dc]"></a>_printf_s</STRONG> (Thumb, 0 bytes, Stack size 0 bytes, C:\Keil_v5\ARM\ARMCC\Bin\..\lib\armlib\c_p.l(_printf_s.o)(.ARM.Collect$$_printf_percent$$00000014))
<BR><BR>[Calls]<UL><LI><a href="#[de]">&gt;&gt;</a>&nbsp;&nbsp;&nbsp;_printf_lc
<LI><a href="#[df]">&gt;&gt;</a>&nbsp;&nbsp;&nbsp;_printf_string
</UL>
<BR>[Called By]<UL><LI><a href="#[db]">&gt;&gt;</a>&nbsp;&nbsp;&nbsp;_printf_c
</UL>

<P><STRONG><a name="[de]"></a>_printf_lc</STRONG> (Thumb, 0 bytes, Stack size 0 bytes, C:\Keil_v5\ARM\ARMCC\Bin\..\lib\armlib\c_p.l(_printf_lc.o)(.ARM.Collect$$_printf_percent$$00000015))
<BR><BR>[Calls]<UL><LI><a href="#[e0]">&gt;&gt;</a>&nbsp;&nbsp;&nbsp;_printf_ls
<LI><a href="#[e1]">&gt;&gt;</a>&nbsp;&nbsp;&nbsp;_printf_wchar
</UL>
<BR>[Called By]<UL><LI><a href="#[dc]">&gt;&gt;</a>&nbsp;&nbsp;&nbsp;_printf_s
</UL>

<P><STRONG><a name="[e0]"></a>_printf_ls</STRONG> (Thumb, 0 bytes, Stack size 0 bytes, C:\Keil_v5\ARM\ARMCC\Bin\..\lib\armlib\c_p.l(_printf_ls.o)(.ARM.Collect$$_printf_percent$$00000016))
<BR><BR>[Calls]<UL><LI><a href="#[e2]">&gt;&gt;</a>&nbsp;&nbsp;&nbsp;_printf_percent_end
<LI><a href="#[e3]">&gt;&gt;</a>&nbsp;&nbsp;&nbsp;_printf_wstring
</UL>
<BR>[Called By]<UL><LI><a href="#[de]">&gt;&gt;</a>&nbsp;&nbsp;&nbsp;_printf_lc
</UL>

<P><STRONG><a name="[e2]"></a>_printf_percent_end</STRONG> (Thumb, 0 bytes, Stack size 0 bytes, C:\Keil_v5\ARM\ARMCC\Bin\..\lib\armlib\c_p.l(_printf_percent_end.o)(.ARM.Collect$$_printf_percent$$00000017))
<BR><BR>[Called By]<UL><LI><a href="#[e0]">&gt;&gt;</a>&nbsp;&nbsp;&nbsp;_printf_ls
</UL>

<P><STRONG><a name="[f3]"></a>__rt_lib_init</STRONG> (Thumb, 0 bytes, Stack size 0 bytes, C:\Keil_v5\ARM\ARMCC\Bin\..\lib\armlib\c_p.l(libinit.o)(.ARM.Collect$$libinit$$00000000))
<BR><BR>[Called By]<UL><LI><a href="#[f2]">&gt;&gt;</a>&nbsp;&nbsp;&nbsp;__rt_entry_li
</UL>

<P><STRONG><a name="[e4]"></a>__rt_lib_init_heap_2</STRONG> (Thumb, 0 bytes, Stack size 0 bytes, C:\Keil_v5\ARM\ARMCC\Bin\..\lib\armlib\c_p.l(libinit2.o)(.ARM.Collect$$libinit$$00000005))
<BR><BR>[Calls]<UL><LI><a href="#[e5]">&gt;&gt;</a>&nbsp;&nbsp;&nbsp;_init_alloc
</UL>

<P><STRONG><a name="[e6]"></a>__rt_lib_init_lc_common</STRONG> (Thumb, 0 bytes, Stack size 0 bytes, C:\Keil_v5\ARM\ARMCC\Bin\..\lib\armlib\c_p.l(libinit2.o)(.ARM.Collect$$libinit$$0000000F))
<BR><BR>[Calls]<UL><LI><a href="#[e7]">&gt;&gt;</a>&nbsp;&nbsp;&nbsp;__rt_locale
</UL>

<P><STRONG><a name="[e8]"></a>__rt_lib_init_lc_ctype_2</STRONG> (Thumb, 0 bytes, Stack size 0 bytes, C:\Keil_v5\ARM\ARMCC\Bin\..\lib\armlib\c_p.l(libinit2.o)(.ARM.Collect$$libinit$$00000012))
<BR><BR>[Calls]<UL><LI><a href="#[3a]">&gt;&gt;</a>&nbsp;&nbsp;&nbsp;_get_lc_ctype
</UL>

<P><STRONG><a name="[e9]"></a>__rt_lib_init_lc_numeric_2</STRONG> (Thumb, 0 bytes, Stack size 0 bytes, C:\Keil_v5\ARM\ARMCC\Bin\..\lib\armlib\c_p.l(libinit2.o)(.ARM.Collect$$libinit$$00000016))
<BR><BR>[Calls]<UL><LI><a href="#[ea]">&gt;&gt;</a>&nbsp;&nbsp;&nbsp;_get_lc_numeric
</UL>

<P><STRONG><a name="[eb]"></a>__rt_lib_init_stdio_2</STRONG> (Thumb, 0 bytes, Stack size 0 bytes, C:\Keil_v5\ARM\ARMCC\Bin\..\lib\armlib\c_p.l(libinit2.o)(.ARM.Collect$$libinit$$00000024))
<BR><BR>[Calls]<UL><LI><a href="#[ec]">&gt;&gt;</a>&nbsp;&nbsp;&nbsp;_initio
</UL>

<P><STRONG><a name="[ed]"></a>__rt_lib_init_cpp_2</STRONG> (Thumb, 0 bytes, Stack size 0 bytes, C:\Keil_v5\ARM\ARMCC\Bin\..\lib\armlib\c_p.l(libinit2.o)(.ARM.Collect$$libinit$$00000031))
<BR><BR>[Calls]<UL><LI><a href="#[bb]">&gt;&gt;</a>&nbsp;&nbsp;&nbsp;__cpp_initialize__aeabi_
</UL>

<P><STRONG><a name="[bd]"></a>__rt_entry</STRONG> (Thumb, 0 bytes, Stack size 0 bytes, C:\Keil_v5\ARM\ARMCC\Bin\..\lib\armlib\c_p.l(__rtentry.o)(.ARM.Collect$$rtentry$$00000000))
<BR><BR>[Called By]<UL><LI><a href="#[ba]">&gt;&gt;</a>&nbsp;&nbsp;&nbsp;__main
<LI><a href="#[be]">&gt;&gt;</a>&nbsp;&nbsp;&nbsp;__scatterload_rt2
</UL>

<P><STRONG><a name="[ee]"></a>__rt_entry_sh</STRONG> (Thumb, 0 bytes, Stack size 0 bytes, C:\Keil_v5\ARM\ARMCC\Bin\..\lib\armlib\c_p.l(__rtentry4.o)(.ARM.Collect$$rtentry$$00000004))
<BR><BR>[Calls]<UL><LI><a href="#[ef]">&gt;&gt;</a>&nbsp;&nbsp;&nbsp;__user_setup_stackheap
</UL>

<P><STRONG><a name="[f0]"></a>__rt_entry_postsh_1</STRONG> (Thumb, 0 bytes, Stack size 0 bytes, C:\Keil_v5\ARM\ARMCC\Bin\..\lib\armlib\c_p.l(__rtentry2.o)(.ARM.Collect$$rtentry$$00000008))
<BR><BR>[Calls]<UL><LI><a href="#[f1]">&gt;&gt;</a>&nbsp;&nbsp;&nbsp;_platform_post_stackheap_init
</UL>

<P><STRONG><a name="[f2]"></a>__rt_entry_li</STRONG> (Thumb, 0 bytes, Stack size 0 bytes, C:\Keil_v5\ARM\ARMCC\Bin\..\lib\armlib\c_p.l(__rtentry2.o)(.ARM.Collect$$rtentry$$0000000A))
<BR><BR>[Calls]<UL><LI><a href="#[f3]">&gt;&gt;</a>&nbsp;&nbsp;&nbsp;__rt_lib_init
</UL>

<P><STRONG><a name="[f4]"></a>__rt_entry_main</STRONG> (Thumb, 0 bytes, Stack size 0 bytes, C:\Keil_v5\ARM\ARMCC\Bin\..\lib\armlib\c_p.l(__rtentry2.o)(.ARM.Collect$$rtentry$$0000000D))
<BR><BR>[Calls]<UL><LI><a href="#[f5]">&gt;&gt;</a>&nbsp;&nbsp;&nbsp;main
<LI><a href="#[f6]">&gt;&gt;</a>&nbsp;&nbsp;&nbsp;exit
</UL>

<P><STRONG><a name="[120]"></a>__aeabi_memcpy4</STRONG> (Thumb, 56 bytes, Stack size 0 bytes, C:\Keil_v5\ARM\ARMCC\Bin\..\lib\armlib\c_p.l(rt_memcpy.o)(.emb_text))
<BR><BR>[Called By]<UL><LI><a href="#[34]">&gt;&gt;</a>&nbsp;&nbsp;&nbsp;nrf_reloc_vector_table
<LI><a href="#[21d]">&gt;&gt;</a>&nbsp;&nbsp;&nbsp;Flash::initOrgFlash()
<LI><a href="#[11f]">&gt;&gt;</a>&nbsp;&nbsp;&nbsp;__aeabi_memcpy
</UL>

<P><STRONG><a name="[14]"></a>Reset_Handler</STRONG> (Thumb, 30 bytes, Stack size 0 bytes, mbed/TARGET_NRF51_DK/TOOLCHAIN_ARM_STD/startup_nRF51822.o(.text))
<BR>[Address Reference Count : 1]<UL><LI> startup_nRF51822.o(RESET)
</UL>
<P><STRONG><a name="[15]"></a>NMI_Handler</STRONG> (Thumb, 2 bytes, Stack size 0 bytes, mbed/TARGET_NRF51_DK/TOOLCHAIN_ARM_STD/startup_nRF51822.o(.text))
<BR><BR>[Calls]<UL><LI><a href="#[15]">&gt;&gt;</a>&nbsp;&nbsp;&nbsp;NMI_Handler
</UL>
<BR>[Called By]<UL><LI><a href="#[15]">&gt;&gt;</a>&nbsp;&nbsp;&nbsp;NMI_Handler
</UL>
<BR>[Address Reference Count : 1]<UL><LI> startup_nRF51822.o(RESET)
</UL>
<P><STRONG><a name="[16]"></a>HardFault_Handler</STRONG> (Thumb, 2 bytes, Stack size 0 bytes, mbed/TARGET_NRF51_DK/TOOLCHAIN_ARM_STD/startup_nRF51822.o(.text))
<BR><BR>[Calls]<UL><LI><a href="#[16]">&gt;&gt;</a>&nbsp;&nbsp;&nbsp;HardFault_Handler
</UL>
<BR>[Called By]<UL><LI><a href="#[16]">&gt;&gt;</a>&nbsp;&nbsp;&nbsp;HardFault_Handler
</UL>
<BR>[Address Reference Count : 1]<UL><LI> startup_nRF51822.o(RESET)
</UL>
<P><STRONG><a name="[17]"></a>SVC_Handler</STRONG> (Thumb, 2 bytes, Stack size 0 bytes, mbed/TARGET_NRF51_DK/TOOLCHAIN_ARM_STD/startup_nRF51822.o(.text))
<BR><BR>[Calls]<UL><LI><a href="#[17]">&gt;&gt;</a>&nbsp;&nbsp;&nbsp;SVC_Handler
</UL>
<BR>[Called By]<UL><LI><a href="#[17]">&gt;&gt;</a>&nbsp;&nbsp;&nbsp;SVC_Handler
</UL>
<BR>[Address Reference Count : 1]<UL><LI> startup_nRF51822.o(RESET)
</UL>
<P><STRONG><a name="[18]"></a>PendSV_Handler</STRONG> (Thumb, 2 bytes, Stack size 0 bytes, mbed/TARGET_NRF51_DK/TOOLCHAIN_ARM_STD/startup_nRF51822.o(.text))
<BR><BR>[Calls]<UL><LI><a href="#[18]">&gt;&gt;</a>&nbsp;&nbsp;&nbsp;PendSV_Handler
</UL>
<BR>[Called By]<UL><LI><a href="#[18]">&gt;&gt;</a>&nbsp;&nbsp;&nbsp;PendSV_Handler
</UL>
<BR>[Address Reference Count : 1]<UL><LI> startup_nRF51822.o(RESET)
</UL>
<P><STRONG><a name="[19]"></a>SysTick_Handler</STRONG> (Thumb, 2 bytes, Stack size 0 bytes, mbed/TARGET_NRF51_DK/TOOLCHAIN_ARM_STD/startup_nRF51822.o(.text))
<BR><BR>[Calls]<UL><LI><a href="#[19]">&gt;&gt;</a>&nbsp;&nbsp;&nbsp;SysTick_Handler
</UL>
<BR>[Called By]<UL><LI><a href="#[19]">&gt;&gt;</a>&nbsp;&nbsp;&nbsp;SysTick_Handler
</UL>
<BR>[Address Reference Count : 1]<UL><LI> startup_nRF51822.o(RESET)
</UL>
<P><STRONG><a name="[20]"></a>ADC_IRQHandler_v</STRONG> (Thumb, 0 bytes, Stack size 0 bytes, mbed/TARGET_NRF51_DK/TOOLCHAIN_ARM_STD/startup_nRF51822.o(.text))
<BR><BR>[Calls]<UL><LI><a href="#[20]">&gt;&gt;</a>&nbsp;&nbsp;&nbsp;ADC_IRQHandler_v
</UL>
<BR>[Called By]<UL><LI><a href="#[20]">&gt;&gt;</a>&nbsp;&nbsp;&nbsp;ADC_IRQHandler_v
</UL>
<BR>[Address Reference Count : 1]<UL><LI> startup_nRF51822.o(RESET)
</UL>
<P><STRONG><a name="[28]"></a>CCM_AAR_IRQHandler</STRONG> (Thumb, 0 bytes, Stack size 0 bytes, mbed/TARGET_NRF51_DK/TOOLCHAIN_ARM_STD/startup_nRF51822.o(.text))
<BR>[Address Reference Count : 1]<UL><LI> startup_nRF51822.o(RESET)
</UL>
<P><STRONG><a name="[27]"></a>ECB_IRQHandler</STRONG> (Thumb, 0 bytes, Stack size 0 bytes, mbed/TARGET_NRF51_DK/TOOLCHAIN_ARM_STD/startup_nRF51822.o(.text))
<BR>[Address Reference Count : 1]<UL><LI> startup_nRF51822.o(RESET)
</UL>
<P><STRONG><a name="[1f]"></a>GPIOTE_IRQHandler_v</STRONG> (Thumb, 0 bytes, Stack size 0 bytes, mbed/TARGET_NRF51_DK/TOOLCHAIN_ARM_STD/startup_nRF51822.o(.text))
<BR>[Address Reference Count : 1]<UL><LI> startup_nRF51822.o(RESET)
</UL>
<P><STRONG><a name="[2c]"></a>LPCOMP_IRQHandler_v</STRONG> (Thumb, 0 bytes, Stack size 0 bytes, mbed/TARGET_NRF51_DK/TOOLCHAIN_ARM_STD/startup_nRF51822.o(.text))
<BR>[Address Reference Count : 1]<UL><LI> startup_nRF51822.o(RESET)
</UL>
<P><STRONG><a name="[1a]"></a>POWER_CLOCK_IRQHandler</STRONG> (Thumb, 0 bytes, Stack size 0 bytes, mbed/TARGET_NRF51_DK/TOOLCHAIN_ARM_STD/startup_nRF51822.o(.text))
<BR>[Address Reference Count : 1]<UL><LI> startup_nRF51822.o(RESET)
</UL>
<P><STRONG><a name="[2b]"></a>QDEC_IRQHandler_v</STRONG> (Thumb, 0 bytes, Stack size 0 bytes, mbed/TARGET_NRF51_DK/TOOLCHAIN_ARM_STD/startup_nRF51822.o(.text))
<BR>[Address Reference Count : 1]<UL><LI> startup_nRF51822.o(RESET)
</UL>
<P><STRONG><a name="[1b]"></a>RADIO_IRQHandler</STRONG> (Thumb, 0 bytes, Stack size 0 bytes, mbed/TARGET_NRF51_DK/TOOLCHAIN_ARM_STD/startup_nRF51822.o(.text))
<BR>[Address Reference Count : 1]<UL><LI> startup_nRF51822.o(RESET)
</UL>
<P><STRONG><a name="[26]"></a>RNG_IRQHandler</STRONG> (Thumb, 0 bytes, Stack size 0 bytes, mbed/TARGET_NRF51_DK/TOOLCHAIN_ARM_STD/startup_nRF51822.o(.text))
<BR>[Address Reference Count : 1]<UL><LI> startup_nRF51822.o(RESET)
</UL>
<P><STRONG><a name="[24]"></a>RTC0_IRQHandler</STRONG> (Thumb, 0 bytes, Stack size 0 bytes, mbed/TARGET_NRF51_DK/TOOLCHAIN_ARM_STD/startup_nRF51822.o(.text))
<BR>[Address Reference Count : 1]<UL><LI> startup_nRF51822.o(RESET)
</UL>
<P><STRONG><a name="[2a]"></a>RTC1_IRQHandler_v</STRONG> (Thumb, 0 bytes, Stack size 0 bytes, mbed/TARGET_NRF51_DK/TOOLCHAIN_ARM_STD/startup_nRF51822.o(.text))
<BR>[Address Reference Count : 1]<UL><LI> startup_nRF51822.o(RESET)
</UL>
<P><STRONG><a name="[1d]"></a>SPI0_TWI0_IRQHandler_v</STRONG> (Thumb, 0 bytes, Stack size 0 bytes, mbed/TARGET_NRF51_DK/TOOLCHAIN_ARM_STD/startup_nRF51822.o(.text))
<BR>[Address Reference Count : 1]<UL><LI> startup_nRF51822.o(RESET)
</UL>
<P><STRONG><a name="[1e]"></a>SPI1_TWI1_IRQHandler_v</STRONG> (Thumb, 0 bytes, Stack size 0 bytes, mbed/TARGET_NRF51_DK/TOOLCHAIN_ARM_STD/startup_nRF51822.o(.text))
<BR>[Address Reference Count : 1]<UL><LI> startup_nRF51822.o(RESET)
</UL>
<P><STRONG><a name="[2d]"></a>SWI0_IRQHandler_v</STRONG> (Thumb, 0 bytes, Stack size 0 bytes, mbed/TARGET_NRF51_DK/TOOLCHAIN_ARM_STD/startup_nRF51822.o(.text))
<BR>[Address Reference Count : 1]<UL><LI> startup_nRF51822.o(RESET)
</UL>
<P><STRONG><a name="[2e]"></a>SWI1_IRQHandler_v</STRONG> (Thumb, 0 bytes, Stack size 0 bytes, mbed/TARGET_NRF51_DK/TOOLCHAIN_ARM_STD/startup_nRF51822.o(.text))
<BR>[Address Reference Count : 1]<UL><LI> startup_nRF51822.o(RESET)
</UL>
<P><STRONG><a name="[2f]"></a>SWI2_IRQHandler_v</STRONG> (Thumb, 0 bytes, Stack size 0 bytes, mbed/TARGET_NRF51_DK/TOOLCHAIN_ARM_STD/startup_nRF51822.o(.text))
<BR>[Address Reference Count : 1]<UL><LI> startup_nRF51822.o(RESET)
</UL>
<P><STRONG><a name="[30]"></a>SWI3_IRQHandler_v</STRONG> (Thumb, 0 bytes, Stack size 0 bytes, mbed/TARGET_NRF51_DK/TOOLCHAIN_ARM_STD/startup_nRF51822.o(.text))
<BR>[Address Reference Count : 1]<UL><LI> startup_nRF51822.o(RESET)
</UL>
<P><STRONG><a name="[31]"></a>SWI4_IRQHandler</STRONG> (Thumb, 0 bytes, Stack size 0 bytes, mbed/TARGET_NRF51_DK/TOOLCHAIN_ARM_STD/startup_nRF51822.o(.text))
<BR>[Address Reference Count : 1]<UL><LI> startup_nRF51822.o(RESET)
</UL>
<P><STRONG><a name="[32]"></a>SWI5_IRQHandler</STRONG> (Thumb, 0 bytes, Stack size 0 bytes, mbed/TARGET_NRF51_DK/TOOLCHAIN_ARM_STD/startup_nRF51822.o(.text))
<BR>[Address Reference Count : 1]<UL><LI> startup_nRF51822.o(RESET)
</UL>
<P><STRONG><a name="[25]"></a>TEMP_IRQHandler</STRONG> (Thumb, 0 bytes, Stack size 0 bytes, mbed/TARGET_NRF51_DK/TOOLCHAIN_ARM_STD/startup_nRF51822.o(.text))
<BR>[Address Reference Count : 1]<UL><LI> startup_nRF51822.o(RESET)
</UL>
<P><STRONG><a name="[21]"></a>TIMER0_IRQHandler</STRONG> (Thumb, 0 bytes, Stack size 0 bytes, mbed/TARGET_NRF51_DK/TOOLCHAIN_ARM_STD/startup_nRF51822.o(.text))
<BR>[Address Reference Count : 1]<UL><LI> startup_nRF51822.o(RESET)
</UL>
<P><STRONG><a name="[22]"></a>TIMER1_IRQHandler_v</STRONG> (Thumb, 0 bytes, Stack size 0 bytes, mbed/TARGET_NRF51_DK/TOOLCHAIN_ARM_STD/startup_nRF51822.o(.text))
<BR>[Address Reference Count : 1]<UL><LI> startup_nRF51822.o(RESET)
</UL>
<P><STRONG><a name="[23]"></a>TIMER2_IRQHandler_v</STRONG> (Thumb, 0 bytes, Stack size 0 bytes, mbed/TARGET_NRF51_DK/TOOLCHAIN_ARM_STD/startup_nRF51822.o(.text))
<BR>[Address Reference Count : 1]<UL><LI> startup_nRF51822.o(RESET)
</UL>
<P><STRONG><a name="[1c]"></a>UART0_IRQHandler_v</STRONG> (Thumb, 0 bytes, Stack size 0 bytes, mbed/TARGET_NRF51_DK/TOOLCHAIN_ARM_STD/startup_nRF51822.o(.text))
<BR>[Address Reference Count : 1]<UL><LI> startup_nRF51822.o(RESET)
</UL>
<P><STRONG><a name="[29]"></a>WDT_IRQHandler_v</STRONG> (Thumb, 0 bytes, Stack size 0 bytes, mbed/TARGET_NRF51_DK/TOOLCHAIN_ARM_STD/startup_nRF51822.o(.text))
<BR>[Address Reference Count : 1]<UL><LI> startup_nRF51822.o(RESET)
</UL>
<P><STRONG><a name="[169]"></a>__aeabi_errno_addr</STRONG> (Thumb, 8 bytes, Stack size 0 bytes, C:\Keil_v5\ARM\ARMCC\Bin\..\lib\armlib\c_p.l(rt_errno_addr.o)(.text))
<BR><BR>[Called By]<UL><LI><a href="#[156]">&gt;&gt;</a>&nbsp;&nbsp;&nbsp;_sys_write
<LI><a href="#[14e]">&gt;&gt;</a>&nbsp;&nbsp;&nbsp;_sys_seek
<LI><a href="#[14a]">&gt;&gt;</a>&nbsp;&nbsp;&nbsp;_sys_read
<LI><a href="#[115]">&gt;&gt;</a>&nbsp;&nbsp;&nbsp;_sys_open
<LI><a href="#[153]">&gt;&gt;</a>&nbsp;&nbsp;&nbsp;_sys_istty
<LI><a href="#[152]">&gt;&gt;</a>&nbsp;&nbsp;&nbsp;_sys_flen
<LI><a href="#[11a]">&gt;&gt;</a>&nbsp;&nbsp;&nbsp;_sys_close
<LI><a href="#[204]">&gt;&gt;</a>&nbsp;&nbsp;&nbsp;mbed::Stream::Stream__sub_object(const char*)
<LI><a href="#[155]">&gt;&gt;</a>&nbsp;&nbsp;&nbsp;_ftell_internal
</UL>

<P><STRONG><a name="[f7]"></a>malloc</STRONG> (Thumb, 98 bytes, Stack size 0 bytes, C:\Keil_v5\ARM\ARMCC\Bin\..\lib\armlib\c_p.l(h1_alloc.o)(.text))
<BR><BR>[Calls]<UL><LI><a href="#[f9]">&gt;&gt;</a>&nbsp;&nbsp;&nbsp;__Heap_Full
<LI><a href="#[f8]">&gt;&gt;</a>&nbsp;&nbsp;&nbsp;__rt_heap_descriptor
</UL>
<BR>[Called By]<UL><LI><a href="#[22f]">&gt;&gt;</a>&nbsp;&nbsp;&nbsp;operator new[] (unsigned)
<LI><a href="#[151]">&gt;&gt;</a>&nbsp;&nbsp;&nbsp;__flsbuf
<LI><a href="#[14c]">&gt;&gt;</a>&nbsp;&nbsp;&nbsp;__filbuf
<LI><a href="#[116]">&gt;&gt;</a>&nbsp;&nbsp;&nbsp;fopen
</UL>

<P><STRONG><a name="[fa]"></a>free</STRONG> (Thumb, 76 bytes, Stack size 0 bytes, C:\Keil_v5\ARM\ARMCC\Bin\..\lib\armlib\c_p.l(h1_free.o)(.text))
<BR><BR>[Calls]<UL><LI><a href="#[f8]">&gt;&gt;</a>&nbsp;&nbsp;&nbsp;__rt_heap_descriptor
</UL>
<BR>[Called By]<UL><LI><a href="#[230]">&gt;&gt;</a>&nbsp;&nbsp;&nbsp;operator delete (void*)
<LI><a href="#[158]">&gt;&gt;</a>&nbsp;&nbsp;&nbsp;_terminateio
<LI><a href="#[114]">&gt;&gt;</a>&nbsp;&nbsp;&nbsp;_fclose_internal
<LI><a href="#[136]">&gt;&gt;</a>&nbsp;&nbsp;&nbsp;__Heap_ProvideMemory
</UL>

<P><STRONG><a name="[296]"></a>__aeabi_uldivmod</STRONG> (Thumb, 258 bytes, Stack size 0 bytes, C:\Keil_v5\ARM\ARMCC\Bin\..\lib\armlib\c_p.l(lludiv.o)(.text))
<BR><BR>[Called By]<UL><LI><a href="#[295]">&gt;&gt;</a>&nbsp;&nbsp;&nbsp;common_rtc_set_interrupt
</UL>

<P><STRONG><a name="[fb]"></a>vsnprintf</STRONG> (Thumb, 50 bytes, Stack size 0 bytes, C:\Keil_v5\ARM\ARMCC\Bin\..\lib\armlib\c_p.l(vsnprintf.o)(.text))
<BR><BR>[Calls]<UL><LI><a href="#[37]">&gt;&gt;</a>&nbsp;&nbsp;&nbsp;_sputc
<LI><a href="#[fc]">&gt;&gt;</a>&nbsp;&nbsp;&nbsp;_printf_char_common
</UL>
<BR>[Called By]<UL><LI><a href="#[299]">&gt;&gt;</a>&nbsp;&nbsp;&nbsp;mbed_error_vfprintf
<LI><a href="#[2bc]">&gt;&gt;</a>&nbsp;&nbsp;&nbsp;mbed_error_printf
</UL>

<P><STRONG><a name="[fd]"></a>__2printf</STRONG> (Thumb, 22 bytes, Stack size 0 bytes, C:\Keil_v5\ARM\ARMCC\Bin\..\lib\armlib\c_p.l(__2printf.o)(.text))
<BR><BR>[Calls]<UL><LI><a href="#[fe]">&gt;&gt;</a>&nbsp;&nbsp;&nbsp;_printf_char_file
</UL>
<BR>[Called By]<UL><LI><a href="#[188]">&gt;&gt;</a>&nbsp;&nbsp;&nbsp;UttecUtil::testProc(unsigned char, unsigned)
<LI><a href="#[256]">&gt;&gt;</a>&nbsp;&nbsp;&nbsp;procSec::secTask(rfFrame_t*)
<LI><a href="#[255]">&gt;&gt;</a>&nbsp;&nbsp;&nbsp;procBle::bleTask(unsigned char*)
<LI><a href="#[253]">&gt;&gt;</a>&nbsp;&nbsp;&nbsp;proc485::rs485Task(rfFrame_t*)
<LI><a href="#[23a]">&gt;&gt;</a>&nbsp;&nbsp;&nbsp;procRf::taskRf(rfFrame_t*)
<LI><a href="#[21e]">&gt;&gt;</a>&nbsp;&nbsp;&nbsp;Flash::isFactoryMode()
<LI><a href="#[21c]">&gt;&gt;</a>&nbsp;&nbsp;&nbsp;Flash::ReadAllFlash()
<LI><a href="#[1d2]">&gt;&gt;</a>&nbsp;&nbsp;&nbsp;Rcu::Rcu()
<LI><a href="#[1cd]">&gt;&gt;</a>&nbsp;&nbsp;&nbsp;Rcu::dispRcu(rcuValue_t)
<LI><a href="#[1cc]">&gt;&gt;</a>&nbsp;&nbsp;&nbsp;Rcu::returnRcuCode()
<LI><a href="#[191]">&gt;&gt;</a>&nbsp;&nbsp;&nbsp;procSx1276::sx1276Task(rfFrame_t*)
<LI><a href="#[18f]">&gt;&gt;</a>&nbsp;&nbsp;&nbsp;procSx1276::dispSx1276()
<LI><a href="#[172]">&gt;&gt;</a>&nbsp;&nbsp;&nbsp;$Super$$main
<LI><a href="#[193]">&gt;&gt;</a>&nbsp;&nbsp;&nbsp;procSx1276::transferMstGwBy485(rfFrame_t*, UttecDirection_t)
<LI><a href="#[194]">&gt;&gt;</a>&nbsp;&nbsp;&nbsp;procSx1276::procVolumeCmd(rfFrame_t*)
<LI><a href="#[181]">&gt;&gt;</a>&nbsp;&nbsp;&nbsp;procServer::resendByRepeater(rfFrame_t*)
<LI><a href="#[185]">&gt;&gt;</a>&nbsp;&nbsp;&nbsp;procServer::procControlSub(rfFrame_t*)
<LI><a href="#[238]">&gt;&gt;</a>&nbsp;&nbsp;&nbsp;procRf::resendByRepeater(rfFrame_t*)
<LI><a href="#[239]">&gt;&gt;</a>&nbsp;&nbsp;&nbsp;procRf::procVolumeCmd(rfFrame_t*)
<LI><a href="#[234]">&gt;&gt;</a>&nbsp;&nbsp;&nbsp;procRf::procRepeatCmd(rfFrame_t*)
<LI><a href="#[231]">&gt;&gt;</a>&nbsp;&nbsp;&nbsp;procRf::conflictTx()
<LI><a href="#[182]">&gt;&gt;</a>&nbsp;&nbsp;&nbsp;procServer::taskServer(rfFrame_t*)
<LI><a href="#[252]">&gt;&gt;</a>&nbsp;&nbsp;&nbsp;proc485::transferMstGwBy485(rfFrame_t*, UttecDirection_t)
<LI><a href="#[251]">&gt;&gt;</a>&nbsp;&nbsp;&nbsp;proc485::procVolumeCmd(rfFrame_t*)
<LI><a href="#[180]">&gt;&gt;</a>&nbsp;&nbsp;&nbsp;UttecUtil::testProc(unsigned char, unsigned, unsigned)
<LI><a href="#[257]">&gt;&gt;</a>&nbsp;&nbsp;&nbsp;UttecUtil::dispSec(rfFrame_t*)
<LI><a href="#[17d]">&gt;&gt;</a>&nbsp;&nbsp;&nbsp;dispRxTx(char*, unsigned char)
<LI><a href="#[17b]">&gt;&gt;</a>&nbsp;&nbsp;&nbsp;disTime()
<LI><a href="#[176]">&gt;&gt;</a>&nbsp;&nbsp;&nbsp;dispSensor(char*, unsigned char)
<LI><a href="#[248]">&gt;&gt;</a>&nbsp;&nbsp;&nbsp;mSecExe::switchSensorType(rfFrame_t*)
<LI><a href="#[23c]">&gt;&gt;</a>&nbsp;&nbsp;&nbsp;mSecExe::procVolumeSw()
<LI><a href="#[25a]">&gt;&gt;</a>&nbsp;&nbsp;&nbsp;DimmerRf::dispRfFactor(rfFrame_t*)
<LI><a href="#[1d0]">&gt;&gt;</a>&nbsp;&nbsp;&nbsp;test::setTestApproveReq()
<LI><a href="#[1d1]">&gt;&gt;</a>&nbsp;&nbsp;&nbsp;test::setTestApproveAck()
<LI><a href="#[1ce]">&gt;&gt;</a>&nbsp;&nbsp;&nbsp;test::setTestSxRxData()
<LI><a href="#[1cf]">&gt;&gt;</a>&nbsp;&nbsp;&nbsp;test::setFindRfData()
<LI><a href="#[222]">&gt;&gt;</a>&nbsp;&nbsp;&nbsp;rs485::reform485toRx(unsigned char*)
<LI><a href="#[221]">&gt;&gt;</a>&nbsp;&nbsp;&nbsp;rs485::parse485Data(unsigned char)
<LI><a href="#[18c]">&gt;&gt;</a>&nbsp;&nbsp;&nbsp;Flash::writeFlash()
<LI><a href="#[1c9]">&gt;&gt;</a>&nbsp;&nbsp;&nbsp;Rf::Rf()
<LI><a href="#[1bf]">&gt;&gt;</a>&nbsp;&nbsp;&nbsp;Rf::setRadio(channel_t)
<LI><a href="#[18b]">&gt;&gt;</a>&nbsp;&nbsp;&nbsp;Rf::sendRf(const rfFrame_t*)
<LI><a href="#[1c0]">&gt;&gt;</a>&nbsp;&nbsp;&nbsp;Rf::sendInternal()
</UL>

<P><STRONG><a name="[ff]"></a>__2sprintf</STRONG> (Thumb, 40 bytes, Stack size 0 bytes, C:\Keil_v5\ARM\ARMCC\Bin\..\lib\armlib\c_p.l(__2sprintf.o)(.text))
<BR><BR>[Calls]<UL><LI><a href="#[37]">&gt;&gt;</a>&nbsp;&nbsp;&nbsp;_sputc
<LI><a href="#[fc]">&gt;&gt;</a>&nbsp;&nbsp;&nbsp;_printf_char_common
</UL>
<BR>[Called By]<UL><LI><a href="#[1ac]">&gt;&gt;</a>&nbsp;&nbsp;&nbsp;UttecUtil::dispCmdandSub(char*, char*, rfFrame_t*)
<LI><a href="#[17d]">&gt;&gt;</a>&nbsp;&nbsp;&nbsp;dispRxTx(char*, unsigned char)
<LI><a href="#[176]">&gt;&gt;</a>&nbsp;&nbsp;&nbsp;dispSensor(char*, unsigned char)
<LI><a href="#[175]">&gt;&gt;</a>&nbsp;&nbsp;&nbsp;dispForced(char*, bool)
<LI><a href="#[1ad]">&gt;&gt;</a>&nbsp;&nbsp;&nbsp;rs485::send485(rfFrame_t*, rs485Channel_t)
</UL>

<P><STRONG><a name="[101]"></a>_printf_pre_padding</STRONG> (Thumb, 44 bytes, Stack size 0 bytes, C:\Keil_v5\ARM\ARMCC\Bin\..\lib\armlib\c_p.l(_printf_pad.o)(.text))
<BR><BR>[Called By]<UL><LI><a href="#[146]">&gt;&gt;</a>&nbsp;&nbsp;&nbsp;_printf_wctomb
<LI><a href="#[54]">&gt;&gt;</a>&nbsp;&nbsp;&nbsp;_printf_fp_dec_real
<LI><a href="#[106]">&gt;&gt;</a>&nbsp;&nbsp;&nbsp;_printf_int_common
<LI><a href="#[100]">&gt;&gt;</a>&nbsp;&nbsp;&nbsp;_printf_str
<LI><a href="#[142]">&gt;&gt;</a>&nbsp;&nbsp;&nbsp;_printf_fp_infnan
<LI><a href="#[55]">&gt;&gt;</a>&nbsp;&nbsp;&nbsp;_printf_fp_hex_real
</UL>

<P><STRONG><a name="[102]"></a>_printf_post_padding</STRONG> (Thumb, 34 bytes, Stack size 0 bytes, C:\Keil_v5\ARM\ARMCC\Bin\..\lib\armlib\c_p.l(_printf_pad.o)(.text))
<BR><BR>[Called By]<UL><LI><a href="#[146]">&gt;&gt;</a>&nbsp;&nbsp;&nbsp;_printf_wctomb
<LI><a href="#[54]">&gt;&gt;</a>&nbsp;&nbsp;&nbsp;_printf_fp_dec_real
<LI><a href="#[106]">&gt;&gt;</a>&nbsp;&nbsp;&nbsp;_printf_int_common
<LI><a href="#[100]">&gt;&gt;</a>&nbsp;&nbsp;&nbsp;_printf_str
<LI><a href="#[142]">&gt;&gt;</a>&nbsp;&nbsp;&nbsp;_printf_fp_infnan
<LI><a href="#[55]">&gt;&gt;</a>&nbsp;&nbsp;&nbsp;_printf_fp_hex_real
</UL>

<P><STRONG><a name="[100]"></a>_printf_str</STRONG> (Thumb, 82 bytes, Stack size 0 bytes, C:\Keil_v5\ARM\ARMCC\Bin\..\lib\armlib\c_p.l(_printf_str.o)(.text))
<BR><BR>[Calls]<UL><LI><a href="#[102]">&gt;&gt;</a>&nbsp;&nbsp;&nbsp;_printf_post_padding
<LI><a href="#[101]">&gt;&gt;</a>&nbsp;&nbsp;&nbsp;_printf_pre_padding
</UL>
<BR>[Called By]<UL><LI><a href="#[143]">&gt;&gt;</a>&nbsp;&nbsp;&nbsp;_printf_cs_common
</UL>

<P><STRONG><a name="[cc]"></a>_printf_int_dec</STRONG> (Thumb, 90 bytes, Stack size 0 bytes, C:\Keil_v5\ARM\ARMCC\Bin\..\lib\armlib\c_p.l(_printf_dec.o)(.text))
<BR><BR>[Calls]<UL><LI><a href="#[105]">&gt;&gt;</a>&nbsp;&nbsp;&nbsp;__rt_udiv10
<LI><a href="#[106]">&gt;&gt;</a>&nbsp;&nbsp;&nbsp;_printf_int_common
<LI><a href="#[104]">&gt;&gt;</a>&nbsp;&nbsp;&nbsp;_printf_truncate_unsigned
<LI><a href="#[103]">&gt;&gt;</a>&nbsp;&nbsp;&nbsp;_printf_truncate_signed
</UL>
<BR>[Called By]<UL><LI><a href="#[cd]">&gt;&gt;</a>&nbsp;&nbsp;&nbsp;_printf_u
<LI><a href="#[ca]">&gt;&gt;</a>&nbsp;&nbsp;&nbsp;_printf_i
<LI><a href="#[cb]">&gt;&gt;</a>&nbsp;&nbsp;&nbsp;_printf_d
</UL>

<P><STRONG><a name="[107]"></a>_printf_longlong_hex</STRONG> (Thumb, 88 bytes, Stack size 0 bytes, C:\Keil_v5\ARM\ARMCC\Bin\..\lib\armlib\c_p.l(_printf_hex_int_ll_ptr.o)(.text))
<BR><BR>[Calls]<UL><LI><a href="#[106]">&gt;&gt;</a>&nbsp;&nbsp;&nbsp;_printf_int_common
</UL>
<BR>[Called By]<UL><LI><a href="#[c3]">&gt;&gt;</a>&nbsp;&nbsp;&nbsp;_printf_hex_ptr
<LI><a href="#[da]">&gt;&gt;</a>&nbsp;&nbsp;&nbsp;_printf_ll_hex
<LI><a href="#[d2]">&gt;&gt;</a>&nbsp;&nbsp;&nbsp;_printf_int_hex
</UL>

<P><STRONG><a name="[d2]"></a>_printf_int_hex</STRONG> (Thumb, 28 bytes, Stack size 0 bytes, C:\Keil_v5\ARM\ARMCC\Bin\..\lib\armlib\c_p.l(_printf_hex_int_ll_ptr.o)(.text))
<BR><BR>[Calls]<UL><LI><a href="#[104]">&gt;&gt;</a>&nbsp;&nbsp;&nbsp;_printf_truncate_unsigned
<LI><a href="#[107]">&gt;&gt;</a>&nbsp;&nbsp;&nbsp;_printf_longlong_hex
</UL>
<BR>[Called By]<UL><LI><a href="#[cf]">&gt;&gt;</a>&nbsp;&nbsp;&nbsp;_printf_x
</UL>

<P><STRONG><a name="[da]"></a>_printf_ll_hex</STRONG> (Thumb, 10 bytes, Stack size 0 bytes, C:\Keil_v5\ARM\ARMCC\Bin\..\lib\armlib\c_p.l(_printf_hex_int_ll_ptr.o)(.text))
<BR><BR>[Calls]<UL><LI><a href="#[107]">&gt;&gt;</a>&nbsp;&nbsp;&nbsp;_printf_longlong_hex
</UL>
<BR>[Called By]<UL><LI><a href="#[d7]">&gt;&gt;</a>&nbsp;&nbsp;&nbsp;_printf_llx
</UL>

<P><STRONG><a name="[c3]"></a>_printf_hex_ptr</STRONG> (Thumb, 22 bytes, Stack size 0 bytes, C:\Keil_v5\ARM\ARMCC\Bin\..\lib\armlib\c_p.l(_printf_hex_int_ll_ptr.o)(.text))
<BR><BR>[Calls]<UL><LI><a href="#[107]">&gt;&gt;</a>&nbsp;&nbsp;&nbsp;_printf_longlong_hex
</UL>
<BR>[Called By]<UL><LI><a href="#[c0]">&gt;&gt;</a>&nbsp;&nbsp;&nbsp;_printf_p
</UL>

<P><STRONG><a name="[108]"></a>__printf</STRONG> (Thumb, 386 bytes, Stack size 0 bytes, C:\Keil_v5\ARM\ARMCC\Bin\..\lib\armlib\c_p.l(__printf_flags_ss_wp.o)(.text))
<BR><BR>[Calls]<UL><LI><a href="#[10a]">&gt;&gt;</a>&nbsp;&nbsp;&nbsp;_printf_percent
<LI><a href="#[109]">&gt;&gt;</a>&nbsp;&nbsp;&nbsp;_is_digit
</UL>
<BR>[Called By]<UL><LI><a href="#[fc]">&gt;&gt;</a>&nbsp;&nbsp;&nbsp;_printf_char_common
</UL>

<P><STRONG><a name="[10b]"></a>_do_fflush</STRONG> (Thumb, 54 bytes, Stack size 0 bytes, C:\Keil_v5\ARM\ARMCC\Bin\..\lib\armlib\c_p.l(fflush.o)(.text))
<BR><BR>[Calls]<UL><LI><a href="#[10c]">&gt;&gt;</a>&nbsp;&nbsp;&nbsp;_fflush
<LI><a href="#[10d]">&gt;&gt;</a>&nbsp;&nbsp;&nbsp;_fseek
</UL>
<BR>[Called By]<UL><LI><a href="#[10e]">&gt;&gt;</a>&nbsp;&nbsp;&nbsp;fflush
<LI><a href="#[14f]">&gt;&gt;</a>&nbsp;&nbsp;&nbsp;_flushlinebuffered
</UL>

<P><STRONG><a name="[10e]"></a>fflush</STRONG> (Thumb, 46 bytes, Stack size 0 bytes, C:\Keil_v5\ARM\ARMCC\Bin\..\lib\armlib\c_p.l(fflush.o)(.text))
<BR><BR>[Calls]<UL><LI><a href="#[10b]">&gt;&gt;</a>&nbsp;&nbsp;&nbsp;_do_fflush
</UL>
<BR>[Called By]<UL><LI><a href="#[205]">&gt;&gt;</a>&nbsp;&nbsp;&nbsp;mbed::Stream::putc(int)
<LI><a href="#[11c]">&gt;&gt;</a>&nbsp;&nbsp;&nbsp;__assert_puts
</UL>

<P><STRONG><a name="[10f]"></a>fputs</STRONG> (Thumb, 34 bytes, Stack size 0 bytes, C:\Keil_v5\ARM\ARMCC\Bin\..\lib\armlib\c_p.l(fputs.o)(.text))
<BR><BR>[Calls]<UL><LI><a href="#[39]">&gt;&gt;</a>&nbsp;&nbsp;&nbsp;fputc
</UL>
<BR>[Called By]<UL><LI><a href="#[11c]">&gt;&gt;</a>&nbsp;&nbsp;&nbsp;__assert_puts
</UL>

<P><STRONG><a name="[110]"></a>getc</STRONG> (Thumb, 8 bytes, Stack size 0 bytes, C:\Keil_v5\ARM\ARMCC\Bin\..\lib\armlib\c_p.l(getc.o)(.text))
<BR><BR>[Calls]<UL><LI><a href="#[111]">&gt;&gt;</a>&nbsp;&nbsp;&nbsp;fgetc
</UL>
<BR>[Called By]<UL><LI><a href="#[226]">&gt;&gt;</a>&nbsp;&nbsp;&nbsp;rs485::is485Done()
[...]
<BR><BR>[Calls]<UL><LI><a href="#[2db]">&gt;&gt;</a>&nbsp;&nbsp;&nbsp;_fadd1
</UL>

<P><STRONG><a name="[c5]"></a>_printf_fp_dec</STRONG> (Thumb, 16 bytes, Stack size 0 bytes, C:\Keil_v5\ARM\ARMCC\Bin\..\lib\armlib\fz_ps.l(printf1.o)(x$fpl$printf1))
<BR><BR>[Called By]<UL><LI><a href="#[c6]">&gt;&gt;</a>&nbsp;&nbsp;&nbsp;_printf_g
<LI><a href="#[c4]">&gt;&gt;</a>&nbsp;&nbsp;&nbsp;_printf_e
<LI><a href="#[c2]">&gt;&gt;</a>&nbsp;&nbsp;&nbsp;_printf_f
</UL>

<P><STRONG><a name="[c9]"></a>_printf_fp_hex</STRONG> (Thumb, 16 bytes, Stack size 0 bytes, C:\Keil_v5\ARM\ARMCC\Bin\..\lib\armlib\fz_ps.l(printf2.o)(x$fpl$printf2))
<BR><BR>[Called By]<UL><LI><a href="#[c7]">&gt;&gt;</a>&nbsp;&nbsp;&nbsp;_printf_a
</UL>
<P>
<H3>
Local Symbols
</H3>
<P><STRONG><a name="[af]"></a>__sti___17_mainForSx1276_cpp_Uart</STRONG> (Thumb, 104 bytes, Stack size 0 bytes, .\build\mainforsx1276.o(i.__sti___17_mainForSx1276_cpp_Uart))
<BR><BR>[Calls]<UL><LI><a href="#[20c]">&gt;&gt;</a>&nbsp;&nbsp;&nbsp;mbed::Ticker::Ticker()
<LI><a href="#[25f]">&gt;&gt;</a>&nbsp;&nbsp;&nbsp;__aeabi_atexit
<LI><a href="#[25d]">&gt;&gt;</a>&nbsp;&nbsp;&nbsp;sx1276Exe::sx1276Exe()
<LI><a href="#[261]">&gt;&gt;</a>&nbsp;&nbsp;&nbsp;UttecBle::UttecBle()
<LI><a href="#[17f]">&gt;&gt;</a>&nbsp;&nbsp;&nbsp;Flash::Flash()
<LI><a href="#[262]">&gt;&gt;</a>&nbsp;&nbsp;&nbsp;test::test()
<LI><a href="#[203]">&gt;&gt;</a>&nbsp;&nbsp;&nbsp;mbed::Serial::Serial(PinName, PinName, const char*, int)
<LI><a href="#[200]">&gt;&gt;</a>&nbsp;&nbsp;&nbsp;mbed::Timer::Timer()
</UL>
<BR>[Address Reference Count : 1]<UL><LI> mainforsx1276.o(.init_array)
</UL>
<P><STRONG><a name="[28a]"></a>pwm_dealloc</STRONG> (Thumb, 138 bytes, Stack size 0 bytes, mbed/TARGET_NRF51_DK/TOOLCHAIN_ARM_STD/app_pwm.o(i.pwm_dealloc))
<BR><BR>[Calls]<UL><LI><a href="#[2ca]">&gt;&gt;</a>&nbsp;&nbsp;&nbsp;nrf_drv_timer_uninit
<LI><a href="#[2c1]">&gt;&gt;</a>&nbsp;&nbsp;&nbsp;nrf_drv_ppi_group_free
<LI><a href="#[2c0]">&gt;&gt;</a>&nbsp;&nbsp;&nbsp;nrf_drv_ppi_channel_free
<LI><a href="#[2a6]">&gt;&gt;</a>&nbsp;&nbsp;&nbsp;nrf_drv_gpiote_out_uninit
</UL>
<BR>[Called By]<UL><LI><a href="#[28e]">&gt;&gt;</a>&nbsp;&nbsp;&nbsp;app_pwm_uninit
<LI><a href="#[284]">&gt;&gt;</a>&nbsp;&nbsp;&nbsp;app_pwm_init
</UL>

<P><STRONG><a name="[13]"></a>fs_event_handler</STRONG> (Thumb, 10 bytes, Stack size 0 bytes, mbed/TARGET_NRF51_DK/TOOLCHAIN_ARM_STD/fds.o(i.fs_event_handler))
<BR><BR>[Calls]<UL><LI><a href="#[29f]">&gt;&gt;</a>&nbsp;&nbsp;&nbsp;queue_process
</UL>
<BR>[Address Reference Count : 1]<UL><LI> fds.o(fs_data)
</UL>
<P><STRONG><a name="[2a1]"></a>gc_record_find_next</STRONG> (Thumb, 96 bytes, Stack size 0 bytes, mbed/TARGET_NRF51_DK/TOOLCHAIN_ARM_STD/fds.o(i.gc_record_find_next))
<BR><BR>[Calls]<UL><LI><a href="#[2a0]">&gt;&gt;</a>&nbsp;&nbsp;&nbsp;fs_store
<LI><a href="#[29d]">&gt;&gt;</a>&nbsp;&nbsp;&nbsp;fs_erase
<LI><a href="#[2a2]">&gt;&gt;</a>&nbsp;&nbsp;&nbsp;record_find_next
</UL>
<BR>[Called By]<UL><LI><a href="#[29f]">&gt;&gt;</a>&nbsp;&nbsp;&nbsp;queue_process
</UL>

<P><STRONG><a name="[29f]"></a>queue_process</STRONG> (Thumb, 1424 bytes, Stack size 0 bytes, mbed/TARGET_NRF51_DK/TOOLCHAIN_ARM_STD/fds.o(i.queue_process))
<BR><BR>[Calls]<UL><LI><a href="#[2a0]">&gt;&gt;</a>&nbsp;&nbsp;&nbsp;fs_store
<LI><a href="#[29d]">&gt;&gt;</a>&nbsp;&nbsp;&nbsp;fs_erase
<LI><a href="#[2cc]">&gt;&gt;</a>&nbsp;&nbsp;&nbsp;record_find_by_desc
<LI><a href="#[2cd]">&gt;&gt;</a>&nbsp;&nbsp;&nbsp;record_find
<LI><a href="#[29f]">&gt;&gt;</a>&nbsp;&nbsp;&nbsp;queue_process
<LI><a href="#[2a1]">&gt;&gt;</a>&nbsp;&nbsp;&nbsp;gc_record_find_next
</UL>
<BR>[Called By]<UL><LI><a href="#[29f]">&gt;&gt;</a>&nbsp;&nbsp;&nbsp;queue_process
<LI><a href="#[13]">&gt;&gt;</a>&nbsp;&nbsp;&nbsp;fs_event_handler
</UL>

<P><STRONG><a name="[2cd]"></a>record_find</STRONG> (Thumb, 270 bytes, Stack size 0 bytes, mbed/TARGET_NRF51_DK/TOOLCHAIN_ARM_STD/fds.o(i.record_find))
<BR><BR>[Called By]<UL><LI><a href="#[29f]">&gt;&gt;</a>&nbsp;&nbsp;&nbsp;queue_process
</UL>

<P><STRONG><a name="[2cc]"></a>record_find_by_desc</STRONG> (Thumb, 270 bytes, Stack size 0 bytes, mbed/TARGET_NRF51_DK/TOOLCHAIN_ARM_STD/fds.o(i.record_find_by_desc))
<BR><BR>[Called By]<UL><LI><a href="#[29f]">&gt;&gt;</a>&nbsp;&nbsp;&nbsp;queue_process
</UL>

<P><STRONG><a name="[2a2]"></a>record_find_next</STRONG> (Thumb, 84 bytes, Stack size 0 bytes, mbed/TARGET_NRF51_DK/TOOLCHAIN_ARM_STD/fds.o(i.record_find_next))
<BR><BR>[Called By]<UL><LI><a href="#[2a1]">&gt;&gt;</a>&nbsp;&nbsp;&nbsp;gc_record_find_next
</UL>

<P><STRONG><a name="[29e]"></a>queue_process</STRONG> (Thumb, 162 bytes, Stack size 0 bytes, mbed/TARGET_NRF51_DK/TOOLCHAIN_ARM_STD/fstorage.o(i.queue_process))
<BR><BR>[Called By]<UL><LI><a href="#[2a0]">&gt;&gt;</a>&nbsp;&nbsp;&nbsp;fs_store
<LI><a href="#[29d]">&gt;&gt;</a>&nbsp;&nbsp;&nbsp;fs_erase
</UL>

<P><STRONG><a name="[2a3]"></a>gpio_apply_config</STRONG> (Thumb, 166 bytes, Stack size 0 bytes, mbed/TARGET_NRF51_DK/TOOLCHAIN_ARM_STD/gpio_api.o(i.gpio_apply_config))
<BR><BR>[Calls]<UL><LI><a href="#[2a4]">&gt;&gt;</a>&nbsp;&nbsp;&nbsp;nrf_drv_gpiote_in_init
<LI><a href="#[2a5]">&gt;&gt;</a>&nbsp;&nbsp;&nbsp;nrf_drv_gpiote_in_event_enable
<LI><a href="#[28b]">&gt;&gt;</a>&nbsp;&nbsp;&nbsp;nrf_drv_gpiote_out_init
</UL>
<BR>[Called By]<UL><LI><a href="#[2a9]">&gt;&gt;</a>&nbsp;&nbsp;&nbsp;gpio_mode
<LI><a href="#[1f2]">&gt;&gt;</a>&nbsp;&nbsp;&nbsp;gpio_irq_init
<LI><a href="#[1f4]">&gt;&gt;</a>&nbsp;&nbsp;&nbsp;gpio_irq_free
<LI><a href="#[1f6]">&gt;&gt;</a>&nbsp;&nbsp;&nbsp;gpio_dir
</UL>

<P><STRONG><a name="[4f]"></a>gpiote_irq_handler</STRONG> (Thumb, 72 bytes, Stack size 0 bytes, mbed/TARGET_NRF51_DK/TOOLCHAIN_ARM_STD/gpio_api.o(i.gpiote_irq_handler))
<BR>[Address Reference Count : 1]<UL><LI> gpio_api.o(i.gpio_apply_config)
</UL>
<P><STRONG><a name="[56]"></a>irq_handler_for_instance_1</STRONG> (Thumb, 128 bytes, Stack size 0 bytes, mbed/TARGET_NRF51_DK/TOOLCHAIN_ARM_STD/nrf_drv_spi.o(i.irq_handler_for_instance_1))
<BR>[Address Reference Count : 1]<UL><LI> nrf_drv_spi.o(.constdata)
</UL>
<P><STRONG><a name="[57]"></a>irq_handler_for_instance_1</STRONG> (Thumb, 86 bytes, Stack size 0 bytes, mbed/TARGET_NRF51_DK/TOOLCHAIN_ARM_STD/nrf_drv_spis.o(i.irq_handler_for_instance_1))
<BR><BR>[Calls]<UL><LI><a href="#[2ac]">&gt;&gt;</a>&nbsp;&nbsp;&nbsp;spis_state_change
</UL>
<BR>[Address Reference Count : 1]<UL><LI> nrf_drv_spis.o(.constdata)
</UL>
<P><STRONG><a name="[2ac]"></a>spis_state_change</STRONG> (Thumb, 102 bytes, Stack size 0 bytes, mbed/TARGET_NRF51_DK/TOOLCHAIN_ARM_STD/nrf_drv_spis.o(i.spis_state_change))
<BR><BR>[Calls]<UL><LI><a href="#[26e]">&gt;&gt;</a>&nbsp;&nbsp;&nbsp;app_error_handler_bare
</UL>
<BR>[Called By]<UL><LI><a href="#[2c7]">&gt;&gt;</a>&nbsp;&nbsp;&nbsp;nrf_drv_spis_buffers_set
<LI><a href="#[57]">&gt;&gt;</a>&nbsp;&nbsp;&nbsp;irq_handler_for_instance_1
</UL>

<P><STRONG><a name="[2cb]"></a>pwm_reinit</STRONG> (Thumb, 106 bytes, Stack size 0 bytes, mbed/TARGET_NRF51_DK/TOOLCHAIN_ARM_STD/pwmout_api.o(i.pwm_reinit))
<BR><BR>[Calls]<UL><LI><a href="#[28e]">&gt;&gt;</a>&nbsp;&nbsp;&nbsp;app_pwm_uninit
<LI><a href="#[284]">&gt;&gt;</a>&nbsp;&nbsp;&nbsp;app_pwm_init
<LI><a href="#[280]">&gt;&gt;</a>&nbsp;&nbsp;&nbsp;app_pwm_enable
<LI><a href="#[271]">&gt;&gt;</a>&nbsp;&nbsp;&nbsp;app_pwm_channel_duty_ticks_set
</UL>
<BR>[Called By]<UL><LI><a href="#[250]">&gt;&gt;</a>&nbsp;&nbsp;&nbsp;pwmout_period_us
<LI><a href="#[260]">&gt;&gt;</a>&nbsp;&nbsp;&nbsp;pwmout_init
</UL>

<P><STRONG><a name="[2d0]"></a>internal_set_hwfc</STRONG> (Thumb, 90 bytes, Stack size 0 bytes, mbed/TARGET_NRF51_DK/TOOLCHAIN_ARM_STD/serial_api.o(i.internal_set_hwfc))
<BR><BR>[Called By]<UL><LI><a href="#[1e2]">&gt;&gt;</a>&nbsp;&nbsp;&nbsp;serial_init
</UL>

<P><STRONG><a name="[5a]"></a>master_event_handler_1</STRONG> (Thumb, 24 bytes, Stack size 0 bytes, mbed/TARGET_NRF51_DK/TOOLCHAIN_ARM_STD/spi_api.o(i.master_event_handler_1))
<BR>[Address Reference Count : 1]<UL><LI> spi_api.o(.constdata)
</UL>
<P><STRONG><a name="[5b]"></a>slave_event_handler_1</STRONG> (Thumb, 34 bytes, Stack size 0 bytes, mbed/TARGET_NRF51_DK/TOOLCHAIN_ARM_STD/spi_api.o(i.slave_event_handler_1))
<BR><BR>[Calls]<UL><LI><a href="#[2c7]">&gt;&gt;</a>&nbsp;&nbsp;&nbsp;nrf_drv_spis_buffers_set
</UL>
<BR>[Address Reference Count : 1]<UL><LI> spi_api.o(.constdata)
</UL>
<P><STRONG><a name="[28f]"></a>bytewise_bitswap</STRONG> (Thumb, 42 bytes, Stack size 0 bytes, .\build\radio_config.o(i.bytewise_bitswap))
<BR><BR>[Calls]<UL><LI><a href="#[290]">&gt;&gt;</a>&nbsp;&nbsp;&nbsp;swap_bits
</UL>
<BR>[Called By]<UL><LI><a href="#[1c8]">&gt;&gt;</a>&nbsp;&nbsp;&nbsp;radio_configureNew
</UL>

<P><STRONG><a name="[290]"></a>swap_bits</STRONG> (Thumb, 36 bytes, Stack size 0 bytes, .\build\radio_config.o(i.swap_bits))
<BR><BR>[Called By]<UL><LI><a href="#[1c8]">&gt;&gt;</a>&nbsp;&nbsp;&nbsp;radio_configureNew
<LI><a href="#[28f]">&gt;&gt;</a>&nbsp;&nbsp;&nbsp;bytewise_bitswap
</UL>

<P><STRONG><a name="[21a]"></a>flash_page_erase(unsigned*)</STRONG> (Thumb, 48 bytes, Stack size 0 bytes, .\build\flash.o(i._Z16flash_page_erasePj))
<BR><BR>[Called By]<UL><LI><a href="#[18c]">&gt;&gt;</a>&nbsp;&nbsp;&nbsp;Flash::writeFlash()
</UL>

<P><STRONG><a name="[21b]"></a>flash_word_write(unsigned*, unsigned)</STRONG> (Thumb, 56 bytes, Stack size 0 bytes, .\build\flash.o(i._Z16flash_word_writePjj))
<BR><BR>[Called By]<UL><LI><a href="#[18c]">&gt;&gt;</a>&nbsp;&nbsp;&nbsp;Flash::writeFlash()
</UL>

<P><STRONG><a name="[177]"></a>gpio_write(gpio_t*, int)</STRONG> (Thumb, 68 bytes, Stack size 0 bytes, .\build\rs485.o(i._Z10gpio_writeP6gpio_ti))
<BR><BR>[Calls]<UL><LI><a href="#[178]">&gt;&gt;</a>&nbsp;&nbsp;&nbsp;mbed_assert_internal
</UL>
<BR>[Called By]<UL><LI><a href="#[1b4]">&gt;&gt;</a>&nbsp;&nbsp;&nbsp;mbed::DigitalOut::operator =(int)
</UL>

<P><STRONG><a name="[b0]"></a>__sti___9_rs485_cpp_18ca7105</STRONG> (Thumb, 26 bytes, Stack size 0 bytes, .\build\rs485.o(i.__sti___9_rs485_cpp_18ca7105))
<BR><BR>[Calls]<UL><LI><a href="#[1a6]">&gt;&gt;</a>&nbsp;&nbsp;&nbsp;UttecUtil::UttecUtil()
<LI><a href="#[1d5]">&gt;&gt;</a>&nbsp;&nbsp;&nbsp;mbed::DigitalOut::DigitalOut(PinName)
</UL>
<BR>[Address Reference Count : 1]<UL><LI> rs485.o(.init_array)
</UL>
<P><STRONG><a name="[3c]"></a>rcuCallback()</STRONG> (Thumb, 218 bytes, Stack size 0 bytes, .\build\rcu.o(i._Z11rcuCallbackv))
<BR><BR>[Calls]<UL><LI><a href="#[17a]">&gt;&gt;</a>&nbsp;&nbsp;&nbsp;mbed::Timer::read_us()
</UL>
<BR>[Address Reference Count : 1]<UL><LI> rcu.o(i._ZN3RcuC1Ev)
</UL>
<P><STRONG><a name="[b1]"></a>__sti___7_Rcu_cpp_rcuEvent</STRONG> (Thumb, 22 bytes, Stack size 0 bytes, .\build\rcu.o(i.__sti___7_Rcu_cpp_rcuEvent))
<BR><BR>[Calls]<UL><LI><a href="#[25f]">&gt;&gt;</a>&nbsp;&nbsp;&nbsp;__aeabi_atexit
<LI><a href="#[1f1]">&gt;&gt;</a>&nbsp;&nbsp;&nbsp;mbed::InterruptIn::InterruptIn(PinName)
</UL>
<BR>[Address Reference Count : 1]<UL><LI> rcu.o(.init_array)
</UL>
<P><STRONG><a name="[b2]"></a>__sti___12_UttecLed_cpp_66a161ca</STRONG> (Thumb, 20 bytes, Stack size 0 bytes, .\build\uttecled.o(i.__sti___12_UttecLed_cpp_66a161ca))
<BR><BR>[Calls]<UL><LI><a href="#[1d5]">&gt;&gt;</a>&nbsp;&nbsp;&nbsp;mbed::DigitalOut::DigitalOut(PinName)
</UL>
<BR>[Address Reference Count : 1]<UL><LI> uttecled.o(.init_array)
</UL>
<P><STRONG><a name="[b3]"></a>__sti___11_mSecExe_cpp_pir</STRONG> (Thumb, 90 bytes, Stack size 0 bytes, .\build\msecexe.o(i.__sti___11_mSecExe_cpp_pir))
<BR><BR>[Calls]<UL><LI><a href="#[25e]">&gt;&gt;</a>&nbsp;&nbsp;&nbsp;analogin_init
<LI><a href="#[1e7]">&gt;&gt;</a>&nbsp;&nbsp;&nbsp;core_util_critical_section_exit
<LI><a href="#[1e4]">&gt;&gt;</a>&nbsp;&nbsp;&nbsp;core_util_critical_section_enter
<LI><a href="#[25f]">&gt;&gt;</a>&nbsp;&nbsp;&nbsp;__aeabi_atexit
<LI><a href="#[260]">&gt;&gt;</a>&nbsp;&nbsp;&nbsp;pwmout_init
<LI><a href="#[a4]">&gt;&gt;</a>&nbsp;&nbsp;&nbsp;mbed::AnalogIn::unlock()
<LI><a href="#[a3]">&gt;&gt;</a>&nbsp;&nbsp;&nbsp;mbed::AnalogIn::lock()
<LI><a href="#[183]">&gt;&gt;</a>&nbsp;&nbsp;&nbsp;UttecLed::UttecLed()
</UL>
<BR>[Address Reference Count : 1]<UL><LI> msecexe.o(.init_array)
</UL>
<P><STRONG><a name="[b4]"></a>__sti___13_UttecUtil_cpp_380f9fb9</STRONG> (Thumb, 32 bytes, Stack size 0 bytes, .\build\uttecutil.o(i.__sti___13_UttecUtil_cpp_380f9fb9))
<BR><BR>[Calls]<UL><LI><a href="#[20c]">&gt;&gt;</a>&nbsp;&nbsp;&nbsp;mbed::Ticker::Ticker()
<LI><a href="#[25f]">&gt;&gt;</a>&nbsp;&nbsp;&nbsp;__aeabi_atexit
</UL>
<BR>[Address Reference Count : 1]<UL><LI> uttecutil.o(.init_array)
</UL>
<P><STRONG><a name="[b5]"></a>__sti___11_proc485_cpp_3ad18b61</STRONG> (Thumb, 10 bytes, Stack size 0 bytes, .\build\proc485.o(i.__sti___11_proc485_cpp_3ad18b61))
<BR><BR>[Calls]<UL><LI><a href="#[1a6]">&gt;&gt;</a>&nbsp;&nbsp;&nbsp;UttecUtil::UttecUtil()
</UL>
<BR>[Address Reference Count : 1]<UL><LI> proc485.o(.init_array)
</UL>
<P><STRONG><a name="[b6]"></a>__sti___10_procRf_cpp_6e0e75ac</STRONG> (Thumb, 10 bytes, Stack size 0 bytes, .\build\procrf.o(i.__sti___10_procRf_cpp_6e0e75ac))
<BR><BR>[Calls]<UL><LI><a href="#[1a6]">&gt;&gt;</a>&nbsp;&nbsp;&nbsp;UttecUtil::UttecUtil()
</UL>
<BR>[Address Reference Count : 1]<UL><LI> procrf.o(.init_array)
</UL>
<P><STRONG><a name="[b7]"></a>__sti___14_procServer_cpp_1a881cf1</STRONG> (Thumb, 10 bytes, Stack size 0 bytes, .\build\procserver.o(i.__sti___14_procServer_cpp_1a881cf1))
<BR><BR>[Calls]<UL><LI><a href="#[1a6]">&gt;&gt;</a>&nbsp;&nbsp;&nbsp;UttecUtil::UttecUtil()
</UL>
<BR>[Address Reference Count : 1]<UL><LI> procserver.o(.init_array)
</UL>
<P><STRONG><a name="[3b]"></a>attimeout()</STRONG> (Thumb, 8 bytes, Stack size 0 bytes, .\build\procsx1276.o(i._Z9attimeoutv))
<BR>[Address Reference Count : 1]<UL><LI> procsx1276.o(i._ZN10procSx127612setNewFactorEv)
</UL>
<P><STRONG><a name="[b8]"></a>__sti___14_procSx1276_cpp_4f61e213</STRONG> (Thumb, 10 bytes, Stack size 0 bytes, .\build\procsx1276.o(i.__sti___14_procSx1276_cpp_4f61e213))
<BR><BR>[Calls]<UL><LI><a href="#[1a6]">&gt;&gt;</a>&nbsp;&nbsp;&nbsp;UttecUtil::UttecUtil()
</UL>
<BR>[Address Reference Count : 1]<UL><LI> procsx1276.o(.init_array)
</UL>
<P><STRONG><a name="[b9]"></a>__sti___13_sx1276Exe_cpp_led</STRONG> (Thumb, 46 bytes, Stack size 0 bytes, .\build\sx1276exe_1.o(i.__sti___13_sx1276Exe_cpp_led))
<BR><BR>[Calls]<UL><LI><a href="#[25f]">&gt;&gt;</a>&nbsp;&nbsp;&nbsp;__aeabi_atexit
<LI><a href="#[1b9]">&gt;&gt;</a>&nbsp;&nbsp;&nbsp;SX1276MB1xAS::SX1276MB1xAS(RadioEvents_t*)
<LI><a href="#[1d5]">&gt;&gt;</a>&nbsp;&nbsp;&nbsp;mbed::DigitalOut::DigitalOut(PinName)
</UL>
<BR>[Address Reference Count : 1]<UL><LI> sx1276exe_1.o(.init_array)
</UL>
<P><STRONG><a name="[179]"></a>gpio_write(gpio_t*, int)</STRONG> (Thumb, 68 bytes, Stack size 0 bytes, .\build\sx1276-hal.o(i._Z10gpio_writeP6gpio_ti))
<BR><BR>[Calls]<UL><LI><a href="#[178]">&gt;&gt;</a>&nbsp;&nbsp;&nbsp;mbed_assert_internal
</UL>
<BR>[Called By]<UL><LI><a href="#[1af]">&gt;&gt;</a>&nbsp;&nbsp;&nbsp;mbed::DigitalInOut::operator =(int)
</UL>

<P><STRONG><a name="[3e]"></a>&lang;Func3&rang;</STRONG> (Thumb, 12 bytes, Stack size 0 bytes, mbed/TARGET_NRF51_DK/TOOLCHAIN_ARM_STD/mbed.ar(SerialBase.o)(i.<Func3>))
<BR>[Address Reference Count : 1]<UL><LI> SerialBase.o(i._ZN4mbed10SerialBaseC1E7PinNameS1_i)
</UL>
<P><STRONG><a name="[2ce]"></a>schedule_interrupt</STRONG> (Thumb, 102 bytes, Stack size 0 bytes, mbed/TARGET_NRF51_DK/TOOLCHAIN_ARM_STD/mbed.ar(mbed_ticker_api.o)(i.schedule_interrupt))
<BR><BR>[Calls]<UL><LI><a href="#[2cf]">&gt;&gt;</a>&nbsp;&nbsp;&nbsp;update_present_time
</UL>
<BR>[Called By]<UL><LI><a href="#[2d1]">&gt;&gt;</a>&nbsp;&nbsp;&nbsp;ticker_read
<LI><a href="#[2ad]">&gt;&gt;</a>&nbsp;&nbsp;&nbsp;ticker_irq_handler
<LI><a href="#[1ee]">&gt;&gt;</a>&nbsp;&nbsp;&nbsp;ticker_set_handler
<LI><a href="#[1ec]">&gt;&gt;</a>&nbsp;&nbsp;&nbsp;ticker_remove_event
<LI><a href="#[1ea]">&gt;&gt;</a>&nbsp;&nbsp;&nbsp;ticker_insert_event_us
<LI><a href="#[1ff]">&gt;&gt;</a>&nbsp;&nbsp;&nbsp;ticker_read_us
</UL>

<P><STRONG><a name="[2cf]"></a>update_present_time</STRONG> (Thumb, 44 bytes, Stack size 0 bytes, mbed/TARGET_NRF51_DK/TOOLCHAIN_ARM_STD/mbed.ar(mbed_ticker_api.o)(i.update_present_time))
<BR><BR>[Called By]<UL><LI><a href="#[2d1]">&gt;&gt;</a>&nbsp;&nbsp;&nbsp;ticker_read
<LI><a href="#[2ce]">&gt;&gt;</a>&nbsp;&nbsp;&nbsp;schedule_interrupt
<LI><a href="#[1ee]">&gt;&gt;</a>&nbsp;&nbsp;&nbsp;ticker_set_handler
<LI><a href="#[1ea]">&gt;&gt;</a>&nbsp;&nbsp;&nbsp;ticker_insert_event_us
<LI><a href="#[1ff]">&gt;&gt;</a>&nbsp;&nbsp;&nbsp;ticker_read_us
</UL>

<P><STRONG><a name="[128]"></a>_dadd1</STRONG> (Thumb, 290 bytes, Stack size 0 bytes, C:\Keil_v5\ARM\ARMCC\Bin\..\lib\armlib\fz_ps.l(daddsub.o)(.text), UNUSED)
<BR><BR>[Called By]<UL><LI><a href="#[12a]">&gt;&gt;</a>&nbsp;&nbsp;&nbsp;_drsb
<LI><a href="#[129]">&gt;&gt;</a>&nbsp;&nbsp;&nbsp;_dsub
<LI><a href="#[126]">&gt;&gt;</a>&nbsp;&nbsp;&nbsp;_dadd
</UL>

<P><STRONG><a name="[127]"></a>_dsub1</STRONG> (Thumb, 470 bytes, Stack size 0 bytes, C:\Keil_v5\ARM\ARMCC\Bin\..\lib\armlib\fz_ps.l(daddsub.o)(.text), UNUSED)
<BR><BR>[Called By]<UL><LI><a href="#[12a]">&gt;&gt;</a>&nbsp;&nbsp;&nbsp;_drsb
<LI><a href="#[129]">&gt;&gt;</a>&nbsp;&nbsp;&nbsp;_dsub
<LI><a href="#[126]">&gt;&gt;</a>&nbsp;&nbsp;&nbsp;_dadd
</UL>

<P><STRONG><a name="[2db]"></a>_fadd1</STRONG> (Thumb, 0 bytes, Stack size 0 bytes, C:\Keil_v5\ARM\ARMCC\Bin\..\lib\armlib\fz_ps.l(faddsub.o)(x$fpl$fadd), UNUSED)
<BR><BR>[Called By]<UL><LI><a href="#[2da]">&gt;&gt;</a>&nbsp;&nbsp;&nbsp;_fsub
</UL>

<P><STRONG><a name="[2d7]"></a>_fsub1</STRONG> (Thumb, 0 bytes, Stack size 0 bytes, C:\Keil_v5\ARM\ARMCC\Bin\..\lib\armlib\fz_ps.l(faddsub.o)(x$fpl$fsub), UNUSED)
<BR><BR>[Called By]<UL><LI><a href="#[2d6]">&gt;&gt;</a>&nbsp;&nbsp;&nbsp;_fadd
</UL>

<P><STRONG><a name="[13b]"></a>_fp_digits</STRONG> (Thumb, 412 bytes, Stack size 0 bytes, C:\Keil_v5\ARM\ARMCC\Bin\..\lib\armlib\c_p.l(_printf_fp_dec.o)(.text))
<BR><BR>[Calls]<UL><LI><a href="#[13e]">&gt;&gt;</a>&nbsp;&nbsp;&nbsp;_btod_ediv
<LI><a href="#[13f]">&gt;&gt;</a>&nbsp;&nbsp;&nbsp;_btod_emul
<LI><a href="#[13d]">&gt;&gt;</a>&nbsp;&nbsp;&nbsp;_btod_d2e
<LI><a href="#[13c]">&gt;&gt;</a>&nbsp;&nbsp;&nbsp;_btod_etento
<LI><a href="#[140]">&gt;&gt;</a>&nbsp;&nbsp;&nbsp;_ll_udiv10
</UL>
<BR>[Called By]<UL><LI><a href="#[54]">&gt;&gt;</a>&nbsp;&nbsp;&nbsp;_printf_fp_dec_real
</UL>

<P><STRONG><a name="[38]"></a>_printf_input_char</STRONG> (Thumb, 10 bytes, Stack size 0 bytes, C:\Keil_v5\ARM\ARMCC\Bin\..\lib\armlib\c_p.l(_printf_char_common.o)(.text))
<BR>[Address Reference Count : 1]<UL><LI> _printf_char_common.o(.text)
</UL>
<P><STRONG><a name="[164]"></a>btod_internal_mul</STRONG> (Thumb, 492 bytes, Stack size 0 bytes, C:\Keil_v5\ARM\ARMCC\Bin\..\lib\armlib\c_p.l(btod.o)(.text))
<BR><BR>[Calls]<UL><LI><a href="#[165]">&gt;&gt;</a>&nbsp;&nbsp;&nbsp;__ARM_common_ll_muluu
</UL>
<BR>[Called By]<UL><LI><a href="#[166]">&gt;&gt;</a>&nbsp;&nbsp;&nbsp;_btod_emuld
<LI><a href="#[13f]">&gt;&gt;</a>&nbsp;&nbsp;&nbsp;_btod_emul
</UL>

<P><STRONG><a name="[167]"></a>btod_internal_div</STRONG> (Thumb, 520 bytes, Stack size 0 bytes, C:\Keil_v5\ARM\ARMCC\Bin\..\lib\armlib\c_p.l(btod.o)(.text))
<BR><BR>[Called By]<UL><LI><a href="#[168]">&gt;&gt;</a>&nbsp;&nbsp;&nbsp;_btod_edivd
<LI><a href="#[13e]">&gt;&gt;</a>&nbsp;&nbsp;&nbsp;_btod_ediv
</UL>
<P>
<H3>
Undefined Global Symbols
</H3>
<P><STRONG><a name="[15a]"></a>__rt_lib_shutdown</STRONG> (ARM, 0 bytes, Stack size 0 bytes, UNDEFINED)
<BR><BR>[Called By]<UL><LI><a href="#[11e]">&gt;&gt;</a>&nbsp;&nbsp;&nbsp;abort
</UL>

<P><STRONG><a name="[144]"></a>_printf_mbtowc</STRONG> (ARM, 0 bytes, Stack size 0 bytes, UNDEFINED)
<BR><BR>[Called By]<UL><LI><a href="#[143]">&gt;&gt;</a>&nbsp;&nbsp;&nbsp;_printf_cs_common
</UL>

<P><STRONG><a name="[163]"></a>_printf_wc</STRONG> (ARM, 0 bytes, Stack size 0 bytes, UNDEFINED)
<BR><BR>[Called By]<UL><LI><a href="#[162]">&gt;&gt;</a>&nbsp;&nbsp;&nbsp;_printf_lcs_common
</UL>
<HR></body></html>
