Component: ARM Compiler 5.06 update 5 (build 528) Tool: armlink [4d35e2]

==============================================================================

Section Cross References

    .\build\main.o(i._Z7tickSecv) refers to C:\Keil_v5\ARM\ARMCC\Bin\..\lib\armlib\c_p.l(aeabi_sdivfast.o)(.text) for __aeabi_uidivmod
    .\build\main.o(i._Z7tickSecv) refers to .\build\main.o(.data) for ulSecCount
    .\build\main.o(i._Z8tickmSecv) refers to .\build\main.o(.data) for tick_mSec
    .\build\main.o(i.__sti___8_main_cpp_uart) refers to mbed/TARGET_NRF51_DK/TOOLCHAIN_ARM_STD/mbed.ar(Serial.o)(i._ZN4mbed6SerialC1E7PinNameS1_PKci) for mbed::Serial::Serial(PinName, PinName, const char*, int)
    .\build\main.o(i.__sti___8_main_cpp_uart) refers to mbed/TARGET_NRF51_DK/TOOLCHAIN_ARM_STD/mbed_retarget.o(i.__aeabi_atexit) for __aeabi_atexit
    .\build\main.o(i.__sti___8_main_cpp_uart) refers to .\build\flash.o(i._ZN5FlashC1Ev) for Flash::Flash()
    .\build\main.o(i.__sti___8_main_cpp_uart) refers to .\build\main.o(i._ZN4mbed6TickerC1Ev) for mbed::Ticker::Ticker()
    .\build\main.o(i.__sti___8_main_cpp_uart) refers to mbed/TARGET_NRF51_DK/TOOLCHAIN_ARM_STD/mbed.ar(Timer.o)(i._ZN4mbed5TimerC1Ev) for mbed::Timer::Timer()
    .\build\main.o(i.__sti___8_main_cpp_uart) refers to .\build\main.o(.bss) for uart
    .\build\main.o(i.__sti___8_main_cpp_uart) refers to mbed/TARGET_NRF51_DK/TOOLCHAIN_ARM_STD/mbed.ar(Serial.o)(i._ZN4mbed6SerialD1Ev) for mbed::Serial::~Serial()
    .\build\main.o(i.__sti___8_main_cpp_uart) refers to .\build\main.o(.data) for flash
    .\build\main.o(i.__sti___8_main_cpp_uart) refers to mbed/TARGET_NRF51_DK/TOOLCHAIN_ARM_STD/mbed.ar(Ticker.o)(i._ZN4mbed6TickerD1Ev) for mbed::Ticker::~Ticker()
    .\build\main.o(i.__sti___8_main_cpp_uart) refers to mbed/TARGET_NRF51_DK/TOOLCHAIN_ARM_STD/mbed.ar(Timer.o)(i._ZN4mbed5TimerD1Ev) for mbed::Timer::~Timer()
    .\build\main.o(i.main) refers to C:\Keil_v5\ARM\ARMCC\Bin\..\lib\armlib\c_p.l(_printf_percent.o)(.ARM.Collect$$_printf_percent$$00000000) for _printf_percent
    .\build\main.o(i.main) refers to C:\Keil_v5\ARM\ARMCC\Bin\..\lib\armlib\c_p.l(_printf_d.o)(.ARM.Collect$$_printf_percent$$00000009) for _printf_d
    .\build\main.o(i.main) refers to C:\Keil_v5\ARM\ARMCC\Bin\..\lib\armlib\c_p.l(_printf_dec.o)(.text) for _printf_int_dec
    .\build\main.o(i.main) refers to .\build\uttecutil.o(i._ZN9UttecUtilC1Ev) for UttecUtil::UttecUtil()
    .\build\main.o(i.main) refers to mbed/TARGET_NRF51_DK/TOOLCHAIN_ARM_STD/mbed.ar(SerialBase.o)(i._ZN4mbed10SerialBase4baudEi) for mbed::SerialBase::baud(int)
    .\build\main.o(i.main) refers to C:\Keil_v5\ARM\ARMCC\Bin\..\lib\armlib\c_p.l(__2printf.o)(.text) for __2printf
    .\build\main.o(i.main) refers to .\build\flash.o(i._ZN5Flash13isFactoryModeEv) for Flash::isFactoryMode()
    .\build\main.o(i.main) refers to .\build\flash.o(i._ZN5Flash13getFlashFrameEv) for Flash::getFlashFrame()
    .\build\main.o(i.main) refers to .\build\dimmerrf.o(i._ZN8DimmerRfC1EP5Flash) for DimmerRf::DimmerRf(Flash*)
    .\build\main.o(i.main) refers to .\build\dimmerrf.o(i._ZN8DimmerRf11initRfFrameEv) for DimmerRf::initRfFrame()
    .\build\main.o(i.main) refers to .\build\main.o(t._ZN4mbed8CallbackIFvvEEC1EPS1_) for mbed::Callback<void()>::Callback(void(*)())
    .\build\main.o(i.main) refers to .\build\main.o(i._ZN4mbed6Ticker6attachENS_8CallbackIFvvEEEf) for mbed::Ticker::attach(mbed::Callback<void()>, float)
    .\build\main.o(i.main) refers to mbed/TARGET_NRF51_DK/TOOLCHAIN_ARM_STD/mbed.ar(SerialBase.o)(t._ZN4mbed8CallbackIFvvEED1Ev) for mbed::Callback<void()>::~Callback()
    .\build\main.o(i.main) refers to C:\Keil_v5\ARM\ARMCC\Bin\..\lib\armlib\fz_ps.l(dflti.o)(.text) for __aeabi_ui2d
    .\build\main.o(i.main) refers to C:\Keil_v5\ARM\ARMCC\Bin\..\lib\armlib\fz_ps.l(ddiv.o)(.text) for __aeabi_ddiv
    .\build\main.o(i.main) refers to C:\Keil_v5\ARM\ARMCC\Bin\..\lib\armlib\fz_ps.l(d2f.o)(.text) for __aeabi_d2f
    .\build\main.o(i.main) refers to .\build\rf.o(i._ZN2Rf8isRxDoneEv) for Rf::isRxDone()
    .\build\main.o(i.main) refers to .\build\rf.o(i._ZN2Rf11clearRxFlagEv) for Rf::clearRxFlag()
    .\build\main.o(i.main) refers to .\build\rf.o(i._ZN2Rf11returnRxBufEv) for Rf::returnRxBuf()
    .\build\main.o(i.main) refers to .\build\uttecutil.o(i._ZN9UttecUtil8testProcEhj) for UttecUtil::testProc(unsigned char, unsigned)
    .\build\main.o(i.main) refers to .\build\rf.o(i._ZN2Rf6sendRfEPK9rfFrame_t) for Rf::sendRf(const rfFrame_t*)
    .\build\main.o(i.main) refers to .\build\main.o(.bss) for uart
    .\build\main.o(i.main) refers to .\build\main.o(.data) for flash
    .\build\main.o(i.main) refers to .\build\main.o(i._Z7tickSecv) for tickSec()
    .\build\main.o(i.main) refers to .\build\main.o(i._Z8tickmSecv) for tickmSec()
    .\build\main.o(.ARM.exidx) refers to .\build\main.o(i._Z7tickSecv) for i._Z7tickSecv
    .\build\main.o(.ARM.exidx) refers to .\build\main.o(i._Z8tickmSecv) for i._Z8tickmSecv
[...]
    Removing mbed/TARGET_NRF51_DK/TOOLCHAIN_ARM_STD/gatts_cache_manager.o(i.gscm_local_db_cache_set), (44 bytes).
    Removing mbed/TARGET_NRF51_DK/TOOLCHAIN_ARM_STD/gatts_cache_manager.o(i.gscm_local_db_cache_update), (156 bytes).
    Removing mbed/TARGET_NRF51_DK/TOOLCHAIN_ARM_STD/gatts_cache_manager.o(i.gscm_service_changed_ind_needed), (34 bytes).
    Removing mbed/TARGET_NRF51_DK/TOOLCHAIN_ARM_STD/gatts_cache_manager.o(i.gscm_service_changed_ind_send), (48 bytes).
    Removing mbed/TARGET_NRF51_DK/TOOLCHAIN_ARM_STD/gatts_cache_manager.o(i.pdb_evt_handler), (132 bytes).
    Removing mbed/TARGET_NRF51_DK/TOOLCHAIN_ARM_STD/gatts_cache_manager.o(.constdata), (1 bytes).
    Removing mbed/TARGET_NRF51_DK/TOOLCHAIN_ARM_STD/gatts_cache_manager.o(.constdata), (16 bytes).
    Removing mbed/TARGET_NRF51_DK/TOOLCHAIN_ARM_STD/gatts_cache_manager.o(.constdata), (1 bytes).
    Removing mbed/TARGET_NRF51_DK/TOOLCHAIN_ARM_STD/gatts_cache_manager.o(.data), (12 bytes).
    Removing mbed/TARGET_NRF51_DK/TOOLCHAIN_ARM_STD/gpio_api.o(.rev16_text), (4 bytes).
    Removing mbed/TARGET_NRF51_DK/TOOLCHAIN_ARM_STD/gpio_api.o(.revsh_text), (4 bytes).
    Removing mbed/TARGET_NRF51_DK/TOOLCHAIN_ARM_STD/gpio_api.o(i.gpio_irq_disable), (28 bytes).
    Removing mbed/TARGET_NRF51_DK/TOOLCHAIN_ARM_STD/gpio_api.o(i.gpio_irq_enable), (44 bytes).
    Removing mbed/TARGET_NRF51_DK/TOOLCHAIN_ARM_STD/gpio_api.o(i.gpio_irq_free), (48 bytes).
    Removing mbed/TARGET_NRF51_DK/TOOLCHAIN_ARM_STD/gpio_api.o(i.gpio_irq_init), (160 bytes).
    Removing mbed/TARGET_NRF51_DK/TOOLCHAIN_ARM_STD/gpio_api.o(i.gpio_irq_set), (156 bytes).
    Removing mbed/TARGET_NRF51_DK/TOOLCHAIN_ARM_STD/gpio_api.o(i.gpio_read), (96 bytes).
    Removing mbed/TARGET_NRF51_DK/TOOLCHAIN_ARM_STD/hci_mem_pool.o(i.hci_mem_pool_close), (4 bytes).
    Removing mbed/TARGET_NRF51_DK/TOOLCHAIN_ARM_STD/hci_mem_pool.o(i.hci_mem_pool_open), (44 bytes).
    Removing mbed/TARGET_NRF51_DK/TOOLCHAIN_ARM_STD/hci_mem_pool.o(i.hci_mem_pool_rx_consume), (112 bytes).
    Removing mbed/TARGET_NRF51_DK/TOOLCHAIN_ARM_STD/hci_mem_pool.o(i.hci_mem_pool_rx_data_size_set), (32 bytes).
    Removing mbed/TARGET_NRF51_DK/TOOLCHAIN_ARM_STD/hci_mem_pool.o(i.hci_mem_pool_rx_extract), (84 bytes).
    Removing mbed/TARGET_NRF51_DK/TOOLCHAIN_ARM_STD/hci_mem_pool.o(i.hci_mem_pool_rx_produce), (96 bytes).
    Removing mbed/TARGET_NRF51_DK/TOOLCHAIN_ARM_STD/hci_mem_pool.o(i.hci_mem_pool_tx_alloc), (40 bytes).
    Removing mbed/TARGET_NRF51_DK/TOOLCHAIN_ARM_STD/hci_mem_pool.o(i.hci_mem_pool_tx_free), (12 bytes).
    Removing mbed/TARGET_NRF51_DK/TOOLCHAIN_ARM_STD/hci_mem_pool.o(.bss), (1268 bytes).
    Removing mbed/TARGET_NRF51_DK/TOOLCHAIN_ARM_STD/hci_mem_pool.o(.data), (1 bytes).
    Removing mbed/TARGET_NRF51_DK/TOOLCHAIN_ARM_STD/i2c_api.o(.rev16_text), (4 bytes).
    Removing mbed/TARGET_NRF51_DK/TOOLCHAIN_ARM_STD/i2c_api.o(.revsh_text), (4 bytes).
    Removing mbed/TARGET_NRF51_DK/TOOLCHAIN_ARM_STD/i2c_api.o(.emb_text), (30 bytes).
    Removing mbed/TARGET_NRF51_DK/TOOLCHAIN_ARM_STD/i2c_api.o(i.i2c_abort_asynch), (52 bytes).
    Removing mbed/TARGET_NRF51_DK/TOOLCHAIN_ARM_STD/i2c_api.o(i.i2c_active), (20 bytes).
    Removing mbed/TARGET_NRF51_DK/TOOLCHAIN_ARM_STD/i2c_api.o(i.i2c_byte_read), (104 bytes).
    Removing mbed/TARGET_NRF51_DK/TOOLCHAIN_ARM_STD/i2c_api.o(i.i2c_byte_write), (204 bytes).
    Removing mbed/TARGET_NRF51_DK/TOOLCHAIN_ARM_STD/i2c_api.o(i.i2c_frequency), (76 bytes).
    Removing mbed/TARGET_NRF51_DK/TOOLCHAIN_ARM_STD/i2c_api.o(i.i2c_init), (464 bytes).
    Removing mbed/TARGET_NRF51_DK/TOOLCHAIN_ARM_STD/i2c_api.o(i.i2c_irq_handler_asynch), (24 bytes).
    Removing mbed/TARGET_NRF51_DK/TOOLCHAIN_ARM_STD/i2c_api.o(i.i2c_read), (340 bytes).
    Removing mbed/TARGET_NRF51_DK/TOOLCHAIN_ARM_STD/i2c_api.o(i.i2c_reset), (52 bytes).
    Removing mbed/TARGET_NRF51_DK/TOOLCHAIN_ARM_STD/i2c_api.o(i.i2c_start), (36 bytes).
    Removing mbed/TARGET_NRF51_DK/TOOLCHAIN_ARM_STD/i2c_api.o(i.i2c_stop), (68 bytes).
    Removing mbed/TARGET_NRF51_DK/TOOLCHAIN_ARM_STD/i2c_api.o(i.i2c_transfer_asynch), (232 bytes).
    Removing mbed/TARGET_NRF51_DK/TOOLCHAIN_ARM_STD/i2c_api.o(i.i2c_write), (448 bytes).
    Removing mbed/TARGET_NRF51_DK/TOOLCHAIN_ARM_STD/i2c_api.o(i.irq_handler_twi0), (10 bytes).
    Removing mbed/TARGET_NRF51_DK/TOOLCHAIN_ARM_STD/i2c_api.o(i.irq_handler_twi1), (10 bytes).
    Removing mbed/TARGET_NRF51_DK/TOOLCHAIN_ARM_STD/i2c_api.o(i.twi_irq_handler), (416 bytes).
    Removing mbed/TARGET_NRF51_DK/TOOLCHAIN_ARM_STD/i2c_api.o(.bss), (104 bytes).
    Removing mbed/TARGET_NRF51_DK/TOOLCHAIN_ARM_STD/i2c_api.o(.constdata), (32 bytes).
    Removing mbed/TARGET_NRF51_DK/TOOLCHAIN_ARM_STD/i2c_api.o(.conststring), (81 bytes).
    Removing mbed/TARGET_NRF51_DK/TOOLCHAIN_ARM_STD/id_manager.o(.rev16_text), (4 bytes).
    Removing mbed/TARGET_NRF51_DK/TOOLCHAIN_ARM_STD/id_manager.o(.revsh_text), (4 bytes).
    Removing mbed/TARGET_NRF51_DK/TOOLCHAIN_ARM_STD/id_manager.o(i.addr_compare), (44 bytes).
    Removing mbed/TARGET_NRF51_DK/TOOLCHAIN_ARM_STD/id_manager.o(i.ah), (88 bytes).
    Removing mbed/TARGET_NRF51_DK/TOOLCHAIN_ARM_STD/id_manager.o(i.get_connection_by_conn_handle), (120 bytes).
    Removing mbed/TARGET_NRF51_DK/TOOLCHAIN_ARM_STD/id_manager.o(i.get_free_connection), (48 bytes).
    Removing mbed/TARGET_NRF51_DK/TOOLCHAIN_ARM_STD/id_manager.o(i.im_address_resolve), (164 bytes).
    Removing mbed/TARGET_NRF51_DK/TOOLCHAIN_ARM_STD/id_manager.o(i.im_ble_addr_get), (64 bytes).
    Removing mbed/TARGET_NRF51_DK/TOOLCHAIN_ARM_STD/id_manager.o(i.im_ble_evt_handler), (520 bytes).
    Removing mbed/TARGET_NRF51_DK/TOOLCHAIN_ARM_STD/id_manager.o(i.im_conn_handle_get), (100 bytes).
    Removing mbed/TARGET_NRF51_DK/TOOLCHAIN_ARM_STD/id_manager.o(i.im_master_id_is_valid), (58 bytes).
    Removing mbed/TARGET_NRF51_DK/TOOLCHAIN_ARM_STD/id_manager.o(i.im_master_ids_compare), (88 bytes).
    Removing mbed/TARGET_NRF51_DK/TOOLCHAIN_ARM_STD/id_manager.o(i.im_new_peer_id), (28 bytes).
    Removing mbed/TARGET_NRF51_DK/TOOLCHAIN_ARM_STD/id_manager.o(i.im_peer_free), (76 bytes).
    Removing mbed/TARGET_NRF51_DK/TOOLCHAIN_ARM_STD/id_manager.o(i.im_peer_id_get_by_conn_handle), (40 bytes).
    Removing mbed/TARGET_NRF51_DK/TOOLCHAIN_ARM_STD/id_manager.o(i.im_peer_id_get_by_irk_match_idx), (36 bytes).
    Removing mbed/TARGET_NRF51_DK/TOOLCHAIN_ARM_STD/id_manager.o(i.im_peer_id_get_by_master_id), (224 bytes).
    Removing mbed/TARGET_NRF51_DK/TOOLCHAIN_ARM_STD/id_manager.o(i.im_register), (120 bytes).
    Removing mbed/TARGET_NRF51_DK/TOOLCHAIN_ARM_STD/id_manager.o(i.im_whitelist_create), (272 bytes).
    Removing mbed/TARGET_NRF51_DK/TOOLCHAIN_ARM_STD/id_manager.o(i.im_whitelist_custom), (244 bytes).
    Removing mbed/TARGET_NRF51_DK/TOOLCHAIN_ARM_STD/id_manager.o(i.is_duplicate_bonding_data), (102 bytes).
    Removing mbed/TARGET_NRF51_DK/TOOLCHAIN_ARM_STD/id_manager.o(i.is_valid_irk), (30 bytes).
    Removing mbed/TARGET_NRF51_DK/TOOLCHAIN_ARM_STD/id_manager.o(i.new_connection), (124 bytes).
    Removing mbed/TARGET_NRF51_DK/TOOLCHAIN_ARM_STD/id_manager.o(i.pdb_evt_handler), (256 bytes).
    Removing mbed/TARGET_NRF51_DK/TOOLCHAIN_ARM_STD/id_manager.o(.bss), (312 bytes).
    Removing mbed/TARGET_NRF51_DK/TOOLCHAIN_ARM_STD/lp_ticker.o(.rev16_text), (4 bytes).
    Removing mbed/TARGET_NRF51_DK/TOOLCHAIN_ARM_STD/lp_ticker.o(.revsh_text), (4 bytes).
    Removing mbed/TARGET_NRF51_DK/TOOLCHAIN_ARM_STD/mbed_board.o(.rev16_text), (4 bytes).
    Removing mbed/TARGET_NRF51_DK/TOOLCHAIN_ARM_STD/mbed_board.o(.revsh_text), (4 bytes).
    Removing mbed/TARGET_NRF51_DK/TOOLCHAIN_ARM_STD/mbed_retarget.o(.rev16_text), (4 bytes).
    Removing mbed/TARGET_NRF51_DK/TOOLCHAIN_ARM_STD/mbed_retarget.o(.revsh_text), (4 bytes).
    Removing mbed/TARGET_NRF51_DK/TOOLCHAIN_ARM_STD/mbed_retarget.o(i._ZN4mbed9mbed_getcEPSt6__FILE), (8 bytes).
    Removing mbed/TARGET_NRF51_DK/TOOLCHAIN_ARM_STD/mbed_retarget.o(i._ZN4mbed9mbed_getsEPciPSt6__FILE), (8 bytes).
    Removing mbed/TARGET_NRF51_DK/TOOLCHAIN_ARM_STD/mbed_retarget.o(i._ZdaPv), (14 bytes).
    Removing mbed/TARGET_NRF51_DK/TOOLCHAIN_ARM_STD/mbed_retarget.o(i._ZdlPv), (14 bytes).
    Removing mbed/TARGET_NRF51_DK/TOOLCHAIN_ARM_STD/mbed_retarget.o(i._Znaj), (52 bytes).
    Removing mbed/TARGET_NRF51_DK/TOOLCHAIN_ARM_STD/mbed_retarget.o(i._ZnajRKSt9nothrow_t), (8 bytes).
    Removing mbed/TARGET_NRF51_DK/TOOLCHAIN_ARM_STD/mbed_retarget.o(i._Znwj), (52 bytes).
    Removing mbed/TARGET_NRF51_DK/TOOLCHAIN_ARM_STD/mbed_retarget.o(i._ZnwjRKSt9nothrow_t), (8 bytes).
    Removing mbed/TARGET_NRF51_DK/TOOLCHAIN_ARM_STD/mbed_retarget.o(i.__cxa_atexit), (4 bytes).
    Removing mbed/TARGET_NRF51_DK/TOOLCHAIN_ARM_STD/mbed_retarget.o(i.__cxa_finalize), (2 bytes).
    Removing mbed/TARGET_NRF51_DK/TOOLCHAIN_ARM_STD/mbed_retarget.o(i._sys_command_string), (4 bytes).
    Removing mbed/TARGET_NRF51_DK/TOOLCHAIN_ARM_STD/mbed_retarget.o(i._sys_ensure), (72 bytes).
    Removing mbed/TARGET_NRF51_DK/TOOLCHAIN_ARM_STD/mbed_retarget.o(i._sys_read), (116 bytes).
    Removing mbed/TARGET_NRF51_DK/TOOLCHAIN_ARM_STD/mbed_retarget.o(i.clock), (96 bytes).
    Removing mbed/TARGET_NRF51_DK/TOOLCHAIN_ARM_STD/mbed_retarget.o(i.closedir), (30 bytes).
    Removing mbed/TARGET_NRF51_DK/TOOLCHAIN_ARM_STD/mbed_retarget.o(i.mkdir), (86 bytes).
    Removing mbed/TARGET_NRF51_DK/TOOLCHAIN_ARM_STD/mbed_retarget.o(i.opendir), (80 bytes).
    Removing mbed/TARGET_NRF51_DK/TOOLCHAIN_ARM_STD/mbed_retarget.o(i.readdir), (40 bytes).
    Removing mbed/TARGET_NRF51_DK/TOOLCHAIN_ARM_STD/mbed_retarget.o(i.remove), (82 bytes).
    Removing mbed/TARGET_NRF51_DK/TOOLCHAIN_ARM_STD/mbed_retarget.o(i.rename), (126 bytes).
    Removing mbed/TARGET_NRF51_DK/TOOLCHAIN_ARM_STD/mbed_retarget.o(i.rewinddir), (6 bytes).
    Removing mbed/TARGET_NRF51_DK/TOOLCHAIN_ARM_STD/mbed_retarget.o(i.seekdir), (6 bytes).
    Removing mbed/TARGET_NRF51_DK/TOOLCHAIN_ARM_STD/mbed_retarget.o(i.stat), (86 bytes).
    Removing mbed/TARGET_NRF51_DK/TOOLCHAIN_ARM_STD/mbed_retarget.o(i.telldir), (6 bytes).
    Removing mbed/TARGET_NRF51_DK/TOOLCHAIN_ARM_STD/mbed_retarget.o(i.tmpfile), (14 bytes).
    Removing mbed/TARGET_NRF51_DK/TOOLCHAIN_ARM_STD/mbed_retarget.o(i.tmpnam), (14 bytes).
    Removing mbed/TARGET_NRF51_DK/TOOLCHAIN_ARM_STD/mbed_retarget.o(.ARM.exidx), (8 bytes).
    Removing mbed/TARGET_NRF51_DK/TOOLCHAIN_ARM_STD/mbed_retarget.o(.ARM.exidx), (8 bytes).
    Removing mbed/TARGET_NRF51_DK/TOOLCHAIN_ARM_STD/mbed_retarget.o(.ARM.exidx), (8 bytes).
    Removing mbed/TARGET_NRF51_DK/TOOLCHAIN_ARM_STD/mbed_retarget.o(.ARM.exidx), (8 bytes).
    Removing mbed/TARGET_NRF51_DK/TOOLCHAIN_ARM_STD/mbed_retarget.o(.ARM.exidx), (8 bytes).
    Removing mbed/TARGET_NRF51_DK/TOOLCHAIN_ARM_STD/mbed_retarget.o(.ARM.exidx), (8 bytes).
    Removing mbed/TARGET_NRF51_DK/TOOLCHAIN_ARM_STD/mbed_retarget.o(.ARM.exidx), (8 bytes).
    Removing mbed/TARGET_NRF51_DK/TOOLCHAIN_ARM_STD/mbed_retarget.o(.ARM.exidx), (8 bytes).
    Removing mbed/TARGET_NRF51_DK/TOOLCHAIN_ARM_STD/mbed_retarget.o(.ARM.exidx), (8 bytes).
    Removing mbed/TARGET_NRF51_DK/TOOLCHAIN_ARM_STD/mbed_retarget.o(.ARM.exidx), (8 bytes).
    Removing mbed/TARGET_NRF51_DK/TOOLCHAIN_ARM_STD/mbed_retarget.o(.ARM.exidx), (8 bytes).
    Removing mbed/TARGET_NRF51_DK/TOOLCHAIN_ARM_STD/mbed_retarget.o(.ARM.exidx), (8 bytes).
    Removing mbed/TARGET_NRF51_DK/TOOLCHAIN_ARM_STD/mbed_retarget.o(.ARM.exidx), (8 bytes).
    Removing mbed/TARGET_NRF51_DK/TOOLCHAIN_ARM_STD/mbed_retarget.o(.ARM.exidx), (8 bytes).
    Removing mbed/TARGET_NRF51_DK/TOOLCHAIN_ARM_STD/mbed_retarget.o(.ARM.exidx), (8 bytes).
    Removing mbed/TARGET_NRF51_DK/TOOLCHAIN_ARM_STD/mbed_retarget.o(.ARM.exidx), (8 bytes).
    Removing mbed/TARGET_NRF51_DK/TOOLCHAIN_ARM_STD/mbed_retarget.o(.ARM.exidx), (8 bytes).
    Removing mbed/TARGET_NRF51_DK/TOOLCHAIN_ARM_STD/mbed_retarget.o(.ARM.exidx), (8 bytes).
    Removing mbed/TARGET_NRF51_DK/TOOLCHAIN_ARM_STD/mbed_retarget.o(.ARM.exidx), (8 bytes).
    Removing mbed/TARGET_NRF51_DK/TOOLCHAIN_ARM_STD/mbed_retarget.o(.ARM.exidx), (8 bytes).
    Removing mbed/TARGET_NRF51_DK/TOOLCHAIN_ARM_STD/mbed_retarget.o(.ARM.exidx), (8 bytes).
    Removing mbed/TARGET_NRF51_DK/TOOLCHAIN_ARM_STD/mbed_retarget.o(.ARM.exidx), (8 bytes).
    Removing mbed/TARGET_NRF51_DK/TOOLCHAIN_ARM_STD/mbed_retarget.o(.ARM.exidx), (8 bytes).
    Removing mbed/TARGET_NRF51_DK/TOOLCHAIN_ARM_STD/mbed_retarget.o(.ARM.exidx), (8 bytes).
    Removing mbed/TARGET_NRF51_DK/TOOLCHAIN_ARM_STD/mbed_retarget.o(.ARM.exidx), (8 bytes).
    Removing mbed/TARGET_NRF51_DK/TOOLCHAIN_ARM_STD/mbed_retarget.o(.ARM.exidx), (8 bytes).
    Removing mbed/TARGET_NRF51_DK/TOOLCHAIN_ARM_STD/mbed_retarget.o(.ARM.exidx), (8 bytes).
    Removing mbed/TARGET_NRF51_DK/TOOLCHAIN_ARM_STD/mbed_retarget.o(.ARM.exidx), (8 bytes).
    Removing mbed/TARGET_NRF51_DK/TOOLCHAIN_ARM_STD/mbed_retarget.o(.ARM.exidx), (8 bytes).
    Removing mbed/TARGET_NRF51_DK/TOOLCHAIN_ARM_STD/mbed_retarget.o(.ARM.exidx), (8 bytes).
    Removing mbed/TARGET_NRF51_DK/TOOLCHAIN_ARM_STD/mbed_retarget.o(.ARM.exidx), (8 bytes).
    Removing mbed/TARGET_NRF51_DK/TOOLCHAIN_ARM_STD/mbed_retarget.o(.ARM.exidx), (8 bytes).
    Removing mbed/TARGET_NRF51_DK/TOOLCHAIN_ARM_STD/mbed_retarget.o(.ARM.exidx), (8 bytes).
    Removing mbed/TARGET_NRF51_DK/TOOLCHAIN_ARM_STD/mbed_retarget.o(.ARM.exidx), (8 bytes).
    Removing mbed/TARGET_NRF51_DK/TOOLCHAIN_ARM_STD/mbed_retarget.o(.ARM.exidx), (8 bytes).
    Removing mbed/TARGET_NRF51_DK/TOOLCHAIN_ARM_STD/mbed_retarget.o(.ARM.exidx), (8 bytes).
    Removing mbed/TARGET_NRF51_DK/TOOLCHAIN_ARM_STD/mbed_retarget.o(.ARM.exidx), (8 bytes).
    Removing mbed/TARGET_NRF51_DK/TOOLCHAIN_ARM_STD/mbed_retarget.o(.ARM.exidx), (8 bytes).
    Removing mbed/TARGET_NRF51_DK/TOOLCHAIN_ARM_STD/mbed_retarget.o(.ARM.exidx), (8 bytes).
    Removing mbed/TARGET_NRF51_DK/TOOLCHAIN_ARM_STD/mbed_retarget.o(.data), (4 bytes).
    Removing mbed/TARGET_NRF51_DK/TOOLCHAIN_ARM_STD/mbed_retarget.o(.data), (4 bytes).
    Removing mbed/TARGET_NRF51_DK/TOOLCHAIN_ARM_STD/mbed_sdk_boot.o(.rev16_text), (4 bytes).
    Removing mbed/TARGET_NRF51_DK/TOOLCHAIN_ARM_STD/mbed_sdk_boot.o(.revsh_text), (4 bytes).
    Removing mbed/TARGET_NRF51_DK/TOOLCHAIN_ARM_STD/mbed_sdk_boot.o(i.mbed_copy_nvic), (2 bytes).
    Removing mbed/TARGET_NRF51_DK/TOOLCHAIN_ARM_STD/mbed_sdk_boot.o(i.software_init_hook_rtos), (2 bytes).
    Removing mbed/TARGET_NRF51_DK/TOOLCHAIN_ARM_STD/nordic_critical.o(.rev16_text), (4 bytes).
    Removing mbed/TARGET_NRF51_DK/TOOLCHAIN_ARM_STD/nordic_critical.o(.revsh_text), (4 bytes).
    Removing mbed/TARGET_NRF51_DK/TOOLCHAIN_ARM_STD/nrf_adc.o(.rev16_text), (4 bytes).
    Removing mbed/TARGET_NRF51_DK/TOOLCHAIN_ARM_STD/nrf_adc.o(.revsh_text), (4 bytes).
    Removing mbed/TARGET_NRF51_DK/TOOLCHAIN_ARM_STD/nrf_adc.o(i.nrf_adc_configure), (72 bytes).
    Removing mbed/TARGET_NRF51_DK/TOOLCHAIN_ARM_STD/nrf_adc.o(i.nrf_adc_convert_single), (68 bytes).
    Removing mbed/TARGET_NRF51_DK/TOOLCHAIN_ARM_STD/nrf_assert.o(.rev16_text), (4 bytes).
    Removing mbed/TARGET_NRF51_DK/TOOLCHAIN_ARM_STD/nrf_assert.o(.revsh_text), (4 bytes).
    Removing mbed/TARGET_NRF51_DK/TOOLCHAIN_ARM_STD/nrf_delay.o(.rev16_text), (4 bytes).
    Removing mbed/TARGET_NRF51_DK/TOOLCHAIN_ARM_STD/nrf_delay.o(.revsh_text), (4 bytes).
    Removing mbed/TARGET_NRF51_DK/TOOLCHAIN_ARM_STD/nrf_delay.o(.emb_text), (30 bytes).
    Removing mbed/TARGET_NRF51_DK/TOOLCHAIN_ARM_STD/nrf_delay.o(i.nrf_delay_ms), (36 bytes).
    Removing mbed/TARGET_NRF51_DK/TOOLCHAIN_ARM_STD/nrf_drv_adc.o(.rev16_text), (4 bytes).
    Removing mbed/TARGET_NRF51_DK/TOOLCHAIN_ARM_STD/nrf_drv_adc.o(.revsh_text), (4 bytes).
    Removing mbed/TARGET_NRF51_DK/TOOLCHAIN_ARM_STD/nrf_drv_adc.o(i.ADC_IRQHandler), (160 bytes).
    Removing mbed/TARGET_NRF51_DK/TOOLCHAIN_ARM_STD/nrf_drv_adc.o(i.nrf_drv_adc_buffer_convert), (164 bytes).
    Removing mbed/TARGET_NRF51_DK/TOOLCHAIN_ARM_STD/nrf_drv_adc.o(i.nrf_drv_adc_channel_disable), (36 bytes).
    Removing mbed/TARGET_NRF51_DK/TOOLCHAIN_ARM_STD/nrf_drv_adc.o(i.nrf_drv_adc_channel_enable), (40 bytes).
    Removing mbed/TARGET_NRF51_DK/TOOLCHAIN_ARM_STD/nrf_drv_adc.o(i.nrf_drv_adc_init), (64 bytes).
    Removing mbed/TARGET_NRF51_DK/TOOLCHAIN_ARM_STD/nrf_drv_adc.o(i.nrf_drv_adc_is_busy), (20 bytes).
    Removing mbed/TARGET_NRF51_DK/TOOLCHAIN_ARM_STD/nrf_drv_adc.o(i.nrf_drv_adc_sample), (12 bytes).
    Removing mbed/TARGET_NRF51_DK/TOOLCHAIN_ARM_STD/nrf_drv_adc.o(i.nrf_drv_adc_sample_convert), (96 bytes).
    Removing mbed/TARGET_NRF51_DK/TOOLCHAIN_ARM_STD/nrf_drv_adc.o(i.nrf_drv_adc_uninit), (56 bytes).
    Removing mbed/TARGET_NRF51_DK/TOOLCHAIN_ARM_STD/nrf_drv_adc.o(.bss), (20 bytes).
    Removing mbed/TARGET_NRF51_DK/TOOLCHAIN_ARM_STD/nrf_drv_adc.o(.constdata), (1 bytes).
    Removing mbed/TARGET_NRF51_DK/TOOLCHAIN_ARM_STD/nrf_drv_clock.o(.rev16_text), (4 bytes).
    Removing mbed/TARGET_NRF51_DK/TOOLCHAIN_ARM_STD/nrf_drv_clock.o(.revsh_text), (4 bytes).
    Removing mbed/TARGET_NRF51_DK/TOOLCHAIN_ARM_STD/nrf_drv_clock.o(i.nrf_drv_clock_calibration_abort), (4 bytes).
    Removing mbed/TARGET_NRF51_DK/TOOLCHAIN_ARM_STD/nrf_drv_clock.o(i.nrf_drv_clock_calibration_start), (4 bytes).
    Removing mbed/TARGET_NRF51_DK/TOOLCHAIN_ARM_STD/nrf_drv_clock.o(i.nrf_drv_clock_hfclk_is_running), (18 bytes).
    Removing mbed/TARGET_NRF51_DK/TOOLCHAIN_ARM_STD/nrf_drv_clock.o(i.nrf_drv_clock_hfclk_release), (48 bytes).
    Removing mbed/TARGET_NRF51_DK/TOOLCHAIN_ARM_STD/nrf_drv_clock.o(i.nrf_drv_clock_hfclk_request), (84 bytes).
    Removing mbed/TARGET_NRF51_DK/TOOLCHAIN_ARM_STD/nrf_drv_clock.o(i.nrf_drv_clock_init), (48 bytes).
    Removing mbed/TARGET_NRF51_DK/TOOLCHAIN_ARM_STD/nrf_drv_clock.o(i.nrf_drv_clock_is_calibrating), (4 bytes).
    Removing mbed/TARGET_NRF51_DK/TOOLCHAIN_ARM_STD/nrf_drv_clock.o(i.nrf_drv_clock_lfclk_is_running), (4 bytes).
    Removing mbed/TARGET_NRF51_DK/TOOLCHAIN_ARM_STD/nrf_drv_clock.o(i.nrf_drv_clock_lfclk_release), (2 bytes).
    Removing mbed/TARGET_NRF51_DK/TOOLCHAIN_ARM_STD/nrf_drv_clock.o(i.nrf_drv_clock_lfclk_request), (12 bytes).
    Removing mbed/TARGET_NRF51_DK/TOOLCHAIN_ARM_STD/nrf_drv_clock.o(i.nrf_drv_clock_on_soc_event), (36 bytes).
    Removing mbed/TARGET_NRF51_DK/TOOLCHAIN_ARM_STD/nrf_drv_clock.o(i.nrf_drv_clock_uninit), (16 bytes).
    Removing mbed/TARGET_NRF51_DK/TOOLCHAIN_ARM_STD/nrf_drv_clock.o(.bss), (12 bytes).
    Removing mbed/TARGET_NRF51_DK/TOOLCHAIN_ARM_STD/nrf_drv_common.o(.rev16_text), (4 bytes).
    Removing mbed/TARGET_NRF51_DK/TOOLCHAIN_ARM_STD/nrf_drv_common.o(.revsh_text), (4 bytes).
    Removing mbed/TARGET_NRF51_DK/TOOLCHAIN_ARM_STD/nrf_drv_common.o(i.SPI0_TWI0_IRQHandler), (12 bytes).
    Removing mbed/TARGET_NRF51_DK/TOOLCHAIN_ARM_STD/nrf_drv_common.o(i.SPI1_TWI1_IRQHandler), (12 bytes).
    Removing mbed/TARGET_NRF51_DK/TOOLCHAIN_ARM_STD/nrf_drv_common.o(i.nrf_drv_common_per_res_acquire), (108 bytes).
    Removing mbed/TARGET_NRF51_DK/TOOLCHAIN_ARM_STD/nrf_drv_common.o(i.nrf_drv_common_per_res_release), (40 bytes).
    Removing mbed/TARGET_NRF51_DK/TOOLCHAIN_ARM_STD/nrf_drv_common.o(.data), (16 bytes).
    Removing mbed/TARGET_NRF51_DK/TOOLCHAIN_ARM_STD/nrf_drv_gpiote.o(.rev16_text), (4 bytes).
    Removing mbed/TARGET_NRF51_DK/TOOLCHAIN_ARM_STD/nrf_drv_gpiote.o(.revsh_text), (4 bytes).
    Removing mbed/TARGET_NRF51_DK/TOOLCHAIN_ARM_STD/nrf_drv_gpiote.o(i.nrf_drv_gpiote_in_event_addr_get), (32 bytes).
    Removing mbed/TARGET_NRF51_DK/TOOLCHAIN_ARM_STD/nrf_drv_gpiote.o(i.nrf_drv_gpiote_in_event_disable), (76 bytes).
    Removing mbed/TARGET_NRF51_DK/TOOLCHAIN_ARM_STD/nrf_drv_gpiote.o(i.nrf_drv_gpiote_in_is_set), (16 bytes).
    Removing mbed/TARGET_NRF51_DK/TOOLCHAIN_ARM_STD/nrf_drv_gpiote.o(i.nrf_drv_gpiote_is_init), (16 bytes).
    Removing mbed/TARGET_NRF51_DK/TOOLCHAIN_ARM_STD/nrf_drv_gpiote.o(i.nrf_drv_gpiote_out_clear), (16 bytes).
    Removing mbed/TARGET_NRF51_DK/TOOLCHAIN_ARM_STD/nrf_drv_gpiote.o(i.nrf_drv_gpiote_out_set), (16 bytes).
    Removing mbed/TARGET_NRF51_DK/TOOLCHAIN_ARM_STD/nrf_drv_gpiote.o(i.nrf_drv_gpiote_out_task_addr_get), (28 bytes).
    Removing mbed/TARGET_NRF51_DK/TOOLCHAIN_ARM_STD/nrf_drv_gpiote.o(i.nrf_drv_gpiote_out_task_disable), (32 bytes).
    Removing mbed/TARGET_NRF51_DK/TOOLCHAIN_ARM_STD/nrf_drv_gpiote.o(i.nrf_drv_gpiote_out_task_enable), (48 bytes).
    Removing mbed/TARGET_NRF51_DK/TOOLCHAIN_ARM_STD/nrf_drv_gpiote.o(i.nrf_drv_gpiote_out_task_force), (44 bytes).
    Removing mbed/TARGET_NRF51_DK/TOOLCHAIN_ARM_STD/nrf_drv_gpiote.o(i.nrf_drv_gpiote_out_task_trigger), (32 bytes).
    Removing mbed/TARGET_NRF51_DK/TOOLCHAIN_ARM_STD/nrf_drv_gpiote.o(i.nrf_drv_gpiote_out_toggle), (24 bytes).
    Removing mbed/TARGET_NRF51_DK/TOOLCHAIN_ARM_STD/nrf_drv_gpiote.o(i.nrf_drv_gpiote_uninit), (176 bytes).
    Removing mbed/TARGET_NRF51_DK/TOOLCHAIN_ARM_STD/nrf_drv_ppi.o(.rev16_text), (4 bytes).
    Removing mbed/TARGET_NRF51_DK/TOOLCHAIN_ARM_STD/nrf_drv_ppi.o(.revsh_text), (4 bytes).
    Removing mbed/TARGET_NRF51_DK/TOOLCHAIN_ARM_STD/nrf_drv_ppi.o(i.nrf_drv_ppi_channel_alloc), (104 bytes).
    Removing mbed/TARGET_NRF51_DK/TOOLCHAIN_ARM_STD/nrf_drv_ppi.o(i.nrf_drv_ppi_channel_assign), (68 bytes).
    Removing mbed/TARGET_NRF51_DK/TOOLCHAIN_ARM_STD/nrf_drv_ppi.o(i.nrf_drv_ppi_channel_disable), (44 bytes).
    Removing mbed/TARGET_NRF51_DK/TOOLCHAIN_ARM_STD/nrf_drv_ppi.o(i.nrf_drv_ppi_channel_enable), (44 bytes).
    Removing mbed/TARGET_NRF51_DK/TOOLCHAIN_ARM_STD/nrf_drv_ppi.o(i.nrf_drv_ppi_channel_fork_assign), (4 bytes).
    Removing mbed/TARGET_NRF51_DK/TOOLCHAIN_ARM_STD/nrf_drv_ppi.o(i.nrf_drv_ppi_channel_free), (56 bytes).
    Removing mbed/TARGET_NRF51_DK/TOOLCHAIN_ARM_STD/nrf_drv_ppi.o(i.nrf_drv_ppi_channels_include_in_group), (76 bytes).
    Removing mbed/TARGET_NRF51_DK/TOOLCHAIN_ARM_STD/nrf_drv_ppi.o(i.nrf_drv_ppi_channels_remove_from_group), (76 bytes).
    Removing mbed/TARGET_NRF51_DK/TOOLCHAIN_ARM_STD/nrf_drv_ppi.o(i.nrf_drv_ppi_group_alloc), (100 bytes).
    Removing mbed/TARGET_NRF51_DK/TOOLCHAIN_ARM_STD/nrf_drv_ppi.o(i.nrf_drv_ppi_group_disable), (32 bytes).
    Removing mbed/TARGET_NRF51_DK/TOOLCHAIN_ARM_STD/nrf_drv_ppi.o(i.nrf_drv_ppi_group_enable), (48 bytes).
    Removing mbed/TARGET_NRF51_DK/TOOLCHAIN_ARM_STD/nrf_drv_ppi.o(i.nrf_drv_ppi_group_free), (72 bytes).
    Removing mbed/TARGET_NRF51_DK/TOOLCHAIN_ARM_STD/nrf_drv_ppi.o(i.nrf_drv_ppi_init), (24 bytes).
    Removing mbed/TARGET_NRF51_DK/TOOLCHAIN_ARM_STD/nrf_drv_ppi.o(i.nrf_drv_ppi_uninit), (96 bytes).
    Removing mbed/TARGET_NRF51_DK/TOOLCHAIN_ARM_STD/nrf_drv_ppi.o(.data), (8 bytes).
    Removing mbed/TARGET_NRF51_DK/TOOLCHAIN_ARM_STD/nrf_drv_spi.o(.rev16_text), (4 bytes).
    Removing mbed/TARGET_NRF51_DK/TOOLCHAIN_ARM_STD/nrf_drv_spi.o(.revsh_text), (4 bytes).
    Removing mbed/TARGET_NRF51_DK/TOOLCHAIN_ARM_STD/nrf_drv_spi.o(i.irq_handler_for_instance_1), (144 bytes).
    Removing mbed/TARGET_NRF51_DK/TOOLCHAIN_ARM_STD/nrf_drv_spi.o(i.nrf_drv_spi_abort), (24 bytes).
    Removing mbed/TARGET_NRF51_DK/TOOLCHAIN_ARM_STD/nrf_drv_spi.o(i.nrf_drv_spi_init), (324 bytes).
    Removing mbed/TARGET_NRF51_DK/TOOLCHAIN_ARM_STD/nrf_drv_spi.o(i.nrf_drv_spi_transfer), (26 bytes).
    Removing mbed/TARGET_NRF51_DK/TOOLCHAIN_ARM_STD/nrf_drv_spi.o(i.nrf_drv_spi_uninit), (92 bytes).
    Removing mbed/TARGET_NRF51_DK/TOOLCHAIN_ARM_STD/nrf_drv_spi.o(i.nrf_drv_spi_xfer), (288 bytes).
    Removing mbed/TARGET_NRF51_DK/TOOLCHAIN_ARM_STD/nrf_drv_spi.o(.bss), (32 bytes).
    Removing mbed/TARGET_NRF51_DK/TOOLCHAIN_ARM_STD/nrf_drv_spi.o(.constdata), (20 bytes).
    Removing mbed/TARGET_NRF51_DK/TOOLCHAIN_ARM_STD/nrf_drv_spis.o(.rev16_text), (4 bytes).
    Removing mbed/TARGET_NRF51_DK/TOOLCHAIN_ARM_STD/nrf_drv_spis.o(.revsh_text), (4 bytes).
    Removing mbed/TARGET_NRF51_DK/TOOLCHAIN_ARM_STD/nrf_drv_spis.o(i.irq_handler_for_instance_1), (104 bytes).
    Removing mbed/TARGET_NRF51_DK/TOOLCHAIN_ARM_STD/nrf_drv_spis.o(i.nrf_drv_spis_buffers_set), (100 bytes).
    Removing mbed/TARGET_NRF51_DK/TOOLCHAIN_ARM_STD/nrf_drv_spis.o(i.nrf_drv_spis_init), (340 bytes).
    Removing mbed/TARGET_NRF51_DK/TOOLCHAIN_ARM_STD/nrf_drv_spis.o(i.nrf_drv_spis_uninit), (84 bytes).
    Removing mbed/TARGET_NRF51_DK/TOOLCHAIN_ARM_STD/nrf_drv_spis.o(i.spis_state_change), (102 bytes).
    Removing mbed/TARGET_NRF51_DK/TOOLCHAIN_ARM_STD/nrf_drv_spis.o(.bss), (24 bytes).
    Removing mbed/TARGET_NRF51_DK/TOOLCHAIN_ARM_STD/nrf_drv_spis.o(.constdata), (28 bytes).
    Removing mbed/TARGET_NRF51_DK/TOOLCHAIN_ARM_STD/nrf_drv_timer.o(.rev16_text), (4 bytes).
    Removing mbed/TARGET_NRF51_DK/TOOLCHAIN_ARM_STD/nrf_drv_timer.o(.revsh_text), (4 bytes).
    Removing mbed/TARGET_NRF51_DK/TOOLCHAIN_ARM_STD/nrf_drv_timer.o(i.TIMER1_IRQHandler), (68 bytes).
    Removing mbed/TARGET_NRF51_DK/TOOLCHAIN_ARM_STD/nrf_drv_timer.o(i.TIMER2_IRQHandler), (72 bytes).
    Removing mbed/TARGET_NRF51_DK/TOOLCHAIN_ARM_STD/nrf_drv_timer.o(i.nrf_drv_timer_capture), (30 bytes).
    Removing mbed/TARGET_NRF51_DK/TOOLCHAIN_ARM_STD/nrf_drv_timer.o(i.nrf_drv_timer_clear), (8 bytes).
    Removing mbed/TARGET_NRF51_DK/TOOLCHAIN_ARM_STD/nrf_drv_timer.o(i.nrf_drv_timer_compare), (44 bytes).
    Removing mbed/TARGET_NRF51_DK/TOOLCHAIN_ARM_STD/nrf_drv_timer.o(i.nrf_drv_timer_compare_int_disable), (18 bytes).
    Removing mbed/TARGET_NRF51_DK/TOOLCHAIN_ARM_STD/nrf_drv_timer.o(i.nrf_drv_timer_compare_int_enable), (36 bytes).
    Removing mbed/TARGET_NRF51_DK/TOOLCHAIN_ARM_STD/nrf_drv_timer.o(i.nrf_drv_timer_disable), (24 bytes).
    Removing mbed/TARGET_NRF51_DK/TOOLCHAIN_ARM_STD/nrf_drv_timer.o(i.nrf_drv_timer_enable), (28 bytes).
    Removing mbed/TARGET_NRF51_DK/TOOLCHAIN_ARM_STD/nrf_drv_timer.o(i.nrf_drv_timer_extended_compare), (82 bytes).
    Removing mbed/TARGET_NRF51_DK/TOOLCHAIN_ARM_STD/nrf_drv_timer.o(i.nrf_drv_timer_increment), (8 bytes).
    Removing mbed/TARGET_NRF51_DK/TOOLCHAIN_ARM_STD/nrf_drv_timer.o(i.nrf_drv_timer_init), (176 bytes).
    Removing mbed/TARGET_NRF51_DK/TOOLCHAIN_ARM_STD/nrf_drv_timer.o(i.nrf_drv_timer_pause), (8 bytes).
    Removing mbed/TARGET_NRF51_DK/TOOLCHAIN_ARM_STD/nrf_drv_timer.o(i.nrf_drv_timer_resume), (8 bytes).
    Removing mbed/TARGET_NRF51_DK/TOOLCHAIN_ARM_STD/nrf_drv_timer.o(i.nrf_drv_timer_uninit), (100 bytes).
    Removing mbed/TARGET_NRF51_DK/TOOLCHAIN_ARM_STD/nrf_drv_timer.o(.bss), (24 bytes).
    Removing mbed/TARGET_NRF51_DK/TOOLCHAIN_ARM_STD/nrf_drv_timer.o(.constdata), (16 bytes).
    Removing mbed/TARGET_NRF51_DK/TOOLCHAIN_ARM_STD/nrf_ecb.o(.rev16_text), (4 bytes).
    Removing mbed/TARGET_NRF51_DK/TOOLCHAIN_ARM_STD/nrf_ecb.o(.revsh_text), (4 bytes).
    Removing mbed/TARGET_NRF51_DK/TOOLCHAIN_ARM_STD/nrf_ecb.o(i.nrf_ecb_crypt), (92 bytes).
    Removing mbed/TARGET_NRF51_DK/TOOLCHAIN_ARM_STD/nrf_ecb.o(i.nrf_ecb_init), (44 bytes).
    Removing mbed/TARGET_NRF51_DK/TOOLCHAIN_ARM_STD/nrf_ecb.o(i.nrf_ecb_set_key), (20 bytes).
    Removing mbed/TARGET_NRF51_DK/TOOLCHAIN_ARM_STD/nrf_ecb.o(.bss), (48 bytes).
    Removing mbed/TARGET_NRF51_DK/TOOLCHAIN_ARM_STD/nrf_ecb.o(.data), (12 bytes).
    Removing mbed/TARGET_NRF51_DK/TOOLCHAIN_ARM_STD/nrf_log.o(.rev16_text), (4 bytes).
    Removing mbed/TARGET_NRF51_DK/TOOLCHAIN_ARM_STD/nrf_log.o(.revsh_text), (4 bytes).
    Removing mbed/TARGET_NRF51_DK/TOOLCHAIN_ARM_STD/nrf_log.o(i.log_hex), (64 bytes).
    Removing mbed/TARGET_NRF51_DK/TOOLCHAIN_ARM_STD/nrf_log.o(i.log_hex_char), (56 bytes).
    Removing mbed/TARGET_NRF51_DK/TOOLCHAIN_ARM_STD/nrf_log.o(.bss), (11 bytes).
    Removing mbed/TARGET_NRF51_DK/TOOLCHAIN_ARM_STD/nrf_log.o(.data), (3 bytes).
    Removing mbed/TARGET_NRF51_DK/TOOLCHAIN_ARM_STD/nrf_nvmc.o(.rev16_text), (4 bytes).
    Removing mbed/TARGET_NRF51_DK/TOOLCHAIN_ARM_STD/nrf_nvmc.o(.revsh_text), (4 bytes).
    Removing mbed/TARGET_NRF51_DK/TOOLCHAIN_ARM_STD/nrf_nvmc.o(i.nrf_nvmc_page_erase), (44 bytes).
    Removing mbed/TARGET_NRF51_DK/TOOLCHAIN_ARM_STD/nrf_nvmc.o(i.nrf_nvmc_write_byte), (60 bytes).
    Removing mbed/TARGET_NRF51_DK/TOOLCHAIN_ARM_STD/nrf_nvmc.o(i.nrf_nvmc_write_bytes), (84 bytes).
    Removing mbed/TARGET_NRF51_DK/TOOLCHAIN_ARM_STD/nrf_nvmc.o(i.nrf_nvmc_write_word), (48 bytes).
    Removing mbed/TARGET_NRF51_DK/TOOLCHAIN_ARM_STD/nrf_nvmc.o(i.nrf_nvmc_write_words), (64 bytes).
    Removing mbed/TARGET_NRF51_DK/TOOLCHAIN_ARM_STD/peer_data.o(.rev16_text), (4 bytes).
    Removing mbed/TARGET_NRF51_DK/TOOLCHAIN_ARM_STD/peer_data.o(.revsh_text), (4 bytes).
    Removing mbed/TARGET_NRF51_DK/TOOLCHAIN_ARM_STD/peer_data.o(i.peer_data_deserialize), (52 bytes).
    Removing mbed/TARGET_NRF51_DK/TOOLCHAIN_ARM_STD/peer_data.o(i.peer_data_parts_get), (30 bytes).
    Removing mbed/TARGET_NRF51_DK/TOOLCHAIN_ARM_STD/peer_data_storage.o(.rev16_text), (4 bytes).
    Removing mbed/TARGET_NRF51_DK/TOOLCHAIN_ARM_STD/peer_data_storage.o(.revsh_text), (4 bytes).
    Removing mbed/TARGET_NRF51_DK/TOOLCHAIN_ARM_STD/peer_data_storage.o(i.fds_evt_handler), (260 bytes).
    Removing mbed/TARGET_NRF51_DK/TOOLCHAIN_ARM_STD/peer_data_storage.o(i.pds_n_peers), (36 bytes).
    Removing mbed/TARGET_NRF51_DK/TOOLCHAIN_ARM_STD/peer_data_storage.o(i.pds_next_peer_id_get), (44 bytes).
    Removing mbed/TARGET_NRF51_DK/TOOLCHAIN_ARM_STD/peer_data_storage.o(i.pds_peer_data_clear), (120 bytes).
    Removing mbed/TARGET_NRF51_DK/TOOLCHAIN_ARM_STD/peer_data_storage.o(i.pds_peer_data_lock), (28 bytes).
    Removing mbed/TARGET_NRF51_DK/TOOLCHAIN_ARM_STD/peer_data_storage.o(i.pds_peer_data_read), (248 bytes).
    Removing mbed/TARGET_NRF51_DK/TOOLCHAIN_ARM_STD/peer_data_storage.o(i.pds_peer_data_read_ptr_get), (176 bytes).
    Removing mbed/TARGET_NRF51_DK/TOOLCHAIN_ARM_STD/peer_data_storage.o(i.pds_peer_data_update), (184 bytes).
    Removing mbed/TARGET_NRF51_DK/TOOLCHAIN_ARM_STD/peer_data_storage.o(i.pds_peer_data_verify), (28 bytes).
    Removing mbed/TARGET_NRF51_DK/TOOLCHAIN_ARM_STD/peer_data_storage.o(i.pds_peer_data_write), (172 bytes).
    Removing mbed/TARGET_NRF51_DK/TOOLCHAIN_ARM_STD/peer_data_storage.o(i.pds_peer_data_write_prepare), (92 bytes).
    Removing mbed/TARGET_NRF51_DK/TOOLCHAIN_ARM_STD/peer_data_storage.o(i.pds_peer_data_write_prepare_cancel), (48 bytes).
    Removing mbed/TARGET_NRF51_DK/TOOLCHAIN_ARM_STD/peer_data_storage.o(i.pds_peer_data_write_prepared), (172 bytes).
    Removing mbed/TARGET_NRF51_DK/TOOLCHAIN_ARM_STD/peer_data_storage.o(i.pds_peer_id_allocate), (44 bytes).
    Removing mbed/TARGET_NRF51_DK/TOOLCHAIN_ARM_STD/peer_data_storage.o(i.pds_peer_id_free), (52 bytes).
    Removing mbed/TARGET_NRF51_DK/TOOLCHAIN_ARM_STD/peer_data_storage.o(i.pds_peer_id_is_allocated), (36 bytes).
    Removing mbed/TARGET_NRF51_DK/TOOLCHAIN_ARM_STD/peer_data_storage.o(i.pds_register), (104 bytes).
    Removing mbed/TARGET_NRF51_DK/TOOLCHAIN_ARM_STD/peer_data_storage.o(i.peer_data_clear), (156 bytes).
    Removing mbed/TARGET_NRF51_DK/TOOLCHAIN_ARM_STD/peer_data_storage.o(i.peer_ids_init), (96 bytes).
    Removing mbed/TARGET_NRF51_DK/TOOLCHAIN_ARM_STD/peer_data_storage.o(.bss), (32 bytes).
    Removing mbed/TARGET_NRF51_DK/TOOLCHAIN_ARM_STD/peer_database.o(.rev16_text), (4 bytes).
    Removing mbed/TARGET_NRF51_DK/TOOLCHAIN_ARM_STD/peer_database.o(.revsh_text), (4 bytes).
    Removing mbed/TARGET_NRF51_DK/TOOLCHAIN_ARM_STD/peer_database.o(i.pdb_clear), (24 bytes).
    Removing mbed/TARGET_NRF51_DK/TOOLCHAIN_ARM_STD/peer_database.o(i.pdb_n_peers), (24 bytes).
    Removing mbed/TARGET_NRF51_DK/TOOLCHAIN_ARM_STD/peer_database.o(i.pdb_next_peer_id_get), (28 bytes).
    Removing mbed/TARGET_NRF51_DK/TOOLCHAIN_ARM_STD/peer_database.o(i.pdb_peer_allocate), (28 bytes).
    Removing mbed/TARGET_NRF51_DK/TOOLCHAIN_ARM_STD/peer_database.o(i.pdb_peer_free), (240 bytes).
    Removing mbed/TARGET_NRF51_DK/TOOLCHAIN_ARM_STD/peer_database.o(i.pdb_raw_read), (28 bytes).
    Removing mbed/TARGET_NRF51_DK/TOOLCHAIN_ARM_STD/peer_database.o(i.pdb_raw_store), (100 bytes).
    Removing mbed/TARGET_NRF51_DK/TOOLCHAIN_ARM_STD/peer_database.o(i.pdb_read_buf_get), (24 bytes).
    Removing mbed/TARGET_NRF51_DK/TOOLCHAIN_ARM_STD/peer_database.o(i.pdb_register), (184 bytes).
    Removing mbed/TARGET_NRF51_DK/TOOLCHAIN_ARM_STD/peer_database.o(i.pdb_write_buf_get), (420 bytes).
    Removing mbed/TARGET_NRF51_DK/TOOLCHAIN_ARM_STD/peer_database.o(i.pdb_write_buf_release), (148 bytes).
    Removing mbed/TARGET_NRF51_DK/TOOLCHAIN_ARM_STD/peer_database.o(i.pdb_write_buf_store), (380 bytes).
    Removing mbed/TARGET_NRF51_DK/TOOLCHAIN_ARM_STD/peer_database.o(i.pdb_write_buf_store_prepare), (200 bytes).
    Removing mbed/TARGET_NRF51_DK/TOOLCHAIN_ARM_STD/peer_database.o(i.pds_evt_handler), (664 bytes).
    Removing mbed/TARGET_NRF51_DK/TOOLCHAIN_ARM_STD/peer_database.o(i.write_buffer_record_find_next), (116 bytes).
    Removing mbed/TARGET_NRF51_DK/TOOLCHAIN_ARM_STD/peer_database.o(.bss), (848 bytes).
    Removing mbed/TARGET_NRF51_DK/TOOLCHAIN_ARM_STD/peer_database.o(.data), (1 bytes).
    Removing mbed/TARGET_NRF51_DK/TOOLCHAIN_ARM_STD/peer_id.o(.rev16_text), (4 bytes).
    Removing mbed/TARGET_NRF51_DK/TOOLCHAIN_ARM_STD/peer_id.o(.revsh_text), (4 bytes).
    Removing mbed/TARGET_NRF51_DK/TOOLCHAIN_ARM_STD/peer_id.o(i.next_id_get), (56 bytes).
    Removing mbed/TARGET_NRF51_DK/TOOLCHAIN_ARM_STD/peer_id.o(i.peer_id_allocate), (64 bytes).
    Removing mbed/TARGET_NRF51_DK/TOOLCHAIN_ARM_STD/peer_id.o(i.peer_id_delete), (56 bytes).
    Removing mbed/TARGET_NRF51_DK/TOOLCHAIN_ARM_STD/peer_id.o(i.peer_id_free), (40 bytes).
    Removing mbed/TARGET_NRF51_DK/TOOLCHAIN_ARM_STD/peer_id.o(i.peer_id_get_next_deleted), (60 bytes).
    Removing mbed/TARGET_NRF51_DK/TOOLCHAIN_ARM_STD/peer_id.o(i.peer_id_get_next_used), (60 bytes).
    Removing mbed/TARGET_NRF51_DK/TOOLCHAIN_ARM_STD/peer_id.o(i.peer_id_init), (40 bytes).
    Removing mbed/TARGET_NRF51_DK/TOOLCHAIN_ARM_STD/peer_id.o(i.peer_id_is_allocated), (24 bytes).
    Removing mbed/TARGET_NRF51_DK/TOOLCHAIN_ARM_STD/peer_id.o(i.peer_id_is_deleted), (24 bytes).
    Removing mbed/TARGET_NRF51_DK/TOOLCHAIN_ARM_STD/peer_id.o(i.peer_id_n_ids), (32 bytes).
    Removing mbed/TARGET_NRF51_DK/TOOLCHAIN_ARM_STD/peer_id.o(.bss), (64 bytes).
    Removing mbed/TARGET_NRF51_DK/TOOLCHAIN_ARM_STD/peer_manager.o(.rev16_text), (4 bytes).
    Removing mbed/TARGET_NRF51_DK/TOOLCHAIN_ARM_STD/peer_manager.o(.revsh_text), (4 bytes).
    Removing mbed/TARGET_NRF51_DK/TOOLCHAIN_ARM_STD/peer_manager.o(i.gcm_evt_handler), (200 bytes).
    Removing mbed/TARGET_NRF51_DK/TOOLCHAIN_ARM_STD/peer_manager.o(i.im_evt_handler), (112 bytes).
    Removing mbed/TARGET_NRF51_DK/TOOLCHAIN_ARM_STD/peer_manager.o(i.pdb_evt_handler), (444 bytes).
    Removing mbed/TARGET_NRF51_DK/TOOLCHAIN_ARM_STD/peer_manager.o(i.pm_conn_handle_get), (40 bytes).
    Removing mbed/TARGET_NRF51_DK/TOOLCHAIN_ARM_STD/peer_manager.o(i.pm_conn_sec_config_reply), (8 bytes).
    Removing mbed/TARGET_NRF51_DK/TOOLCHAIN_ARM_STD/peer_manager.o(i.pm_conn_sec_status_get), (128 bytes).
    Removing mbed/TARGET_NRF51_DK/TOOLCHAIN_ARM_STD/peer_manager.o(i.pm_conn_secure), (24 bytes).
    Removing mbed/TARGET_NRF51_DK/TOOLCHAIN_ARM_STD/peer_manager.o(i.pm_init), (136 bytes).
    Removing mbed/TARGET_NRF51_DK/TOOLCHAIN_ARM_STD/peer_manager.o(i.pm_lesc_public_key_set), (24 bytes).
    Removing mbed/TARGET_NRF51_DK/TOOLCHAIN_ARM_STD/peer_manager.o(i.pm_local_database_has_changed), (24 bytes).
    Removing mbed/TARGET_NRF51_DK/TOOLCHAIN_ARM_STD/peer_manager.o(i.pm_next_peer_id_get), (28 bytes).
    Removing mbed/TARGET_NRF51_DK/TOOLCHAIN_ARM_STD/peer_manager.o(i.pm_on_ble_evt), (36 bytes).
    Removing mbed/TARGET_NRF51_DK/TOOLCHAIN_ARM_STD/peer_manager.o(i.pm_peer_count), (24 bytes).
    Removing mbed/TARGET_NRF51_DK/TOOLCHAIN_ARM_STD/peer_manager.o(i.pm_peer_data_app_data_load), (14 bytes).
    Removing mbed/TARGET_NRF51_DK/TOOLCHAIN_ARM_STD/peer_manager.o(i.pm_peer_data_app_data_store), (92 bytes).
    Removing mbed/TARGET_NRF51_DK/TOOLCHAIN_ARM_STD/peer_manager.o(i.pm_peer_data_bonding_load), (20 bytes).
    Removing mbed/TARGET_NRF51_DK/TOOLCHAIN_ARM_STD/peer_manager.o(i.pm_peer_data_bonding_store), (60 bytes).
    Removing mbed/TARGET_NRF51_DK/TOOLCHAIN_ARM_STD/peer_manager.o(i.pm_peer_data_delete), (32 bytes).
    Removing mbed/TARGET_NRF51_DK/TOOLCHAIN_ARM_STD/peer_manager.o(i.pm_peer_data_load), (108 bytes).
    Removing mbed/TARGET_NRF51_DK/TOOLCHAIN_ARM_STD/peer_manager.o(i.pm_peer_data_remote_db_load), (14 bytes).
    Removing mbed/TARGET_NRF51_DK/TOOLCHAIN_ARM_STD/peer_manager.o(i.pm_peer_data_remote_db_store), (92 bytes).
    Removing mbed/TARGET_NRF51_DK/TOOLCHAIN_ARM_STD/peer_manager.o(i.pm_peer_data_store), (92 bytes).
    Removing mbed/TARGET_NRF51_DK/TOOLCHAIN_ARM_STD/peer_manager.o(i.pm_peer_delete), (24 bytes).
    Removing mbed/TARGET_NRF51_DK/TOOLCHAIN_ARM_STD/peer_manager.o(i.pm_peer_id_get), (40 bytes).
    Removing mbed/TARGET_NRF51_DK/TOOLCHAIN_ARM_STD/peer_manager.o(i.pm_peer_new), (120 bytes).
    Removing mbed/TARGET_NRF51_DK/TOOLCHAIN_ARM_STD/peer_manager.o(i.pm_peer_rank_highest), (336 bytes).
    Removing mbed/TARGET_NRF51_DK/TOOLCHAIN_ARM_STD/peer_manager.o(i.pm_peer_ranks_get), (184 bytes).
    Removing mbed/TARGET_NRF51_DK/TOOLCHAIN_ARM_STD/peer_manager.o(i.pm_peers_delete), (76 bytes).
    Removing mbed/TARGET_NRF51_DK/TOOLCHAIN_ARM_STD/peer_manager.o(i.pm_register), (44 bytes).
    Removing mbed/TARGET_NRF51_DK/TOOLCHAIN_ARM_STD/peer_manager.o(i.pm_sec_params_reply), (20 bytes).
    Removing mbed/TARGET_NRF51_DK/TOOLCHAIN_ARM_STD/peer_manager.o(i.pm_sec_params_set), (32 bytes).
    Removing mbed/TARGET_NRF51_DK/TOOLCHAIN_ARM_STD/peer_manager.o(i.pm_whitelist_create), (24 bytes).
    Removing mbed/TARGET_NRF51_DK/TOOLCHAIN_ARM_STD/peer_manager.o(i.pm_whitelist_custom), (24 bytes).
    Removing mbed/TARGET_NRF51_DK/TOOLCHAIN_ARM_STD/peer_manager.o(i.sm_evt_handler), (400 bytes).
    Removing mbed/TARGET_NRF51_DK/TOOLCHAIN_ARM_STD/peer_manager.o(.bss), (32 bytes).
    Removing mbed/TARGET_NRF51_DK/TOOLCHAIN_ARM_STD/peer_manager.o(.constdata), (16 bytes).
    Removing mbed/TARGET_NRF51_DK/TOOLCHAIN_ARM_STD/pinmap.o(.rev16_text), (4 bytes).
    Removing mbed/TARGET_NRF51_DK/TOOLCHAIN_ARM_STD/pinmap.o(.revsh_text), (4 bytes).
    Removing mbed/TARGET_NRF51_DK/TOOLCHAIN_ARM_STD/pinmap.o(i.pin_function), (2 bytes).
    Removing mbed/TARGET_NRF51_DK/TOOLCHAIN_ARM_STD/pinmap.o(i.pin_mode), (76 bytes).
    Removing mbed/TARGET_NRF51_DK/TOOLCHAIN_ARM_STD/pinmap.o(.conststring), (80 bytes).
    Removing mbed/TARGET_NRF51_DK/TOOLCHAIN_ARM_STD/pm_buffer.o(i.pm_buffer_block_acquire), (134 bytes).
    Removing mbed/TARGET_NRF51_DK/TOOLCHAIN_ARM_STD/pm_buffer.o(i.pm_buffer_init), (68 bytes).
    Removing mbed/TARGET_NRF51_DK/TOOLCHAIN_ARM_STD/pm_buffer.o(i.pm_buffer_ptr_get), (46 bytes).
    Removing mbed/TARGET_NRF51_DK/TOOLCHAIN_ARM_STD/pm_buffer.o(i.pm_buffer_release), (46 bytes).
    Removing mbed/TARGET_NRF51_DK/TOOLCHAIN_ARM_STD/pm_mutex.o(.rev16_text), (4 bytes).
    Removing mbed/TARGET_NRF51_DK/TOOLCHAIN_ARM_STD/pm_mutex.o(.revsh_text), (4 bytes).
    Removing mbed/TARGET_NRF51_DK/TOOLCHAIN_ARM_STD/pm_mutex.o(i.pm_mutex_init), (18 bytes).
    Removing mbed/TARGET_NRF51_DK/TOOLCHAIN_ARM_STD/pm_mutex.o(i.pm_mutex_lock), (66 bytes).
    Removing mbed/TARGET_NRF51_DK/TOOLCHAIN_ARM_STD/pm_mutex.o(i.pm_mutex_lock_first_available), (98 bytes).
    Removing mbed/TARGET_NRF51_DK/TOOLCHAIN_ARM_STD/pm_mutex.o(i.pm_mutex_lock_status_get), (24 bytes).
    Removing mbed/TARGET_NRF51_DK/TOOLCHAIN_ARM_STD/pm_mutex.o(i.pm_mutex_unlock), (54 bytes).
    Removing mbed/TARGET_NRF51_DK/TOOLCHAIN_ARM_STD/port_api.o(.rev16_text), (4 bytes).
    Removing mbed/TARGET_NRF51_DK/TOOLCHAIN_ARM_STD/port_api.o(.revsh_text), (4 bytes).
    Removing mbed/TARGET_NRF51_DK/TOOLCHAIN_ARM_STD/port_api.o(i.port_dir), (228 bytes).
    Removing mbed/TARGET_NRF51_DK/TOOLCHAIN_ARM_STD/port_api.o(i.port_init), (76 bytes).
    Removing mbed/TARGET_NRF51_DK/TOOLCHAIN_ARM_STD/port_api.o(i.port_mode), (36 bytes).
    Removing mbed/TARGET_NRF51_DK/TOOLCHAIN_ARM_STD/port_api.o(i.port_pin), (4 bytes).
    Removing mbed/TARGET_NRF51_DK/TOOLCHAIN_ARM_STD/port_api.o(i.port_read), (28 bytes).
    Removing mbed/TARGET_NRF51_DK/TOOLCHAIN_ARM_STD/port_api.o(i.port_write), (44 bytes).
    Removing mbed/TARGET_NRF51_DK/TOOLCHAIN_ARM_STD/port_api.o(.constdata), (8 bytes).
    Removing mbed/TARGET_NRF51_DK/TOOLCHAIN_ARM_STD/port_api.o(.conststring), (82 bytes).
    Removing mbed/TARGET_NRF51_DK/TOOLCHAIN_ARM_STD/pstorage.o(.rev16_text), (4 bytes).
    Removing mbed/TARGET_NRF51_DK/TOOLCHAIN_ARM_STD/pstorage.o(.revsh_text), (4 bytes).
    Removing mbed/TARGET_NRF51_DK/TOOLCHAIN_ARM_STD/pstorage.o(i.clear_operation_execute), (264 bytes).
    Removing mbed/TARGET_NRF51_DK/TOOLCHAIN_ARM_STD/pstorage.o(i.cmd_queue_enqueue), (116 bytes).
    Removing mbed/TARGET_NRF51_DK/TOOLCHAIN_ARM_STD/pstorage.o(i.command_end_procedure_run), (104 bytes).
    Removing mbed/TARGET_NRF51_DK/TOOLCHAIN_ARM_STD/pstorage.o(i.data_page_erase_state_run), (184 bytes).
    Removing mbed/TARGET_NRF51_DK/TOOLCHAIN_ARM_STD/pstorage.o(i.data_to_swap_write_state_run), (60 bytes).
    Removing mbed/TARGET_NRF51_DK/TOOLCHAIN_ARM_STD/pstorage.o(i.flash_operation_success_run), (236 bytes).
    Removing mbed/TARGET_NRF51_DK/TOOLCHAIN_ARM_STD/pstorage.o(i.flash_write), (76 bytes).
    Removing mbed/TARGET_NRF51_DK/TOOLCHAIN_ARM_STD/pstorage.o(i.head_restore_state_run), (204 bytes).
    Removing mbed/TARGET_NRF51_DK/TOOLCHAIN_ARM_STD/pstorage.o(i.pstorage_access_status_get), (40 bytes).
    Removing mbed/TARGET_NRF51_DK/TOOLCHAIN_ARM_STD/pstorage.o(i.pstorage_block_identifier_get), (84 bytes).
    Removing mbed/TARGET_NRF51_DK/TOOLCHAIN_ARM_STD/pstorage.o(i.pstorage_clear), (152 bytes).
    Removing mbed/TARGET_NRF51_DK/TOOLCHAIN_ARM_STD/pstorage.o(i.pstorage_init), (120 bytes).
    Removing mbed/TARGET_NRF51_DK/TOOLCHAIN_ARM_STD/pstorage.o(i.pstorage_load), (140 bytes).
    Removing mbed/TARGET_NRF51_DK/TOOLCHAIN_ARM_STD/pstorage.o(i.pstorage_register), (216 bytes).
    Removing mbed/TARGET_NRF51_DK/TOOLCHAIN_ARM_STD/pstorage.o(i.pstorage_store), (120 bytes).
    Removing mbed/TARGET_NRF51_DK/TOOLCHAIN_ARM_STD/pstorage.o(i.pstorage_sys_event_handler), (128 bytes).
    Removing mbed/TARGET_NRF51_DK/TOOLCHAIN_ARM_STD/pstorage.o(i.pstorage_update), (120 bytes).
    Removing mbed/TARGET_NRF51_DK/TOOLCHAIN_ARM_STD/pstorage.o(i.sm_state_change), (320 bytes).
    Removing mbed/TARGET_NRF51_DK/TOOLCHAIN_ARM_STD/pstorage.o(i.state_erase_data_page_entry_run), (80 bytes).
    Removing mbed/TARGET_NRF51_DK/TOOLCHAIN_ARM_STD/pstorage.o(i.state_restore_head_entry_run), (64 bytes).
    Removing mbed/TARGET_NRF51_DK/TOOLCHAIN_ARM_STD/pstorage.o(i.state_restore_tail_entry_run), (92 bytes).
    Removing mbed/TARGET_NRF51_DK/TOOLCHAIN_ARM_STD/pstorage.o(i.state_swap_erase_entry_run), (128 bytes).
    Removing mbed/TARGET_NRF51_DK/TOOLCHAIN_ARM_STD/pstorage.o(i.state_write_data_swap_entry_run), (68 bytes).
    Removing mbed/TARGET_NRF51_DK/TOOLCHAIN_ARM_STD/pstorage.o(i.swap_erase_state_run), (40 bytes).
    Removing mbed/TARGET_NRF51_DK/TOOLCHAIN_ARM_STD/pstorage.o(i.tail_restore_state_run), (72 bytes).
    Removing mbed/TARGET_NRF51_DK/TOOLCHAIN_ARM_STD/pstorage.o(.bss), (216 bytes).
    Removing mbed/TARGET_NRF51_DK/TOOLCHAIN_ARM_STD/pstorage.o(.constdata), (40 bytes).
    Removing mbed/TARGET_NRF51_DK/TOOLCHAIN_ARM_STD/pstorage.o(.data), (36 bytes).
    Removing mbed/TARGET_NRF51_DK/TOOLCHAIN_ARM_STD/pwmout_api.o(.rev16_text), (4 bytes).
    Removing mbed/TARGET_NRF51_DK/TOOLCHAIN_ARM_STD/pwmout_api.o(.revsh_text), (4 bytes).
    Removing mbed/TARGET_NRF51_DK/TOOLCHAIN_ARM_STD/pwmout_api.o(i.pwm_reinit), (112 bytes).
    Removing mbed/TARGET_NRF51_DK/TOOLCHAIN_ARM_STD/pwmout_api.o(i.pwmout_free), (180 bytes).
    Removing mbed/TARGET_NRF51_DK/TOOLCHAIN_ARM_STD/pwmout_api.o(i.pwmout_init), (428 bytes).
    Removing mbed/TARGET_NRF51_DK/TOOLCHAIN_ARM_STD/pwmout_api.o(i.pwmout_period), (68 bytes).
    Removing mbed/TARGET_NRF51_DK/TOOLCHAIN_ARM_STD/pwmout_api.o(i.pwmout_period_ms), (52 bytes).
    Removing mbed/TARGET_NRF51_DK/TOOLCHAIN_ARM_STD/pwmout_api.o(i.pwmout_period_us), (56 bytes).
    Removing mbed/TARGET_NRF51_DK/TOOLCHAIN_ARM_STD/pwmout_api.o(i.pwmout_pulsewidth), (88 bytes).
    Removing mbed/TARGET_NRF51_DK/TOOLCHAIN_ARM_STD/pwmout_api.o(i.pwmout_pulsewidth_ms), (76 bytes).
    Removing mbed/TARGET_NRF51_DK/TOOLCHAIN_ARM_STD/pwmout_api.o(i.pwmout_pulsewidth_us), (72 bytes).
    Removing mbed/TARGET_NRF51_DK/TOOLCHAIN_ARM_STD/pwmout_api.o(i.pwmout_read), (68 bytes).
    Removing mbed/TARGET_NRF51_DK/TOOLCHAIN_ARM_STD/pwmout_api.o(i.pwmout_write), (52 bytes).
    Removing mbed/TARGET_NRF51_DK/TOOLCHAIN_ARM_STD/pwmout_api.o(.bss), (36 bytes).
    Removing mbed/TARGET_NRF51_DK/TOOLCHAIN_ARM_STD/pwmout_api.o(.bss), (36 bytes).
    Removing mbed/TARGET_NRF51_DK/TOOLCHAIN_ARM_STD/pwmout_api.o(.constdata), (8 bytes).
    Removing mbed/TARGET_NRF51_DK/TOOLCHAIN_ARM_STD/pwmout_api.o(.constdata), (8 bytes).
    Removing mbed/TARGET_NRF51_DK/TOOLCHAIN_ARM_STD/pwmout_api.o(.constdata), (8 bytes).
    Removing mbed/TARGET_NRF51_DK/TOOLCHAIN_ARM_STD/pwmout_api.o(.constdata), (8 bytes).
    Removing mbed/TARGET_NRF51_DK/TOOLCHAIN_ARM_STD/pwmout_api.o(.constdata), (56 bytes).
    Removing mbed/TARGET_NRF51_DK/TOOLCHAIN_ARM_STD/pwmout_api.o(.conststring), (112 bytes).
    Removing mbed/TARGET_NRF51_DK/TOOLCHAIN_ARM_STD/pwmout_api.o(.data), (56 bytes).
    Removing mbed/TARGET_NRF51_DK/TOOLCHAIN_ARM_STD/reloc_vector_table.o(.rev16_text), (4 bytes).
    Removing mbed/TARGET_NRF51_DK/TOOLCHAIN_ARM_STD/reloc_vector_table.o(.revsh_text), (4 bytes).
    Removing mbed/TARGET_NRF51_DK/TOOLCHAIN_ARM_STD/rtc_api.o(.rev16_text), (4 bytes).
    Removing mbed/TARGET_NRF51_DK/TOOLCHAIN_ARM_STD/rtc_api.o(.revsh_text), (4 bytes).
    Removing mbed/TARGET_NRF51_DK/TOOLCHAIN_ARM_STD/rtc_api.o(i.rtc_free), (2 bytes).
    Removing mbed/TARGET_NRF51_DK/TOOLCHAIN_ARM_STD/rtc_api.o(i.rtc_init), (8 bytes).
    Removing mbed/TARGET_NRF51_DK/TOOLCHAIN_ARM_STD/rtc_api.o(i.rtc_isenabled), (12 bytes).
    Removing mbed/TARGET_NRF51_DK/TOOLCHAIN_ARM_STD/rtc_api.o(i.rtc_read), (36 bytes).
    Removing mbed/TARGET_NRF51_DK/TOOLCHAIN_ARM_STD/rtc_api.o(i.rtc_write), (52 bytes).
    Removing mbed/TARGET_NRF51_DK/TOOLCHAIN_ARM_STD/rtc_api.o(.data), (4 bytes).
    Removing mbed/TARGET_NRF51_DK/TOOLCHAIN_ARM_STD/sdk_mapped_flags.o(.rev16_text), (4 bytes).
    Removing mbed/TARGET_NRF51_DK/TOOLCHAIN_ARM_STD/sdk_mapped_flags.o(.revsh_text), (4 bytes).
    Removing mbed/TARGET_NRF51_DK/TOOLCHAIN_ARM_STD/sdk_mapped_flags.o(i.sdk_mapped_flags_bulk_update_by_key), (116 bytes).
    Removing mbed/TARGET_NRF51_DK/TOOLCHAIN_ARM_STD/sdk_mapped_flags.o(i.sdk_mapped_flags_first_key_index_get), (72 bytes).
    Removing mbed/TARGET_NRF51_DK/TOOLCHAIN_ARM_STD/sdk_mapped_flags.o(i.sdk_mapped_flags_get_by_key), (92 bytes).
    Removing mbed/TARGET_NRF51_DK/TOOLCHAIN_ARM_STD/sdk_mapped_flags.o(i.sdk_mapped_flags_key_list_get), (100 bytes).
    Removing mbed/TARGET_NRF51_DK/TOOLCHAIN_ARM_STD/sdk_mapped_flags.o(i.sdk_mapped_flags_n_flags_set), (46 bytes).
    Removing mbed/TARGET_NRF51_DK/TOOLCHAIN_ARM_STD/sdk_mapped_flags.o(i.sdk_mapped_flags_update_by_key), (106 bytes).
    Removing mbed/TARGET_NRF51_DK/TOOLCHAIN_ARM_STD/security_dispatcher.o(.rev16_text), (4 bytes).
    Removing mbed/TARGET_NRF51_DK/TOOLCHAIN_ARM_STD/security_dispatcher.o(.revsh_text), (4 bytes).
    Removing mbed/TARGET_NRF51_DK/TOOLCHAIN_ARM_STD/security_dispatcher.o(i.link_secure_failure), (264 bytes).
    Removing mbed/TARGET_NRF51_DK/TOOLCHAIN_ARM_STD/security_dispatcher.o(i.pdb_evt_handler), (88 bytes).
    Removing mbed/TARGET_NRF51_DK/TOOLCHAIN_ARM_STD/security_dispatcher.o(i.sec_proc_start), (80 bytes).
    Removing mbed/TARGET_NRF51_DK/TOOLCHAIN_ARM_STD/security_dispatcher.o(i.smd_ble_evt_handler), (824 bytes).
    Removing mbed/TARGET_NRF51_DK/TOOLCHAIN_ARM_STD/security_dispatcher.o(i.smd_link_secure), (504 bytes).
    Removing mbed/TARGET_NRF51_DK/TOOLCHAIN_ARM_STD/security_dispatcher.o(i.smd_params_reply), (344 bytes).
    Removing mbed/TARGET_NRF51_DK/TOOLCHAIN_ARM_STD/security_dispatcher.o(i.smd_register), (120 bytes).
    Removing mbed/TARGET_NRF51_DK/TOOLCHAIN_ARM_STD/security_dispatcher.o(.constdata), (60 bytes).
    Removing mbed/TARGET_NRF51_DK/TOOLCHAIN_ARM_STD/security_dispatcher.o(.data), (80 bytes).
    Removing mbed/TARGET_NRF51_DK/TOOLCHAIN_ARM_STD/security_manager.o(.rev16_text), (4 bytes).
    Removing mbed/TARGET_NRF51_DK/TOOLCHAIN_ARM_STD/security_manager.o(.revsh_text), (4 bytes).
    Removing mbed/TARGET_NRF51_DK/TOOLCHAIN_ARM_STD/security_manager.o(i.link_secure), (268 bytes).
    Removing mbed/TARGET_NRF51_DK/TOOLCHAIN_ARM_STD/security_manager.o(i.link_secure_pending_process), (96 bytes).
    Removing mbed/TARGET_NRF51_DK/TOOLCHAIN_ARM_STD/security_manager.o(i.pdb_evt_handler), (168 bytes).
    Removing mbed/TARGET_NRF51_DK/TOOLCHAIN_ARM_STD/security_manager.o(i.sm_ble_evt_handler), (28 bytes).
    Removing mbed/TARGET_NRF51_DK/TOOLCHAIN_ARM_STD/security_manager.o(i.sm_conn_sec_config_reply), (28 bytes).
    Removing mbed/TARGET_NRF51_DK/TOOLCHAIN_ARM_STD/security_manager.o(i.sm_lesc_public_key_set), (24 bytes).
    Removing mbed/TARGET_NRF51_DK/TOOLCHAIN_ARM_STD/security_manager.o(i.sm_link_secure), (32 bytes).
    Removing mbed/TARGET_NRF51_DK/TOOLCHAIN_ARM_STD/security_manager.o(i.sm_register), (208 bytes).
    Removing mbed/TARGET_NRF51_DK/TOOLCHAIN_ARM_STD/security_manager.o(i.sm_sec_params_reply), (20 bytes).
    Removing mbed/TARGET_NRF51_DK/TOOLCHAIN_ARM_STD/security_manager.o(i.sm_sec_params_set), (164 bytes).
    Removing mbed/TARGET_NRF51_DK/TOOLCHAIN_ARM_STD/security_manager.o(i.smd_evt_handler), (152 bytes).
    Removing mbed/TARGET_NRF51_DK/TOOLCHAIN_ARM_STD/security_manager.o(i.smd_params_reply_perform), (292 bytes).
    Removing mbed/TARGET_NRF51_DK/TOOLCHAIN_ARM_STD/security_manager.o(.data), (32 bytes).
    Removing mbed/TARGET_NRF51_DK/TOOLCHAIN_ARM_STD/serial_api.o(.rev16_text), (4 bytes).
    Removing mbed/TARGET_NRF51_DK/TOOLCHAIN_ARM_STD/serial_api.o(.revsh_text), (4 bytes).
    Removing mbed/TARGET_NRF51_DK/TOOLCHAIN_ARM_STD/serial_api.o(i.serial_break_clear), (52 bytes).
    Removing mbed/TARGET_NRF51_DK/TOOLCHAIN_ARM_STD/serial_api.o(i.serial_break_set), (44 bytes).
    Removing mbed/TARGET_NRF51_DK/TOOLCHAIN_ARM_STD/serial_api.o(i.serial_clear), (2 bytes).
    Removing mbed/TARGET_NRF51_DK/TOOLCHAIN_ARM_STD/serial_api.o(i.serial_format), (180 bytes).
    Removing mbed/TARGET_NRF51_DK/TOOLCHAIN_ARM_STD/serial_api.o(i.serial_free), (64 bytes).
    Removing mbed/TARGET_NRF51_DK/TOOLCHAIN_ARM_STD/serial_api.o(i.serial_getc), (40 bytes).
    Removing mbed/TARGET_NRF51_DK/TOOLCHAIN_ARM_STD/serial_api.o(i.serial_readable), (32 bytes).
    Removing mbed/TARGET_NRF51_DK/TOOLCHAIN_ARM_STD/serial_api.o(i.serial_rx_abort_asynch), (44 bytes).
    Removing mbed/TARGET_NRF51_DK/TOOLCHAIN_ARM_STD/serial_api.o(i.serial_rx_active), (12 bytes).
    Removing mbed/TARGET_NRF51_DK/TOOLCHAIN_ARM_STD/serial_api.o(i.serial_rx_asynch), (72 bytes).
    Removing mbed/TARGET_NRF51_DK/TOOLCHAIN_ARM_STD/serial_api.o(i.serial_set_flow_control), (32 bytes).
    Removing mbed/TARGET_NRF51_DK/TOOLCHAIN_ARM_STD/serial_api.o(i.serial_tx_abort_asynch), (44 bytes).
    Removing mbed/TARGET_NRF51_DK/TOOLCHAIN_ARM_STD/serial_api.o(i.serial_tx_active), (12 bytes).
    Removing mbed/TARGET_NRF51_DK/TOOLCHAIN_ARM_STD/serial_api.o(i.serial_tx_asynch), (76 bytes).
    Removing mbed/TARGET_NRF51_DK/TOOLCHAIN_ARM_STD/serial_api.o(i.serial_writable), (32 bytes).
    Removing mbed/TARGET_NRF51_DK/TOOLCHAIN_ARM_STD/sleep.o(.rev16_text), (4 bytes).
    Removing mbed/TARGET_NRF51_DK/TOOLCHAIN_ARM_STD/sleep.o(.revsh_text), (4 bytes).
    Removing mbed/TARGET_NRF51_DK/TOOLCHAIN_ARM_STD/sleep.o(i.hal_deepsleep), (64 bytes).
    Removing mbed/TARGET_NRF51_DK/TOOLCHAIN_ARM_STD/sleep.o(i.hal_sleep), (64 bytes).
    Removing mbed/TARGET_NRF51_DK/TOOLCHAIN_ARM_STD/softdevice_handler.o(.rev16_text), (4 bytes).
    Removing mbed/TARGET_NRF51_DK/TOOLCHAIN_ARM_STD/softdevice_handler.o(.revsh_text), (4 bytes).
    Removing mbed/TARGET_NRF51_DK/TOOLCHAIN_ARM_STD/softdevice_handler.o(i.SWI2_IRQHandler), (132 bytes).
    Removing mbed/TARGET_NRF51_DK/TOOLCHAIN_ARM_STD/softdevice_handler.o(i.intern_softdevice_events_execute), (116 bytes).
    Removing mbed/TARGET_NRF51_DK/TOOLCHAIN_ARM_STD/softdevice_handler.o(i.sd_check_ram_start), (16 bytes).
    Removing mbed/TARGET_NRF51_DK/TOOLCHAIN_ARM_STD/softdevice_handler.o(i.softdevice_ble_evt_handler_set), (20 bytes).
    Removing mbed/TARGET_NRF51_DK/TOOLCHAIN_ARM_STD/softdevice_handler.o(i.softdevice_enable), (20 bytes).
    Removing mbed/TARGET_NRF51_DK/TOOLCHAIN_ARM_STD/softdevice_handler.o(i.softdevice_enable_get_default_config), (36 bytes).
    Removing mbed/TARGET_NRF51_DK/TOOLCHAIN_ARM_STD/softdevice_handler.o(i.softdevice_fault_handler), (8 bytes).
    Removing mbed/TARGET_NRF51_DK/TOOLCHAIN_ARM_STD/softdevice_handler.o(i.softdevice_handler_init), (120 bytes).
    Removing mbed/TARGET_NRF51_DK/TOOLCHAIN_ARM_STD/softdevice_handler.o(i.softdevice_handler_isEnabled), (12 bytes).
    Removing mbed/TARGET_NRF51_DK/TOOLCHAIN_ARM_STD/softdevice_handler.o(i.softdevice_handler_sd_disable), (24 bytes).
    Removing mbed/TARGET_NRF51_DK/TOOLCHAIN_ARM_STD/softdevice_handler.o(i.softdevice_sys_evt_handler_set), (20 bytes).
    Removing mbed/TARGET_NRF51_DK/TOOLCHAIN_ARM_STD/softdevice_handler_appsh.o(.rev16_text), (4 bytes).
    Removing mbed/TARGET_NRF51_DK/TOOLCHAIN_ARM_STD/softdevice_handler_appsh.o(.revsh_text), (4 bytes).
    Removing mbed/TARGET_NRF51_DK/TOOLCHAIN_ARM_STD/softdevice_handler_appsh.o(i.softdevice_evt_get), (18 bytes).
    Removing mbed/TARGET_NRF51_DK/TOOLCHAIN_ARM_STD/softdevice_handler_appsh.o(i.softdevice_evt_schedule), (20 bytes).
    Removing mbed/TARGET_NRF51_DK/TOOLCHAIN_ARM_STD/spi_api.o(.rev16_text), (4 bytes).
    Removing mbed/TARGET_NRF51_DK/TOOLCHAIN_ARM_STD/spi_api.o(.revsh_text), (4 bytes).
    Removing mbed/TARGET_NRF51_DK/TOOLCHAIN_ARM_STD/spi_api.o(i.master_event_handler_1), (28 bytes).
    Removing mbed/TARGET_NRF51_DK/TOOLCHAIN_ARM_STD/spi_api.o(i.slave_event_handler_1), (44 bytes).
    Removing mbed/TARGET_NRF51_DK/TOOLCHAIN_ARM_STD/spi_api.o(i.spi_abort_asynch), (84 bytes).
    Removing mbed/TARGET_NRF51_DK/TOOLCHAIN_ARM_STD/spi_api.o(i.spi_active), (64 bytes).
    Removing mbed/TARGET_NRF51_DK/TOOLCHAIN_ARM_STD/spi_api.o(i.spi_busy), (20 bytes).
    Removing mbed/TARGET_NRF51_DK/TOOLCHAIN_ARM_STD/spi_api.o(i.spi_format), (372 bytes).
    Removing mbed/TARGET_NRF51_DK/TOOLCHAIN_ARM_STD/spi_api.o(i.spi_free), (52 bytes).
    Removing mbed/TARGET_NRF51_DK/TOOLCHAIN_ARM_STD/spi_api.o(i.spi_frequency), (212 bytes).
    Removing mbed/TARGET_NRF51_DK/TOOLCHAIN_ARM_STD/spi_api.o(i.spi_init), (244 bytes).
    Removing mbed/TARGET_NRF51_DK/TOOLCHAIN_ARM_STD/spi_api.o(i.spi_irq_handler_asynch), (68 bytes).
    Removing mbed/TARGET_NRF51_DK/TOOLCHAIN_ARM_STD/spi_api.o(i.spi_master_block_write), (120 bytes).
    Removing mbed/TARGET_NRF51_DK/TOOLCHAIN_ARM_STD/spi_api.o(i.spi_master_transfer), (112 bytes).
    Removing mbed/TARGET_NRF51_DK/TOOLCHAIN_ARM_STD/spi_api.o(i.spi_master_write), (68 bytes).
    Removing mbed/TARGET_NRF51_DK/TOOLCHAIN_ARM_STD/spi_api.o(i.spi_slave_read), (72 bytes).
    Removing mbed/TARGET_NRF51_DK/TOOLCHAIN_ARM_STD/spi_api.o(i.spi_slave_receive), (64 bytes).
    Removing mbed/TARGET_NRF51_DK/TOOLCHAIN_ARM_STD/spi_api.o(i.spi_slave_write), (68 bytes).
    Removing mbed/TARGET_NRF51_DK/TOOLCHAIN_ARM_STD/spi_api.o(.bss), (24 bytes).
    Removing mbed/TARGET_NRF51_DK/TOOLCHAIN_ARM_STD/spi_api.o(.constdata), (16 bytes).
    Removing mbed/TARGET_NRF51_DK/TOOLCHAIN_ARM_STD/spi_api.o(.conststring), (81 bytes).
    Removing mbed/TARGET_NRF51_DK/TOOLCHAIN_ARM_STD/spi_api.o(.data), (16 bytes).
    Removing mbed/TARGET_NRF51_DK/TOOLCHAIN_ARM_STD/system_nrf51.o(.rev16_text), (4 bytes).
    Removing mbed/TARGET_NRF51_DK/TOOLCHAIN_ARM_STD/system_nrf51.o(.revsh_text), (4 bytes).
    Removing mbed/TARGET_NRF51_DK/TOOLCHAIN_ARM_STD/system_nrf51.o(i.SystemCoreClockUpdate), (16 bytes).
    Removing mbed/TARGET_NRF51_DK/TOOLCHAIN_ARM_STD/us_ticker.o(.rev16_text), (4 bytes).
    Removing mbed/TARGET_NRF51_DK/TOOLCHAIN_ARM_STD/us_ticker.o(.revsh_text), (4 bytes).
    Removing mbed/TARGET_NRF51_DK/TOOLCHAIN_ARM_STD/us_ticker.o(i.common_rtc_irq_handler), (60 bytes).
    Removing mbed/TARGET_NRF51_DK/TOOLCHAIN_ARM_STD/us_ticker.o(i.mbed_get_m0_tick_irqn), (4 bytes).
    Removing .\build\flash.o(.rev16_text), (4 bytes).
    Removing .\build\flash.o(.revsh_text), (4 bytes).
    Removing .\build\flash.o(.emb_text), (30 bytes).
    Removing .\build\flash.o(i._Z23ble_flash_crc16_computePhtPt), (68 bytes).
    Removing .\build\flash.o(i._ZN5Flash10resetFlashEv), (76 bytes).
    Removing .\build\flash.o(i._ZN5Flash16clearsgFlashBuffEv), (28 bytes).
    Removing .\build\flash.o(i._ZN5Flash17TestFlashFunctionEv), (96 bytes).
    Removing .\build\flash.o(.ARM.exidx), (8 bytes).
    Removing .\build\flash.o(.ARM.exidx), (8 bytes).
    Removing .\build\flash.o(.ARM.exidx), (8 bytes).
    Removing .\build\flash.o(.ARM.exidx), (8 bytes).
    Removing .\build\flash.o(.ARM.exidx), (8 bytes).
    Removing .\build\flash.o(.ARM.exidx), (8 bytes).
    Removing .\build\flash.o(.ARM.exidx), (8 bytes).
    Removing .\build\flash.o(.ARM.exidx), (8 bytes).
    Removing .\build\flash.o(.ARM.exidx), (8 bytes).
    Removing .\build\flash.o(.ARM.exidx), (8 bytes).
    Removing .\build\flash.o(.ARM.exidx), (8 bytes).
    Removing .\build\flash.o(.ARM.exidx), (8 bytes).
    Removing .\build\rf.o(.rev16_text), (4 bytes).
    Removing .\build\rf.o(.revsh_text), (4 bytes).
    Removing .\build\rf.o(.emb_text), (30 bytes).
    Removing .\build\rf.o(i._ZN2Rf11changeGroupE9channel_t), (28 bytes).
    Removing .\build\rf.o(i._ZN2Rf11changeGroupEj), (52 bytes).
    Removing .\build\rf.o(i._ZN2Rf11changeGroupEj7TxDbm_t), (28 bytes).
    Removing .\build\rf.o(i._ZN2Rf11isOkChannelEv), (148 bytes).
    Removing .\build\rf.o(i._ZN2Rf11returnRadioEv), (12 bytes).
    Removing .\build\rf.o(i._ZN2Rf12isOkCheckSumEt), (196 bytes).
    Removing .\build\rf.o(i._ZN2Rf13returnRfClassEv), (2 bytes).
    Removing .\build\rf.o(i._ZN2Rf15setHoppingCountEv), (12 bytes).
    Removing .\build\rf.o(.ARM.exidx), (8 bytes).
    Removing .\build\rf.o(.ARM.exidx), (8 bytes).
    Removing .\build\rf.o(.ARM.exidx), (8 bytes).
    Removing .\build\rf.o(.ARM.exidx), (8 bytes).
    Removing .\build\rf.o(.ARM.exidx), (8 bytes).
    Removing .\build\rf.o(.ARM.exidx), (8 bytes).
    Removing .\build\rf.o(.ARM.exidx), (8 bytes).
    Removing .\build\rf.o(.ARM.exidx), (8 bytes).
    Removing .\build\rf.o(.ARM.exidx), (8 bytes).
    Removing .\build\rf.o(.ARM.exidx), (8 bytes).
    Removing .\build\rf.o(.ARM.exidx), (8 bytes).
    Removing .\build\rf.o(.ARM.exidx), (8 bytes).
    Removing .\build\rf.o(.ARM.exidx), (8 bytes).
    Removing .\build\rf.o(.ARM.exidx), (8 bytes).
    Removing .\build\rf.o(.ARM.exidx), (8 bytes).
    Removing .\build\rf.o(.ARM.exidx), (8 bytes).
    Removing .\build\rf.o(.ARM.exidx), (8 bytes).
    Removing .\build\rf.o(.ARM.exidx), (8 bytes).
    Removing .\build\rf.o(.ARM.exidx), (8 bytes).
    Removing .\build\rf.o(.ARM.exidx), (8 bytes).
    Removing .\build\rf.o(.ARM.exidx), (8 bytes).
    Removing .\build\radio_config.o(.rev16_text), (4 bytes).
    Removing .\build\radio_config.o(.revsh_text), (4 bytes).
    Removing .\build\radio_config.o(.emb_text), (30 bytes).
    Removing .\build\radio_config.o(i.radio_configure), (200 bytes).
    Removing .\build\dimmerrf.o(i._ZN8DimmerRf4testEv), (200 bytes).
    Removing .\build\dimmerrf.o(i._ZN8DimmerRfC1Ev), (16 bytes).
    Removing .\build\dimmerrf.o(.ARM.exidx), (8 bytes).
    Removing .\build\dimmerrf.o(.ARM.exidx), (8 bytes).
    Removing .\build\dimmerrf.o(.ARM.exidx), (8 bytes).
    Removing .\build\dimmerrf.o(.ARM.exidx), (8 bytes).
    Removing .\build\dimmerrf.o(.ARM.exidx), (8 bytes).
    Removing .\build\uttecutil.o(i._Z10dispForcedPcb), (48 bytes).
    Removing .\build\uttecutil.o(i._Z10dispSensorPch), (204 bytes).
    Removing .\build\uttecutil.o(i._Z7disTimev), (128 bytes).
    Removing .\build\uttecutil.o(i._Z8dispRxTxPch), (184 bytes).
    Removing .\build\uttecutil.o(i._ZN9UttecUtil12getDimFactorEv), (16 bytes).
    Removing .\build\uttecutil.o(i._ZN9UttecUtil12setDimFactorE12dimFactors_t), (28 bytes).
    Removing .\build\uttecutil.o(i._ZN9UttecUtil7Hex2DecEh), (118 bytes).
    Removing .\build\uttecutil.o(i._ZN9UttecUtil7dispSecEP9rfFrame_t), (176 bytes).
    Removing .\build\uttecutil.o(i._ZN9UttecUtil8testProcEhjf), (84 bytes).
    Removing .\build\uttecutil.o(i._ZN9UttecUtil8testProcEhjj), (72 bytes).
    Removing .\build\uttecutil.o(.ARM.exidx), (8 bytes).
    Removing .\build\uttecutil.o(.ARM.exidx), (8 bytes).
    Removing .\build\uttecutil.o(.ARM.exidx), (8 bytes).
    Removing .\build\uttecutil.o(.ARM.exidx), (8 bytes).
    Removing .\build\uttecutil.o(.ARM.exidx), (8 bytes).
    Removing .\build\uttecutil.o(.ARM.exidx), (8 bytes).
    Removing .\build\uttecutil.o(.ARM.exidx), (8 bytes).
    Removing .\build\uttecutil.o(.ARM.exidx), (8 bytes).
    Removing .\build\uttecutil.o(.ARM.exidx), (8 bytes).
    Removing .\build\uttecutil.o(.ARM.exidx), (8 bytes).
    Removing .\build\uttecutil.o(.ARM.exidx), (8 bytes).
    Removing .\build\uttecutil.o(.ARM.exidx), (8 bytes).
    Removing .\build\uttecutil.o(.ARM.exidx), (8 bytes).
    Removing .\build\uttecutil.o(.data), (12 bytes).
    Removing mbed/TARGET_NRF51_DK/TOOLCHAIN_ARM_STD/mbed.ar(Serial.o)(.rev16_text), (4 bytes).
    Removing mbed/TARGET_NRF51_DK/TOOLCHAIN_ARM_STD/mbed.ar(Serial.o)(.revsh_text), (4 bytes).
    Removing mbed/TARGET_NRF51_DK/TOOLCHAIN_ARM_STD/mbed.ar(Serial.o)(i._ZN4mbed6Serial5_getcEv), (8 bytes).
    Removing mbed/TARGET_NRF51_DK/TOOLCHAIN_ARM_STD/mbed.ar(Serial.o)(i._ZN4mbed6Serial5_putcEi), (8 bytes).
    Removing mbed/TARGET_NRF51_DK/TOOLCHAIN_ARM_STD/mbed.ar(Serial.o)(i._ZN4mbed6SerialC1E7PinNameS1_i), (48 bytes).
    Removing mbed/TARGET_NRF51_DK/TOOLCHAIN_ARM_STD/mbed.ar(Serial.o)(i._ZThn152_N4mbed6Serial5_getcEv), (10 bytes).
    Removing mbed/TARGET_NRF51_DK/TOOLCHAIN_ARM_STD/mbed.ar(Serial.o)(.ARM.exidx), (8 bytes).
    Removing mbed/TARGET_NRF51_DK/TOOLCHAIN_ARM_STD/mbed.ar(Serial.o)(.ARM.exidx), (8 bytes).
    Removing mbed/TARGET_NRF51_DK/TOOLCHAIN_ARM_STD/mbed.ar(Serial.o)(.ARM.exidx), (8 bytes).
    Removing mbed/TARGET_NRF51_DK/TOOLCHAIN_ARM_STD/mbed.ar(Serial.o)(.ARM.exidx), (8 bytes).
    Removing mbed/TARGET_NRF51_DK/TOOLCHAIN_ARM_STD/mbed.ar(Serial.o)(.ARM.exidx), (8 bytes).
    Removing mbed/TARGET_NRF51_DK/TOOLCHAIN_ARM_STD/mbed.ar(Serial.o)(.ARM.exidx), (8 bytes).
    Removing mbed/TARGET_NRF51_DK/TOOLCHAIN_ARM_STD/mbed.ar(Serial.o)(.ARM.exidx), (8 bytes).
    Removing mbed/TARGET_NRF51_DK/TOOLCHAIN_ARM_STD/mbed.ar(Serial.o)(.ARM.exidx), (8 bytes).
    Removing mbed/TARGET_NRF51_DK/TOOLCHAIN_ARM_STD/mbed.ar(Serial.o)(.ARM.exidx), (8 bytes).
    Removing mbed/TARGET_NRF51_DK/TOOLCHAIN_ARM_STD/mbed.ar(Serial.o)(.ARM.exidx), (8 bytes).
    Removing mbed/TARGET_NRF51_DK/TOOLCHAIN_ARM_STD/mbed.ar(Ticker.o)(.rev16_text), (4 bytes).
    Removing mbed/TARGET_NRF51_DK/TOOLCHAIN_ARM_STD/mbed.ar(Ticker.o)(.revsh_text), (4 bytes).
    Removing mbed/TARGET_NRF51_DK/TOOLCHAIN_ARM_STD/mbed.ar(Ticker.o)(i._ZN4mbed6Ticker6detachEv), (106 bytes).
    Removing mbed/TARGET_NRF51_DK/TOOLCHAIN_ARM_STD/mbed.ar(Ticker.o)(.ARM.exidx), (8 bytes).
    Removing mbed/TARGET_NRF51_DK/TOOLCHAIN_ARM_STD/mbed.ar(Ticker.o)(.ARM.exidx), (8 bytes).
    Removing mbed/TARGET_NRF51_DK/TOOLCHAIN_ARM_STD/mbed.ar(Ticker.o)(.ARM.exidx), (8 bytes).
    Removing mbed/TARGET_NRF51_DK/TOOLCHAIN_ARM_STD/mbed.ar(SerialBase.o)(.rev16_text), (4 bytes).
    Removing mbed/TARGET_NRF51_DK/TOOLCHAIN_ARM_STD/mbed.ar(SerialBase.o)(.revsh_text), (4 bytes).
    Removing mbed/TARGET_NRF51_DK/TOOLCHAIN_ARM_STD/mbed.ar(SerialBase.o)(i._ZN4mbed10SerialBase10_base_getcEv), (10 bytes).
    Removing mbed/TARGET_NRF51_DK/TOOLCHAIN_ARM_STD/mbed.ar(SerialBase.o)(i._ZN4mbed10SerialBase10abort_readEv), (94 bytes).
    Removing mbed/TARGET_NRF51_DK/TOOLCHAIN_ARM_STD/mbed.ar(SerialBase.o)(i._ZN4mbed10SerialBase10send_breakEv), (56 bytes).
    Removing mbed/TARGET_NRF51_DK/TOOLCHAIN_ARM_STD/mbed.ar(SerialBase.o)(i._ZN4mbed10SerialBase10start_readEPvicRKNS_8CallbackIFviEEEih), (112 bytes).
    Removing mbed/TARGET_NRF51_DK/TOOLCHAIN_ARM_STD/mbed.ar(SerialBase.o)(i._ZN4mbed10SerialBase11abort_writeEv), (94 bytes).
    Removing mbed/TARGET_NRF51_DK/TOOLCHAIN_ARM_STD/mbed.ar(SerialBase.o)(i._ZN4mbed10SerialBase11start_writeEPKvicRKNS_8CallbackIFviEEEi), (108 bytes).
    Removing mbed/TARGET_NRF51_DK/TOOLCHAIN_ARM_STD/mbed.ar(SerialBase.o)(i._ZN4mbed10SerialBase16set_dma_usage_rxE8DMAUsage), (30 bytes).
    Removing mbed/TARGET_NRF51_DK/TOOLCHAIN_ARM_STD/mbed.ar(SerialBase.o)(i._ZN4mbed10SerialBase16set_dma_usage_txE8DMAUsage), (30 bytes).
    Removing mbed/TARGET_NRF51_DK/TOOLCHAIN_ARM_STD/mbed.ar(SerialBase.o)(i._ZN4mbed10SerialBase16set_flow_controlENS0_4FlowE7PinNameS2_), (78 bytes).
    Removing mbed/TARGET_NRF51_DK/TOOLCHAIN_ARM_STD/mbed.ar(SerialBase.o)(i._ZN4mbed10SerialBase4readEPhiRKNS_8CallbackIFviEEEih), (148 bytes).
    Removing mbed/TARGET_NRF51_DK/TOOLCHAIN_ARM_STD/mbed.ar(SerialBase.o)(i._ZN4mbed10SerialBase4readEPtiRKNS_8CallbackIFviEEEih), (148 bytes).
    Removing mbed/TARGET_NRF51_DK/TOOLCHAIN_ARM_STD/mbed.ar(SerialBase.o)(i._ZN4mbed10SerialBase5writeEPKhiRKNS_8CallbackIFviEEEi), (140 bytes).
    Removing mbed/TARGET_NRF51_DK/TOOLCHAIN_ARM_STD/mbed.ar(SerialBase.o)(i._ZN4mbed10SerialBase5writeEPKtiRKNS_8CallbackIFviEEEi), (140 bytes).
    Removing mbed/TARGET_NRF51_DK/TOOLCHAIN_ARM_STD/mbed.ar(SerialBase.o)(i._ZN4mbed10SerialBase6attachENS_8CallbackIFvvEEENS0_7IrqTypeE), (192 bytes).
    Removing mbed/TARGET_NRF51_DK/TOOLCHAIN_ARM_STD/mbed.ar(SerialBase.o)(i._ZN4mbed10SerialBase6formatEiNS0_6ParityEi), (42 bytes).
    Removing mbed/TARGET_NRF51_DK/TOOLCHAIN_ARM_STD/mbed.ar(SerialBase.o)(i._ZN4mbed10SerialBase8readableEv), (34 bytes).
    Removing mbed/TARGET_NRF51_DK/TOOLCHAIN_ARM_STD/mbed.ar(SerialBase.o)(i._ZN4mbed10SerialBase9writeableEv), (34 bytes).
    Removing mbed/TARGET_NRF51_DK/TOOLCHAIN_ARM_STD/mbed.ar(SerialBase.o)(i._ZN4mbed10SerialBaseD0Ev), (12 bytes).
    Removing mbed/TARGET_NRF51_DK/TOOLCHAIN_ARM_STD/mbed.ar(SerialBase.o)(.ARM.exidx), (8 bytes).
    Removing mbed/TARGET_NRF51_DK/TOOLCHAIN_ARM_STD/mbed.ar(SerialBase.o)(.ARM.exidx), (8 bytes).
    Removing mbed/TARGET_NRF51_DK/TOOLCHAIN_ARM_STD/mbed.ar(SerialBase.o)(.ARM.exidx), (8 bytes).
    Removing mbed/TARGET_NRF51_DK/TOOLCHAIN_ARM_STD/mbed.ar(SerialBase.o)(.ARM.exidx), (8 bytes).
    Removing mbed/TARGET_NRF51_DK/TOOLCHAIN_ARM_STD/mbed.ar(SerialBase.o)(.ARM.exidx), (8 bytes).
    Removing mbed/TARGET_NRF51_DK/TOOLCHAIN_ARM_STD/mbed.ar(SerialBase.o)(.ARM.exidx), (8 bytes).
    Removing mbed/TARGET_NRF51_DK/TOOLCHAIN_ARM_STD/mbed.ar(SerialBase.o)(.ARM.exidx), (8 bytes).
    Removing mbed/TARGET_NRF51_DK/TOOLCHAIN_ARM_STD/mbed.ar(SerialBase.o)(.ARM.exidx), (8 bytes).
    Removing mbed/TARGET_NRF51_DK/TOOLCHAIN_ARM_STD/mbed.ar(SerialBase.o)(.ARM.exidx), (8 bytes).
    Removing mbed/TARGET_NRF51_DK/TOOLCHAIN_ARM_STD/mbed.ar(SerialBase.o)(.ARM.exidx), (8 bytes).
    Removing mbed/TARGET_NRF51_DK/TOOLCHAIN_ARM_STD/mbed.ar(SerialBase.o)(.ARM.exidx), (8 bytes).
    Removing mbed/TARGET_NRF51_DK/TOOLCHAIN_ARM_STD/mbed.ar(SerialBase.o)(.ARM.exidx), (8 bytes).
    Removing mbed/TARGET_NRF51_DK/TOOLCHAIN_ARM_STD/mbed.ar(SerialBase.o)(.ARM.exidx), (8 bytes).
    Removing mbed/TARGET_NRF51_DK/TOOLCHAIN_ARM_STD/mbed.ar(SerialBase.o)(.ARM.exidx), (8 bytes).
    Removing mbed/TARGET_NRF51_DK/TOOLCHAIN_ARM_STD/mbed.ar(SerialBase.o)(.ARM.exidx), (8 bytes).
    Removing mbed/TARGET_NRF51_DK/TOOLCHAIN_ARM_STD/mbed.ar(SerialBase.o)(.ARM.exidx), (8 bytes).
    Removing mbed/TARGET_NRF51_DK/TOOLCHAIN_ARM_STD/mbed.ar(SerialBase.o)(.ARM.exidx), (8 bytes).
    Removing mbed/TARGET_NRF51_DK/TOOLCHAIN_ARM_STD/mbed.ar(SerialBase.o)(.ARM.exidx), (8 bytes).
    Removing mbed/TARGET_NRF51_DK/TOOLCHAIN_ARM_STD/mbed.ar(SerialBase.o)(.ARM.exidx), (8 bytes).
    Removing mbed/TARGET_NRF51_DK/TOOLCHAIN_ARM_STD/mbed.ar(SerialBase.o)(.ARM.exidx), (8 bytes).
    Removing mbed/TARGET_NRF51_DK/TOOLCHAIN_ARM_STD/mbed.ar(SerialBase.o)(.ARM.exidx), (8 bytes).
    Removing mbed/TARGET_NRF51_DK/TOOLCHAIN_ARM_STD/mbed.ar(SerialBase.o)(.ARM.exidx), (8 bytes).
    Removing mbed/TARGET_NRF51_DK/TOOLCHAIN_ARM_STD/mbed.ar(SerialBase.o)(.ARM.exidx), (8 bytes).
    Removing mbed/TARGET_NRF51_DK/TOOLCHAIN_ARM_STD/mbed.ar(SerialBase.o)(.ARM.exidx), (8 bytes).
    Removing mbed/TARGET_NRF51_DK/TOOLCHAIN_ARM_STD/mbed.ar(SerialBase.o)(.ARM.exidx), (8 bytes).
    Removing mbed/TARGET_NRF51_DK/TOOLCHAIN_ARM_STD/mbed.ar(SerialBase.o)(.ARM.exidx), (8 bytes).
    Removing mbed/TARGET_NRF51_DK/TOOLCHAIN_ARM_STD/mbed.ar(SerialBase.o)(.ARM.exidx), (8 bytes).
    Removing mbed/TARGET_NRF51_DK/TOOLCHAIN_ARM_STD/mbed.ar(TimerEvent.o)(.rev16_text), (4 bytes).
    Removing mbed/TARGET_NRF51_DK/TOOLCHAIN_ARM_STD/mbed.ar(TimerEvent.o)(.revsh_text), (4 bytes).
    Removing mbed/TARGET_NRF51_DK/TOOLCHAIN_ARM_STD/mbed.ar(TimerEvent.o)(i._ZN4mbed10TimerEvent6insertEj), (20 bytes).
    Removing mbed/TARGET_NRF51_DK/TOOLCHAIN_ARM_STD/mbed.ar(TimerEvent.o)(i._ZN4mbed10TimerEventC2EPK13ticker_data_t), (40 bytes).
    Removing mbed/TARGET_NRF51_DK/TOOLCHAIN_ARM_STD/mbed.ar(TimerEvent.o)(i._ZN4mbed10TimerEventD0Ev), (32 bytes).
    Removing mbed/TARGET_NRF51_DK/TOOLCHAIN_ARM_STD/mbed.ar(TimerEvent.o)(.ARM.exidx), (8 bytes).
    Removing mbed/TARGET_NRF51_DK/TOOLCHAIN_ARM_STD/mbed.ar(TimerEvent.o)(.ARM.exidx), (8 bytes).
    Removing mbed/TARGET_NRF51_DK/TOOLCHAIN_ARM_STD/mbed.ar(TimerEvent.o)(.ARM.exidx), (8 bytes).
    Removing mbed/TARGET_NRF51_DK/TOOLCHAIN_ARM_STD/mbed.ar(TimerEvent.o)(.ARM.exidx), (8 bytes).
    Removing mbed/TARGET_NRF51_DK/TOOLCHAIN_ARM_STD/mbed.ar(TimerEvent.o)(.ARM.exidx), (8 bytes).
    Removing mbed/TARGET_NRF51_DK/TOOLCHAIN_ARM_STD/mbed.ar(TimerEvent.o)(.ARM.exidx), (8 bytes).
    Removing mbed/TARGET_NRF51_DK/TOOLCHAIN_ARM_STD/mbed.ar(TimerEvent.o)(.ARM.exidx), (8 bytes).
    Removing mbed/TARGET_NRF51_DK/TOOLCHAIN_ARM_STD/mbed.ar(TimerEvent.o)(.ARM.exidx), (8 bytes).
    Removing mbed/TARGET_NRF51_DK/TOOLCHAIN_ARM_STD/mbed.ar(Timer.o)(.rev16_text), (4 bytes).
    Removing mbed/TARGET_NRF51_DK/TOOLCHAIN_ARM_STD/mbed.ar(Timer.o)(.revsh_text), (4 bytes).
    Removing mbed/TARGET_NRF51_DK/TOOLCHAIN_ARM_STD/mbed.ar(Timer.o)(i._ZN4mbed5Timer23read_high_resolution_usEv), (60 bytes).
    Removing mbed/TARGET_NRF51_DK/TOOLCHAIN_ARM_STD/mbed.ar(Timer.o)(i._ZN4mbed5Timer4readEv), (60 bytes).
    Removing mbed/TARGET_NRF51_DK/TOOLCHAIN_ARM_STD/mbed.ar(Timer.o)(i._ZN4mbed5Timer4stopEv), (80 bytes).
    Removing mbed/TARGET_NRF51_DK/TOOLCHAIN_ARM_STD/mbed.ar(Timer.o)(i._ZN4mbed5Timer5resetEv), (30 bytes).
    Removing mbed/TARGET_NRF51_DK/TOOLCHAIN_ARM_STD/mbed.ar(Timer.o)(i._ZN4mbed5Timer5startEv), (44 bytes).
    Removing mbed/TARGET_NRF51_DK/TOOLCHAIN_ARM_STD/mbed.ar(Timer.o)(i._ZN4mbed5Timer7read_msEv), (70 bytes).
    Removing mbed/TARGET_NRF51_DK/TOOLCHAIN_ARM_STD/mbed.ar(Timer.o)(i._ZN4mbed5Timer7read_usEv), (46 bytes).
    Removing mbed/TARGET_NRF51_DK/TOOLCHAIN_ARM_STD/mbed.ar(Timer.o)(i._ZN4mbed5Timer9slicetimeEv), (44 bytes).
    Removing mbed/TARGET_NRF51_DK/TOOLCHAIN_ARM_STD/mbed.ar(Timer.o)(i._ZN4mbed5TimerC1EPK13ticker_data_t), (68 bytes).
    Removing mbed/TARGET_NRF51_DK/TOOLCHAIN_ARM_STD/mbed.ar(Timer.o)(i._ZN4mbed5TimercvfEv), (60 bytes).
    Removing mbed/TARGET_NRF51_DK/TOOLCHAIN_ARM_STD/mbed.ar(Timer.o)(.ARM.exidx), (8 bytes).
    Removing mbed/TARGET_NRF51_DK/TOOLCHAIN_ARM_STD/mbed.ar(Timer.o)(.ARM.exidx), (8 bytes).
    Removing mbed/TARGET_NRF51_DK/TOOLCHAIN_ARM_STD/mbed.ar(Timer.o)(.ARM.exidx), (8 bytes).
    Removing mbed/TARGET_NRF51_DK/TOOLCHAIN_ARM_STD/mbed.ar(Timer.o)(.ARM.exidx), (8 bytes).
    Removing mbed/TARGET_NRF51_DK/TOOLCHAIN_ARM_STD/mbed.ar(Timer.o)(.ARM.exidx), (8 bytes).
    Removing mbed/TARGET_NRF51_DK/TOOLCHAIN_ARM_STD/mbed.ar(Timer.o)(.ARM.exidx), (8 bytes).
    Removing mbed/TARGET_NRF51_DK/TOOLCHAIN_ARM_STD/mbed.ar(Timer.o)(.ARM.exidx), (8 bytes).
    Removing mbed/TARGET_NRF51_DK/TOOLCHAIN_ARM_STD/mbed.ar(Timer.o)(.ARM.exidx), (8 bytes).
    Removing mbed/TARGET_NRF51_DK/TOOLCHAIN_ARM_STD/mbed.ar(Timer.o)(.ARM.exidx), (8 bytes).
    Removing mbed/TARGET_NRF51_DK/TOOLCHAIN_ARM_STD/mbed.ar(Timer.o)(.ARM.exidx), (8 bytes).
    Removing mbed/TARGET_NRF51_DK/TOOLCHAIN_ARM_STD/mbed.ar(Timer.o)(.ARM.exidx), (8 bytes).
    Removing mbed/TARGET_NRF51_DK/TOOLCHAIN_ARM_STD/mbed.ar(Timer.o)(.ARM.exidx), (8 bytes).
    Removing mbed/TARGET_NRF51_DK/TOOLCHAIN_ARM_STD/mbed.ar(mbed_gpio.o)(.rev16_text), (4 bytes).
    Removing mbed/TARGET_NRF51_DK/TOOLCHAIN_ARM_STD/mbed.ar(mbed_gpio.o)(.revsh_text), (4 bytes).
    Removing mbed/TARGET_NRF51_DK/TOOLCHAIN_ARM_STD/mbed.ar(mbed_gpio.o)(i.gpio_init_in), (34 bytes).
    Removing mbed/TARGET_NRF51_DK/TOOLCHAIN_ARM_STD/mbed.ar(mbed_gpio.o)(i.gpio_init_in_ex), (34 bytes).
    Removing mbed/TARGET_NRF51_DK/TOOLCHAIN_ARM_STD/mbed.ar(mbed_gpio.o)(i.gpio_init_inout), (164 bytes).
    Removing mbed/TARGET_NRF51_DK/TOOLCHAIN_ARM_STD/mbed.ar(mbed_lp_ticker_api.o)(.rev16_text), (4 bytes).
    Removing mbed/TARGET_NRF51_DK/TOOLCHAIN_ARM_STD/mbed.ar(mbed_lp_ticker_api.o)(.revsh_text), (4 bytes).
    Removing mbed/TARGET_NRF51_DK/TOOLCHAIN_ARM_STD/mbed.ar(mbed_lp_ticker_api.o)(i.get_lp_ticker_data), (8 bytes).
    Removing mbed/TARGET_NRF51_DK/TOOLCHAIN_ARM_STD/mbed.ar(mbed_pinmap_common.o)(.rev16_text), (4 bytes).
    Removing mbed/TARGET_NRF51_DK/TOOLCHAIN_ARM_STD/mbed.ar(mbed_pinmap_common.o)(.revsh_text), (4 bytes).
    Removing mbed/TARGET_NRF51_DK/TOOLCHAIN_ARM_STD/mbed.ar(mbed_pinmap_common.o)(i.pinmap_find_function), (36 bytes).
    Removing mbed/TARGET_NRF51_DK/TOOLCHAIN_ARM_STD/mbed.ar(mbed_pinmap_common.o)(i.pinmap_find_peripheral), (36 bytes).
    Removing mbed/TARGET_NRF51_DK/TOOLCHAIN_ARM_STD/mbed.ar(mbed_pinmap_common.o)(i.pinmap_function), (92 bytes).
    Removing mbed/TARGET_NRF51_DK/TOOLCHAIN_ARM_STD/mbed.ar(mbed_pinmap_common.o)(i.pinmap_merge), (52 bytes).
    Removing mbed/TARGET_NRF51_DK/TOOLCHAIN_ARM_STD/mbed.ar(mbed_pinmap_common.o)(i.pinmap_peripheral), (92 bytes).
    Removing mbed/TARGET_NRF51_DK/TOOLCHAIN_ARM_STD/mbed.ar(mbed_pinmap_common.o)(i.pinmap_pinout), (84 bytes).
    Removing mbed/TARGET_NRF51_DK/TOOLCHAIN_ARM_STD/mbed.ar(mbed_sleep_manager.o)(.rev16_text), (4 bytes).
    Removing mbed/TARGET_NRF51_DK/TOOLCHAIN_ARM_STD/mbed.ar(mbed_sleep_manager.o)(.revsh_text), (4 bytes).
    Removing mbed/TARGET_NRF51_DK/TOOLCHAIN_ARM_STD/mbed.ar(mbed_sleep_manager.o)(i.sleep_manager_can_deep_sleep), (20 bytes).
    Removing mbed/TARGET_NRF51_DK/TOOLCHAIN_ARM_STD/mbed.ar(mbed_sleep_manager.o)(i.sleep_manager_sleep_auto), (36 bytes).
    Removing mbed/TARGET_NRF51_DK/TOOLCHAIN_ARM_STD/mbed.ar(mbed_us_ticker_api.o)(.rev16_text), (4 bytes).
    Removing mbed/TARGET_NRF51_DK/TOOLCHAIN_ARM_STD/mbed.ar(mbed_us_ticker_api.o)(.revsh_text), (4 bytes).
    Removing mbed/TARGET_NRF51_DK/TOOLCHAIN_ARM_STD/mbed.ar(mbed_ticker_api.o)(.rev16_text), (4 bytes).
    Removing mbed/TARGET_NRF51_DK/TOOLCHAIN_ARM_STD/mbed.ar(mbed_ticker_api.o)(.revsh_text), (4 bytes).
    Removing mbed/TARGET_NRF51_DK/TOOLCHAIN_ARM_STD/mbed.ar(mbed_ticker_api.o)(i.ticker_get_next_timestamp), (34 bytes).
    Removing mbed/TARGET_NRF51_DK/TOOLCHAIN_ARM_STD/mbed.ar(mbed_ticker_api.o)(i.ticker_insert_event), (136 bytes).
    Removing mbed/TARGET_NRF51_DK/TOOLCHAIN_ARM_STD/mbed.ar(FilePath.o)(.rev16_text), (4 bytes).
    Removing mbed/TARGET_NRF51_DK/TOOLCHAIN_ARM_STD/mbed.ar(FilePath.o)(.revsh_text), (4 bytes).
    Removing mbed/TARGET_NRF51_DK/TOOLCHAIN_ARM_STD/mbed.ar(FilePath.o)(i._ZN4mbed8FilePath12isFileSystemEv), (20 bytes).
    Removing mbed/TARGET_NRF51_DK/TOOLCHAIN_ARM_STD/mbed.ar(FilePath.o)(.ARM.exidx), (8 bytes).
    Removing mbed/TARGET_NRF51_DK/TOOLCHAIN_ARM_STD/mbed.ar(FilePath.o)(.ARM.exidx), (8 bytes).
    Removing mbed/TARGET_NRF51_DK/TOOLCHAIN_ARM_STD/mbed.ar(FilePath.o)(.ARM.exidx), (8 bytes).
    Removing mbed/TARGET_NRF51_DK/TOOLCHAIN_ARM_STD/mbed.ar(FilePath.o)(.ARM.exidx), (8 bytes).
    Removing mbed/TARGET_NRF51_DK/TOOLCHAIN_ARM_STD/mbed.ar(FilePath.o)(.ARM.exidx), (8 bytes).
    Removing mbed/TARGET_NRF51_DK/TOOLCHAIN_ARM_STD/mbed.ar(FilePath.o)(.ARM.exidx), (8 bytes).
    Removing mbed/TARGET_NRF51_DK/TOOLCHAIN_ARM_STD/mbed.ar(FilePath.o)(.ARM.exidx), (8 bytes).
    Removing mbed/TARGET_NRF51_DK/TOOLCHAIN_ARM_STD/mbed.ar(Stream.o)(.rev16_text), (4 bytes).
    Removing mbed/TARGET_NRF51_DK/TOOLCHAIN_ARM_STD/mbed.ar(Stream.o)(.revsh_text), (4 bytes).
    Removing mbed/TARGET_NRF51_DK/TOOLCHAIN_ARM_STD/mbed.ar(Stream.o)(i._ZN4mbed6Stream4getcEv), (38 bytes).
    Removing mbed/TARGET_NRF51_DK/TOOLCHAIN_ARM_STD/mbed.ar(Stream.o)(i._ZN4mbed6Stream4getsEPci), (46 bytes).
    Removing mbed/TARGET_NRF51_DK/TOOLCHAIN_ARM_STD/mbed.ar(Stream.o)(i._ZN4mbed6Stream4putcEi), (42 bytes).
    Removing mbed/TARGET_NRF51_DK/TOOLCHAIN_ARM_STD/mbed.ar(Stream.o)(i._ZN4mbed6Stream4putsEPKc), (42 bytes).
    Removing mbed/TARGET_NRF51_DK/TOOLCHAIN_ARM_STD/mbed.ar(Stream.o)(i._ZN4mbed6Stream4readEPvj), (54 bytes).
    Removing mbed/TARGET_NRF51_DK/TOOLCHAIN_ARM_STD/mbed.ar(Stream.o)(i._ZN4mbed6Stream4syncEv), (4 bytes).
    Removing mbed/TARGET_NRF51_DK/TOOLCHAIN_ARM_STD/mbed.ar(Stream.o)(i._ZN4mbed6Stream4tellEv), (4 bytes).
    Removing mbed/TARGET_NRF51_DK/TOOLCHAIN_ARM_STD/mbed.ar(Stream.o)(i._ZN4mbed6Stream5scanfEPKcz), (52 bytes).
    Removing mbed/TARGET_NRF51_DK/TOOLCHAIN_ARM_STD/mbed.ar(Stream.o)(i._ZN4mbed6Stream6printfEPKcz), (52 bytes).
    Removing mbed/TARGET_NRF51_DK/TOOLCHAIN_ARM_STD/mbed.ar(Stream.o)(i._ZN4mbed6Stream6rewindEv), (2 bytes).
    Removing mbed/TARGET_NRF51_DK/TOOLCHAIN_ARM_STD/mbed.ar(Stream.o)(i._ZN4mbed6Stream6vscanfEPKcSt9__va_list), (46 bytes).
    Removing mbed/TARGET_NRF51_DK/TOOLCHAIN_ARM_STD/mbed.ar(Stream.o)(i._ZN4mbed6Stream7vprintfEPKcSt9__va_list), (46 bytes).
    Removing mbed/TARGET_NRF51_DK/TOOLCHAIN_ARM_STD/mbed.ar(Stream.o)(i._ZN4mbed6StreamD0Ev), (40 bytes).
    Removing mbed/TARGET_NRF51_DK/TOOLCHAIN_ARM_STD/mbed.ar(Stream.o)(i._ZThn4_N4mbed6StreamD0Ev), (40 bytes).
    Removing mbed/TARGET_NRF51_DK/TOOLCHAIN_ARM_STD/mbed.ar(Stream.o)(i._ZThn4_N4mbed6StreamD1Ev), (36 bytes).
    Removing mbed/TARGET_NRF51_DK/TOOLCHAIN_ARM_STD/mbed.ar(Stream.o)(.ARM.exidx), (8 bytes).
    Removing mbed/TARGET_NRF51_DK/TOOLCHAIN_ARM_STD/mbed.ar(Stream.o)(.ARM.exidx), (8 bytes).
    Removing mbed/TARGET_NRF51_DK/TOOLCHAIN_ARM_STD/mbed.ar(Stream.o)(.ARM.exidx), (8 bytes).
    Removing mbed/TARGET_NRF51_DK/TOOLCHAIN_ARM_STD/mbed.ar(Stream.o)(.ARM.exidx), (8 bytes).
    Removing mbed/TARGET_NRF51_DK/TOOLCHAIN_ARM_STD/mbed.ar(Stream.o)(.ARM.exidx), (8 bytes).
    Removing mbed/TARGET_NRF51_DK/TOOLCHAIN_ARM_STD/mbed.ar(Stream.o)(.ARM.exidx), (8 bytes).
    Removing mbed/TARGET_NRF51_DK/TOOLCHAIN_ARM_STD/mbed.ar(Stream.o)(.ARM.exidx), (8 bytes).
    Removing mbed/TARGET_NRF51_DK/TOOLCHAIN_ARM_STD/mbed.ar(Stream.o)(.ARM.exidx), (8 bytes).
    Removing mbed/TARGET_NRF51_DK/TOOLCHAIN_ARM_STD/mbed.ar(Stream.o)(.ARM.exidx), (8 bytes).
    Removing mbed/TARGET_NRF51_DK/TOOLCHAIN_ARM_STD/mbed.ar(Stream.o)(.ARM.exidx), (8 bytes).
    Removing mbed/TARGET_NRF51_DK/TOOLCHAIN_ARM_STD/mbed.ar(Stream.o)(.ARM.exidx), (8 bytes).
    Removing mbed/TARGET_NRF51_DK/TOOLCHAIN_ARM_STD/mbed.ar(Stream.o)(.ARM.exidx), (8 bytes).
    Removing mbed/TARGET_NRF51_DK/TOOLCHAIN_ARM_STD/mbed.ar(Stream.o)(.ARM.exidx), (8 bytes).
    Removing mbed/TARGET_NRF51_DK/TOOLCHAIN_ARM_STD/mbed.ar(Stream.o)(.ARM.exidx), (8 bytes).
    Removing mbed/TARGET_NRF51_DK/TOOLCHAIN_ARM_STD/mbed.ar(Stream.o)(.ARM.exidx), (8 bytes).
    Removing mbed/TARGET_NRF51_DK/TOOLCHAIN_ARM_STD/mbed.ar(Stream.o)(.ARM.exidx), (8 bytes).
    Removing mbed/TARGET_NRF51_DK/TOOLCHAIN_ARM_STD/mbed.ar(Stream.o)(.ARM.exidx), (8 bytes).
    Removing mbed/TARGET_NRF51_DK/TOOLCHAIN_ARM_STD/mbed.ar(Stream.o)(.ARM.exidx), (8 bytes).
    Removing mbed/TARGET_NRF51_DK/TOOLCHAIN_ARM_STD/mbed.ar(Stream.o)(.ARM.exidx), (8 bytes).
    Removing mbed/TARGET_NRF51_DK/TOOLCHAIN_ARM_STD/mbed.ar(Stream.o)(.ARM.exidx), (8 bytes).
    Removing mbed/TARGET_NRF51_DK/TOOLCHAIN_ARM_STD/mbed.ar(Stream.o)(.ARM.exidx), (8 bytes).
    Removing mbed/TARGET_NRF51_DK/TOOLCHAIN_ARM_STD/mbed.ar(Stream.o)(.ARM.exidx), (8 bytes).
    Removing mbed/TARGET_NRF51_DK/TOOLCHAIN_ARM_STD/mbed.ar(mbed_assert.o)(.rev16_text), (4 bytes).
    Removing mbed/TARGET_NRF51_DK/TOOLCHAIN_ARM_STD/mbed.ar(mbed_assert.o)(.revsh_text), (4 bytes).
    Removing mbed/TARGET_NRF51_DK/TOOLCHAIN_ARM_STD/mbed.ar(mbed_error.o)(.rev16_text), (4 bytes).
    Removing mbed/TARGET_NRF51_DK/TOOLCHAIN_ARM_STD/mbed.ar(mbed_error.o)(.revsh_text), (4 bytes).
    Removing mbed/TARGET_NRF51_DK/TOOLCHAIN_ARM_STD/mbed.ar(mbed_wait_api_no_rtos.o)(.rev16_text), (4 bytes).
    Removing mbed/TARGET_NRF51_DK/TOOLCHAIN_ARM_STD/mbed.ar(mbed_wait_api_no_rtos.o)(.revsh_text), (4 bytes).
    Removing mbed/TARGET_NRF51_DK/TOOLCHAIN_ARM_STD/mbed.ar(mbed_wait_api_no_rtos.o)(i.wait_us), (30 bytes).
    Removing mbed/TARGET_NRF51_DK/TOOLCHAIN_ARM_STD/mbed.ar(FileBase.o)(.rev16_text), (4 bytes).
    Removing mbed/TARGET_NRF51_DK/TOOLCHAIN_ARM_STD/mbed.ar(FileBase.o)(.revsh_text), (4 bytes).
    Removing mbed/TARGET_NRF51_DK/TOOLCHAIN_ARM_STD/mbed.ar(FileBase.o)(i._ZN4mbed8FileBase3getEi), (92 bytes).
    Removing mbed/TARGET_NRF51_DK/TOOLCHAIN_ARM_STD/mbed.ar(FileBase.o)(i._ZN4mbed8FileBase7getNameEv), (4 bytes).
    Removing mbed/TARGET_NRF51_DK/TOOLCHAIN_ARM_STD/mbed.ar(FileBase.o)(i._ZN4mbed8FileBaseD0Ev), (92 bytes).
    Removing mbed/TARGET_NRF51_DK/TOOLCHAIN_ARM_STD/mbed.ar(FileBase.o)(.ARM.exidx), (8 bytes).
    Removing mbed/TARGET_NRF51_DK/TOOLCHAIN_ARM_STD/mbed.ar(FileBase.o)(.ARM.exidx), (8 bytes).
    Removing mbed/TARGET_NRF51_DK/TOOLCHAIN_ARM_STD/mbed.ar(FileBase.o)(.ARM.exidx), (8 bytes).
    Removing mbed/TARGET_NRF51_DK/TOOLCHAIN_ARM_STD/mbed.ar(FileBase.o)(.ARM.exidx), (8 bytes).
    Removing mbed/TARGET_NRF51_DK/TOOLCHAIN_ARM_STD/mbed.ar(FileBase.o)(.ARM.exidx), (8 bytes).
    Removing mbed/TARGET_NRF51_DK/TOOLCHAIN_ARM_STD/mbed.ar(FileBase.o)(.ARM.exidx), (8 bytes).
    Removing mbed/TARGET_NRF51_DK/TOOLCHAIN_ARM_STD/mbed.ar(FileBase.o)(.ARM.exidx), (8 bytes).
    Removing mbed/TARGET_NRF51_DK/TOOLCHAIN_ARM_STD/mbed.ar(FileHandle.o)(.rev16_text), (4 bytes).
    Removing mbed/TARGET_NRF51_DK/TOOLCHAIN_ARM_STD/mbed.ar(FileHandle.o)(.revsh_text), (4 bytes).
    Removing mbed/TARGET_NRF51_DK/TOOLCHAIN_ARM_STD/mbed.ar(FileHandle.o)(.ARM.exidx), (8 bytes).
    Removing mbed/TARGET_NRF51_DK/TOOLCHAIN_ARM_STD/mbed.ar(FileHandle.o)(.ARM.exidx), (8 bytes).
    Removing mbed/TARGET_NRF51_DK/TOOLCHAIN_ARM_STD/mbed.ar(mbed_critical.o)(.rev16_text), (4 bytes).
    Removing mbed/TARGET_NRF51_DK/TOOLCHAIN_ARM_STD/mbed.ar(mbed_critical.o)(.revsh_text), (4 bytes).
    Removing mbed/TARGET_NRF51_DK/TOOLCHAIN_ARM_STD/mbed.ar(mbed_critical.o)(i.core_util_are_interrupts_enabled), (12 bytes).
    Removing mbed/TARGET_NRF51_DK/TOOLCHAIN_ARM_STD/mbed.ar(mbed_critical.o)(i.core_util_atomic_cas_ptr), (38 bytes).
    Removing mbed/TARGET_NRF51_DK/TOOLCHAIN_ARM_STD/mbed.ar(mbed_critical.o)(i.core_util_atomic_cas_u16), (38 bytes).
    Removing mbed/TARGET_NRF51_DK/TOOLCHAIN_ARM_STD/mbed.ar(mbed_critical.o)(i.core_util_atomic_cas_u32), (38 bytes).
    Removing mbed/TARGET_NRF51_DK/TOOLCHAIN_ARM_STD/mbed.ar(mbed_critical.o)(i.core_util_atomic_cas_u8), (38 bytes).
    Removing mbed/TARGET_NRF51_DK/TOOLCHAIN_ARM_STD/mbed.ar(mbed_critical.o)(i.core_util_atomic_decr_ptr), (24 bytes).
    Removing mbed/TARGET_NRF51_DK/TOOLCHAIN_ARM_STD/mbed.ar(mbed_critical.o)(i.core_util_atomic_decr_u32), (24 bytes).
    Removing mbed/TARGET_NRF51_DK/TOOLCHAIN_ARM_STD/mbed.ar(mbed_critical.o)(i.core_util_atomic_decr_u8), (26 bytes).
    Removing mbed/TARGET_NRF51_DK/TOOLCHAIN_ARM_STD/mbed.ar(mbed_critical.o)(i.core_util_atomic_incr_ptr), (24 bytes).
    Removing mbed/TARGET_NRF51_DK/TOOLCHAIN_ARM_STD/mbed.ar(mbed_critical.o)(i.core_util_atomic_incr_u32), (24 bytes).
    Removing mbed/TARGET_NRF51_DK/TOOLCHAIN_ARM_STD/mbed.ar(mbed_critical.o)(i.core_util_atomic_incr_u8), (26 bytes).
    Removing mbed/TARGET_NRF51_DK/TOOLCHAIN_ARM_STD/mbed.ar(mbed_critical.o)(i.core_util_critical_section_enter), (200 bytes).
    Removing mbed/TARGET_NRF51_DK/TOOLCHAIN_ARM_STD/mbed.ar(mbed_critical.o)(i.core_util_critical_section_exit), (148 bytes).
    Removing mbed/TARGET_NRF51_DK/TOOLCHAIN_ARM_STD/mbed.ar(mbed_critical.o)(i.core_util_is_isr_active), (12 bytes).
    Removing mbed/TARGET_NRF51_DK/TOOLCHAIN_ARM_STD/mbed.ar(mbed_critical.o)(.data), (8 bytes).
    Removing .\build\main.o(.ARM.exidx), (8 bytes).
    Removing .\build\main.o(.ARM.exidx), (8 bytes).
    Removing .\build\main.o(.ARM.exidx), (8 bytes).
    Removing .\build\main.o(.ARM.exidx), (8 bytes).
    Removing .\build\main.o(.ARM.exidx), (8 bytes).
    Removing .\build\main.o(.ARM.exidx), (8 bytes).
    Removing .\build\main.o(.ARM.exidx), (8 bytes).
    Removing .\build\main.o(.ARM.exidx), (8 bytes).
    Removing mbed/TARGET_NRF51_DK/TOOLCHAIN_ARM_STD/ble_advdata.o(i.__ARM_common_memcpy1_6), (26 bytes).
    Removing mbed/TARGET_NRF51_DK/TOOLCHAIN_ARM_STD/ble_advertising.o(i.__ARM_common_memclr4_7), (10 bytes).
    Removing mbed/TARGET_NRF51_DK/TOOLCHAIN_ARM_STD/device_manager_peripheral.o(i.__ARM_common_memcpy1_5), (22 bytes).
    Removing mbed/TARGET_NRF51_DK/TOOLCHAIN_ARM_STD/device_manager_peripheral.o(i.__ARM_common_memclr1_6), (16 bytes).
    Removing mbed/TARGET_NRF51_DK/TOOLCHAIN_ARM_STD/device_manager_peripheral.o(i.__ARM_common_memclr2_7), (12 bytes).
    Removing .\build\uttecutil.o(i.__ARM_common_switch8), (28 bytes).
    Removing .\build\uttecutil.o(.ARM.exidx), (8 bytes).
    Removing mbed/TARGET_NRF51_DK/TOOLCHAIN_ARM_STD/mbed.ar(Serial.o)(.ARM.exidx), (8 bytes).
    Removing mbed/TARGET_NRF51_DK/TOOLCHAIN_ARM_STD/mbed.ar(Serial.o)(i._ZN4mbed6SerialD0Ev), (48 bytes).
    Removing mbed/TARGET_NRF51_DK/TOOLCHAIN_ARM_STD/mbed.ar(Serial.o)(.ARM.exidx), (8 bytes).
    Removing mbed/TARGET_NRF51_DK/TOOLCHAIN_ARM_STD/mbed.ar(Serial.o)(i._ZN4mbed10FileHandle5lseekEli), (6 bytes).
    Removing mbed/TARGET_NRF51_DK/TOOLCHAIN_ARM_STD/mbed.ar(Serial.o)(.ARM.exidx), (8 bytes).
    Removing mbed/TARGET_NRF51_DK/TOOLCHAIN_ARM_STD/mbed.ar(Serial.o)(i._ZN4mbed10FileHandle5fsyncEv), (6 bytes).
    Removing mbed/TARGET_NRF51_DK/TOOLCHAIN_ARM_STD/mbed.ar(Serial.o)(.ARM.exidx), (8 bytes).
    Removing mbed/TARGET_NRF51_DK/TOOLCHAIN_ARM_STD/mbed.ar(Serial.o)(i._ZN4mbed10FileHandle4flenEv), (6 bytes).
    Removing mbed/TARGET_NRF51_DK/TOOLCHAIN_ARM_STD/mbed.ar(Serial.o)(.ARM.exidx), (8 bytes).
    Removing mbed/TARGET_NRF51_DK/TOOLCHAIN_ARM_STD/mbed.ar(Serial.o)(i._ZN4mbed10FileHandle12set_blockingEb), (6 bytes).
    Removing mbed/TARGET_NRF51_DK/TOOLCHAIN_ARM_STD/mbed.ar(Serial.o)(.ARM.exidx), (8 bytes).
    Removing mbed/TARGET_NRF51_DK/TOOLCHAIN_ARM_STD/mbed.ar(Serial.o)(i._ZNK4mbed10FileHandle4pollEs), (4 bytes).
    Removing mbed/TARGET_NRF51_DK/TOOLCHAIN_ARM_STD/mbed.ar(Serial.o)(.ARM.exidx), (8 bytes).
    Removing mbed/TARGET_NRF51_DK/TOOLCHAIN_ARM_STD/mbed.ar(Serial.o)(i._ZN4mbed10FileHandle5sigioENS_8CallbackIFvvEEE), (2 bytes).
    Removing mbed/TARGET_NRF51_DK/TOOLCHAIN_ARM_STD/mbed.ar(Serial.o)(.ARM.exidx), (8 bytes).
    Removing mbed/TARGET_NRF51_DK/TOOLCHAIN_ARM_STD/mbed.ar(Serial.o)(i._ZThn156_N4mbed6SerialD0Ev), (52 bytes).
    Removing mbed/TARGET_NRF51_DK/TOOLCHAIN_ARM_STD/mbed.ar(Serial.o)(.ARM.exidx), (8 bytes).
    Removing mbed/TARGET_NRF51_DK/TOOLCHAIN_ARM_STD/mbed.ar(Serial.o)(i._ZThn152_N4mbed6SerialD0Ev), (52 bytes).
    Removing mbed/TARGET_NRF51_DK/TOOLCHAIN_ARM_STD/mbed.ar(Serial.o)(.ARM.exidx), (8 bytes).
    Removing mbed/TARGET_NRF51_DK/TOOLCHAIN_ARM_STD/mbed.ar(Serial.o)(i._ZThn156_N4mbed6SerialD1Ev), (48 bytes).
    Removing mbed/TARGET_NRF51_DK/TOOLCHAIN_ARM_STD/mbed.ar(Serial.o)(.ARM.exidx), (8 bytes).
    Removing mbed/TARGET_NRF51_DK/TOOLCHAIN_ARM_STD/mbed.ar(Serial.o)(i._ZThn152_N4mbed6SerialD1Ev), (48 bytes).
    Removing mbed/TARGET_NRF51_DK/TOOLCHAIN_ARM_STD/mbed.ar(Serial.o)(.ARM.exidx), (8 bytes).
    Removing mbed/TARGET_NRF51_DK/TOOLCHAIN_ARM_STD/mbed.ar(Serial.o)(.constdata__ZTIN4mbed6SerialE), (40 bytes).
    Removing mbed/TARGET_NRF51_DK/TOOLCHAIN_ARM_STD/mbed.ar(Serial.o)(.constdata__ZTIN4mbed11NonCopyableINS_6SerialEEE), (8 bytes).
    Removing mbed/TARGET_NRF51_DK/TOOLCHAIN_ARM_STD/mbed.ar(Serial.o)(.constdata__ZTSN4mbed6SerialE), (15 bytes).
    Removing mbed/TARGET_NRF51_DK/TOOLCHAIN_ARM_STD/mbed.ar(Serial.o)(.constdata__ZTSN4mbed11NonCopyableINS_6SerialEEE), (34 bytes).
    Removing mbed/TARGET_NRF51_DK/TOOLCHAIN_ARM_STD/mbed.ar(Ticker.o)(.constdata__ZZNK4mbed8CallbackIFvvEE4callEvEs), (5 bytes).
    Removing mbed/TARGET_NRF51_DK/TOOLCHAIN_ARM_STD/mbed.ar(Ticker.o)(.constdata__ZZNK4mbed8CallbackIFvvEE4callEvEs_0), (68 bytes).
    Removing mbed/TARGET_NRF51_DK/TOOLCHAIN_ARM_STD/mbed.ar(Ticker.o)(.ARM.exidx), (8 bytes).
    Removing mbed/TARGET_NRF51_DK/TOOLCHAIN_ARM_STD/mbed.ar(Ticker.o)(i._ZN4mbed6TickerD0Ev), (140 bytes).
    Removing mbed/TARGET_NRF51_DK/TOOLCHAIN_ARM_STD/mbed.ar(Ticker.o)(.ARM.exidx), (8 bytes).
    Removing mbed/TARGET_NRF51_DK/TOOLCHAIN_ARM_STD/mbed.ar(Ticker.o)(.constdata__ZTIN4mbed6TickerE), (32 bytes).
    Removing mbed/TARGET_NRF51_DK/TOOLCHAIN_ARM_STD/mbed.ar(Ticker.o)(.constdata__ZTIN4mbed11NonCopyableINS_6TickerEEE), (8 bytes).
    Removing mbed/TARGET_NRF51_DK/TOOLCHAIN_ARM_STD/mbed.ar(Ticker.o)(.constdata__ZTSN4mbed6TickerE), (15 bytes).
    Removing mbed/TARGET_NRF51_DK/TOOLCHAIN_ARM_STD/mbed.ar(Ticker.o)(.constdata__ZTSN4mbed11NonCopyableINS_6TickerEEE), (34 bytes).
    Removing mbed/TARGET_NRF51_DK/TOOLCHAIN_ARM_STD/mbed.ar(SerialBase.o)(.constdata__ZZNK4mbed8CallbackIFviEE4callEiEs), (5 bytes).
    Removing mbed/TARGET_NRF51_DK/TOOLCHAIN_ARM_STD/mbed.ar(SerialBase.o)(.constdata__ZZNK4mbed8CallbackIFviEE4callEiEs_0), (68 bytes).
    Removing mbed/TARGET_NRF51_DK/TOOLCHAIN_ARM_STD/mbed.ar(SerialBase.o)(.ARM.exidx), (8 bytes).
    Removing mbed/TARGET_NRF51_DK/TOOLCHAIN_ARM_STD/mbed.ar(SerialBase.o)(.ARM.exidx), (8 bytes).
    Removing mbed/TARGET_NRF51_DK/TOOLCHAIN_ARM_STD/mbed.ar(SerialBase.o)(.constdata__ZTIN4mbed10SerialBaseE), (24 bytes).
    Removing mbed/TARGET_NRF51_DK/TOOLCHAIN_ARM_STD/mbed.ar(SerialBase.o)(.constdata__ZTIN4mbed11NonCopyableINS_10SerialBaseEEE), (8 bytes).
    Removing mbed/TARGET_NRF51_DK/TOOLCHAIN_ARM_STD/mbed.ar(SerialBase.o)(.constdata__ZTSN4mbed10SerialBaseE), (20 bytes).
    Removing mbed/TARGET_NRF51_DK/TOOLCHAIN_ARM_STD/mbed.ar(SerialBase.o)(.constdata__ZTSN4mbed11NonCopyableINS_10SerialBaseEEE), (39 bytes).
    Removing mbed/TARGET_NRF51_DK/TOOLCHAIN_ARM_STD/mbed.ar(TimerEvent.o)(.constdata__ZTIN4mbed10TimerEventE), (24 bytes).
    Removing mbed/TARGET_NRF51_DK/TOOLCHAIN_ARM_STD/mbed.ar(TimerEvent.o)(.constdata__ZTIN4mbed11NonCopyableINS_10TimerEventEEE), (8 bytes).
    Removing mbed/TARGET_NRF51_DK/TOOLCHAIN_ARM_STD/mbed.ar(TimerEvent.o)(.constdata__ZTSN4mbed10TimerEventE), (20 bytes).
    Removing mbed/TARGET_NRF51_DK/TOOLCHAIN_ARM_STD/mbed.ar(TimerEvent.o)(.constdata__ZTSN4mbed11NonCopyableINS_10TimerEventEEE), (39 bytes).
    Removing mbed/TARGET_NRF51_DK/TOOLCHAIN_ARM_STD/mbed.ar(Stream.o)(.ARM.exidx), (8 bytes).
    Removing mbed/TARGET_NRF51_DK/TOOLCHAIN_ARM_STD/mbed.ar(Stream.o)(.ARM.exidx), (8 bytes).
    Removing mbed/TARGET_NRF51_DK/TOOLCHAIN_ARM_STD/mbed.ar(Stream.o)(.constdata__ZTIN4mbed6StreamE), (32 bytes).
    Removing mbed/TARGET_NRF51_DK/TOOLCHAIN_ARM_STD/mbed.ar(Stream.o)(.constdata__ZTIN4mbed8FileLikeE), (40 bytes).
    Removing mbed/TARGET_NRF51_DK/TOOLCHAIN_ARM_STD/mbed.ar(Stream.o)(.constdata__ZTIN4mbed11NonCopyableINS_6StreamEEE), (8 bytes).
    Removing mbed/TARGET_NRF51_DK/TOOLCHAIN_ARM_STD/mbed.ar(Stream.o)(.constdata__ZTSN4mbed6StreamE), (15 bytes).
    Removing mbed/TARGET_NRF51_DK/TOOLCHAIN_ARM_STD/mbed.ar(Stream.o)(.constdata__ZTIN4mbed11NonCopyableINS_8FileLikeEEE), (8 bytes).
    Removing mbed/TARGET_NRF51_DK/TOOLCHAIN_ARM_STD/mbed.ar(Stream.o)(.constdata__ZTSN4mbed8FileLikeE), (17 bytes).
    Removing mbed/TARGET_NRF51_DK/TOOLCHAIN_ARM_STD/mbed.ar(Stream.o)(.constdata__ZTSN4mbed11NonCopyableINS_6StreamEEE), (34 bytes).
    Removing mbed/TARGET_NRF51_DK/TOOLCHAIN_ARM_STD/mbed.ar(Stream.o)(.constdata__ZTSN4mbed11NonCopyableINS_8FileLikeEEE), (36 bytes).
    Removing mbed/TARGET_NRF51_DK/TOOLCHAIN_ARM_STD/mbed.ar(FileBase.o)(.ARM.exidx), (8 bytes).
    Removing mbed/TARGET_NRF51_DK/TOOLCHAIN_ARM_STD/mbed.ar(FileBase.o)(.constdata__ZTIN4mbed8FileBaseE), (24 bytes).
    Removing mbed/TARGET_NRF51_DK/TOOLCHAIN_ARM_STD/mbed.ar(FileBase.o)(.constdata__ZTIN4mbed11NonCopyableINS_8FileBaseEEE), (8 bytes).
    Removing mbed/TARGET_NRF51_DK/TOOLCHAIN_ARM_STD/mbed.ar(FileBase.o)(.constdata__ZTSN4mbed8FileBaseE), (17 bytes).
    Removing mbed/TARGET_NRF51_DK/TOOLCHAIN_ARM_STD/mbed.ar(FileBase.o)(.constdata__ZTSN4mbed11NonCopyableINS_8FileBaseEEE), (36 bytes).
    Removing mbed/TARGET_NRF51_DK/TOOLCHAIN_ARM_STD/mbed.ar(FileHandle.o)(i._ZN4mbed10FileHandleD2Ev), (2 bytes).
    Removing mbed/TARGET_NRF51_DK/TOOLCHAIN_ARM_STD/mbed.ar(FileHandle.o)(.ARM.exidx), (8 bytes).
    Removing mbed/TARGET_NRF51_DK/TOOLCHAIN_ARM_STD/mbed.ar(FileHandle.o)(i._ZN4mbed10FileHandleD0Ev), (8 bytes).
    Removing mbed/TARGET_NRF51_DK/TOOLCHAIN_ARM_STD/mbed.ar(FileHandle.o)(.ARM.exidx), (8 bytes).
    Removing mbed/TARGET_NRF51_DK/TOOLCHAIN_ARM_STD/mbed.ar(FileHandle.o)(i._ZN4mbed10FileHandle4syncEv), (4 bytes).
    Removing mbed/TARGET_NRF51_DK/TOOLCHAIN_ARM_STD/mbed.ar(FileHandle.o)(.ARM.exidx), (8 bytes).
    Removing mbed/TARGET_NRF51_DK/TOOLCHAIN_ARM_STD/mbed.ar(FileHandle.o)(.ARM.exidx), (8 bytes).
    Removing mbed/TARGET_NRF51_DK/TOOLCHAIN_ARM_STD/mbed.ar(FileHandle.o)(i._ZN4mbed10FileHandle4tellEv), (10 bytes).
    Removing mbed/TARGET_NRF51_DK/TOOLCHAIN_ARM_STD/mbed.ar(FileHandle.o)(.ARM.exidx), (8 bytes).
    Removing mbed/TARGET_NRF51_DK/TOOLCHAIN_ARM_STD/mbed.ar(FileHandle.o)(i._ZN4mbed10FileHandle6rewindEv), (10 bytes).
    Removing mbed/TARGET_NRF51_DK/TOOLCHAIN_ARM_STD/mbed.ar(FileHandle.o)(.ARM.exidx), (8 bytes).
    Removing mbed/TARGET_NRF51_DK/TOOLCHAIN_ARM_STD/mbed.ar(FileHandle.o)(.constdata__ZTIN4mbed10FileHandleE), (24 bytes).
    Removing mbed/TARGET_NRF51_DK/TOOLCHAIN_ARM_STD/mbed.ar(FileHandle.o)(.constdata__ZTIN4mbed11NonCopyableINS_10FileHandleEEE), (8 bytes).
    Removing mbed/TARGET_NRF51_DK/TOOLCHAIN_ARM_STD/mbed.ar(FileHandle.o)(.constdata__ZTSN4mbed10FileHandleE), (20 bytes).
    Removing mbed/TARGET_NRF51_DK/TOOLCHAIN_ARM_STD/mbed.ar(FileHandle.o)(.constdata__ZTSN4mbed11NonCopyableINS_10FileHandleEEE), (39 bytes).

1251 unused section(s) (total 75705 bytes) removed from the image.
