<!doctype html public "-//w3c//dtd html 4.0 transitional//en">
<html><head>
<title>Static Call Graph - [.\BUILD\uttec518_171218_1730.axf]</title></head>
<body><HR>
<H1>Static Call Graph for image .\BUILD\uttec518_171218_1730.axf</H1><HR>
<BR><P>#&#060CALLGRAPH&#062# ARM Linker, 5060061: Last Updated: Mon Dec 18 20:12:46 2017
<BR><P>
<H3>Maximum Stack Usage =          0 bytes + Unknown(Cycles, Untraceable Function Pointers)</H3><H3>
Call chain for Maximum Stack Depth:</H3>

<P>
<H3>
Mutually Recursive functions
</H3> <LI><a href="#[14]">NMI_Handler</a>&nbsp;&nbsp;&nbsp;&rArr;&nbsp;&nbsp;&nbsp;<a href="#[14]">NMI_Handler</a><BR>
 <LI><a href="#[15]">HardFault_Handler</a>&nbsp;&nbsp;&nbsp;&rArr;&nbsp;&nbsp;&nbsp;<a href="#[15]">HardFault_Handler</a><BR>
 <LI><a href="#[16]">SVC_Handler</a>&nbsp;&nbsp;&nbsp;&rArr;&nbsp;&nbsp;&nbsp;<a href="#[16]">SVC_Handler</a><BR>
 <LI><a href="#[17]">PendSV_Handler</a>&nbsp;&nbsp;&nbsp;&rArr;&nbsp;&nbsp;&nbsp;<a href="#[17]">PendSV_Handler</a><BR>
 <LI><a href="#[18]">SysTick_Handler</a>&nbsp;&nbsp;&nbsp;&rArr;&nbsp;&nbsp;&nbsp;<a href="#[18]">SysTick_Handler</a><BR>
 <LI><a href="#[1f]">ADC_IRQHandler_v</a>&nbsp;&nbsp;&nbsp;&rArr;&nbsp;&nbsp;&nbsp;<a href="#[1f]">ADC_IRQHandler_v</a><BR>
 <LI><a href="#[117]">mbed_assert_internal</a>&nbsp;&nbsp;&nbsp;&rArr;&nbsp;&nbsp;&nbsp;<a href="#[19d]">mbed_die</a><BR>
 <LI><a href="#[1a1]">queue_process</a>&nbsp;&nbsp;&nbsp;&rArr;&nbsp;&nbsp;&nbsp;<a href="#[1a1]">queue_process</a><BR>
</UL>
<P>
<H3>
Function Pointers
</H3><UL>
 <LI><a href="#[3a]">&lang;Func3&rang;</a> from mbed/TARGET_NRF51_DK/TOOLCHAIN_ARM_STD/mbed.ar(SerialBase.o)(i.<Func3>) referenced from mbed/TARGET_NRF51_DK/TOOLCHAIN_ARM_STD/mbed.ar(SerialBase.o)(i._ZN4mbed10SerialBaseC1E7PinNameS1_i)
 <LI><a href="#[1f]">ADC_IRQHandler_v</a> from mbed/TARGET_NRF51_DK/TOOLCHAIN_ARM_STD/startup_nRF51822.o(.text) referenced from mbed/TARGET_NRF51_DK/TOOLCHAIN_ARM_STD/startup_nRF51822.o(RESET)
 <LI><a href="#[27]">CCM_AAR_IRQHandler</a> from mbed/TARGET_NRF51_DK/TOOLCHAIN_ARM_STD/startup_nRF51822.o(.text) referenced from mbed/TARGET_NRF51_DK/TOOLCHAIN_ARM_STD/startup_nRF51822.o(RESET)
 <LI><a href="#[26]">ECB_IRQHandler</a> from mbed/TARGET_NRF51_DK/TOOLCHAIN_ARM_STD/startup_nRF51822.o(.text) referenced from mbed/TARGET_NRF51_DK/TOOLCHAIN_ARM_STD/startup_nRF51822.o(RESET)
 <LI><a href="#[45]">GPIOTE_IRQHandler</a> from mbed/TARGET_NRF51_DK/TOOLCHAIN_ARM_STD/nrf_drv_gpiote.o(i.GPIOTE_IRQHandler) referenced from mbed/TARGET_NRF51_DK/TOOLCHAIN_ARM_STD/gpio_api.o(i.gpio_init)
 <LI><a href="#[45]">GPIOTE_IRQHandler</a> from mbed/TARGET_NRF51_DK/TOOLCHAIN_ARM_STD/nrf_drv_gpiote.o(i.GPIOTE_IRQHandler) referenced from mbed/TARGET_NRF51_DK/TOOLCHAIN_ARM_STD/pwmout_api.o(i.pwmout_init)
 <LI><a href="#[1e]">GPIOTE_IRQHandler_v</a> from mbed/TARGET_NRF51_DK/TOOLCHAIN_ARM_STD/startup_nRF51822.o(.text) referenced from mbed/TARGET_NRF51_DK/TOOLCHAIN_ARM_STD/startup_nRF51822.o(RESET)
 <LI><a href="#[15]">HardFault_Handler</a> from mbed/TARGET_NRF51_DK/TOOLCHAIN_ARM_STD/startup_nRF51822.o(.text) referenced from mbed/TARGET_NRF51_DK/TOOLCHAIN_ARM_STD/startup_nRF51822.o(RESET)
 <LI><a href="#[2b]">LPCOMP_IRQHandler_v</a> from mbed/TARGET_NRF51_DK/TOOLCHAIN_ARM_STD/startup_nRF51822.o(.text) referenced from mbed/TARGET_NRF51_DK/TOOLCHAIN_ARM_STD/startup_nRF51822.o(RESET)
 <LI><a href="#[14]">NMI_Handler</a> from mbed/TARGET_NRF51_DK/TOOLCHAIN_ARM_STD/startup_nRF51822.o(.text) referenced from mbed/TARGET_NRF51_DK/TOOLCHAIN_ARM_STD/startup_nRF51822.o(RESET)
 <LI><a href="#[19]">POWER_CLOCK_IRQHandler</a> from mbed/TARGET_NRF51_DK/TOOLCHAIN_ARM_STD/startup_nRF51822.o(.text) referenced from mbed/TARGET_NRF51_DK/TOOLCHAIN_ARM_STD/startup_nRF51822.o(RESET)
 <LI><a href="#[17]">PendSV_Handler</a> from mbed/TARGET_NRF51_DK/TOOLCHAIN_ARM_STD/startup_nRF51822.o(.text) referenced from mbed/TARGET_NRF51_DK/TOOLCHAIN_ARM_STD/startup_nRF51822.o(RESET)
 <LI><a href="#[2a]">QDEC_IRQHandler_v</a> from mbed/TARGET_NRF51_DK/TOOLCHAIN_ARM_STD/startup_nRF51822.o(.text) referenced from mbed/TARGET_NRF51_DK/TOOLCHAIN_ARM_STD/startup_nRF51822.o(RESET)
 <LI><a href="#[1a]">RADIO_IRQHandler</a> from mbed/TARGET_NRF51_DK/TOOLCHAIN_ARM_STD/startup_nRF51822.o(.text) referenced from mbed/TARGET_NRF51_DK/TOOLCHAIN_ARM_STD/startup_nRF51822.o(RESET)
 <LI><a href="#[25]">RNG_IRQHandler</a> from mbed/TARGET_NRF51_DK/TOOLCHAIN_ARM_STD/startup_nRF51822.o(.text) referenced from mbed/TARGET_NRF51_DK/TOOLCHAIN_ARM_STD/startup_nRF51822.o(RESET)
 <LI><a href="#[23]">RTC0_IRQHandler</a> from mbed/TARGET_NRF51_DK/TOOLCHAIN_ARM_STD/startup_nRF51822.o(.text) referenced from mbed/TARGET_NRF51_DK/TOOLCHAIN_ARM_STD/startup_nRF51822.o(RESET)
 <LI><a href="#[43]">RTC1_IRQHandler</a> from mbed/TARGET_NRF51_DK/TOOLCHAIN_ARM_STD/us_ticker.o(i.RTC1_IRQHandler) referenced from mbed/TARGET_NRF51_DK/TOOLCHAIN_ARM_STD/us_ticker.o(i.common_rtc_init)
 <LI><a href="#[43]">RTC1_IRQHandler</a> from mbed/TARGET_NRF51_DK/TOOLCHAIN_ARM_STD/us_ticker.o(i.RTC1_IRQHandler) referenced from mbed/TARGET_NRF51_DK/TOOLCHAIN_ARM_STD/us_ticker.o(i.us_ticker_init)
 <LI><a href="#[43]">RTC1_IRQHandler</a> from mbed/TARGET_NRF51_DK/TOOLCHAIN_ARM_STD/us_ticker.o(i.RTC1_IRQHandler) referenced from mbed/TARGET_NRF51_DK/TOOLCHAIN_ARM_STD/us_ticker.o(i.us_ticker_read)
 <LI><a href="#[29]">RTC1_IRQHandler_v</a> from mbed/TARGET_NRF51_DK/TOOLCHAIN_ARM_STD/startup_nRF51822.o(.text) referenced from mbed/TARGET_NRF51_DK/TOOLCHAIN_ARM_STD/startup_nRF51822.o(RESET)
 <LI><a href="#[13]">Reset_Handler</a> from mbed/TARGET_NRF51_DK/TOOLCHAIN_ARM_STD/startup_nRF51822.o(.text) referenced from mbed/TARGET_NRF51_DK/TOOLCHAIN_ARM_STD/startup_nRF51822.o(RESET)
 <LI><a href="#[1c]">SPI0_TWI0_IRQHandler_v</a> from mbed/TARGET_NRF51_DK/TOOLCHAIN_ARM_STD/startup_nRF51822.o(.text) referenced from mbed/TARGET_NRF51_DK/TOOLCHAIN_ARM_STD/startup_nRF51822.o(RESET)
 <LI><a href="#[1d]">SPI1_TWI1_IRQHandler_v</a> from mbed/TARGET_NRF51_DK/TOOLCHAIN_ARM_STD/startup_nRF51822.o(.text) referenced from mbed/TARGET_NRF51_DK/TOOLCHAIN_ARM_STD/startup_nRF51822.o(RESET)
 <LI><a href="#[16]">SVC_Handler</a> from mbed/TARGET_NRF51_DK/TOOLCHAIN_ARM_STD/startup_nRF51822.o(.text) referenced from mbed/TARGET_NRF51_DK/TOOLCHAIN_ARM_STD/startup_nRF51822.o(RESET)
 <LI><a href="#[2c]">SWI0_IRQHandler_v</a> from mbed/TARGET_NRF51_DK/TOOLCHAIN_ARM_STD/startup_nRF51822.o(.text) referenced from mbed/TARGET_NRF51_DK/TOOLCHAIN_ARM_STD/startup_nRF51822.o(RESET)
 <LI><a href="#[2d]">SWI1_IRQHandler_v</a> from mbed/TARGET_NRF51_DK/TOOLCHAIN_ARM_STD/startup_nRF51822.o(.text) referenced from mbed/TARGET_NRF51_DK/TOOLCHAIN_ARM_STD/startup_nRF51822.o(RESET)
 <LI><a href="#[2e]">SWI2_IRQHandler_v</a> from mbed/TARGET_NRF51_DK/TOOLCHAIN_ARM_STD/startup_nRF51822.o(.text) referenced from mbed/TARGET_NRF51_DK/TOOLCHAIN_ARM_STD/startup_nRF51822.o(RESET)
 <LI><a href="#[2f]">SWI3_IRQHandler_v</a> from mbed/TARGET_NRF51_DK/TOOLCHAIN_ARM_STD/startup_nRF51822.o(.text) referenced from mbed/TARGET_NRF51_DK/TOOLCHAIN_ARM_STD/startup_nRF51822.o(RESET)
 <LI><a href="#[30]">SWI4_IRQHandler</a> from mbed/TARGET_NRF51_DK/TOOLCHAIN_ARM_STD/startup_nRF51822.o(.text) referenced from mbed/TARGET_NRF51_DK/TOOLCHAIN_ARM_STD/startup_nRF51822.o(RESET)
 <LI><a href="#[31]">SWI5_IRQHandler</a> from mbed/TARGET_NRF51_DK/TOOLCHAIN_ARM_STD/startup_nRF51822.o(.text) referenced from mbed/TARGET_NRF51_DK/TOOLCHAIN_ARM_STD/startup_nRF51822.o(RESET)
 <LI><a href="#[18]">SysTick_Handler</a> from mbed/TARGET_NRF51_DK/TOOLCHAIN_ARM_STD/startup_nRF51822.o(.text) referenced from mbed/TARGET_NRF51_DK/TOOLCHAIN_ARM_STD/startup_nRF51822.o(RESET)
 <LI><a href="#[32]">SystemInit</a> from mbed/TARGET_NRF51_DK/TOOLCHAIN_ARM_STD/system_nrf51.o(i.SystemInit) referenced from mbed/TARGET_NRF51_DK/TOOLCHAIN_ARM_STD/startup_nRF51822.o(.text)
 <LI><a href="#[24]">TEMP_IRQHandler</a> from mbed/TARGET_NRF51_DK/TOOLCHAIN_ARM_STD/startup_nRF51822.o(.text) referenced from mbed/TARGET_NRF51_DK/TOOLCHAIN_ARM_STD/startup_nRF51822.o(RESET)
 <LI><a href="#[20]">TIMER0_IRQHandler</a> from mbed/TARGET_NRF51_DK/TOOLCHAIN_ARM_STD/startup_nRF51822.o(.text) referenced from mbed/TARGET_NRF51_DK/TOOLCHAIN_ARM_STD/startup_nRF51822.o(RESET)
 <LI><a href="#[4b]">TIMER1_IRQHandler</a> from mbed/TARGET_NRF51_DK/TOOLCHAIN_ARM_STD/nrf_drv_timer.o(i.TIMER1_IRQHandler) referenced from mbed/TARGET_NRF51_DK/TOOLCHAIN_ARM_STD/pwmout_api.o(.constdata)
 <LI><a href="#[21]">TIMER1_IRQHandler_v</a> from mbed/TARGET_NRF51_DK/TOOLCHAIN_ARM_STD/startup_nRF51822.o(.text) referenced from mbed/TARGET_NRF51_DK/TOOLCHAIN_ARM_STD/startup_nRF51822.o(RESET)
 <LI><a href="#[4c]">TIMER2_IRQHandler</a> from mbed/TARGET_NRF51_DK/TOOLCHAIN_ARM_STD/nrf_drv_timer.o(i.TIMER2_IRQHandler) referenced from mbed/TARGET_NRF51_DK/TOOLCHAIN_ARM_STD/pwmout_api.o(.constdata)
 <LI><a href="#[22]">TIMER2_IRQHandler_v</a> from mbed/TARGET_NRF51_DK/TOOLCHAIN_ARM_STD/startup_nRF51822.o(.text) referenced from mbed/TARGET_NRF51_DK/TOOLCHAIN_ARM_STD/startup_nRF51822.o(RESET)
 <LI><a href="#[48]">UART0_IRQHandler</a> from mbed/TARGET_NRF51_DK/TOOLCHAIN_ARM_STD/serial_api.o(i.UART0_IRQHandler) referenced from mbed/TARGET_NRF51_DK/TOOLCHAIN_ARM_STD/serial_api.o(i.serial_init)
 <LI><a href="#[1b]">UART0_IRQHandler_v</a> from mbed/TARGET_NRF51_DK/TOOLCHAIN_ARM_STD/startup_nRF51822.o(.text) referenced from mbed/TARGET_NRF51_DK/TOOLCHAIN_ARM_STD/startup_nRF51822.o(RESET)
 <LI><a href="#[28]">WDT_IRQHandler_v</a> from mbed/TARGET_NRF51_DK/TOOLCHAIN_ARM_STD/startup_nRF51822.o(.text) referenced from mbed/TARGET_NRF51_DK/TOOLCHAIN_ARM_STD/startup_nRF51822.o(RESET)
 <LI><a href="#[46]">tickSec()</a> from .\build\main.o(i._Z7tickSecv) referenced from .\build\main.o(i.main)
 <LI><a href="#[47]">tickmSec()</a> from .\build\main.o(i._Z8tickmSecv) referenced from .\build\main.o(i.main)
 <LI><a href="#[5c]">mbed::FileHandle::size()</a> from mbed/TARGET_NRF51_DK/TOOLCHAIN_ARM_STD/mbed.ar(FileHandle.o)(i._ZN4mbed10FileHandle4sizeEv) referenced from mbed/TARGET_NRF51_DK/TOOLCHAIN_ARM_STD/mbed.ar(FileHandle.o)(.constdata__ZTVN4mbed10FileHandleE)
 <LI><a href="#[5b]">mbed::FileHandle::isatty()</a> from mbed/TARGET_NRF51_DK/TOOLCHAIN_ARM_STD/mbed.ar(FileHandle.o)(i._ZN4mbed10FileHandle6isattyEv) referenced from mbed/TARGET_NRF51_DK/TOOLCHAIN_ARM_STD/mbed.ar(FileHandle.o)(.constdata__ZTVN4mbed10FileHandleE)
 <LI><a href="#[3b]">mbed::SerialBase::_irq_handler(unsigned, SerialIrq)</a> from mbed/TARGET_NRF51_DK/TOOLCHAIN_ARM_STD/mbed.ar(SerialBase.o)(i._ZN4mbed10SerialBase12_irq_handlerEj9SerialIrq) referenced from mbed/TARGET_NRF51_DK/TOOLCHAIN_ARM_STD/mbed.ar(SerialBase.o)(i._ZN4mbed10SerialBaseC1E7PinNameS1_i)
 <LI><a href="#[4d]">mbed::SerialBase::interrupt_handler_asynch()</a> from mbed/TARGET_NRF51_DK/TOOLCHAIN_ARM_STD/mbed.ar(SerialBase.o)(i._ZN4mbed10SerialBase24interrupt_handler_asynchEv) referenced from mbed/TARGET_NRF51_DK/TOOLCHAIN_ARM_STD/mbed.ar(SerialBase.o)(.constdata)
 <LI><a href="#[5d]">mbed::SerialBase::lock()</a> from mbed/TARGET_NRF51_DK/TOOLCHAIN_ARM_STD/mbed.ar(SerialBase.o)(i._ZN4mbed10SerialBase4lockEv) referenced from mbed/TARGET_NRF51_DK/TOOLCHAIN_ARM_STD/mbed.ar(SerialBase.o)(.constdata__ZTVN4mbed10SerialBaseE)
 <LI><a href="#[5e]">mbed::SerialBase::unlock()</a> from mbed/TARGET_NRF51_DK/TOOLCHAIN_ARM_STD/mbed.ar(SerialBase.o)(i._ZN4mbed10SerialBase6unlockEv) referenced from mbed/TARGET_NRF51_DK/TOOLCHAIN_ARM_STD/mbed.ar(SerialBase.o)(.constdata__ZTVN4mbed10SerialBaseE)
 <LI><a href="#[5f]">mbed::SerialBase::~SerialBase()</a> from mbed/TARGET_NRF51_DK/TOOLCHAIN_ARM_STD/mbed.ar(SerialBase.o)(i._ZN4mbed10SerialBaseD1Ev) referenced from mbed/TARGET_NRF51_DK/TOOLCHAIN_ARM_STD/mbed.ar(SerialBase.o)(.constdata__ZTVN4mbed10SerialBaseE)
 <LI><a href="#[3d]">mbed::TimerEvent::irq(unsigned)</a> from mbed/TARGET_NRF51_DK/TOOLCHAIN_ARM_STD/mbed.ar(TimerEvent.o)(i._ZN4mbed10TimerEvent3irqEj) referenced from mbed/TARGET_NRF51_DK/TOOLCHAIN_ARM_STD/mbed.ar(TimerEvent.o)(i._ZN4mbed10TimerEventC2Ev)
 <LI><a href="#[60]">mbed::TimerEvent::~TimerEvent__sub_object()</a> from mbed/TARGET_NRF51_DK/TOOLCHAIN_ARM_STD/mbed.ar(TimerEvent.o)(i._ZN4mbed10TimerEventD2Ev) referenced from mbed/TARGET_NRF51_DK/TOOLCHAIN_ARM_STD/mbed.ar(TimerEvent.o)(.constdata__ZTVN4mbed10TimerEventE)
 <LI><a href="#[40]">mbed::Timer::~Timer()</a> from mbed/TARGET_NRF51_DK/TOOLCHAIN_ARM_STD/mbed.ar(Timer.o)(i._ZN4mbed5TimerD1Ev) referenced from .\build\main.o(i.__sti___8_main_cpp_65dbaf9c)
 <LI><a href="#[41]">mbed::PwmOut::~PwmOut()</a> from .\build\main.o(i._ZN4mbed6PwmOutD1Ev) referenced from .\build\main.o(i.__sti___8_main_cpp_65dbaf9c)
 <LI><a href="#[61]">mbed::Serial::lock()</a> from mbed/TARGET_NRF51_DK/TOOLCHAIN_ARM_STD/mbed.ar(Serial.o)(i._ZN4mbed6Serial4lockEv) referenced from mbed/TARGET_NRF51_DK/TOOLCHAIN_ARM_STD/mbed.ar(Serial.o)(.constdata__ZTVN4mbed6SerialE)
 <LI><a href="#[62]">mbed::Serial::unlock()</a> from mbed/TARGET_NRF51_DK/TOOLCHAIN_ARM_STD/mbed.ar(Serial.o)(i._ZN4mbed6Serial6unlockEv) referenced from mbed/TARGET_NRF51_DK/TOOLCHAIN_ARM_STD/mbed.ar(Serial.o)(.constdata__ZTVN4mbed6SerialE)
 <LI><a href="#[3e]">mbed::Serial::~Serial()</a> from mbed/TARGET_NRF51_DK/TOOLCHAIN_ARM_STD/mbed.ar(Serial.o)(i._ZN4mbed6SerialD1Ev) referenced from mbed/TARGET_NRF51_DK/TOOLCHAIN_ARM_STD/mbed.ar(Serial.o)(.constdata__ZTVN4mbed6SerialE)
 <LI><a href="#[3e]">mbed::Serial::~Serial()</a> from mbed/TARGET_NRF51_DK/TOOLCHAIN_ARM_STD/mbed.ar(Serial.o)(i._ZN4mbed6SerialD1Ev) referenced from .\build\main.o(i.__sti___8_main_cpp_65dbaf9c)
 <LI><a href="#[6c]">mbed::Stream::lock()</a> from mbed/TARGET_NRF51_DK/TOOLCHAIN_ARM_STD/mbed.ar(Stream.o)(i._ZN4mbed6Stream4lockEv) referenced from mbed/TARGET_NRF51_DK/TOOLCHAIN_ARM_STD/mbed.ar(Stream.o)(.constdata__ZTVN4mbed6StreamE)
 <LI><a href="#[64]">mbed::Stream::seek(long, int)</a> from mbed/TARGET_NRF51_DK/TOOLCHAIN_ARM_STD/mbed.ar(Stream.o)(i._ZN4mbed6Stream4seekEli) referenced from mbed/TARGET_NRF51_DK/TOOLCHAIN_ARM_STD/mbed.ar(Serial.o)(.constdata__ZTVN4mbed6SerialE)
 <LI><a href="#[64]">mbed::Stream::seek(long, int)</a> from mbed/TARGET_NRF51_DK/TOOLCHAIN_ARM_STD/mbed.ar(Stream.o)(i._ZN4mbed6Stream4seekEli) referenced from mbed/TARGET_NRF51_DK/TOOLCHAIN_ARM_STD/mbed.ar(Stream.o)(.constdata__ZTVN4mbed6StreamE)
 <LI><a href="#[67]">mbed::Stream::size()</a> from mbed/TARGET_NRF51_DK/TOOLCHAIN_ARM_STD/mbed.ar(Stream.o)(i._ZN4mbed6Stream4sizeEv) referenced from mbed/TARGET_NRF51_DK/TOOLCHAIN_ARM_STD/mbed.ar(Serial.o)(.constdata__ZTVN4mbed6SerialE)
 <LI><a href="#[67]">mbed::Stream::size()</a> from mbed/TARGET_NRF51_DK/TOOLCHAIN_ARM_STD/mbed.ar(Stream.o)(i._ZN4mbed6Stream4sizeEv) referenced from mbed/TARGET_NRF51_DK/TOOLCHAIN_ARM_STD/mbed.ar(Stream.o)(.constdata__ZTVN4mbed6StreamE)
 <LI><a href="#[65]">mbed::Stream::close()</a> from mbed/TARGET_NRF51_DK/TOOLCHAIN_ARM_STD/mbed.ar(Stream.o)(i._ZN4mbed6Stream5closeEv) referenced from mbed/TARGET_NRF51_DK/TOOLCHAIN_ARM_STD/mbed.ar(Serial.o)(.constdata__ZTVN4mbed6SerialE)
 <LI><a href="#[65]">mbed::Stream::close()</a> from mbed/TARGET_NRF51_DK/TOOLCHAIN_ARM_STD/mbed.ar(Stream.o)(i._ZN4mbed6Stream5closeEv) referenced from mbed/TARGET_NRF51_DK/TOOLCHAIN_ARM_STD/mbed.ar(Stream.o)(.constdata__ZTVN4mbed6StreamE)
 <LI><a href="#[63]">mbed::Stream::write(const void*, unsigned)</a> from mbed/TARGET_NRF51_DK/TOOLCHAIN_ARM_STD/mbed.ar(Stream.o)(i._ZN4mbed6Stream5writeEPKvj) referenced from mbed/TARGET_NRF51_DK/TOOLCHAIN_ARM_STD/mbed.ar(Serial.o)(.constdata__ZTVN4mbed6SerialE)
 <LI><a href="#[63]">mbed::Stream::write(const void*, unsigned)</a> from mbed/TARGET_NRF51_DK/TOOLCHAIN_ARM_STD/mbed.ar(Stream.o)(i._ZN4mbed6Stream5writeEPKvj) referenced from mbed/TARGET_NRF51_DK/TOOLCHAIN_ARM_STD/mbed.ar(Stream.o)(.constdata__ZTVN4mbed6StreamE)
 <LI><a href="#[66]">mbed::Stream::isatty()</a> from mbed/TARGET_NRF51_DK/TOOLCHAIN_ARM_STD/mbed.ar(Stream.o)(i._ZN4mbed6Stream6isattyEv) referenced from mbed/TARGET_NRF51_DK/TOOLCHAIN_ARM_STD/mbed.ar(Serial.o)(.constdata__ZTVN4mbed6SerialE)
 <LI><a href="#[66]">mbed::Stream::isatty()</a> from mbed/TARGET_NRF51_DK/TOOLCHAIN_ARM_STD/mbed.ar(Stream.o)(i._ZN4mbed6Stream6isattyEv) referenced from mbed/TARGET_NRF51_DK/TOOLCHAIN_ARM_STD/mbed.ar(Stream.o)(.constdata__ZTVN4mbed6StreamE)
 <LI><a href="#[6d]">mbed::Stream::unlock()</a> from mbed/TARGET_NRF51_DK/TOOLCHAIN_ARM_STD/mbed.ar(Stream.o)(i._ZN4mbed6Stream6unlockEv) referenced from mbed/TARGET_NRF51_DK/TOOLCHAIN_ARM_STD/mbed.ar(Stream.o)(.constdata__ZTVN4mbed6StreamE)
 <LI><a href="#[6b]">mbed::Stream::~Stream__sub_object()</a> from mbed/TARGET_NRF51_DK/TOOLCHAIN_ARM_STD/mbed.ar(Stream.o)(i._ZN4mbed6StreamD2Ev) referenced from mbed/TARGET_NRF51_DK/TOOLCHAIN_ARM_STD/mbed.ar(Stream.o)(.constdata__ZTVN4mbed6StreamE)
 <LI><a href="#[6e]">mbed::Ticker::handler()</a> from mbed/TARGET_NRF51_DK/TOOLCHAIN_ARM_STD/mbed.ar(Ticker.o)(i._ZN4mbed6Ticker7handlerEv) referenced from mbed/TARGET_NRF51_DK/TOOLCHAIN_ARM_STD/mbed.ar(Ticker.o)(.constdata__ZTVN4mbed6TickerE)
 <LI><a href="#[3f]">mbed::Ticker::~Ticker()</a> from mbed/TARGET_NRF51_DK/TOOLCHAIN_ARM_STD/mbed.ar(Ticker.o)(i._ZN4mbed6TickerD1Ev) referenced from mbed/TARGET_NRF51_DK/TOOLCHAIN_ARM_STD/mbed.ar(Ticker.o)(.constdata__ZTVN4mbed6TickerE)
 <LI><a href="#[3f]">mbed::Ticker::~Ticker()</a> from mbed/TARGET_NRF51_DK/TOOLCHAIN_ARM_STD/mbed.ar(Ticker.o)(i._ZN4mbed6TickerD1Ev) referenced from .\build\main.o(i.__sti___8_main_cpp_65dbaf9c)
 <LI><a href="#[70]">void mbed::Callback&lang;void()&rang;::function_call&lang;void(*)()&rang;(const void*)</a> from .\build\main.o(t._ZN4mbed8CallbackIFvvEE13function_callIPS1_EEvPKv) referenced from .\build\main.o(.constdata__ZZN4mbed8CallbackIFvvEE8generateIPS1_EEvRKT_E3ops)
 <LI><a href="#[72]">void mbed::Callback&lang;void()&rang;::function_dtor&lang;void(*)()&rang;(void*)</a> from .\build\main.o(t._ZN4mbed8CallbackIFvvEE13function_dtorIPS1_EEvPv) referenced from .\build\main.o(.constdata__ZZN4mbed8CallbackIFvvEE8generateIPS1_EEvRKT_E3ops)
 <LI><a href="#[71]">void mbed::Callback&lang;void()&rang;::function_move&lang;void(*)()&rang;(void*, const void*)</a> from .\build\main.o(t._ZN4mbed8CallbackIFvvEE13function_moveIPS1_EEvPvPKv) referenced from .\build\main.o(.constdata__ZZN4mbed8CallbackIFvvEE8generateIPS1_EEvRKT_E3ops)
 <LI><a href="#[3c]">mbed::Callback&lang;void()&rang;::~Callback()</a> from mbed/TARGET_NRF51_DK/TOOLCHAIN_ARM_STD/mbed.ar(SerialBase.o)(t._ZN4mbed8CallbackIFvvEED1Ev) referenced from mbed/TARGET_NRF51_DK/TOOLCHAIN_ARM_STD/mbed.ar(SerialBase.o)(i._ZN4mbed10SerialBaseD1Ev)
 <LI><a href="#[6f]">mbed::FileBase::~FileBase()</a> from mbed/TARGET_NRF51_DK/TOOLCHAIN_ARM_STD/mbed.ar(FileBase.o)(i._ZN4mbed8FileBaseD1Ev) referenced from mbed/TARGET_NRF51_DK/TOOLCHAIN_ARM_STD/mbed.ar(FileBase.o)(.constdata__ZTVN4mbed8FileBaseE)
 <LI><a href="#[39]">CThunk&lang;mbed::SerialBase&rang;::trampoline(mbed::SerialBase*, void*, void(mbed::SerialBase::**)(void*))</a> from mbed/TARGET_NRF51_DK/TOOLCHAIN_ARM_STD/mbed.ar(SerialBase.o)(t._ZN6CThunkIN4mbed10SerialBaseEE10trampolineEPS1_PvPMS1_FvS4_E) referenced from mbed/TARGET_NRF51_DK/TOOLCHAIN_ARM_STD/mbed.ar(SerialBase.o)(i._ZN4mbed10SerialBaseC1E7PinNameS1_i)
 <LI><a href="#[69]">thunk{-152} to mbed::Serial::lock()</a> from mbed/TARGET_NRF51_DK/TOOLCHAIN_ARM_STD/mbed.ar(Serial.o)(i._ZThn152_N4mbed6Serial4lockEv) referenced from mbed/TARGET_NRF51_DK/TOOLCHAIN_ARM_STD/mbed.ar(Serial.o)(.constdata__ZTVN4mbed6SerialE)
 <LI><a href="#[68]">thunk{-152} to mbed::Serial::_putc(int)</a> from mbed/TARGET_NRF51_DK/TOOLCHAIN_ARM_STD/mbed.ar(Serial.o)(i._ZThn152_N4mbed6Serial5_putcEi) referenced from mbed/TARGET_NRF51_DK/TOOLCHAIN_ARM_STD/mbed.ar(Serial.o)(.constdata__ZTVN4mbed6SerialE)
 <LI><a href="#[6a]">thunk{-152} to mbed::Serial::unlock()</a> from mbed/TARGET_NRF51_DK/TOOLCHAIN_ARM_STD/mbed.ar(Serial.o)(i._ZThn152_N4mbed6Serial6unlockEv) referenced from mbed/TARGET_NRF51_DK/TOOLCHAIN_ARM_STD/mbed.ar(Serial.o)(.constdata__ZTVN4mbed6SerialE)
 <LI><a href="#[5a]">__cxa_pure_virtual</a> from C:\Keil_v5\ARM\ARMCC\Bin\..\lib\cpplib\cpprt_p.l(pure_virt.o)(i.__cxa_pure_virtual) referenced 4 times from mbed/TARGET_NRF51_DK/TOOLCHAIN_ARM_STD/mbed.ar(FileHandle.o)(.constdata__ZTVN4mbed10FileHandleE)
 <LI><a href="#[5a]">__cxa_pure_virtual</a> from C:\Keil_v5\ARM\ARMCC\Bin\..\lib\cpplib\cpprt_p.l(pure_virt.o)(i.__cxa_pure_virtual) referenced from mbed/TARGET_NRF51_DK/TOOLCHAIN_ARM_STD/mbed.ar(TimerEvent.o)(.constdata__ZTVN4mbed10TimerEventE)
 <LI><a href="#[5a]">__cxa_pure_virtual</a> from C:\Keil_v5\ARM\ARMCC\Bin\..\lib\cpplib\cpprt_p.l(pure_virt.o)(i.__cxa_pure_virtual) referenced 2 times from mbed/TARGET_NRF51_DK/TOOLCHAIN_ARM_STD/mbed.ar(Stream.o)(.constdata__ZTVN4mbed6StreamE)
 <LI><a href="#[75]">__main</a> from C:\Keil_v5\ARM\ARMCC\Bin\..\lib\armlib\c_p.l(__main.o)(!!!main) referenced from mbed/TARGET_NRF51_DK/TOOLCHAIN_ARM_STD/startup_nRF51822.o(.text)
 <LI><a href="#[73]">__sti___8_main_cpp_65dbaf9c</a> from .\build\main.o(i.__sti___8_main_cpp_65dbaf9c) referenced from .\build\main.o(.init_array)
 <LI><a href="#[38]">_get_lc_ctype</a> from C:\Keil_v5\ARM\ARMCC\Bin\..\lib\armlib\c_p.l(lc_ctype_c.o)(locale$$code) referenced from C:\Keil_v5\ARM\ARMCC\Bin\..\lib\armlib\c_p.l(rt_ctype_table.o)(.text)
 <LI><a href="#[49]">_printf_fp_dec_real</a> from C:\Keil_v5\ARM\ARMCC\Bin\..\lib\armlib\c_p.l(_printf_fp_dec.o)(.text) referenced from C:\Keil_v5\ARM\ARMCC\Bin\..\lib\armlib\fz_ps.l(printf1.o)(x$fpl$printf1)
 <LI><a href="#[4a]">_printf_fp_hex_real</a> from C:\Keil_v5\ARM\ARMCC\Bin\..\lib\armlib\c_p.l(_printf_fp_hex.o)(.text) referenced from C:\Keil_v5\ARM\ARMCC\Bin\..\lib\armlib\fz_ps.l(printf2.o)(x$fpl$printf2)
 <LI><a href="#[36]">_printf_input_char</a> from C:\Keil_v5\ARM\ARMCC\Bin\..\lib\armlib\c_p.l(_printf_char_common.o)(.text) referenced from C:\Keil_v5\ARM\ARMCC\Bin\..\lib\armlib\c_p.l(_printf_char_common.o)(.text)
 <LI><a href="#[35]">_snputc</a> from C:\Keil_v5\ARM\ARMCC\Bin\..\lib\armlib\c_p.l(_snputc.o)(.text) referenced from C:\Keil_v5\ARM\ARMCC\Bin\..\lib\armlib\c_p.l(vsnprintf.o)(.text)
 <LI><a href="#[37]">fputc</a> from C:\Keil_v5\ARM\ARMCC\Bin\..\lib\armlib\c_p.l(fputc.o)(i.fputc) referenced from C:\Keil_v5\ARM\ARMCC\Bin\..\lib\armlib\c_p.l(_printf_char_file.o)(.text)
 <LI><a href="#[74]">fs_event_handler</a> from mbed/TARGET_NRF51_DK/TOOLCHAIN_ARM_STD/fds.o(i.fs_event_handler) referenced from mbed/TARGET_NRF51_DK/TOOLCHAIN_ARM_STD/fds.o(fs_data)
 <LI><a href="#[44]">gpiote_irq_handler</a> from mbed/TARGET_NRF51_DK/TOOLCHAIN_ARM_STD/gpio_api.o(i.gpiote_irq_handler) referenced from mbed/TARGET_NRF51_DK/TOOLCHAIN_ARM_STD/gpio_api.o(i.gpio_apply_config)
 <LI><a href="#[51]">lp_ticker_clear_interrupt</a> from mbed/TARGET_NRF51_DK/TOOLCHAIN_ARM_STD/lp_ticker.o(i.lp_ticker_clear_interrupt) referenced from mbed/TARGET_NRF51_DK/TOOLCHAIN_ARM_STD/mbed.ar(mbed_lp_ticker_api.o)(.constdata)
 <LI><a href="#[50]">lp_ticker_disable_interrupt</a> from mbed/TARGET_NRF51_DK/TOOLCHAIN_ARM_STD/lp_ticker.o(i.lp_ticker_disable_interrupt) referenced from mbed/TARGET_NRF51_DK/TOOLCHAIN_ARM_STD/mbed.ar(mbed_lp_ticker_api.o)(.constdata)
 <LI><a href="#[53]">lp_ticker_fire_interrupt</a> from mbed/TARGET_NRF51_DK/TOOLCHAIN_ARM_STD/lp_ticker.o(i.lp_ticker_fire_interrupt) referenced from mbed/TARGET_NRF51_DK/TOOLCHAIN_ARM_STD/mbed.ar(mbed_lp_ticker_api.o)(.constdata)
 <LI><a href="#[4e]">lp_ticker_init</a> from mbed/TARGET_NRF51_DK/TOOLCHAIN_ARM_STD/lp_ticker.o(i.lp_ticker_init) referenced from mbed/TARGET_NRF51_DK/TOOLCHAIN_ARM_STD/mbed.ar(mbed_lp_ticker_api.o)(.constdata)
 <LI><a href="#[4f]">lp_ticker_read</a> from mbed/TARGET_NRF51_DK/TOOLCHAIN_ARM_STD/lp_ticker.o(i.lp_ticker_read) referenced from mbed/TARGET_NRF51_DK/TOOLCHAIN_ARM_STD/mbed.ar(mbed_lp_ticker_api.o)(.constdata)
 <LI><a href="#[52]">lp_ticker_set_interrupt</a> from mbed/TARGET_NRF51_DK/TOOLCHAIN_ARM_STD/lp_ticker.o(i.lp_ticker_set_interrupt) referenced from mbed/TARGET_NRF51_DK/TOOLCHAIN_ARM_STD/mbed.ar(mbed_lp_ticker_api.o)(.constdata)
 <LI><a href="#[33]">nrf_reloc_vector_table</a> from mbed/TARGET_NRF51_DK/TOOLCHAIN_ARM_STD/reloc_vector_table.o(i.nrf_reloc_vector_table) referenced from mbed/TARGET_NRF51_DK/TOOLCHAIN_ARM_STD/startup_nRF51822.o(.text)
 <LI><a href="#[42]">pwm_ready_tick</a> from mbed/TARGET_NRF51_DK/TOOLCHAIN_ARM_STD/app_pwm.o(i.pwm_ready_tick) referenced from mbed/TARGET_NRF51_DK/TOOLCHAIN_ARM_STD/app_pwm.o(i.app_pwm_init)
 <LI><a href="#[57]">us_ticker_clear_interrupt</a> from mbed/TARGET_NRF51_DK/TOOLCHAIN_ARM_STD/us_ticker.o(i.us_ticker_clear_interrupt) referenced from mbed/TARGET_NRF51_DK/TOOLCHAIN_ARM_STD/mbed.ar(mbed_us_ticker_api.o)(.constdata)
 <LI><a href="#[56]">us_ticker_disable_interrupt</a> from mbed/TARGET_NRF51_DK/TOOLCHAIN_ARM_STD/us_ticker.o(i.us_ticker_disable_interrupt) referenced from mbed/TARGET_NRF51_DK/TOOLCHAIN_ARM_STD/mbed.ar(mbed_us_ticker_api.o)(.constdata)
 <LI><a href="#[59]">us_ticker_fire_interrupt</a> from mbed/TARGET_NRF51_DK/TOOLCHAIN_ARM_STD/us_ticker.o(i.us_ticker_fire_interrupt) referenced from mbed/TARGET_NRF51_DK/TOOLCHAIN_ARM_STD/mbed.ar(mbed_us_ticker_api.o)(.constdata)
 <LI><a href="#[54]">us_ticker_init</a> from mbed/TARGET_NRF51_DK/TOOLCHAIN_ARM_STD/us_ticker.o(i.us_ticker_init) referenced from mbed/TARGET_NRF51_DK/TOOLCHAIN_ARM_STD/mbed.ar(mbed_us_ticker_api.o)(.constdata)
 <LI><a href="#[55]">us_ticker_read</a> from mbed/TARGET_NRF51_DK/TOOLCHAIN_ARM_STD/us_ticker.o(i.us_ticker_read) referenced from mbed/TARGET_NRF51_DK/TOOLCHAIN_ARM_STD/mbed.ar(mbed_us_ticker_api.o)(.constdata)
 <LI><a href="#[58]">us_ticker_set_interrupt</a> from mbed/TARGET_NRF51_DK/TOOLCHAIN_ARM_STD/us_ticker.o(i.us_ticker_set_interrupt) referenced from mbed/TARGET_NRF51_DK/TOOLCHAIN_ARM_STD/mbed.ar(mbed_us_ticker_api.o)(.constdata)
</UL>
<P>
<H3>
Global Symbols
</H3>
<P><STRONG><a name="[75]"></a>__main</STRONG> (Thumb, 8 bytes, Stack size 0 bytes, C:\Keil_v5\ARM\ARMCC\Bin\..\lib\armlib\c_p.l(__main.o)(!!!main))
<BR><BR>[Calls]<UL><LI><a href="#[78]">&gt;&gt;</a>&nbsp;&nbsp;&nbsp;__rt_entry
<LI><a href="#[77]">&gt;&gt;</a>&nbsp;&nbsp;&nbsp;__scatterload
</UL>

<P><STRONG><a name="[77]"></a>__scatterload</STRONG> (Thumb, 0 bytes, Stack size 0 bytes, C:\Keil_v5\ARM\ARMCC\Bin\..\lib\armlib\c_p.l(__scatter.o)(!!!scatter))
<BR><BR>[Called By]<UL><LI><a href="#[75]">&gt;&gt;</a>&nbsp;&nbsp;&nbsp;__main
</UL>

<P><STRONG><a name="[79]"></a>__scatterload_rt2</STRONG> (Thumb, 52 bytes, Stack size 0 bytes, C:\Keil_v5\ARM\ARMCC\Bin\..\lib\armlib\c_p.l(__scatter.o)(!!!scatter), UNUSED)
<BR><BR>[Calls]<UL><LI><a href="#[78]">&gt;&gt;</a>&nbsp;&nbsp;&nbsp;__rt_entry
</UL>

<P><STRONG><a name="[7a]"></a>__scatterload_copy</STRONG> (Thumb, 26 bytes, Stack size 0 bytes, C:\Keil_v5\ARM\ARMCC\Bin\..\lib\armlib\c_p.l(__scatter_copy.o)(!!handler_copy), UNUSED)
<BR><BR>[Calls]<UL><LI><a href="#[7a]">&gt;&gt;</a>&nbsp;&nbsp;&nbsp;__scatterload_copy
</UL>
<BR>[Called By]<UL><LI><a href="#[7a]">&gt;&gt;</a>&nbsp;&nbsp;&nbsp;__scatterload_copy
</UL>

<P><STRONG><a name="[c3]"></a>_printf_percent</STRONG> (Thumb, 0 bytes, Stack size 0 bytes, C:\Keil_v5\ARM\ARMCC\Bin\..\lib\armlib\c_p.l(_printf_percent.o)(.ARM.Collect$$_printf_percent$$00000000))
<BR><BR>[Called By]<UL><LI><a href="#[c1]">&gt;&gt;</a>&nbsp;&nbsp;&nbsp;__printf
</UL>

<P><STRONG><a name="[7b]"></a>_printf_n</STRONG> (Thumb, 0 bytes, Stack size 0 bytes, C:\Keil_v5\ARM\ARMCC\Bin\..\lib\armlib\c_p.l(_printf_n.o)(.ARM.Collect$$_printf_percent$$00000001))
<BR><BR>[Calls]<UL><LI><a href="#[7c]">&gt;&gt;</a>&nbsp;&nbsp;&nbsp;_printf_p
<LI><a href="#[7d]">&gt;&gt;</a>&nbsp;&nbsp;&nbsp;_printf_charcount
</UL>

<P><STRONG><a name="[7c]"></a>_printf_p</STRONG> (Thumb, 0 bytes, Stack size 0 bytes, C:\Keil_v5\ARM\ARMCC\Bin\..\lib\armlib\c_p.l(_printf_p.o)(.ARM.Collect$$_printf_percent$$00000002))
<BR><BR>[Calls]<UL><LI><a href="#[7e]">&gt;&gt;</a>&nbsp;&nbsp;&nbsp;_printf_f
<LI><a href="#[7f]">&gt;&gt;</a>&nbsp;&nbsp;&nbsp;_printf_hex_ptr
</UL>
<BR>[Called By]<UL><LI><a href="#[7b]">&gt;&gt;</a>&nbsp;&nbsp;&nbsp;_printf_n
</UL>

<P><STRONG><a name="[7e]"></a>_printf_f</STRONG> (Thumb, 0 bytes, Stack size 0 bytes, C:\Keil_v5\ARM\ARMCC\Bin\..\lib\armlib\c_p.l(_printf_f.o)(.ARM.Collect$$_printf_percent$$00000003))
<BR><BR>[Calls]<UL><LI><a href="#[80]">&gt;&gt;</a>&nbsp;&nbsp;&nbsp;_printf_e
<LI><a href="#[81]">&gt;&gt;</a>&nbsp;&nbsp;&nbsp;_printf_fp_dec
</UL>
<BR>[Called By]<UL><LI><a href="#[7c]">&gt;&gt;</a>&nbsp;&nbsp;&nbsp;_printf_p
</UL>

<P><STRONG><a name="[80]"></a>_printf_e</STRONG> (Thumb, 0 bytes, Stack size 0 bytes, C:\Keil_v5\ARM\ARMCC\Bin\..\lib\armlib\c_p.l(_printf_e.o)(.ARM.Collect$$_printf_percent$$00000004))
<BR><BR>[Calls]<UL><LI><a href="#[82]">&gt;&gt;</a>&nbsp;&nbsp;&nbsp;_printf_g
<LI><a href="#[81]">&gt;&gt;</a>&nbsp;&nbsp;&nbsp;_printf_fp_dec
</UL>
<BR>[Called By]<UL><LI><a href="#[7e]">&gt;&gt;</a>&nbsp;&nbsp;&nbsp;_printf_f
</UL>

<P><STRONG><a name="[82]"></a>_printf_g</STRONG> (Thumb, 0 bytes, Stack size 0 bytes, C:\Keil_v5\ARM\ARMCC\Bin\..\lib\armlib\c_p.l(_printf_g.o)(.ARM.Collect$$_printf_percent$$00000005))
<BR><BR>[Calls]<UL><LI><a href="#[83]">&gt;&gt;</a>&nbsp;&nbsp;&nbsp;_printf_a
<LI><a href="#[81]">&gt;&gt;</a>&nbsp;&nbsp;&nbsp;_printf_fp_dec
</UL>
<BR>[Called By]<UL><LI><a href="#[80]">&gt;&gt;</a>&nbsp;&nbsp;&nbsp;_printf_e
</UL>

<P><STRONG><a name="[83]"></a>_printf_a</STRONG> (Thumb, 0 bytes, Stack size 0 bytes, C:\Keil_v5\ARM\ARMCC\Bin\..\lib\armlib\c_p.l(_printf_a.o)(.ARM.Collect$$_printf_percent$$00000006))
<BR><BR>[Calls]<UL><LI><a href="#[84]">&gt;&gt;</a>&nbsp;&nbsp;&nbsp;_printf_ll
<LI><a href="#[85]">&gt;&gt;</a>&nbsp;&nbsp;&nbsp;_printf_fp_hex
</UL>
<BR>[Called By]<UL><LI><a href="#[82]">&gt;&gt;</a>&nbsp;&nbsp;&nbsp;_printf_g
</UL>

<P><STRONG><a name="[84]"></a>_printf_ll</STRONG> (Thumb, 0 bytes, Stack size 0 bytes, C:\Keil_v5\ARM\ARMCC\Bin\..\lib\armlib\c_p.l(_printf_ll.o)(.ARM.Collect$$_printf_percent$$00000007))
<BR><BR>[Calls]<UL><LI><a href="#[86]">&gt;&gt;</a>&nbsp;&nbsp;&nbsp;_printf_i
</UL>
<BR>[Called By]<UL><LI><a href="#[83]">&gt;&gt;</a>&nbsp;&nbsp;&nbsp;_printf_a
</UL>

<P><STRONG><a name="[86]"></a>_printf_i</STRONG> (Thumb, 0 bytes, Stack size 0 bytes, C:\Keil_v5\ARM\ARMCC\Bin\..\lib\armlib\c_p.l(_printf_i.o)(.ARM.Collect$$_printf_percent$$00000008))
<BR><BR>[Calls]<UL><LI><a href="#[87]">&gt;&gt;</a>&nbsp;&nbsp;&nbsp;_printf_d
<LI><a href="#[88]">&gt;&gt;</a>&nbsp;&nbsp;&nbsp;_printf_int_dec
</UL>
<BR>[Called By]<UL><LI><a href="#[84]">&gt;&gt;</a>&nbsp;&nbsp;&nbsp;_printf_ll
</UL>

<P><STRONG><a name="[87]"></a>_printf_d</STRONG> (Thumb, 0 bytes, Stack size 0 bytes, C:\Keil_v5\ARM\ARMCC\Bin\..\lib\armlib\c_p.l(_printf_d.o)(.ARM.Collect$$_printf_percent$$00000009))
<BR><BR>[Calls]<UL><LI><a href="#[89]">&gt;&gt;</a>&nbsp;&nbsp;&nbsp;_printf_u
<LI><a href="#[88]">&gt;&gt;</a>&nbsp;&nbsp;&nbsp;_printf_int_dec
</UL>
<BR>[Called By]<UL><LI><a href="#[86]">&gt;&gt;</a>&nbsp;&nbsp;&nbsp;_printf_i
</UL>

<P><STRONG><a name="[89]"></a>_printf_u</STRONG> (Thumb, 0 bytes, Stack size 0 bytes, C:\Keil_v5\ARM\ARMCC\Bin\..\lib\armlib\c_p.l(_printf_u.o)(.ARM.Collect$$_printf_percent$$0000000A))
<BR><BR>[Calls]<UL><LI><a href="#[8a]">&gt;&gt;</a>&nbsp;&nbsp;&nbsp;_printf_o
<LI><a href="#[88]">&gt;&gt;</a>&nbsp;&nbsp;&nbsp;_printf_int_dec
</UL>
<BR>[Called By]<UL><LI><a href="#[87]">&gt;&gt;</a>&nbsp;&nbsp;&nbsp;_printf_d
</UL>

<P><STRONG><a name="[8a]"></a>_printf_o</STRONG> (Thumb, 0 bytes, Stack size 0 bytes, C:\Keil_v5\ARM\ARMCC\Bin\..\lib\armlib\c_p.l(_printf_o.o)(.ARM.Collect$$_printf_percent$$0000000B))
<BR><BR>[Calls]<UL><LI><a href="#[8c]">&gt;&gt;</a>&nbsp;&nbsp;&nbsp;_printf_int_oct
<LI><a href="#[8b]">&gt;&gt;</a>&nbsp;&nbsp;&nbsp;_printf_x
</UL>
<BR>[Called By]<UL><LI><a href="#[89]">&gt;&gt;</a>&nbsp;&nbsp;&nbsp;_printf_u
</UL>

<P><STRONG><a name="[8b]"></a>_printf_x</STRONG> (Thumb, 0 bytes, Stack size 0 bytes, C:\Keil_v5\ARM\ARMCC\Bin\..\lib\armlib\c_p.l(_printf_x.o)(.ARM.Collect$$_printf_percent$$0000000C))
<BR><BR>[Calls]<UL><LI><a href="#[8d]">&gt;&gt;</a>&nbsp;&nbsp;&nbsp;_printf_lli
<LI><a href="#[8e]">&gt;&gt;</a>&nbsp;&nbsp;&nbsp;_printf_int_hex
</UL>
<BR>[Called By]<UL><LI><a href="#[8a]">&gt;&gt;</a>&nbsp;&nbsp;&nbsp;_printf_o
</UL>

<P><STRONG><a name="[8d]"></a>_printf_lli</STRONG> (Thumb, 0 bytes, Stack size 0 bytes, C:\Keil_v5\ARM\ARMCC\Bin\..\lib\armlib\c_p.l(_printf_lli.o)(.ARM.Collect$$_printf_percent$$0000000D))
<BR><BR>[Calls]<UL><LI><a href="#[8f]">&gt;&gt;</a>&nbsp;&nbsp;&nbsp;_printf_lld
<LI><a href="#[90]">&gt;&gt;</a>&nbsp;&nbsp;&nbsp;_printf_longlong_dec
</UL>
<BR>[Called By]<UL><LI><a href="#[8b]">&gt;&gt;</a>&nbsp;&nbsp;&nbsp;_printf_x
</UL>

<P><STRONG><a name="[8f]"></a>_printf_lld</STRONG> (Thumb, 0 bytes, Stack size 0 bytes, C:\Keil_v5\ARM\ARMCC\Bin\..\lib\armlib\c_p.l(_printf_lld.o)(.ARM.Collect$$_printf_percent$$0000000E))
<BR><BR>[Calls]<UL><LI><a href="#[91]">&gt;&gt;</a>&nbsp;&nbsp;&nbsp;_printf_llu
<LI><a href="#[90]">&gt;&gt;</a>&nbsp;&nbsp;&nbsp;_printf_longlong_dec
</UL>
<BR>[Called By]<UL><LI><a href="#[8d]">&gt;&gt;</a>&nbsp;&nbsp;&nbsp;_printf_lli
</UL>

<P><STRONG><a name="[91]"></a>_printf_llu</STRONG> (Thumb, 0 bytes, Stack size 0 bytes, C:\Keil_v5\ARM\ARMCC\Bin\..\lib\armlib\c_p.l(_printf_llu.o)(.ARM.Collect$$_printf_percent$$0000000F))
<BR><BR>[Calls]<UL><LI><a href="#[92]">&gt;&gt;</a>&nbsp;&nbsp;&nbsp;_printf_llo
<LI><a href="#[90]">&gt;&gt;</a>&nbsp;&nbsp;&nbsp;_printf_longlong_dec
</UL>
<BR>[Called By]<UL><LI><a href="#[8f]">&gt;&gt;</a>&nbsp;&nbsp;&nbsp;_printf_lld
</UL>

<P><STRONG><a name="[92]"></a>_printf_llo</STRONG> (Thumb, 0 bytes, Stack size 0 bytes, C:\Keil_v5\ARM\ARMCC\Bin\..\lib\armlib\c_p.l(_printf_llo.o)(.ARM.Collect$$_printf_percent$$00000010))
<BR><BR>[Calls]<UL><LI><a href="#[93]">&gt;&gt;</a>&nbsp;&nbsp;&nbsp;_printf_llx
<LI><a href="#[94]">&gt;&gt;</a>&nbsp;&nbsp;&nbsp;_printf_ll_oct
</UL>
<BR>[Called By]<UL><LI><a href="#[91]">&gt;&gt;</a>&nbsp;&nbsp;&nbsp;_printf_llu
</UL>

<P><STRONG><a name="[93]"></a>_printf_llx</STRONG> (Thumb, 0 bytes, Stack size 0 bytes, C:\Keil_v5\ARM\ARMCC\Bin\..\lib\armlib\c_p.l(_printf_llx.o)(.ARM.Collect$$_printf_percent$$00000011))
<BR><BR>[Calls]<UL><LI><a href="#[95]">&gt;&gt;</a>&nbsp;&nbsp;&nbsp;_printf_l
<LI><a href="#[96]">&gt;&gt;</a>&nbsp;&nbsp;&nbsp;_printf_ll_hex
</UL>
<BR>[Called By]<UL><LI><a href="#[92]">&gt;&gt;</a>&nbsp;&nbsp;&nbsp;_printf_llo
</UL>

<P><STRONG><a name="[95]"></a>_printf_l</STRONG> (Thumb, 0 bytes, Stack size 0 bytes, C:\Keil_v5\ARM\ARMCC\Bin\..\lib\armlib\c_p.l(_printf_l.o)(.ARM.Collect$$_printf_percent$$00000012))
<BR><BR>[Calls]<UL><LI><a href="#[97]">&gt;&gt;</a>&nbsp;&nbsp;&nbsp;_printf_c
</UL>
<BR>[Called By]<UL><LI><a href="#[93]">&gt;&gt;</a>&nbsp;&nbsp;&nbsp;_printf_llx
</UL>

<P><STRONG><a name="[97]"></a>_printf_c</STRONG> (Thumb, 0 bytes, Stack size 0 bytes, C:\Keil_v5\ARM\ARMCC\Bin\..\lib\armlib\c_p.l(_printf_c.o)(.ARM.Collect$$_printf_percent$$00000013))
<BR><BR>[Calls]<UL><LI><a href="#[98]">&gt;&gt;</a>&nbsp;&nbsp;&nbsp;_printf_s
<LI><a href="#[99]">&gt;&gt;</a>&nbsp;&nbsp;&nbsp;_printf_char
</UL>
<BR>[Called By]<UL><LI><a href="#[95]">&gt;&gt;</a>&nbsp;&nbsp;&nbsp;_printf_l
</UL>

<P><STRONG><a name="[98]"></a>_printf_s</STRONG> (Thumb, 0 bytes, Stack size 0 bytes, C:\Keil_v5\ARM\ARMCC\Bin\..\lib\armlib\c_p.l(_printf_s.o)(.ARM.Collect$$_printf_percent$$00000014))
<BR><BR>[Calls]<UL><LI><a href="#[9a]">&gt;&gt;</a>&nbsp;&nbsp;&nbsp;_printf_lc
<LI><a href="#[9b]">&gt;&gt;</a>&nbsp;&nbsp;&nbsp;_printf_string
</UL>
<BR>[Called By]<UL><LI><a href="#[97]">&gt;&gt;</a>&nbsp;&nbsp;&nbsp;_printf_c
</UL>

<P><STRONG><a name="[9a]"></a>_printf_lc</STRONG> (Thumb, 0 bytes, Stack size 0 bytes, C:\Keil_v5\ARM\ARMCC\Bin\..\lib\armlib\c_p.l(_printf_lc.o)(.ARM.Collect$$_printf_percent$$00000015))
<BR><BR>[Calls]<UL><LI><a href="#[9c]">&gt;&gt;</a>&nbsp;&nbsp;&nbsp;_printf_ls
<LI><a href="#[9d]">&gt;&gt;</a>&nbsp;&nbsp;&nbsp;_printf_wchar
</UL>
<BR>[Called By]<UL><LI><a href="#[98]">&gt;&gt;</a>&nbsp;&nbsp;&nbsp;_printf_s
</UL>

<P><STRONG><a name="[9c]"></a>_printf_ls</STRONG> (Thumb, 0 bytes, Stack size 0 bytes, C:\Keil_v5\ARM\ARMCC\Bin\..\lib\armlib\c_p.l(_printf_ls.o)(.ARM.Collect$$_printf_percent$$00000016))
<BR><BR>[Calls]<UL><LI><a href="#[9e]">&gt;&gt;</a>&nbsp;&nbsp;&nbsp;_printf_percent_end
<LI><a href="#[9f]">&gt;&gt;</a>&nbsp;&nbsp;&nbsp;_printf_wstring
</UL>
<BR>[Called By]<UL><LI><a href="#[9a]">&gt;&gt;</a>&nbsp;&nbsp;&nbsp;_printf_lc
</UL>

<P><STRONG><a name="[9e]"></a>_printf_percent_end</STRONG> (Thumb, 0 bytes, Stack size 0 bytes, C:\Keil_v5\ARM\ARMCC\Bin\..\lib\armlib\c_p.l(_printf_percent_end.o)(.ARM.Collect$$_printf_percent$$00000017))
<BR><BR>[Called By]<UL><LI><a href="#[9c]">&gt;&gt;</a>&nbsp;&nbsp;&nbsp;_printf_ls
</UL>

<P><STRONG><a name="[af]"></a>__rt_lib_init</STRONG> (Thumb, 0 bytes, Stack size 0 bytes, C:\Keil_v5\ARM\ARMCC\Bin\..\lib\armlib\c_p.l(libinit.o)(.ARM.Collect$$libinit$$00000000))
<BR><BR>[Called By]<UL><LI><a href="#[ae]">&gt;&gt;</a>&nbsp;&nbsp;&nbsp;__rt_entry_li
</UL>

<P><STRONG><a name="[a0]"></a>__rt_lib_init_heap_2</STRONG> (Thumb, 0 bytes, Stack size 0 bytes, C:\Keil_v5\ARM\ARMCC\Bin\..\lib\armlib\c_p.l(libinit2.o)(.ARM.Collect$$libinit$$00000005))
<BR><BR>[Calls]<UL><LI><a href="#[a1]">&gt;&gt;</a>&nbsp;&nbsp;&nbsp;_init_alloc
</UL>

<P><STRONG><a name="[a2]"></a>__rt_lib_init_lc_common</STRONG> (Thumb, 0 bytes, Stack size 0 bytes, C:\Keil_v5\ARM\ARMCC\Bin\..\lib\armlib\c_p.l(libinit2.o)(.ARM.Collect$$libinit$$0000000F))
<BR><BR>[Calls]<UL><LI><a href="#[a3]">&gt;&gt;</a>&nbsp;&nbsp;&nbsp;__rt_locale
</UL>

<P><STRONG><a name="[a4]"></a>__rt_lib_init_lc_ctype_2</STRONG> (Thumb, 0 bytes, Stack size 0 bytes, C:\Keil_v5\ARM\ARMCC\Bin\..\lib\armlib\c_p.l(libinit2.o)(.ARM.Collect$$libinit$$00000012))
<BR><BR>[Calls]<UL><LI><a href="#[38]">&gt;&gt;</a>&nbsp;&nbsp;&nbsp;_get_lc_ctype
</UL>

<P><STRONG><a name="[a5]"></a>__rt_lib_init_lc_numeric_2</STRONG> (Thumb, 0 bytes, Stack size 0 bytes, C:\Keil_v5\ARM\ARMCC\Bin\..\lib\armlib\c_p.l(libinit2.o)(.ARM.Collect$$libinit$$00000016))
<BR><BR>[Calls]<UL><LI><a href="#[a6]">&gt;&gt;</a>&nbsp;&nbsp;&nbsp;_get_lc_numeric
</UL>

<P><STRONG><a name="[a7]"></a>__rt_lib_init_stdio_2</STRONG> (Thumb, 0 bytes, Stack size 0 bytes, C:\Keil_v5\ARM\ARMCC\Bin\..\lib\armlib\c_p.l(libinit2.o)(.ARM.Collect$$libinit$$00000024))
<BR><BR>[Calls]<UL><LI><a href="#[a8]">&gt;&gt;</a>&nbsp;&nbsp;&nbsp;_initio
</UL>

<P><STRONG><a name="[a9]"></a>__rt_lib_init_cpp_2</STRONG> (Thumb, 0 bytes, Stack size 0 bytes, C:\Keil_v5\ARM\ARMCC\Bin\..\lib\armlib\c_p.l(libinit2.o)(.ARM.Collect$$libinit$$00000031))
<BR><BR>[Calls]<UL><LI><a href="#[76]">&gt;&gt;</a>&nbsp;&nbsp;&nbsp;__cpp_initialize__aeabi_
</UL>

<P><STRONG><a name="[78]"></a>__rt_entry</STRONG> (Thumb, 0 bytes, Stack size 0 bytes, C:\Keil_v5\ARM\ARMCC\Bin\..\lib\armlib\c_p.l(__rtentry.o)(.ARM.Collect$$rtentry$$00000000))
<BR><BR>[Called By]<UL><LI><a href="#[75]">&gt;&gt;</a>&nbsp;&nbsp;&nbsp;__main
<LI><a href="#[79]">&gt;&gt;</a>&nbsp;&nbsp;&nbsp;__scatterload_rt2
</UL>

<P><STRONG><a name="[aa]"></a>__rt_entry_sh</STRONG> (Thumb, 0 bytes, Stack size 0 bytes, C:\Keil_v5\ARM\ARMCC\Bin\..\lib\armlib\c_p.l(__rtentry4.o)(.ARM.Collect$$rtentry$$00000004))
<BR><BR>[Calls]<UL><LI><a href="#[ab]">&gt;&gt;</a>&nbsp;&nbsp;&nbsp;__user_setup_stackheap
</UL>

<P><STRONG><a name="[ac]"></a>__rt_entry_postsh_1</STRONG> (Thumb, 0 bytes, Stack size 0 bytes, C:\Keil_v5\ARM\ARMCC\Bin\..\lib\armlib\c_p.l(__rtentry2.o)(.ARM.Collect$$rtentry$$00000008))
<BR><BR>[Calls]<UL><LI><a href="#[ad]">&gt;&gt;</a>&nbsp;&nbsp;&nbsp;_platform_post_stackheap_init
</UL>

<P><STRONG><a name="[ae]"></a>__rt_entry_li</STRONG> (Thumb, 0 bytes, Stack size 0 bytes, C:\Keil_v5\ARM\ARMCC\Bin\..\lib\armlib\c_p.l(__rtentry2.o)(.ARM.Collect$$rtentry$$0000000A))
<BR><BR>[Calls]<UL><LI><a href="#[af]">&gt;&gt;</a>&nbsp;&nbsp;&nbsp;__rt_lib_init
</UL>

<P><STRONG><a name="[b0]"></a>__rt_entry_main</STRONG> (Thumb, 0 bytes, Stack size 0 bytes, C:\Keil_v5\ARM\ARMCC\Bin\..\lib\armlib\c_p.l(__rtentry2.o)(.ARM.Collect$$rtentry$$0000000D))
<BR><BR>[Calls]<UL><LI><a href="#[b1]">&gt;&gt;</a>&nbsp;&nbsp;&nbsp;main
<LI><a href="#[b2]">&gt;&gt;</a>&nbsp;&nbsp;&nbsp;exit
</UL>

<P><STRONG><a name="[d6]"></a>__aeabi_memcpy4</STRONG> (Thumb, 56 bytes, Stack size 0 bytes, C:\Keil_v5\ARM\ARMCC\Bin\..\lib\armlib\c_p.l(rt_memcpy.o)(.emb_text))
<BR><BR>[Called By]<UL><LI><a href="#[33]">&gt;&gt;</a>&nbsp;&nbsp;&nbsp;nrf_reloc_vector_table
<LI><a href="#[161]">&gt;&gt;</a>&nbsp;&nbsp;&nbsp;Flash::initOrgFlash()
<LI><a href="#[d5]">&gt;&gt;</a>&nbsp;&nbsp;&nbsp;__aeabi_memcpy
</UL>

<P><STRONG><a name="[13]"></a>Reset_Handler</STRONG> (Thumb, 30 bytes, Stack size 0 bytes, mbed/TARGET_NRF51_DK/TOOLCHAIN_ARM_STD/startup_nRF51822.o(.text))
<BR>[Address Reference Count : 1]<UL><LI> startup_nRF51822.o(RESET)
</UL>
<P><STRONG><a name="[14]"></a>NMI_Handler</STRONG> (Thumb, 2 bytes, Stack size 0 bytes, mbed/TARGET_NRF51_DK/TOOLCHAIN_ARM_STD/startup_nRF51822.o(.text))
<BR><BR>[Calls]<UL><LI><a href="#[14]">&gt;&gt;</a>&nbsp;&nbsp;&nbsp;NMI_Handler
</UL>
<BR>[Called By]<UL><LI><a href="#[14]">&gt;&gt;</a>&nbsp;&nbsp;&nbsp;NMI_Handler
</UL>
<BR>[Address Reference Count : 1]<UL><LI> startup_nRF51822.o(RESET)
</UL>
<P><STRONG><a name="[15]"></a>HardFault_Handler</STRONG> (Thumb, 2 bytes, Stack size 0 bytes, mbed/TARGET_NRF51_DK/TOOLCHAIN_ARM_STD/startup_nRF51822.o(.text))
<BR><BR>[Calls]<UL><LI><a href="#[15]">&gt;&gt;</a>&nbsp;&nbsp;&nbsp;HardFault_Handler
</UL>
<BR>[Called By]<UL><LI><a href="#[15]">&gt;&gt;</a>&nbsp;&nbsp;&nbsp;HardFault_Handler
</UL>
<BR>[Address Reference Count : 1]<UL><LI> startup_nRF51822.o(RESET)
</UL>
<P><STRONG><a name="[16]"></a>SVC_Handler</STRONG> (Thumb, 2 bytes, Stack size 0 bytes, mbed/TARGET_NRF51_DK/TOOLCHAIN_ARM_STD/startup_nRF51822.o(.text))
<BR><BR>[Calls]<UL><LI><a href="#[16]">&gt;&gt;</a>&nbsp;&nbsp;&nbsp;SVC_Handler
</UL>
<BR>[Called By]<UL><LI><a href="#[16]">&gt;&gt;</a>&nbsp;&nbsp;&nbsp;SVC_Handler
</UL>
<BR>[Address Reference Count : 1]<UL><LI> startup_nRF51822.o(RESET)
</UL>
<P><STRONG><a name="[17]"></a>PendSV_Handler</STRONG> (Thumb, 2 bytes, Stack size 0 bytes, mbed/TARGET_NRF51_DK/TOOLCHAIN_ARM_STD/startup_nRF51822.o(.text))
<BR><BR>[Calls]<UL><LI><a href="#[17]">&gt;&gt;</a>&nbsp;&nbsp;&nbsp;PendSV_Handler
</UL>
<BR>[Called By]<UL><LI><a href="#[17]">&gt;&gt;</a>&nbsp;&nbsp;&nbsp;PendSV_Handler
</UL>
<BR>[Address Reference Count : 1]<UL><LI> startup_nRF51822.o(RESET)
</UL>
<P><STRONG><a name="[18]"></a>SysTick_Handler</STRONG> (Thumb, 2 bytes, Stack size 0 bytes, mbed/TARGET_NRF51_DK/TOOLCHAIN_ARM_STD/startup_nRF51822.o(.text))
<BR><BR>[Calls]<UL><LI><a href="#[18]">&gt;&gt;</a>&nbsp;&nbsp;&nbsp;SysTick_Handler
</UL>
<BR>[Called By]<UL><LI><a href="#[18]">&gt;&gt;</a>&nbsp;&nbsp;&nbsp;SysTick_Handler
</UL>
<BR>[Address Reference Count : 1]<UL><LI> startup_nRF51822.o(RESET)
</UL>
<P><STRONG><a name="[1f]"></a>ADC_IRQHandler_v</STRONG> (Thumb, 0 bytes, Stack size 0 bytes, mbed/TARGET_NRF51_DK/TOOLCHAIN_ARM_STD/startup_nRF51822.o(.text))
<BR><BR>[Calls]<UL><LI><a href="#[1f]">&gt;&gt;</a>&nbsp;&nbsp;&nbsp;ADC_IRQHandler_v
</UL>
<BR>[Called By]<UL><LI><a href="#[1f]">&gt;&gt;</a>&nbsp;&nbsp;&nbsp;ADC_IRQHandler_v
</UL>
<BR>[Address Reference Count : 1]<UL><LI> startup_nRF51822.o(RESET)
</UL>
<P><STRONG><a name="[27]"></a>CCM_AAR_IRQHandler</STRONG> (Thumb, 0 bytes, Stack size 0 bytes, mbed/TARGET_NRF51_DK/TOOLCHAIN_ARM_STD/startup_nRF51822.o(.text))
<BR>[Address Reference Count : 1]<UL><LI> startup_nRF51822.o(RESET)
</UL>
<P><STRONG><a name="[26]"></a>ECB_IRQHandler</STRONG> (Thumb, 0 bytes, Stack size 0 bytes, mbed/TARGET_NRF51_DK/TOOLCHAIN_ARM_STD/startup_nRF51822.o(.text))
<BR>[Address Reference Count : 1]<UL><LI> startup_nRF51822.o(RESET)
</UL>
<P><STRONG><a name="[1e]"></a>GPIOTE_IRQHandler_v</STRONG> (Thumb, 0 bytes, Stack size 0 bytes, mbed/TARGET_NRF51_DK/TOOLCHAIN_ARM_STD/startup_nRF51822.o(.text))
<BR>[Address Reference Count : 1]<UL><LI> startup_nRF51822.o(RESET)
</UL>
<P><STRONG><a name="[2b]"></a>LPCOMP_IRQHandler_v</STRONG> (Thumb, 0 bytes, Stack size 0 bytes, mbed/TARGET_NRF51_DK/TOOLCHAIN_ARM_STD/startup_nRF51822.o(.text))
<BR>[Address Reference Count : 1]<UL><LI> startup_nRF51822.o(RESET)
</UL>
<P><STRONG><a name="[19]"></a>POWER_CLOCK_IRQHandler</STRONG> (Thumb, 0 bytes, Stack size 0 bytes, mbed/TARGET_NRF51_DK/TOOLCHAIN_ARM_STD/startup_nRF51822.o(.text))
<BR>[Address Reference Count : 1]<UL><LI> startup_nRF51822.o(RESET)
</UL>
<P><STRONG><a name="[2a]"></a>QDEC_IRQHandler_v</STRONG> (Thumb, 0 bytes, Stack size 0 bytes, mbed/TARGET_NRF51_DK/TOOLCHAIN_ARM_STD/startup_nRF51822.o(.text))
<BR>[Address Reference Count : 1]<UL><LI> startup_nRF51822.o(RESET)
</UL>
<P><STRONG><a name="[1a]"></a>RADIO_IRQHandler</STRONG> (Thumb, 0 bytes, Stack size 0 bytes, mbed/TARGET_NRF51_DK/TOOLCHAIN_ARM_STD/startup_nRF51822.o(.text))
<BR>[Address Reference Count : 1]<UL><LI> startup_nRF51822.o(RESET)
</UL>
<P><STRONG><a name="[25]"></a>RNG_IRQHandler</STRONG> (Thumb, 0 bytes, Stack size 0 bytes, mbed/TARGET_NRF51_DK/TOOLCHAIN_ARM_STD/startup_nRF51822.o(.text))
<BR>[Address Reference Count : 1]<UL><LI> startup_nRF51822.o(RESET)
</UL>
<P><STRONG><a name="[23]"></a>RTC0_IRQHandler</STRONG> (Thumb, 0 bytes, Stack size 0 bytes, mbed/TARGET_NRF51_DK/TOOLCHAIN_ARM_STD/startup_nRF51822.o(.text))
<BR>[Address Reference Count : 1]<UL><LI> startup_nRF51822.o(RESET)
</UL>
<P><STRONG><a name="[29]"></a>RTC1_IRQHandler_v</STRONG> (Thumb, 0 bytes, Stack size 0 bytes, mbed/TARGET_NRF51_DK/TOOLCHAIN_ARM_STD/startup_nRF51822.o(.text))
<BR>[Address Reference Count : 1]<UL><LI> startup_nRF51822.o(RESET)
</UL>
<P><STRONG><a name="[1c]"></a>SPI0_TWI0_IRQHandler_v</STRONG> (Thumb, 0 bytes, Stack size 0 bytes, mbed/TARGET_NRF51_DK/TOOLCHAIN_ARM_STD/startup_nRF51822.o(.text))
<BR>[Address Reference Count : 1]<UL><LI> startup_nRF51822.o(RESET)
</UL>
<P><STRONG><a name="[1d]"></a>SPI1_TWI1_IRQHandler_v</STRONG> (Thumb, 0 bytes, Stack size 0 bytes, mbed/TARGET_NRF51_DK/TOOLCHAIN_ARM_STD/startup_nRF51822.o(.text))
<BR>[Address Reference Count : 1]<UL><LI> startup_nRF51822.o(RESET)
</UL>
<P><STRONG><a name="[2c]"></a>SWI0_IRQHandler_v</STRONG> (Thumb, 0 bytes, Stack size 0 bytes, mbed/TARGET_NRF51_DK/TOOLCHAIN_ARM_STD/startup_nRF51822.o(.text))
<BR>[Address Reference Count : 1]<UL><LI> startup_nRF51822.o(RESET)
</UL>
<P><STRONG><a name="[2d]"></a>SWI1_IRQHandler_v</STRONG> (Thumb, 0 bytes, Stack size 0 bytes, mbed/TARGET_NRF51_DK/TOOLCHAIN_ARM_STD/startup_nRF51822.o(.text))
<BR>[Address Reference Count : 1]<UL><LI> startup_nRF51822.o(RESET)
</UL>
<P><STRONG><a name="[2e]"></a>SWI2_IRQHandler_v</STRONG> (Thumb, 0 bytes, Stack size 0 bytes, mbed/TARGET_NRF51_DK/TOOLCHAIN_ARM_STD/startup_nRF51822.o(.text))
<BR>[Address Reference Count : 1]<UL><LI> startup_nRF51822.o(RESET)
</UL>
<P><STRONG><a name="[2f]"></a>SWI3_IRQHandler_v</STRONG> (Thumb, 0 bytes, Stack size 0 bytes, mbed/TARGET_NRF51_DK/TOOLCHAIN_ARM_STD/startup_nRF51822.o(.text))
<BR>[Address Reference Count : 1]<UL><LI> startup_nRF51822.o(RESET)
</UL>
<P><STRONG><a name="[30]"></a>SWI4_IRQHandler</STRONG> (Thumb, 0 bytes, Stack size 0 bytes, mbed/TARGET_NRF51_DK/TOOLCHAIN_ARM_STD/startup_nRF51822.o(.text))
<BR>[Address Reference Count : 1]<UL><LI> startup_nRF51822.o(RESET)
</UL>
<P><STRONG><a name="[31]"></a>SWI5_IRQHandler</STRONG> (Thumb, 0 bytes, Stack size 0 bytes, mbed/TARGET_NRF51_DK/TOOLCHAIN_ARM_STD/startup_nRF51822.o(.text))
<BR>[Address Reference Count : 1]<UL><LI> startup_nRF51822.o(RESET)
</UL>
<P><STRONG><a name="[24]"></a>TEMP_IRQHandler</STRONG> (Thumb, 0 bytes, Stack size 0 bytes, mbed/TARGET_NRF51_DK/TOOLCHAIN_ARM_STD/startup_nRF51822.o(.text))
<BR>[Address Reference Count : 1]<UL><LI> startup_nRF51822.o(RESET)
</UL>
<P><STRONG><a name="[20]"></a>TIMER0_IRQHandler</STRONG> (Thumb, 0 bytes, Stack size 0 bytes, mbed/TARGET_NRF51_DK/TOOLCHAIN_ARM_STD/startup_nRF51822.o(.text))
<BR>[Address Reference Count : 1]<UL><LI> startup_nRF51822.o(RESET)
</UL>
<P><STRONG><a name="[21]"></a>TIMER1_IRQHandler_v</STRONG> (Thumb, 0 bytes, Stack size 0 bytes, mbed/TARGET_NRF51_DK/TOOLCHAIN_ARM_STD/startup_nRF51822.o(.text))
<BR>[Address Reference Count : 1]<UL><LI> startup_nRF51822.o(RESET)
</UL>
<P><STRONG><a name="[22]"></a>TIMER2_IRQHandler_v</STRONG> (Thumb, 0 bytes, Stack size 0 bytes, mbed/TARGET_NRF51_DK/TOOLCHAIN_ARM_STD/startup_nRF51822.o(.text))
<BR>[Address Reference Count : 1]<UL><LI> startup_nRF51822.o(RESET)
</UL>
<P><STRONG><a name="[1b]"></a>UART0_IRQHandler_v</STRONG> (Thumb, 0 bytes, Stack size 0 bytes, mbed/TARGET_NRF51_DK/TOOLCHAIN_ARM_STD/startup_nRF51822.o(.text))
<BR>[Address Reference Count : 1]<UL><LI> startup_nRF51822.o(RESET)
</UL>
<P><STRONG><a name="[28]"></a>WDT_IRQHandler_v</STRONG> (Thumb, 0 bytes, Stack size 0 bytes, mbed/TARGET_NRF51_DK/TOOLCHAIN_ARM_STD/startup_nRF51822.o(.text))
<BR>[Address Reference Count : 1]<UL><LI> startup_nRF51822.o(RESET)
</UL>
<P><STRONG><a name="[104]"></a>__aeabi_errno_addr</STRONG> (Thumb, 8 bytes, Stack size 0 bytes, C:\Keil_v5\ARM\ARMCC\Bin\..\lib\armlib\c_p.l(rt_errno_addr.o)(.text))
<BR><BR>[Called By]<UL><LI><a href="#[f2]">&gt;&gt;</a>&nbsp;&nbsp;&nbsp;_sys_write
<LI><a href="#[f1]">&gt;&gt;</a>&nbsp;&nbsp;&nbsp;_sys_seek
<LI><a href="#[cb]">&gt;&gt;</a>&nbsp;&nbsp;&nbsp;_sys_open
<LI><a href="#[ee]">&gt;&gt;</a>&nbsp;&nbsp;&nbsp;_sys_istty
<LI><a href="#[ed]">&gt;&gt;</a>&nbsp;&nbsp;&nbsp;_sys_flen
<LI><a href="#[d0]">&gt;&gt;</a>&nbsp;&nbsp;&nbsp;_sys_close
<LI><a href="#[14a]">&gt;&gt;</a>&nbsp;&nbsp;&nbsp;mbed::Stream::Stream__sub_object(const char*)
<LI><a href="#[f0]">&gt;&gt;</a>&nbsp;&nbsp;&nbsp;_ftell_internal
</UL>

<P><STRONG><a name="[b3]"></a>malloc</STRONG> (Thumb, 98 bytes, Stack size 0 bytes, C:\Keil_v5\ARM\ARMCC\Bin\..\lib\armlib\c_p.l(h1_alloc.o)(.text))
<BR><BR>[Calls]<UL><LI><a href="#[b5]">&gt;&gt;</a>&nbsp;&nbsp;&nbsp;__Heap_Full
<LI><a href="#[b4]">&gt;&gt;</a>&nbsp;&nbsp;&nbsp;__rt_heap_descriptor
</UL>
<BR>[Called By]<UL><LI><a href="#[ea]">&gt;&gt;</a>&nbsp;&nbsp;&nbsp;__flsbuf
<LI><a href="#[cc]">&gt;&gt;</a>&nbsp;&nbsp;&nbsp;fopen
</UL>

<P><STRONG><a name="[b6]"></a>free</STRONG> (Thumb, 76 bytes, Stack size 0 bytes, C:\Keil_v5\ARM\ARMCC\Bin\..\lib\armlib\c_p.l(h1_free.o)(.text))
<BR><BR>[Calls]<UL><LI><a href="#[b4]">&gt;&gt;</a>&nbsp;&nbsp;&nbsp;__rt_heap_descriptor
</UL>
<BR>[Called By]<UL><LI><a href="#[ca]">&gt;&gt;</a>&nbsp;&nbsp;&nbsp;_fclose_internal
<LI><a href="#[106]">&gt;&gt;</a>&nbsp;&nbsp;&nbsp;_terminateio
<LI><a href="#[dd]">&gt;&gt;</a>&nbsp;&nbsp;&nbsp;__Heap_ProvideMemory
</UL>

<P><STRONG><a name="[199]"></a>__aeabi_uldivmod</STRONG> (Thumb, 258 bytes, Stack size 0 bytes, C:\Keil_v5\ARM\ARMCC\Bin\..\lib\armlib\c_p.l(lludiv.o)(.text))
<BR><BR>[Called By]<UL><LI><a href="#[198]">&gt;&gt;</a>&nbsp;&nbsp;&nbsp;common_rtc_set_interrupt
</UL>

<P><STRONG><a name="[b7]"></a>vsnprintf</STRONG> (Thumb, 50 bytes, Stack size 0 bytes, C:\Keil_v5\ARM\ARMCC\Bin\..\lib\armlib\c_p.l(vsnprintf.o)(.text))
<BR><BR>[Calls]<UL><LI><a href="#[b9]">&gt;&gt;</a>&nbsp;&nbsp;&nbsp;_sputc
<LI><a href="#[b8]">&gt;&gt;</a>&nbsp;&nbsp;&nbsp;_printf_char_common
</UL>
<BR>[Called By]<UL><LI><a href="#[19c]">&gt;&gt;</a>&nbsp;&nbsp;&nbsp;mbed_error_vfprintf
<LI><a href="#[1b1]">&gt;&gt;</a>&nbsp;&nbsp;&nbsp;mbed_error_printf
</UL>

<P><STRONG><a name="[ba]"></a>__2printf</STRONG> (Thumb, 22 bytes, Stack size 0 bytes, C:\Keil_v5\ARM\ARMCC\Bin\..\lib\armlib\c_p.l(__2printf.o)(.text))
<BR><BR>[Calls]<UL><LI><a href="#[bb]">&gt;&gt;</a>&nbsp;&nbsp;&nbsp;_printf_char_file
</UL>
<BR>[Called By]<UL><LI><a href="#[166]">&gt;&gt;</a>&nbsp;&nbsp;&nbsp;Flash::isFactoryMode()
<LI><a href="#[120]">&gt;&gt;</a>&nbsp;&nbsp;&nbsp;Rf::sendRf(const rfFrame_t*)
<LI><a href="#[113]">&gt;&gt;</a>&nbsp;&nbsp;&nbsp;$Super$$main
<LI><a href="#[168]">&gt;&gt;</a>&nbsp;&nbsp;&nbsp;DimmerRf::dispRfFactor(rfFrame_t*)
<LI><a href="#[127]">&gt;&gt;</a>&nbsp;&nbsp;&nbsp;Rf::Rf()
<LI><a href="#[11e]">&gt;&gt;</a>&nbsp;&nbsp;&nbsp;Rf::setRadio(channel_t)
<LI><a href="#[118]">&gt;&gt;</a>&nbsp;&nbsp;&nbsp;Rf::sendInternal()
<LI><a href="#[163]">&gt;&gt;</a>&nbsp;&nbsp;&nbsp;Flash::WriteAllFlash()
<LI><a href="#[160]">&gt;&gt;</a>&nbsp;&nbsp;&nbsp;Flash::ReadAllFlash()
</UL>

<P><STRONG><a name="[88]"></a>_printf_int_dec</STRONG> (Thumb, 90 bytes, Stack size 0 bytes, C:\Keil_v5\ARM\ARMCC\Bin\..\lib\armlib\c_p.l(_printf_dec.o)(.text))
<BR><BR>[Calls]<UL><LI><a href="#[be]">&gt;&gt;</a>&nbsp;&nbsp;&nbsp;__rt_udiv10
<LI><a href="#[bf]">&gt;&gt;</a>&nbsp;&nbsp;&nbsp;_printf_int_common
<LI><a href="#[bd]">&gt;&gt;</a>&nbsp;&nbsp;&nbsp;_printf_truncate_unsigned
<LI><a href="#[bc]">&gt;&gt;</a>&nbsp;&nbsp;&nbsp;_printf_truncate_signed
</UL>
<BR>[Called By]<UL><LI><a href="#[89]">&gt;&gt;</a>&nbsp;&nbsp;&nbsp;_printf_u
<LI><a href="#[86]">&gt;&gt;</a>&nbsp;&nbsp;&nbsp;_printf_i
<LI><a href="#[87]">&gt;&gt;</a>&nbsp;&nbsp;&nbsp;_printf_d
</UL>

<P><STRONG><a name="[c0]"></a>_printf_longlong_hex</STRONG> (Thumb, 88 bytes, Stack size 0 bytes, C:\Keil_v5\ARM\ARMCC\Bin\..\lib\armlib\c_p.l(_printf_hex_int_ll_ptr.o)(.text))
<BR><BR>[Calls]<UL><LI><a href="#[bf]">&gt;&gt;</a>&nbsp;&nbsp;&nbsp;_printf_int_common
</UL>
<BR>[Called By]<UL><LI><a href="#[7f]">&gt;&gt;</a>&nbsp;&nbsp;&nbsp;_printf_hex_ptr
<LI><a href="#[96]">&gt;&gt;</a>&nbsp;&nbsp;&nbsp;_printf_ll_hex
<LI><a href="#[8e]">&gt;&gt;</a>&nbsp;&nbsp;&nbsp;_printf_int_hex
</UL>

<P><STRONG><a name="[8e]"></a>_printf_int_hex</STRONG> (Thumb, 28 bytes, Stack size 0 bytes, C:\Keil_v5\ARM\ARMCC\Bin\..\lib\armlib\c_p.l(_printf_hex_int_ll_ptr.o)(.text))
<BR><BR>[Calls]<UL><LI><a href="#[bd]">&gt;&gt;</a>&nbsp;&nbsp;&nbsp;_printf_truncate_unsigned
<LI><a href="#[c0]">&gt;&gt;</a>&nbsp;&nbsp;&nbsp;_printf_longlong_hex
</UL>
<BR>[Called By]<UL><LI><a href="#[8b]">&gt;&gt;</a>&nbsp;&nbsp;&nbsp;_printf_x
</UL>

<P><STRONG><a name="[96]"></a>_printf_ll_hex</STRONG> (Thumb, 10 bytes, Stack size 0 bytes, C:\Keil_v5\ARM\ARMCC\Bin\..\lib\armlib\c_p.l(_printf_hex_int_ll_ptr.o)(.text))
<BR><BR>[Calls]<UL><LI><a href="#[c0]">&gt;&gt;</a>&nbsp;&nbsp;&nbsp;_printf_longlong_hex
</UL>
<BR>[Called By]<UL><LI><a href="#[93]">&gt;&gt;</a>&nbsp;&nbsp;&nbsp;_printf_llx
</UL>

<P><STRONG><a name="[7f]"></a>_printf_hex_ptr</STRONG> (Thumb, 22 bytes, Stack size 0 bytes, C:\Keil_v5\ARM\ARMCC\Bin\..\lib\armlib\c_p.l(_printf_hex_int_ll_ptr.o)(.text))
<BR><BR>[Calls]<UL><LI><a href="#[c0]">&gt;&gt;</a>&nbsp;&nbsp;&nbsp;_printf_longlong_hex
</UL>
<BR>[Called By]<UL><LI><a href="#[7c]">&gt;&gt;</a>&nbsp;&nbsp;&nbsp;_printf_p
</UL>

<P><STRONG><a name="[c1]"></a>__printf</STRONG> (Thumb, 386 bytes, Stack size 0 bytes, C:\Keil_v5\ARM\ARMCC\Bin\..\lib\armlib\c_p.l(__printf_flags_ss_wp.o)(.text))
<BR><BR>[Calls]<UL><LI><a href="#[c3]">&gt;&gt;</a>&nbsp;&nbsp;&nbsp;_printf_percent
<LI><a href="#[c2]">&gt;&gt;</a>&nbsp;&nbsp;&nbsp;_is_digit
</UL>
<BR>[Called By]<UL><LI><a href="#[b8]">&gt;&gt;</a>&nbsp;&nbsp;&nbsp;_printf_char_common
</UL>

<P><STRONG><a name="[c4]"></a>_do_fflush</STRONG> (Thumb, 54 bytes, Stack size 0 bytes, C:\Keil_v5\ARM\ARMCC\Bin\..\lib\armlib\c_p.l(fflush.o)(.text))
<BR><BR>[Calls]<UL><LI><a href="#[c5]">&gt;&gt;</a>&nbsp;&nbsp;&nbsp;_fflush
<LI><a href="#[c6]">&gt;&gt;</a>&nbsp;&nbsp;&nbsp;_fseek
</UL>
<BR>[Called By]<UL><LI><a href="#[c7]">&gt;&gt;</a>&nbsp;&nbsp;&nbsp;fflush
</UL>

<P><STRONG><a name="[c7]"></a>fflush</STRONG> (Thumb, 46 bytes, Stack size 0 bytes, C:\Keil_v5\ARM\ARMCC\Bin\..\lib\armlib\c_p.l(fflush.o)(.text))
<BR><BR>[Calls]<UL><LI><a href="#[c4]">&gt;&gt;</a>&nbsp;&nbsp;&nbsp;_do_fflush
</UL>
<BR>[Called By]<UL><LI><a href="#[d2]">&gt;&gt;</a>&nbsp;&nbsp;&nbsp;__assert_puts
</UL>

<P><STRONG><a name="[c8]"></a>fputs</STRONG> (Thumb, 34 bytes, Stack size 0 bytes, C:\Keil_v5\ARM\ARMCC\Bin\..\lib\armlib\c_p.l(fputs.o)(.text))
<BR><BR>[Calls]<UL><LI><a href="#[37]">&gt;&gt;</a>&nbsp;&nbsp;&nbsp;fputc
</UL>
<BR>[Called By]<UL><LI><a href="#[d2]">&gt;&gt;</a>&nbsp;&nbsp;&nbsp;__assert_puts
</UL>

<P><STRONG><a name="[c9]"></a>freopen</STRONG> (Thumb, 148 bytes, Stack size 0 bytes, C:\Keil_v5\ARM\ARMCC\Bin\..\lib\armlib\c_p.l(fopen.o)(.text))
<BR><BR>[Calls]<UL><LI><a href="#[cb]">&gt;&gt;</a>&nbsp;&nbsp;&nbsp;_sys_open
<LI><a href="#[c6]">&gt;&gt;</a>&nbsp;&nbsp;&nbsp;_fseek
<LI><a href="#[ca]">&gt;&gt;</a>&nbsp;&nbsp;&nbsp;_fclose_internal
</UL>
<BR>[Called By]<UL><LI><a href="#[cc]">&gt;&gt;</a>&nbsp;&nbsp;&nbsp;fopen
<LI><a href="#[a8]">&gt;&gt;</a>&nbsp;&nbsp;&nbsp;_initio
</UL>

<P><STRONG><a name="[cc]"></a>fopen</STRONG> (Thumb, 76 bytes, Stack size 0 bytes, C:\Keil_v5\ARM\ARMCC\Bin\..\lib\armlib\c_p.l(fopen.o)(.text))
<BR><BR>[Calls]<UL><LI><a href="#[cd]">&gt;&gt;</a>&nbsp;&nbsp;&nbsp;__aeabi_memclr4
<LI><a href="#[c9]">&gt;&gt;</a>&nbsp;&nbsp;&nbsp;freopen
<LI><a href="#[b3]">&gt;&gt;</a>&nbsp;&nbsp;&nbsp;malloc
</UL>
<BR>[Called By]<UL><LI><a href="#[13e]">&gt;&gt;</a>&nbsp;&nbsp;&nbsp;mbed::mbed_fdopen(mbed::FileHandle*, const char*)
</UL>

<P><STRONG><a name="[ce]"></a>setbuf</STRONG> (Thumb, 26 bytes, Stack size 0 bytes, C:\Keil_v5\ARM\ARMCC\Bin\..\lib\armlib\c_p.l(setbuf.o)(.text))
<BR><BR>[Calls]<UL><LI><a href="#[cf]">&gt;&gt;</a>&nbsp;&nbsp;&nbsp;setvbuf
</UL>
<BR>[Called By]<UL><LI><a href="#[140]">&gt;&gt;</a>&nbsp;&nbsp;&nbsp;mbed::mbed_set_unbuffered_stream(std::__FILE*)
<LI><a href="#[13e]">&gt;&gt;</a>&nbsp;&nbsp;&nbsp;mbed::mbed_fdopen(mbed::FileHandle*, const char*)
</UL>

<P><STRONG><a name="[ca]"></a>_fclose_internal</STRONG> (Thumb, 72 bytes, Stack size 0 bytes, C:\Keil_v5\ARM\ARMCC\Bin\..\lib\armlib\c_p.l(fclose.o)(.text))
<BR><BR>[Calls]<UL><LI><a href="#[d0]">&gt;&gt;</a>&nbsp;&nbsp;&nbsp;_sys_close
<LI><a href="#[c5]">&gt;&gt;</a>&nbsp;&nbsp;&nbsp;_fflush
<LI><a href="#[cd]">&gt;&gt;</a>&nbsp;&nbsp;&nbsp;__aeabi_memclr4
<LI><a href="#[b6]">&gt;&gt;</a>&nbsp;&nbsp;&nbsp;free
</UL>
<BR>[Called By]<UL><LI><a href="#[c9]">&gt;&gt;</a>&nbsp;&nbsp;&nbsp;freopen
<LI><a href="#[106]">&gt;&gt;</a>&nbsp;&nbsp;&nbsp;_terminateio
</UL>

<P><STRONG><a name="[14e]"></a>fclose</STRONG> (Thumb, 0 bytes, Stack size 0 bytes, C:\Keil_v5\ARM\ARMCC\Bin\..\lib\armlib\c_p.l(fclose.o)(.text))
<BR><BR>[Called By]<UL><LI><a href="#[6b]">&gt;&gt;</a>&nbsp;&nbsp;&nbsp;mbed::Stream::~Stream__sub_object()
</UL>

<P><STRONG><a name="[d1]"></a>__aeabi_assert</STRONG> (Thumb, 82 bytes, Stack size 0 bytes, C:\Keil_v5\ARM\ARMCC\Bin\..\lib\armlib\c_p.l(assert.o)(.text))
<BR><BR>[Calls]<UL><LI><a href="#[d4]">&gt;&gt;</a>&nbsp;&nbsp;&nbsp;abort
<LI><a href="#[d3]">&gt;&gt;</a>&nbsp;&nbsp;&nbsp;__aeabi_idivmod
<LI><a href="#[d2]">&gt;&gt;</a>&nbsp;&nbsp;&nbsp;__assert_puts
</UL>
<BR>[Called By]<UL><LI><a href="#[135]">&gt;&gt;</a>&nbsp;&nbsp;&nbsp;core_util_critical_section_exit
<LI><a href="#[132]">&gt;&gt;</a>&nbsp;&nbsp;&nbsp;core_util_critical_section_enter
</UL>

<P><STRONG><a name="[15a]"></a>strlen</STRONG> (Thumb, 62 bytes, Stack size 0 bytes, C:\Keil_v5\ARM\ARMCC\Bin\..\lib\armlib\c_p.l(strlen.o)(.text))
<BR><BR>[Called By]<UL><LI><a href="#[157]">&gt;&gt;</a>&nbsp;&nbsp;&nbsp;mbed::FileBase::lookup(const char*, unsigned)
</UL>

<P><STRONG><a name="[159]"></a>strncmp</STRONG> (Thumb, 154 bytes, Stack size 0 bytes, C:\Keil_v5\ARM\ARMCC\Bin\..\lib\armlib\c_p.l(strncmp.o)(.text))
<BR><BR>[Called By]<UL><LI><a href="#[157]">&gt;&gt;</a>&nbsp;&nbsp;&nbsp;mbed::FileBase::lookup(const char*, unsigned)
</UL>

<P><STRONG><a name="[d5]"></a>__aeabi_memcpy</STRONG> (Thumb, 130 bytes, Stack size 0 bytes, C:\Keil_v5\ARM\ARMCC\Bin\..\lib\armlib\c_p.l(rt_memcpy.o)(.text))
<BR><BR>[Calls]<UL><LI><a href="#[d6]">&gt;&gt;</a>&nbsp;&nbsp;&nbsp;__aeabi_memcpy4
</UL>
<BR>[Called By]<UL><LI><a href="#[120]">&gt;&gt;</a>&nbsp;&nbsp;&nbsp;Rf::sendRf(const rfFrame_t*)
</UL>

<P><STRONG><a name="[d7]"></a>__aeabi_memset</STRONG> (Thumb, 18 bytes, Stack size 0 bytes, C:\Keil_v5\ARM\ARMCC\Bin\..\lib\armlib\c_p.l(aeabi_memset.o)(.text))
<BR><BR>[Calls]<UL><LI><a href="#[d8]">&gt;&gt;</a>&nbsp;&nbsp;&nbsp;_memset
</UL>
<BR>[Called By]<UL><LI><a href="#[189]">&gt;&gt;</a>&nbsp;&nbsp;&nbsp;nrf_drv_gpiote_init
</UL>

<P><STRONG><a name="[d9]"></a>_memset_w</STRONG> (Thumb, 26 bytes, Stack size 0 bytes, C:\Keil_v5\ARM\ARMCC\Bin\..\lib\armlib\c_p.l(rt_memclr.o)(.text))
<BR><BR>[Called By]<UL><LI><a href="#[db]">&gt;&gt;</a>&nbsp;&nbsp;&nbsp;__rt_memclr_w
<LI><a href="#[d8]">&gt;&gt;</a>&nbsp;&nbsp;&nbsp;_memset
</UL>

<P><STRONG><a name="[d8]"></a>_memset</STRONG> (Thumb, 30 bytes, Stack size 0 bytes, C:\Keil_v5\ARM\ARMCC\Bin\..\lib\armlib\c_p.l(rt_memclr.o)(.text))
<BR><BR>[Calls]<UL><LI><a href="#[d9]">&gt;&gt;</a>&nbsp;&nbsp;&nbsp;_memset_w
</UL>
<BR>[Called By]<UL><LI><a href="#[da]">&gt;&gt;</a>&nbsp;&nbsp;&nbsp;__aeabi_memclr
<LI><a href="#[d7]">&gt;&gt;</a>&nbsp;&nbsp;&nbsp;__aeabi_memset
</UL>

<P><STRONG><a name="[da]"></a>__aeabi_memclr</STRONG> (Thumb, 4 bytes, Stack size 0 bytes, C:\Keil_v5\ARM\ARMCC\Bin\..\lib\armlib\c_p.l(rt_memclr.o)(.text), UNUSED)
<BR><BR>[Calls]<UL><LI><a href="#[d8]">&gt;&gt;</a>&nbsp;&nbsp;&nbsp;_memset
</UL>

<P><STRONG><a name="[cd]"></a>__aeabi_memclr4</STRONG> (Thumb, 0 bytes, Stack size 0 bytes, C:\Keil_v5\ARM\ARMCC\Bin\..\lib\armlib\c_p.l(rt_memclr.o)(.text))
<BR><BR>[Called By]<UL><LI><a href="#[ca]">&gt;&gt;</a>&nbsp;&nbsp;&nbsp;_fclose_internal
<LI><a href="#[cc]">&gt;&gt;</a>&nbsp;&nbsp;&nbsp;fopen
<LI><a href="#[a8]">&gt;&gt;</a>&nbsp;&nbsp;&nbsp;_initio
</UL>

<P><STRONG><a name="[db]"></a>__rt_memclr_w</STRONG> (Thumb, 4 bytes, Stack size 0 bytes, C:\Keil_v5\ARM\ARMCC\Bin\..\lib\armlib\c_p.l(rt_memclr.o)(.text), UNUSED)
<BR><BR>[Calls]<UL><LI><a href="#[d9]">&gt;&gt;</a>&nbsp;&nbsp;&nbsp;_memset_w
</UL>

<P><STRONG><a name="[16f]"></a>strcmp</STRONG> (Thumb, 160 bytes, Stack size 0 bytes, C:\Keil_v5\ARM\ARMCC\Bin\..\lib\armlib\c_p.l(strcmpv6m.o)(.text))
<BR><BR>[Called By]<UL><LI><a href="#[cb]">&gt;&gt;</a>&nbsp;&nbsp;&nbsp;_sys_open
<LI><a href="#[38]">&gt;&gt;</a>&nbsp;&nbsp;&nbsp;_get_lc_ctype
<LI><a href="#[a6]">&gt;&gt;</a>&nbsp;&nbsp;&nbsp;_get_lc_numeric
</UL>

<P><STRONG><a name="[125]"></a>__aeabi_uidivmod</STRONG> (Thumb, 28 bytes, Stack size 0 bytes, C:\Keil_v5\ARM\ARMCC\Bin\..\lib\armlib\c_p.l(aeabi_sdivfast.o)(.text))
<BR><BR>[Called By]<UL><LI><a href="#[172]">&gt;&gt;</a>&nbsp;&nbsp;&nbsp;app_pwm_channel_duty_set
<LI><a href="#[113]">&gt;&gt;</a>&nbsp;&nbsp;&nbsp;$Super$$main
<LI><a href="#[11e]">&gt;&gt;</a>&nbsp;&nbsp;&nbsp;Rf::setRadio(channel_t)
</UL>

<P><STRONG><a name="[d3]"></a>__aeabi_idivmod</STRONG> (Thumb, 460 bytes, Stack size 0 bytes, C:\Keil_v5\ARM\ARMCC\Bin\..\lib\armlib\c_p.l(aeabi_sdivfast.o)(.text))
<BR><BR>[Called By]<UL><LI><a href="#[d1]">&gt;&gt;</a>&nbsp;&nbsp;&nbsp;__aeabi_assert
<LI><a href="#[fa]">&gt;&gt;</a>&nbsp;&nbsp;&nbsp;_btod_etento
<LI><a href="#[4a]">&gt;&gt;</a>&nbsp;&nbsp;&nbsp;_printf_fp_hex_real
</UL>

<P><STRONG><a name="[76]"></a>__cpp_initialize__aeabi_</STRONG> (Thumb, 26 bytes, Stack size 0 bytes, C:\Keil_v5\ARM\ARMCC\Bin\..\lib\armlib\c_p.l(init_aeabi.o)(.text))
<BR><BR>[Called By]<UL><LI><a href="#[a9]">&gt;&gt;</a>&nbsp;&nbsp;&nbsp;__rt_lib_init_cpp_2
</UL>

<P><STRONG><a name="[136]"></a>__aeabi_vec_dtor</STRONG> (Thumb, 34 bytes, Stack size 0 bytes, C:\Keil_v5\ARM\ARMCC\Bin\..\lib\cpplib\cpprt_p.l(aeabi_vec_dtor_noexceptions.o)(.text))
<BR><BR>[Called By]<UL><LI><a href="#[5f]">&gt;&gt;</a>&nbsp;&nbsp;&nbsp;mbed::SerialBase::~SerialBase()
</UL>

<P><STRONG><a name="[1c0]"></a>__aeabi_f2iz</STRONG> (Thumb, 0 bytes, Stack size 0 bytes, C:\Keil_v5\ARM\ARMCC\Bin\..\lib\armlib\fz_ps.l(ffixi.o)(.text))
<BR><BR>[Called By]<UL><LI><a href="#[11f]">&gt;&gt;</a>&nbsp;&nbsp;&nbsp;wait
</UL>

<P><STRONG><a name="[1b9]"></a>__aeabi_f2uiz</STRONG> (Thumb, 0 bytes, Stack size 0 bytes, C:\Keil_v5\ARM\ARMCC\Bin\..\lib\armlib\fz_ps.l(ffixui.o)(.text))
<BR><BR>[Called By]<UL><LI><a href="#[148]">&gt;&gt;</a>&nbsp;&nbsp;&nbsp;pwmout_write
</UL>

<P><STRONG><a name="[152]"></a>__aeabi_f2ulz</STRONG> (Thumb, 0 bytes, Stack size 0 bytes, C:\Keil_v5\ARM\ARMCC\Bin\..\lib\armlib\fz_ps.l(ffixul.o)(.text))
<BR><BR>[Called By]<UL><LI><a href="#[150]">&gt;&gt;</a>&nbsp;&nbsp;&nbsp;mbed::Ticker::attach(mbed::Callback&lang;void()&rang;, float)
</UL>

<P><STRONG><a name="[b4]"></a>__rt_heap_descriptor</STRONG> (Thumb, 8 bytes, Stack size 0 bytes, C:\Keil_v5\ARM\ARMCC\Bin\..\lib\armlib\c_p.l(rt_heap_descriptor.o)(.text))
<BR><BR>[Called By]<UL><LI><a href="#[a1]">&gt;&gt;</a>&nbsp;&nbsp;&nbsp;_init_alloc
<LI><a href="#[b6]">&gt;&gt;</a>&nbsp;&nbsp;&nbsp;free
<LI><a href="#[b3]">&gt;&gt;</a>&nbsp;&nbsp;&nbsp;malloc
</UL>

<P><STRONG><a name="[12]"></a>_terminate_user_alloc</STRONG> (Thumb, 2 bytes, Stack size 0 bytes, C:\Keil_v5\ARM\ARMCC\Bin\..\lib\armlib\c_p.l(init_alloc.o)(.text), UNUSED)

<P><STRONG><a name="[b]"></a>_init_user_alloc</STRONG> (Thumb, 2 bytes, Stack size 0 bytes, C:\Keil_v5\ARM\ARMCC\Bin\..\lib\armlib\c_p.l(init_alloc.o)(.text), UNUSED)

<P><STRONG><a name="[b5]"></a>__Heap_Full</STRONG> (Thumb, 32 bytes, Stack size 0 bytes, C:\Keil_v5\ARM\ARMCC\Bin\..\lib\armlib\c_p.l(init_alloc.o)(.text))
<BR><BR>[Calls]<UL><LI><a href="#[dc]">&gt;&gt;</a>&nbsp;&nbsp;&nbsp;__rt_heap_expand
<LI><a href="#[dd]">&gt;&gt;</a>&nbsp;&nbsp;&nbsp;__Heap_ProvideMemory
</UL>
<BR>[Called By]<UL><LI><a href="#[b3]">&gt;&gt;</a>&nbsp;&nbsp;&nbsp;malloc
</UL>

<P><STRONG><a name="[de]"></a>__Heap_Broken</STRONG> (Thumb, 10 bytes, Stack size 0 bytes, C:\Keil_v5\ARM\ARMCC\Bin\..\lib\armlib\c_p.l(init_alloc.o)(.text), UNUSED)
<BR><BR>[Calls]<UL><LI><a href="#[df]">&gt;&gt;</a>&nbsp;&nbsp;&nbsp;__rt_SIGRTMEM
</UL>

<P><STRONG><a name="[a1]"></a>_init_alloc</STRONG> (Thumb, 90 bytes, Stack size 0 bytes, C:\Keil_v5\ARM\ARMCC\Bin\..\lib\armlib\c_p.l(init_alloc.o)(.text))
<BR><BR>[Calls]<UL><LI><a href="#[e1]">&gt;&gt;</a>&nbsp;&nbsp;&nbsp;__Heap_Initialize
<LI><a href="#[b4]">&gt;&gt;</a>&nbsp;&nbsp;&nbsp;__rt_heap_descriptor
<LI><a href="#[dc]">&gt;&gt;</a>&nbsp;&nbsp;&nbsp;__rt_heap_expand
<LI><a href="#[e0]">&gt;&gt;</a>&nbsp;&nbsp;&nbsp;__rt_heap_escrow
<LI><a href="#[df]">&gt;&gt;</a>&nbsp;&nbsp;&nbsp;__rt_SIGRTMEM
<LI><a href="#[dd]">&gt;&gt;</a>&nbsp;&nbsp;&nbsp;__Heap_ProvideMemory
</UL>
<BR>[Called By]<UL><LI><a href="#[a0]">&gt;&gt;</a>&nbsp;&nbsp;&nbsp;__rt_lib_init_heap_2
</UL>

<P><STRONG><a name="[e1]"></a>__Heap_Initialize</STRONG> (Thumb, 10 bytes, Stack size 0 bytes, C:\Keil_v5\ARM\ARMCC\Bin\..\lib\armlib\c_p.l(h1_init.o)(.text))
<BR><BR>[Called By]<UL><LI><a href="#[a1]">&gt;&gt;</a>&nbsp;&nbsp;&nbsp;_init_alloc
</UL>

<P><STRONG><a name="[9]"></a>__Heap_DescSize</STRONG> (Thumb, 4 bytes, Stack size 0 bytes, C:\Keil_v5\ARM\ARMCC\Bin\..\lib\armlib\c_p.l(h1_init.o)(.text), UNUSED)

<P><STRONG><a name="[e3]"></a>_printf_pre_padding</STRONG> (Thumb, 44 bytes, Stack size 0 bytes, C:\Keil_v5\ARM\ARMCC\Bin\..\lib\armlib\c_p.l(_printf_pad.o)(.text))
<BR><BR>[Called By]<UL><LI><a href="#[e6]">&gt;&gt;</a>&nbsp;&nbsp;&nbsp;_printf_wctomb
<LI><a href="#[bf]">&gt;&gt;</a>&nbsp;&nbsp;&nbsp;_printf_int_common
<LI><a href="#[e2]">&gt;&gt;</a>&nbsp;&nbsp;&nbsp;_printf_str
<LI><a href="#[ff]">&gt;&gt;</a>&nbsp;&nbsp;&nbsp;_printf_fp_infnan
<LI><a href="#[4a]">&gt;&gt;</a>&nbsp;&nbsp;&nbsp;_printf_fp_hex_real
<LI><a href="#[49]">&gt;&gt;</a>&nbsp;&nbsp;&nbsp;_printf_fp_dec_real
</UL>

<P><STRONG><a name="[e4]"></a>_printf_post_padding</STRONG> (Thumb, 34 bytes, Stack size 0 bytes, C:\Keil_v5\ARM\ARMCC\Bin\..\lib\armlib\c_p.l(_printf_pad.o)(.text))
<BR><BR>[Called By]<UL><LI><a href="#[e6]">&gt;&gt;</a>&nbsp;&nbsp;&nbsp;_printf_wctomb
<LI><a href="#[bf]">&gt;&gt;</a>&nbsp;&nbsp;&nbsp;_printf_int_common
<LI><a href="#[e2]">&gt;&gt;</a>&nbsp;&nbsp;&nbsp;_printf_str
<LI><a href="#[ff]">&gt;&gt;</a>&nbsp;&nbsp;&nbsp;_printf_fp_infnan
<LI><a href="#[4a]">&gt;&gt;</a>&nbsp;&nbsp;&nbsp;_printf_fp_hex_real
<LI><a href="#[49]">&gt;&gt;</a>&nbsp;&nbsp;&nbsp;_printf_fp_dec_real
</UL>

<P><STRONG><a name="[bc]"></a>_printf_truncate_signed</STRONG> (Thumb, 18 bytes, Stack size 0 bytes, C:\Keil_v5\ARM\ARMCC\Bin\..\lib\armlib\c_p.l(_printf_truncate.o)(.text))
<BR><BR>[Called By]<UL><LI><a href="#[88]">&gt;&gt;</a>&nbsp;&nbsp;&nbsp;_printf_int_dec
</UL>

<P><STRONG><a name="[bd]"></a>_printf_truncate_unsigned</STRONG> (Thumb, 18 bytes, Stack size 0 bytes, C:\Keil_v5\ARM\ARMCC\Bin\..\lib\armlib\c_p.l(_printf_truncate.o)(.text))
<BR><BR>[Called By]<UL><LI><a href="#[8c]">&gt;&gt;</a>&nbsp;&nbsp;&nbsp;_printf_int_oct
<LI><a href="#[8e]">&gt;&gt;</a>&nbsp;&nbsp;&nbsp;_printf_int_hex
<LI><a href="#[88]">&gt;&gt;</a>&nbsp;&nbsp;&nbsp;_printf_int_dec
</UL>

<P><STRONG><a name="[e2]"></a>_printf_str</STRONG> (Thumb, 82 bytes, Stack size 0 bytes, C:\Keil_v5\ARM\ARMCC\Bin\..\lib\armlib\c_p.l(_printf_str.o)(.text))
<BR><BR>[Calls]<UL><LI><a href="#[e4]">&gt;&gt;</a>&nbsp;&nbsp;&nbsp;_printf_post_padding
<LI><a href="#[e3]">&gt;&gt;</a>&nbsp;&nbsp;&nbsp;_printf_pre_padding
</UL>
<BR>[Called By]<UL><LI><a href="#[100]">&gt;&gt;</a>&nbsp;&nbsp;&nbsp;_printf_cs_common
</UL>

<P><STRONG><a name="[bf]"></a>_printf_int_common</STRONG> (Thumb, 176 bytes, Stack size 0 bytes, C:\Keil_v5\ARM\ARMCC\Bin\..\lib\armlib\c_p.l(_printf_intcommon.o)(.text))
<BR><BR>[Calls]<UL><LI><a href="#[e4]">&gt;&gt;</a>&nbsp;&nbsp;&nbsp;_printf_post_padding
<LI><a href="#[e3]">&gt;&gt;</a>&nbsp;&nbsp;&nbsp;_printf_pre_padding
</UL>
<BR>[Called By]<UL><LI><a href="#[e9]">&gt;&gt;</a>&nbsp;&nbsp;&nbsp;_printf_longlong_oct
<LI><a href="#[90]">&gt;&gt;</a>&nbsp;&nbsp;&nbsp;_printf_longlong_dec
<LI><a href="#[c0]">&gt;&gt;</a>&nbsp;&nbsp;&nbsp;_printf_longlong_hex
<LI><a href="#[88]">&gt;&gt;</a>&nbsp;&nbsp;&nbsp;_printf_int_dec
</UL>

<P><STRONG><a name="[7d]"></a>_printf_charcount</STRONG> (Thumb, 38 bytes, Stack size 0 bytes, C:\Keil_v5\ARM\ARMCC\Bin\..\lib\armlib\c_p.l(_printf_charcount.o)(.text))
<BR><BR>[Called By]<UL><LI><a href="#[7b]">&gt;&gt;</a>&nbsp;&nbsp;&nbsp;_printf_n
</UL>

<P><STRONG><a name="[b8]"></a>_printf_char_common</STRONG> (Thumb, 32 bytes, Stack size 0 bytes, C:\Keil_v5\ARM\ARMCC\Bin\..\lib\armlib\c_p.l(_printf_char_common.o)(.text))
<BR><BR>[Calls]<UL><LI><a href="#[c1]">&gt;&gt;</a>&nbsp;&nbsp;&nbsp;__printf
</UL>
<BR>[Called By]<UL><LI><a href="#[bb]">&gt;&gt;</a>&nbsp;&nbsp;&nbsp;_printf_char_file
<LI><a href="#[b7]">&gt;&gt;</a>&nbsp;&nbsp;&nbsp;vsnprintf
</UL>

<P><STRONG><a name="[b9]"></a>_sputc</STRONG> (Thumb, 10 bytes, Stack size 0 bytes, C:\Keil_v5\ARM\ARMCC\Bin\..\lib\armlib\c_p.l(_sputc.o)(.text))
<BR><BR>[Called By]<UL><LI><a href="#[b7]">&gt;&gt;</a>&nbsp;&nbsp;&nbsp;vsnprintf
</UL>

<P><STRONG><a name="[35]"></a>_snputc</STRONG> (Thumb, 16 bytes, Stack size 0 bytes, C:\Keil_v5\ARM\ARMCC\Bin\..\lib\armlib\c_p.l(_snputc.o)(.text))
<BR>[Address Reference Count : 1]<UL><LI> vsnprintf.o(.text)
</UL>
<P><STRONG><a name="[bb]"></a>_printf_char_file</STRONG> (Thumb, 34 bytes, Stack size 0 bytes, C:\Keil_v5\ARM\ARMCC\Bin\..\lib\armlib\c_p.l(_printf_char_file.o)(.text))
<BR><BR>[Calls]<UL><LI><a href="#[e5]">&gt;&gt;</a>&nbsp;&nbsp;&nbsp;ferror
<LI><a href="#[b8]">&gt;&gt;</a>&nbsp;&nbsp;&nbsp;_printf_char_common
</UL>
<BR>[Called By]<UL><LI><a href="#[ba]">&gt;&gt;</a>&nbsp;&nbsp;&nbsp;__2printf
</UL>

<P><STRONG><a name="[e6]"></a>_printf_wctomb</STRONG> (Thumb, 182 bytes, Stack size 0 bytes, C:\Keil_v5\ARM\ARMCC\Bin\..\lib\armlib\c_p.l(_printf_wctomb.o)(.text))
<BR><BR>[Calls]<UL><LI><a href="#[e4]">&gt;&gt;</a>&nbsp;&nbsp;&nbsp;_printf_post_padding
<LI><a href="#[e3]">&gt;&gt;</a>&nbsp;&nbsp;&nbsp;_printf_pre_padding
<LI><a href="#[e7]">&gt;&gt;</a>&nbsp;&nbsp;&nbsp;_wcrtomb
</UL>
<BR>[Called By]<UL><LI><a href="#[102]">&gt;&gt;</a>&nbsp;&nbsp;&nbsp;_printf_lcs_common
</UL>

<P><STRONG><a name="[90]"></a>_printf_longlong_dec</STRONG> (Thumb, 94 bytes, Stack size 0 bytes, C:\Keil_v5\ARM\ARMCC\Bin\..\lib\armlib\c_p.l(_printf_longlong_dec.o)(.text))
<BR><BR>[Calls]<UL><LI><a href="#[bf]">&gt;&gt;</a>&nbsp;&nbsp;&nbsp;_printf_int_common
<LI><a href="#[e8]">&gt;&gt;</a>&nbsp;&nbsp;&nbsp;_ll_udiv10
</UL>
<BR>[Called By]<UL><LI><a href="#[91]">&gt;&gt;</a>&nbsp;&nbsp;&nbsp;_printf_llu
<LI><a href="#[8f]">&gt;&gt;</a>&nbsp;&nbsp;&nbsp;_printf_lld
<LI><a href="#[8d]">&gt;&gt;</a>&nbsp;&nbsp;&nbsp;_printf_lli
</UL>

<P><STRONG><a name="[e9]"></a>_printf_longlong_oct</STRONG> (Thumb, 68 bytes, Stack size 0 bytes, C:\Keil_v5\ARM\ARMCC\Bin\..\lib\armlib\c_p.l(_printf_oct_int_ll.o)(.text))
<BR><BR>[Calls]<UL><LI><a href="#[bf]">&gt;&gt;</a>&nbsp;&nbsp;&nbsp;_printf_int_common
</UL>
<BR>[Called By]<UL><LI><a href="#[94]">&gt;&gt;</a>&nbsp;&nbsp;&nbsp;_printf_ll_oct
<LI><a href="#[8c]">&gt;&gt;</a>&nbsp;&nbsp;&nbsp;_printf_int_oct
</UL>

<P><STRONG><a name="[8c]"></a>_printf_int_oct</STRONG> (Thumb, 24 bytes, Stack size 0 bytes, C:\Keil_v5\ARM\ARMCC\Bin\..\lib\armlib\c_p.l(_printf_oct_int_ll.o)(.text))
<BR><BR>[Calls]<UL><LI><a href="#[e9]">&gt;&gt;</a>&nbsp;&nbsp;&nbsp;_printf_longlong_oct
<LI><a href="#[bd]">&gt;&gt;</a>&nbsp;&nbsp;&nbsp;_printf_truncate_unsigned
</UL>
<BR>[Called By]<UL><LI><a href="#[8a]">&gt;&gt;</a>&nbsp;&nbsp;&nbsp;_printf_o
</UL>

<P><STRONG><a name="[94]"></a>_printf_ll_oct</STRONG> (Thumb, 10 bytes, Stack size 0 bytes, C:\Keil_v5\ARM\ARMCC\Bin\..\lib\armlib\c_p.l(_printf_oct_int_ll.o)(.text))
<BR><BR>[Calls]<UL><LI><a href="#[e9]">&gt;&gt;</a>&nbsp;&nbsp;&nbsp;_printf_longlong_oct
</UL>
<BR>[Called By]<UL><LI><a href="#[92]">&gt;&gt;</a>&nbsp;&nbsp;&nbsp;_printf_llo
</UL>

<P><STRONG><a name="[e5]"></a>ferror</STRONG> (Thumb, 8 bytes, Stack size 0 bytes, C:\Keil_v5\ARM\ARMCC\Bin\..\lib\armlib\c_p.l(ferror.o)(.text))
<BR><BR>[Called By]<UL><LI><a href="#[bb]">&gt;&gt;</a>&nbsp;&nbsp;&nbsp;_printf_char_file
</UL>

<P><STRONG><a name="[ea]"></a>__flsbuf</STRONG> (Thumb, 486 bytes, Stack size 0 bytes, C:\Keil_v5\ARM\ARMCC\Bin\..\lib\armlib\c_p.l(flsbuf.o)(.text), UNUSED)
<BR><BR>[Calls]<UL><LI><a href="#[ee]">&gt;&gt;</a>&nbsp;&nbsp;&nbsp;_sys_istty
<LI><a href="#[ed]">&gt;&gt;</a>&nbsp;&nbsp;&nbsp;_sys_flen
<LI><a href="#[eb]">&gt;&gt;</a>&nbsp;&nbsp;&nbsp;_deferredlazyseek
<LI><a href="#[ef]">&gt;&gt;</a>&nbsp;&nbsp;&nbsp;_writebuf
<LI><a href="#[ec]">&gt;&gt;</a>&nbsp;&nbsp;&nbsp;_seterr
<LI><a href="#[b3]">&gt;&gt;</a>&nbsp;&nbsp;&nbsp;malloc
</UL>

<P><STRONG><a name="[19e]"></a>__flsbuf_byte</STRONG> (Thumb, 0 bytes, Stack size 0 bytes, C:\Keil_v5\ARM\ARMCC\Bin\..\lib\armlib\c_p.l(flsbuf.o)(.text))
<BR><BR>[Called By]<UL><LI><a href="#[37]">&gt;&gt;</a>&nbsp;&nbsp;&nbsp;fputc
</UL>

<P><STRONG><a name="[c6]"></a>_fseek</STRONG> (Thumb, 240 bytes, Stack size 0 bytes, C:\Keil_v5\ARM\ARMCC\Bin\..\lib\armlib\c_p.l(fseek.o)(.text))
<BR><BR>[Calls]<UL><LI><a href="#[ee]">&gt;&gt;</a>&nbsp;&nbsp;&nbsp;_sys_istty
<LI><a href="#[ed]">&gt;&gt;</a>&nbsp;&nbsp;&nbsp;_sys_flen
<LI><a href="#[ec]">&gt;&gt;</a>&nbsp;&nbsp;&nbsp;_seterr
<LI><a href="#[f0]">&gt;&gt;</a>&nbsp;&nbsp;&nbsp;_ftell_internal
</UL>
<BR>[Called By]<UL><LI><a href="#[c9]">&gt;&gt;</a>&nbsp;&nbsp;&nbsp;freopen
<LI><a href="#[c4]">&gt;&gt;</a>&nbsp;&nbsp;&nbsp;_do_fflush
</UL>

<P><STRONG><a name="[cf]"></a>setvbuf</STRONG> (Thumb, 72 bytes, Stack size 0 bytes, C:\Keil_v5\ARM\ARMCC\Bin\..\lib\armlib\c_p.l(setvbuf.o)(.text))
<BR><BR>[Called By]<UL><LI><a href="#[ce]">&gt;&gt;</a>&nbsp;&nbsp;&nbsp;setbuf
<LI><a href="#[a8]">&gt;&gt;</a>&nbsp;&nbsp;&nbsp;_initio
</UL>

<P><STRONG><a name="[ec]"></a>_seterr</STRONG> (Thumb, 20 bytes, Stack size 0 bytes, C:\Keil_v5\ARM\ARMCC\Bin\..\lib\armlib\c_p.l(stdio.o)(.text))
<BR><BR>[Called By]<UL><LI><a href="#[ef]">&gt;&gt;</a>&nbsp;&nbsp;&nbsp;_writebuf
<LI><a href="#[c6]">&gt;&gt;</a>&nbsp;&nbsp;&nbsp;_fseek
<LI><a href="#[ea]">&gt;&gt;</a>&nbsp;&nbsp;&nbsp;__flsbuf
</UL>

<P><STRONG><a name="[ef]"></a>_writebuf</STRONG> (Thumb, 76 bytes, Stack size 0 bytes, C:\Keil_v5\ARM\ARMCC\Bin\..\lib\armlib\c_p.l(stdio.o)(.text))
<BR><BR>[Calls]<UL><LI><a href="#[f2]">&gt;&gt;</a>&nbsp;&nbsp;&nbsp;_sys_write
<LI><a href="#[f1]">&gt;&gt;</a>&nbsp;&nbsp;&nbsp;_sys_seek
<LI><a href="#[ec]">&gt;&gt;</a>&nbsp;&nbsp;&nbsp;_seterr
</UL>
<BR>[Called By]<UL><LI><a href="#[c5]">&gt;&gt;</a>&nbsp;&nbsp;&nbsp;_fflush
<LI><a href="#[ea]">&gt;&gt;</a>&nbsp;&nbsp;&nbsp;__flsbuf
</UL>

<P><STRONG><a name="[c5]"></a>_fflush</STRONG> (Thumb, 76 bytes, Stack size 0 bytes, C:\Keil_v5\ARM\ARMCC\Bin\..\lib\armlib\c_p.l(stdio.o)(.text))
<BR><BR>[Calls]<UL><LI><a href="#[ef]">&gt;&gt;</a>&nbsp;&nbsp;&nbsp;_writebuf
</UL>
<BR>[Called By]<UL><LI><a href="#[eb]">&gt;&gt;</a>&nbsp;&nbsp;&nbsp;_deferredlazyseek
<LI><a href="#[ca]">&gt;&gt;</a>&nbsp;&nbsp;&nbsp;_fclose_internal
<LI><a href="#[c4]">&gt;&gt;</a>&nbsp;&nbsp;&nbsp;_do_fflush
</UL>

<P><STRONG><a name="[eb]"></a>_deferredlazyseek</STRONG> (Thumb, 60 bytes, Stack size 0 bytes, C:\Keil_v5\ARM\ARMCC\Bin\..\lib\armlib\c_p.l(stdio.o)(.text), UNUSED)
<BR><BR>[Calls]<UL><LI><a href="#[c5]">&gt;&gt;</a>&nbsp;&nbsp;&nbsp;_fflush
</UL>
<BR>[Called By]<UL><LI><a href="#[ea]">&gt;&gt;</a>&nbsp;&nbsp;&nbsp;__flsbuf
</UL>

<P><STRONG><a name="[d4]"></a>abort</STRONG> (Thumb, 20 bytes, Stack size 0 bytes, C:\Keil_v5\ARM\ARMCC\Bin\..\lib\armlib\c_p.l(abort.o)(.text))
<BR><BR>[Calls]<UL><LI><a href="#[f4]">&gt;&gt;</a>&nbsp;&nbsp;&nbsp;__rt_lib_shutdown (Weak Reference)
<LI><a href="#[f3]">&gt;&gt;</a>&nbsp;&nbsp;&nbsp;__rt_SIGABRT
<LI><a href="#[f5]">&gt;&gt;</a>&nbsp;&nbsp;&nbsp;_sys_exit
</UL>
<BR>[Called By]<UL><LI><a href="#[d1]">&gt;&gt;</a>&nbsp;&nbsp;&nbsp;__aeabi_assert
</UL>

<P><STRONG><a name="[f6]"></a>__rt_SIGPVFN</STRONG> (Thumb, 12 bytes, Stack size 0 bytes, C:\Keil_v5\ARM\ARMCC\Bin\..\lib\armlib\c_p.l(defsig_pvfn_outer.o)(.text))
<BR><BR>[Calls]<UL><LI><a href="#[f7]">&gt;&gt;</a>&nbsp;&nbsp;&nbsp;__rt_SIGPVFN_inner
<LI><a href="#[f8]">&gt;&gt;</a>&nbsp;&nbsp;&nbsp;__sig_exit
</UL>
<BR>[Called By]<UL><LI><a href="#[5a]">&gt;&gt;</a>&nbsp;&nbsp;&nbsp;__cxa_pure_virtual
</UL>

<P><STRONG><a name="[be]"></a>__rt_udiv10</STRONG> (Thumb, 40 bytes, Stack size 0 bytes, C:\Keil_v5\ARM\ARMCC\Bin\..\lib\armlib\c_p.l(rtudiv10.o)(.text))
<BR><BR>[Called By]<UL><LI><a href="#[88]">&gt;&gt;</a>&nbsp;&nbsp;&nbsp;_printf_int_dec
<LI><a href="#[49]">&gt;&gt;</a>&nbsp;&nbsp;&nbsp;_printf_fp_dec_real
</UL>

<P><STRONG><a name="[110]"></a>_ttywrch</STRONG> (Thumb, 12 bytes, Stack size 0 bytes, C:\Keil_v5\ARM\ARMCC\Bin\..\lib\armlib\c_p.l(sys_wrch.o)(.text))
<BR><BR>[Called By]<UL><LI><a href="#[10a]">&gt;&gt;</a>&nbsp;&nbsp;&nbsp;__default_signal_display
</UL>

<P><STRONG><a name="[f5]"></a>_sys_exit</STRONG> (Thumb, 8 bytes, Stack size 0 bytes, C:\Keil_v5\ARM\ARMCC\Bin\..\lib\armlib\c_p.l(sys_exit.o)(.text))
<BR><BR>[Called By]<UL><LI><a href="#[d4]">&gt;&gt;</a>&nbsp;&nbsp;&nbsp;abort
<LI><a href="#[f8]">&gt;&gt;</a>&nbsp;&nbsp;&nbsp;__sig_exit
</UL>

<P><STRONG><a name="[dd]"></a>__Heap_ProvideMemory</STRONG> (Thumb, 52 bytes, Stack size 0 bytes, C:\Keil_v5\ARM\ARMCC\Bin\..\lib\armlib\c_p.l(h1_extend.o)(.text))
<BR><BR>[Calls]<UL><LI><a href="#[b6]">&gt;&gt;</a>&nbsp;&nbsp;&nbsp;free
</UL>
<BR>[Called By]<UL><LI><a href="#[a1]">&gt;&gt;</a>&nbsp;&nbsp;&nbsp;_init_alloc
<LI><a href="#[b5]">&gt;&gt;</a>&nbsp;&nbsp;&nbsp;__Heap_Full
</UL>

<P><STRONG><a name="[e8]"></a>_ll_udiv10</STRONG> (Thumb, 122 bytes, Stack size 0 bytes, C:\Keil_v5\ARM\ARMCC\Bin\..\lib\armlib\c_p.l(lludiv10.o)(.text))
<BR><BR>[Called By]<UL><LI><a href="#[90]">&gt;&gt;</a>&nbsp;&nbsp;&nbsp;_printf_longlong_dec
<LI><a href="#[f9]">&gt;&gt;</a>&nbsp;&nbsp;&nbsp;_fp_digits
</UL>

<P><STRONG><a name="[49]"></a>_printf_fp_dec_real</STRONG> (Thumb, 620 bytes, Stack size 0 bytes, C:\Keil_v5\ARM\ARMCC\Bin\..\lib\armlib\c_p.l(_printf_fp_dec.o)(.text))
<BR><BR>[Calls]<UL><LI><a href="#[be]">&gt;&gt;</a>&nbsp;&nbsp;&nbsp;__rt_udiv10
<LI><a href="#[e4]">&gt;&gt;</a>&nbsp;&nbsp;&nbsp;_printf_post_padding
<LI><a href="#[e3]">&gt;&gt;</a>&nbsp;&nbsp;&nbsp;_printf_pre_padding
<LI><a href="#[fe]">&gt;&gt;</a>&nbsp;&nbsp;&nbsp;__ARM_fpclassify
<LI><a href="#[ff]">&gt;&gt;</a>&nbsp;&nbsp;&nbsp;_printf_fp_infnan
<LI><a href="#[a3]">&gt;&gt;</a>&nbsp;&nbsp;&nbsp;__rt_locale
<LI><a href="#[f9]">&gt;&gt;</a>&nbsp;&nbsp;&nbsp;_fp_digits
</UL>
<BR>[Address Reference Count : 1]<UL><LI> printf1.o(x$fpl$printf1)
</UL>
[...]
<P><STRONG><a name="[56]"></a>us_ticker_disable_interrupt</STRONG> (Thumb, 10 bytes, Stack size 0 bytes, mbed/TARGET_NRF51_DK/TOOLCHAIN_ARM_STD/us_ticker.o(i.us_ticker_disable_interrupt))
<BR>[Address Reference Count : 1]<UL><LI> mbed_us_ticker_api.o(.constdata)
</UL>
<P><STRONG><a name="[59]"></a>us_ticker_fire_interrupt</STRONG> (Thumb, 66 bytes, Stack size 0 bytes, mbed/TARGET_NRF51_DK/TOOLCHAIN_ARM_STD/us_ticker.o(i.us_ticker_fire_interrupt))
<BR><BR>[Calls]<UL><LI><a href="#[135]">&gt;&gt;</a>&nbsp;&nbsp;&nbsp;core_util_critical_section_exit
<LI><a href="#[132]">&gt;&gt;</a>&nbsp;&nbsp;&nbsp;core_util_critical_section_enter
</UL>
<BR>[Address Reference Count : 1]<UL><LI> mbed_us_ticker_api.o(.constdata)
</UL>
<P><STRONG><a name="[54]"></a>us_ticker_init</STRONG> (Thumb, 70 bytes, Stack size 0 bytes, mbed/TARGET_NRF51_DK/TOOLCHAIN_ARM_STD/us_ticker.o(i.us_ticker_init))
<BR><BR>[Calls]<UL><LI><a href="#[196]">&gt;&gt;</a>&nbsp;&nbsp;&nbsp;NVIC_SetVector
<LI><a href="#[197]">&gt;&gt;</a>&nbsp;&nbsp;&nbsp;nrf_drv_common_irq_enable
</UL>
<BR>[Address Reference Count : 1]<UL><LI> mbed_us_ticker_api.o(.constdata)
</UL>
<P><STRONG><a name="[114]"></a>us_ticker_irq_handler</STRONG> (Thumb, 10 bytes, Stack size 0 bytes, mbed/TARGET_NRF51_DK/TOOLCHAIN_ARM_STD/mbed.ar(mbed_us_ticker_api.o)(i.us_ticker_irq_handler))
<BR><BR>[Calls]<UL><LI><a href="#[1af]">&gt;&gt;</a>&nbsp;&nbsp;&nbsp;ticker_irq_handler
</UL>
<BR>[Called By]<UL><LI><a href="#[43]">&gt;&gt;</a>&nbsp;&nbsp;&nbsp;RTC1_IRQHandler
</UL>

<P><STRONG><a name="[55]"></a>us_ticker_read</STRONG> (Thumb, 138 bytes, Stack size 0 bytes, mbed/TARGET_NRF51_DK/TOOLCHAIN_ARM_STD/us_ticker.o(i.us_ticker_read))
<BR><BR>[Calls]<UL><LI><a href="#[196]">&gt;&gt;</a>&nbsp;&nbsp;&nbsp;NVIC_SetVector
<LI><a href="#[135]">&gt;&gt;</a>&nbsp;&nbsp;&nbsp;core_util_critical_section_exit
<LI><a href="#[132]">&gt;&gt;</a>&nbsp;&nbsp;&nbsp;core_util_critical_section_enter
<LI><a href="#[197]">&gt;&gt;</a>&nbsp;&nbsp;&nbsp;nrf_drv_common_irq_enable
<LI><a href="#[10c]">&gt;&gt;</a>&nbsp;&nbsp;&nbsp;__ARM_common_ll_muluu
</UL>
<BR>[Address Reference Count : 1]<UL><LI> mbed_us_ticker_api.o(.constdata)
</UL>
<P><STRONG><a name="[58]"></a>us_ticker_set_interrupt</STRONG> (Thumb, 14 bytes, Stack size 0 bytes, mbed/TARGET_NRF51_DK/TOOLCHAIN_ARM_STD/us_ticker.o(i.us_ticker_set_interrupt))
<BR><BR>[Calls]<UL><LI><a href="#[198]">&gt;&gt;</a>&nbsp;&nbsp;&nbsp;common_rtc_set_interrupt
</UL>
<BR>[Address Reference Count : 1]<UL><LI> mbed_us_ticker_api.o(.constdata)
</UL>
<P><STRONG><a name="[11f]"></a>wait</STRONG> (Thumb, 40 bytes, Stack size 0 bytes, mbed/TARGET_NRF51_DK/TOOLCHAIN_ARM_STD/mbed.ar(mbed_wait_api_no_rtos.o)(i.wait))
<BR><BR>[Calls]<UL><LI><a href="#[1bf]">&gt;&gt;</a>&nbsp;&nbsp;&nbsp;ticker_read
<LI><a href="#[13c]">&gt;&gt;</a>&nbsp;&nbsp;&nbsp;get_us_ticker_data
<LI><a href="#[151]">&gt;&gt;</a>&nbsp;&nbsp;&nbsp;__aeabi_fmul
<LI><a href="#[1c0]">&gt;&gt;</a>&nbsp;&nbsp;&nbsp;__aeabi_f2iz
</UL>
<BR>[Called By]<UL><LI><a href="#[113]">&gt;&gt;</a>&nbsp;&nbsp;&nbsp;$Super$$main
<LI><a href="#[11c]">&gt;&gt;</a>&nbsp;&nbsp;&nbsp;Rf::initRf(channel_t*)
<LI><a href="#[161]">&gt;&gt;</a>&nbsp;&nbsp;&nbsp;Flash::initOrgFlash()
</UL>

<P><STRONG><a name="[1b2]"></a>wait_ms</STRONG> (Thumb, 36 bytes, Stack size 0 bytes, mbed/TARGET_NRF51_DK/TOOLCHAIN_ARM_STD/mbed.ar(mbed_wait_api_no_rtos.o)(i.wait_ms))
<BR><BR>[Calls]<UL><LI><a href="#[1bf]">&gt;&gt;</a>&nbsp;&nbsp;&nbsp;ticker_read
<LI><a href="#[13c]">&gt;&gt;</a>&nbsp;&nbsp;&nbsp;get_us_ticker_data
</UL>
<BR>[Called By]<UL><LI><a href="#[19d]">&gt;&gt;</a>&nbsp;&nbsp;&nbsp;mbed_die
</UL>

<P><STRONG><a name="[a6]"></a>_get_lc_numeric</STRONG> (Thumb, 44 bytes, Stack size 0 bytes, C:\Keil_v5\ARM\ARMCC\Bin\..\lib\armlib\c_p.l(lc_numeric_c.o)(locale$$code))
<BR><BR>[Calls]<UL><LI><a href="#[16f]">&gt;&gt;</a>&nbsp;&nbsp;&nbsp;strcmp
</UL>
<BR>[Called By]<UL><LI><a href="#[a5]">&gt;&gt;</a>&nbsp;&nbsp;&nbsp;__rt_lib_init_lc_numeric_2
</UL>

<P><STRONG><a name="[38]"></a>_get_lc_ctype</STRONG> (Thumb, 44 bytes, Stack size 0 bytes, C:\Keil_v5\ARM\ARMCC\Bin\..\lib\armlib\c_p.l(lc_ctype_c.o)(locale$$code))
<BR><BR>[Calls]<UL><LI><a href="#[16f]">&gt;&gt;</a>&nbsp;&nbsp;&nbsp;strcmp
</UL>
<BR>[Called By]<UL><LI><a href="#[a4]">&gt;&gt;</a>&nbsp;&nbsp;&nbsp;__rt_lib_init_lc_ctype_2
</UL>
<BR>[Address Reference Count : 1]<UL><LI> rt_ctype_table.o(.text)
</UL>
<P><STRONG><a name="[158]"></a>SingletonPtr&lang;PlatformMutex&rang;::operator -&rang;()</STRONG> (Thumb, 36 bytes, Stack size 0 bytes, mbed/TARGET_NRF51_DK/TOOLCHAIN_ARM_STD/mbed.ar(FileBase.o)(t._ZN12SingletonPtrI13PlatformMutexEptEv))
<BR><BR>[Calls]<UL><LI><a href="#[117]">&gt;&gt;</a>&nbsp;&nbsp;&nbsp;mbed_assert_internal
</UL>
<BR>[Called By]<UL><LI><a href="#[6f]">&gt;&gt;</a>&nbsp;&nbsp;&nbsp;mbed::FileBase::~FileBase()
<LI><a href="#[14b]">&gt;&gt;</a>&nbsp;&nbsp;&nbsp;mbed::FileBase::FileBase(const char*, mbed::PathType)
<LI><a href="#[157]">&gt;&gt;</a>&nbsp;&nbsp;&nbsp;mbed::FileBase::lookup(const char*, unsigned)
</UL>

<P><STRONG><a name="[70]"></a>void mbed::Callback&lang;void()&rang;::function_call&lang;void(*)()&rang;(const void*)</STRONG> (Thumb, 10 bytes, Stack size 0 bytes, .\build\main.o(t._ZN4mbed8CallbackIFvvEE13function_callIPS1_EEvPKv))
<BR>[Address Reference Count : 1]<UL><LI> main.o(.constdata__ZZN4mbed8CallbackIFvvEE8generateIPS1_EEvRKT_E3ops)
</UL>
<P><STRONG><a name="[72]"></a>void mbed::Callback&lang;void()&rang;::function_dtor&lang;void(*)()&rang;(void*)</STRONG> (Thumb, 2 bytes, Stack size 0 bytes, .\build\main.o(t._ZN4mbed8CallbackIFvvEE13function_dtorIPS1_EEvPv))
<BR>[Address Reference Count : 1]<UL><LI> main.o(.constdata__ZZN4mbed8CallbackIFvvEE8generateIPS1_EEvRKT_E3ops)
</UL>
<P><STRONG><a name="[71]"></a>void mbed::Callback&lang;void()&rang;::function_move&lang;void(*)()&rang;(void*, const void*)</STRONG> (Thumb, 14 bytes, Stack size 0 bytes, .\build\main.o(t._ZN4mbed8CallbackIFvvEE13function_moveIPS1_EEvPvPKv))
<BR>[Address Reference Count : 1]<UL><LI> main.o(.constdata__ZZN4mbed8CallbackIFvvEE8generateIPS1_EEvRKT_E3ops)
</UL>
<P><STRONG><a name="[156]"></a>mbed::Callback&lang;void()&rang;::Callback(void(*)())</STRONG> (Thumb, 50 bytes, Stack size 0 bytes, .\build\main.o(t._ZN4mbed8CallbackIFvvEEC1EPS1_))
<BR><BR>[Called By]<UL><LI><a href="#[155]">&gt;&gt;</a>&nbsp;&nbsp;&nbsp;mbed::Ticker::Ticker()
<LI><a href="#[113]">&gt;&gt;</a>&nbsp;&nbsp;&nbsp;$Super$$main
</UL>

<P><STRONG><a name="[153]"></a>mbed::Callback&lang;void()&rang;::Callback(const mbed::Callback&lang;void()&rang;&)</STRONG> (Thumb, 30 bytes, Stack size 0 bytes, .\build\main.o(t._ZN4mbed8CallbackIFvvEEC1ERKS2_))
<BR><BR>[Called By]<UL><LI><a href="#[154]">&gt;&gt;</a>&nbsp;&nbsp;&nbsp;mbed::Ticker::attach_us(mbed::Callback&lang;void()&rang;, unsigned long long)
<LI><a href="#[150]">&gt;&gt;</a>&nbsp;&nbsp;&nbsp;mbed::Ticker::attach(mbed::Callback&lang;void()&rang;, float)
</UL>

<P><STRONG><a name="[3c]"></a>mbed::Callback&lang;void()&rang;::~Callback()</STRONG> (Thumb, 20 bytes, Stack size 0 bytes, mbed/TARGET_NRF51_DK/TOOLCHAIN_ARM_STD/mbed.ar(SerialBase.o)(t._ZN4mbed8CallbackIFvvEED1Ev))
<BR><BR>[Called By]<UL><LI><a href="#[154]">&gt;&gt;</a>&nbsp;&nbsp;&nbsp;mbed::Ticker::attach_us(mbed::Callback&lang;void()&rang;, unsigned long long)
<LI><a href="#[150]">&gt;&gt;</a>&nbsp;&nbsp;&nbsp;mbed::Ticker::attach(mbed::Callback&lang;void()&rang;, float)
<LI><a href="#[113]">&gt;&gt;</a>&nbsp;&nbsp;&nbsp;$Super$$main
</UL>
<BR>[Address Reference Count : 1]<UL><LI> SerialBase.o(i._ZN4mbed10SerialBaseD1Ev)
</UL>
<P><STRONG><a name="[39]"></a>CThunk&lang;mbed::SerialBase&rang;::trampoline(mbed::SerialBase*, void*, void(mbed::SerialBase::**)(void*))</STRONG> (Thumb, 46 bytes, Stack size 0 bytes, mbed/TARGET_NRF51_DK/TOOLCHAIN_ARM_STD/mbed.ar(SerialBase.o)(t._ZN6CThunkIN4mbed10SerialBaseEE10trampolineEPS1_PvPMS1_FvS4_E))
<BR>[Address Reference Count : 1]<UL><LI> SerialBase.o(i._ZN4mbed10SerialBaseC1E7PinNameS1_i)
</UL>
<P><STRONG><a name="[151]"></a>__aeabi_fmul</STRONG> (Thumb, 0 bytes, Stack size 0 bytes, C:\Keil_v5\ARM\ARMCC\Bin\..\lib\armlib\fz_ps.l(fmul.o)(x$fpl$fmul))
<BR><BR>[Called By]<UL><LI><a href="#[150]">&gt;&gt;</a>&nbsp;&nbsp;&nbsp;mbed::Ticker::attach(mbed::Callback&lang;void()&rang;, float)
<LI><a href="#[11f]">&gt;&gt;</a>&nbsp;&nbsp;&nbsp;wait
<LI><a href="#[148]">&gt;&gt;</a>&nbsp;&nbsp;&nbsp;pwmout_write
</UL>

<P><STRONG><a name="[81]"></a>_printf_fp_dec</STRONG> (Thumb, 16 bytes, Stack size 0 bytes, C:\Keil_v5\ARM\ARMCC\Bin\..\lib\armlib\fz_ps.l(printf1.o)(x$fpl$printf1))
<BR><BR>[Called By]<UL><LI><a href="#[82]">&gt;&gt;</a>&nbsp;&nbsp;&nbsp;_printf_g
<LI><a href="#[80]">&gt;&gt;</a>&nbsp;&nbsp;&nbsp;_printf_e
<LI><a href="#[7e]">&gt;&gt;</a>&nbsp;&nbsp;&nbsp;_printf_f
</UL>

<P><STRONG><a name="[85]"></a>_printf_fp_hex</STRONG> (Thumb, 16 bytes, Stack size 0 bytes, C:\Keil_v5\ARM\ARMCC\Bin\..\lib\armlib\fz_ps.l(printf2.o)(x$fpl$printf2))
<BR><BR>[Called By]<UL><LI><a href="#[83]">&gt;&gt;</a>&nbsp;&nbsp;&nbsp;_printf_a
</UL>
<P>
<H3>
Local Symbols
</H3>
<P><STRONG><a name="[116]"></a>gpio_write(gpio_t*, int)</STRONG> (Thumb, 68 bytes, Stack size 0 bytes, .\build\main.o(i._Z10gpio_writeP6gpio_ti))
<BR><BR>[Calls]<UL><LI><a href="#[117]">&gt;&gt;</a>&nbsp;&nbsp;&nbsp;mbed_assert_internal
</UL>
<BR>[Called By]<UL><LI><a href="#[113]">&gt;&gt;</a>&nbsp;&nbsp;&nbsp;$Super$$main
</UL>

<P><STRONG><a name="[73]"></a>__sti___8_main_cpp_65dbaf9c</STRONG> (Thumb, 160 bytes, Stack size 0 bytes, .\build\main.o(i.__sti___8_main_cpp_65dbaf9c))
<BR><BR>[Calls]<UL><LI><a href="#[155]">&gt;&gt;</a>&nbsp;&nbsp;&nbsp;mbed::Ticker::Ticker()
<LI><a href="#[145]">&gt;&gt;</a>&nbsp;&nbsp;&nbsp;mbed::PwmOut::PwmOut(PinName)
<LI><a href="#[16a]">&gt;&gt;</a>&nbsp;&nbsp;&nbsp;gpio_init_out_ex
<LI><a href="#[16b]">&gt;&gt;</a>&nbsp;&nbsp;&nbsp;__aeabi_atexit
<LI><a href="#[16c]">&gt;&gt;</a>&nbsp;&nbsp;&nbsp;Flash::Flash()
<LI><a href="#[149]">&gt;&gt;</a>&nbsp;&nbsp;&nbsp;mbed::Serial::Serial(PinName, PinName, const char*, int)
<LI><a href="#[141]">&gt;&gt;</a>&nbsp;&nbsp;&nbsp;mbed::Timer::Timer()
</UL>
<BR>[Address Reference Count : 1]<UL><LI> main.o(.init_array)
</UL>
<P><STRONG><a name="[18c]"></a>pwm_dealloc</STRONG> (Thumb, 138 bytes, Stack size 0 bytes, mbed/TARGET_NRF51_DK/TOOLCHAIN_ARM_STD/app_pwm.o(i.pwm_dealloc))
<BR><BR>[Calls]<UL><LI><a href="#[1b7]">&gt;&gt;</a>&nbsp;&nbsp;&nbsp;nrf_drv_timer_uninit
<LI><a href="#[1b6]">&gt;&gt;</a>&nbsp;&nbsp;&nbsp;nrf_drv_ppi_group_free
<LI><a href="#[1b5]">&gt;&gt;</a>&nbsp;&nbsp;&nbsp;nrf_drv_ppi_channel_free
<LI><a href="#[1a9]">&gt;&gt;</a>&nbsp;&nbsp;&nbsp;nrf_drv_gpiote_out_uninit
</UL>
<BR>[Called By]<UL><LI><a href="#[190]">&gt;&gt;</a>&nbsp;&nbsp;&nbsp;app_pwm_uninit
<LI><a href="#[186]">&gt;&gt;</a>&nbsp;&nbsp;&nbsp;app_pwm_init
</UL>

<P><STRONG><a name="[74]"></a>fs_event_handler</STRONG> (Thumb, 10 bytes, Stack size 0 bytes, mbed/TARGET_NRF51_DK/TOOLCHAIN_ARM_STD/fds.o(i.fs_event_handler))
<BR><BR>[Calls]<UL><LI><a href="#[1a1]">&gt;&gt;</a>&nbsp;&nbsp;&nbsp;queue_process
</UL>
<BR>[Address Reference Count : 1]<UL><LI> fds.o(fs_data)
</UL>
<P><STRONG><a name="[1a3]"></a>gc_record_find_next</STRONG> (Thumb, 96 bytes, Stack size 0 bytes, mbed/TARGET_NRF51_DK/TOOLCHAIN_ARM_STD/fds.o(i.gc_record_find_next))
<BR><BR>[Calls]<UL><LI><a href="#[1a2]">&gt;&gt;</a>&nbsp;&nbsp;&nbsp;fs_store
<LI><a href="#[19f]">&gt;&gt;</a>&nbsp;&nbsp;&nbsp;fs_erase
<LI><a href="#[1a4]">&gt;&gt;</a>&nbsp;&nbsp;&nbsp;record_find_next
</UL>
<BR>[Called By]<UL><LI><a href="#[1a1]">&gt;&gt;</a>&nbsp;&nbsp;&nbsp;queue_process
</UL>

<P><STRONG><a name="[1a1]"></a>queue_process</STRONG> (Thumb, 1424 bytes, Stack size 0 bytes, mbed/TARGET_NRF51_DK/TOOLCHAIN_ARM_STD/fds.o(i.queue_process))
<BR><BR>[Calls]<UL><LI><a href="#[1a2]">&gt;&gt;</a>&nbsp;&nbsp;&nbsp;fs_store
<LI><a href="#[19f]">&gt;&gt;</a>&nbsp;&nbsp;&nbsp;fs_erase
<LI><a href="#[1ba]">&gt;&gt;</a>&nbsp;&nbsp;&nbsp;record_find_by_desc
<LI><a href="#[1bb]">&gt;&gt;</a>&nbsp;&nbsp;&nbsp;record_find
<LI><a href="#[1a1]">&gt;&gt;</a>&nbsp;&nbsp;&nbsp;queue_process
<LI><a href="#[1a3]">&gt;&gt;</a>&nbsp;&nbsp;&nbsp;gc_record_find_next
</UL>
<BR>[Called By]<UL><LI><a href="#[1a1]">&gt;&gt;</a>&nbsp;&nbsp;&nbsp;queue_process
<LI><a href="#[74]">&gt;&gt;</a>&nbsp;&nbsp;&nbsp;fs_event_handler
</UL>

<P><STRONG><a name="[1bb]"></a>record_find</STRONG> (Thumb, 270 bytes, Stack size 0 bytes, mbed/TARGET_NRF51_DK/TOOLCHAIN_ARM_STD/fds.o(i.record_find))
<BR><BR>[Called By]<UL><LI><a href="#[1a1]">&gt;&gt;</a>&nbsp;&nbsp;&nbsp;queue_process
</UL>

<P><STRONG><a name="[1ba]"></a>record_find_by_desc</STRONG> (Thumb, 270 bytes, Stack size 0 bytes, mbed/TARGET_NRF51_DK/TOOLCHAIN_ARM_STD/fds.o(i.record_find_by_desc))
<BR><BR>[Called By]<UL><LI><a href="#[1a1]">&gt;&gt;</a>&nbsp;&nbsp;&nbsp;queue_process
</UL>

<P><STRONG><a name="[1a4]"></a>record_find_next</STRONG> (Thumb, 84 bytes, Stack size 0 bytes, mbed/TARGET_NRF51_DK/TOOLCHAIN_ARM_STD/fds.o(i.record_find_next))
<BR><BR>[Called By]<UL><LI><a href="#[1a3]">&gt;&gt;</a>&nbsp;&nbsp;&nbsp;gc_record_find_next
</UL>

<P><STRONG><a name="[1a0]"></a>queue_process</STRONG> (Thumb, 162 bytes, Stack size 0 bytes, mbed/TARGET_NRF51_DK/TOOLCHAIN_ARM_STD/fstorage.o(i.queue_process))
<BR><BR>[Called By]<UL><LI><a href="#[1a2]">&gt;&gt;</a>&nbsp;&nbsp;&nbsp;fs_store
<LI><a href="#[19f]">&gt;&gt;</a>&nbsp;&nbsp;&nbsp;fs_erase
</UL>

<P><STRONG><a name="[1a5]"></a>gpio_apply_config</STRONG> (Thumb, 166 bytes, Stack size 0 bytes, mbed/TARGET_NRF51_DK/TOOLCHAIN_ARM_STD/gpio_api.o(i.gpio_apply_config))
<BR><BR>[Calls]<UL><LI><a href="#[1a6]">&gt;&gt;</a>&nbsp;&nbsp;&nbsp;nrf_drv_gpiote_in_init
<LI><a href="#[1a7]">&gt;&gt;</a>&nbsp;&nbsp;&nbsp;nrf_drv_gpiote_in_event_enable
<LI><a href="#[18d]">&gt;&gt;</a>&nbsp;&nbsp;&nbsp;nrf_drv_gpiote_out_init
</UL>
<BR>[Called By]<UL><LI><a href="#[1ad]">&gt;&gt;</a>&nbsp;&nbsp;&nbsp;gpio_mode
<LI><a href="#[1a8]">&gt;&gt;</a>&nbsp;&nbsp;&nbsp;gpio_dir
</UL>

<P><STRONG><a name="[44]"></a>gpiote_irq_handler</STRONG> (Thumb, 72 bytes, Stack size 0 bytes, mbed/TARGET_NRF51_DK/TOOLCHAIN_ARM_STD/gpio_api.o(i.gpiote_irq_handler))
<BR>[Address Reference Count : 1]<UL><LI> gpio_api.o(i.gpio_apply_config)
</UL>
<P><STRONG><a name="[1b8]"></a>pwm_reinit</STRONG> (Thumb, 106 bytes, Stack size 0 bytes, mbed/TARGET_NRF51_DK/TOOLCHAIN_ARM_STD/pwmout_api.o(i.pwm_reinit))
<BR><BR>[Calls]<UL><LI><a href="#[190]">&gt;&gt;</a>&nbsp;&nbsp;&nbsp;app_pwm_uninit
<LI><a href="#[186]">&gt;&gt;</a>&nbsp;&nbsp;&nbsp;app_pwm_init
<LI><a href="#[182]">&gt;&gt;</a>&nbsp;&nbsp;&nbsp;app_pwm_enable
<LI><a href="#[173]">&gt;&gt;</a>&nbsp;&nbsp;&nbsp;app_pwm_channel_duty_ticks_set
</UL>
<BR>[Called By]<UL><LI><a href="#[144]">&gt;&gt;</a>&nbsp;&nbsp;&nbsp;pwmout_period_us
<LI><a href="#[146]">&gt;&gt;</a>&nbsp;&nbsp;&nbsp;pwmout_init
</UL>

<P><STRONG><a name="[1be]"></a>internal_set_hwfc</STRONG> (Thumb, 90 bytes, Stack size 0 bytes, mbed/TARGET_NRF51_DK/TOOLCHAIN_ARM_STD/serial_api.o(i.internal_set_hwfc))
<BR><BR>[Called By]<UL><LI><a href="#[130]">&gt;&gt;</a>&nbsp;&nbsp;&nbsp;serial_init
</UL>

<P><STRONG><a name="[164]"></a>flash_page_erase(unsigned*)</STRONG> (Thumb, 48 bytes, Stack size 0 bytes, .\build\flash.o(i._Z16flash_page_erasePj))
<BR><BR>[Called By]<UL><LI><a href="#[163]">&gt;&gt;</a>&nbsp;&nbsp;&nbsp;Flash::WriteAllFlash()
</UL>

<P><STRONG><a name="[165]"></a>flash_word_write(unsigned*, unsigned)</STRONG> (Thumb, 56 bytes, Stack size 0 bytes, .\build\flash.o(i._Z16flash_word_writePjj))
<BR><BR>[Called By]<UL><LI><a href="#[163]">&gt;&gt;</a>&nbsp;&nbsp;&nbsp;Flash::WriteAllFlash()
</UL>

<P><STRONG><a name="[191]"></a>bytewise_bitswap</STRONG> (Thumb, 42 bytes, Stack size 0 bytes, .\build\radio_config.o(i.bytewise_bitswap))
<BR><BR>[Calls]<UL><LI><a href="#[192]">&gt;&gt;</a>&nbsp;&nbsp;&nbsp;swap_bits
</UL>
<BR>[Called By]<UL><LI><a href="#[126]">&gt;&gt;</a>&nbsp;&nbsp;&nbsp;radio_configureNew
</UL>

<P><STRONG><a name="[192]"></a>swap_bits</STRONG> (Thumb, 36 bytes, Stack size 0 bytes, .\build\radio_config.o(i.swap_bits))
<BR><BR>[Called By]<UL><LI><a href="#[191]">&gt;&gt;</a>&nbsp;&nbsp;&nbsp;bytewise_bitswap
<LI><a href="#[126]">&gt;&gt;</a>&nbsp;&nbsp;&nbsp;radio_configureNew
</UL>

<P><STRONG><a name="[3a]"></a>&lang;Func3&rang;</STRONG> (Thumb, 12 bytes, Stack size 0 bytes, mbed/TARGET_NRF51_DK/TOOLCHAIN_ARM_STD/mbed.ar(SerialBase.o)(i.<Func3>))
<BR>[Address Reference Count : 1]<UL><LI> SerialBase.o(i._ZN4mbed10SerialBaseC1E7PinNameS1_i)
</UL>
<P><STRONG><a name="[1bc]"></a>schedule_interrupt</STRONG> (Thumb, 102 bytes, Stack size 0 bytes, mbed/TARGET_NRF51_DK/TOOLCHAIN_ARM_STD/mbed.ar(mbed_ticker_api.o)(i.schedule_interrupt))
<BR><BR>[Calls]<UL><LI><a href="#[1bd]">&gt;&gt;</a>&nbsp;&nbsp;&nbsp;update_present_time
</UL>
<BR>[Called By]<UL><LI><a href="#[1bf]">&gt;&gt;</a>&nbsp;&nbsp;&nbsp;ticker_read
<LI><a href="#[1af]">&gt;&gt;</a>&nbsp;&nbsp;&nbsp;ticker_irq_handler
<LI><a href="#[13d]">&gt;&gt;</a>&nbsp;&nbsp;&nbsp;ticker_set_handler
<LI><a href="#[13a]">&gt;&gt;</a>&nbsp;&nbsp;&nbsp;ticker_remove_event
<LI><a href="#[138]">&gt;&gt;</a>&nbsp;&nbsp;&nbsp;ticker_insert_event_us
<LI><a href="#[142]">&gt;&gt;</a>&nbsp;&nbsp;&nbsp;ticker_read_us
</UL>

<P><STRONG><a name="[1bd]"></a>update_present_time</STRONG> (Thumb, 44 bytes, Stack size 0 bytes, mbed/TARGET_NRF51_DK/TOOLCHAIN_ARM_STD/mbed.ar(mbed_ticker_api.o)(i.update_present_time))
<BR><BR>[Called By]<UL><LI><a href="#[1bf]">&gt;&gt;</a>&nbsp;&nbsp;&nbsp;ticker_read
<LI><a href="#[1bc]">&gt;&gt;</a>&nbsp;&nbsp;&nbsp;schedule_interrupt
<LI><a href="#[13d]">&gt;&gt;</a>&nbsp;&nbsp;&nbsp;ticker_set_handler
<LI><a href="#[138]">&gt;&gt;</a>&nbsp;&nbsp;&nbsp;ticker_insert_event_us
<LI><a href="#[142]">&gt;&gt;</a>&nbsp;&nbsp;&nbsp;ticker_read_us
</UL>

<P><STRONG><a name="[36]"></a>_printf_input_char</STRONG> (Thumb, 10 bytes, Stack size 0 bytes, C:\Keil_v5\ARM\ARMCC\Bin\..\lib\armlib\c_p.l(_printf_char_common.o)(.text))
<BR>[Address Reference Count : 1]<UL><LI> _printf_char_common.o(.text)
</UL>
<P><STRONG><a name="[f9]"></a>_fp_digits</STRONG> (Thumb, 408 bytes, Stack size 0 bytes, C:\Keil_v5\ARM\ARMCC\Bin\..\lib\armlib\c_p.l(_printf_fp_dec.o)(.text))
<BR><BR>[Calls]<UL><LI><a href="#[fc]">&gt;&gt;</a>&nbsp;&nbsp;&nbsp;_btod_ediv
<LI><a href="#[fd]">&gt;&gt;</a>&nbsp;&nbsp;&nbsp;_btod_emul
<LI><a href="#[fb]">&gt;&gt;</a>&nbsp;&nbsp;&nbsp;_btod_d2e
<LI><a href="#[fa]">&gt;&gt;</a>&nbsp;&nbsp;&nbsp;_btod_etento
<LI><a href="#[e8]">&gt;&gt;</a>&nbsp;&nbsp;&nbsp;_ll_udiv10
</UL>
<BR>[Called By]<UL><LI><a href="#[49]">&gt;&gt;</a>&nbsp;&nbsp;&nbsp;_printf_fp_dec_real
</UL>

<P><STRONG><a name="[10b]"></a>btod_internal_mul</STRONG> (Thumb, 456 bytes, Stack size 0 bytes, C:\Keil_v5\ARM\ARMCC\Bin\..\lib\armlib\c_p.l(btod.o)(.text))
<BR><BR>[Calls]<UL><LI><a href="#[10c]">&gt;&gt;</a>&nbsp;&nbsp;&nbsp;__ARM_common_ll_muluu
</UL>
<BR>[Called By]<UL><LI><a href="#[10d]">&gt;&gt;</a>&nbsp;&nbsp;&nbsp;_btod_emuld
<LI><a href="#[fd]">&gt;&gt;</a>&nbsp;&nbsp;&nbsp;_btod_emul
</UL>

<P><STRONG><a name="[10e]"></a>btod_internal_div</STRONG> (Thumb, 494 bytes, Stack size 0 bytes, C:\Keil_v5\ARM\ARMCC\Bin\..\lib\armlib\c_p.l(btod.o)(.text))
<BR><BR>[Called By]<UL><LI><a href="#[10f]">&gt;&gt;</a>&nbsp;&nbsp;&nbsp;_btod_edivd
<LI><a href="#[fc]">&gt;&gt;</a>&nbsp;&nbsp;&nbsp;_btod_ediv
</UL>
<P>
<H3>
Undefined Global Symbols
</H3>
<P><STRONG><a name="[f4]"></a>__rt_lib_shutdown</STRONG> (ARM, 0 bytes, Stack size 0 bytes, UNDEFINED)
<BR><BR>[Called By]<UL><LI><a href="#[d4]">&gt;&gt;</a>&nbsp;&nbsp;&nbsp;abort
</UL>

<P><STRONG><a name="[101]"></a>_printf_mbtowc</STRONG> (ARM, 0 bytes, Stack size 0 bytes, UNDEFINED)
<BR><BR>[Called By]<UL><LI><a href="#[100]">&gt;&gt;</a>&nbsp;&nbsp;&nbsp;_printf_cs_common
</UL>

<P><STRONG><a name="[103]"></a>_printf_wc</STRONG> (ARM, 0 bytes, Stack size 0 bytes, UNDEFINED)
<BR><BR>[Called By]<UL><LI><a href="#[102]">&gt;&gt;</a>&nbsp;&nbsp;&nbsp;_printf_lcs_common
</UL>
<HR></body></html>
