Component: ARM Compiler 5.06 update 5 (build 528) Tool: armlink [4d35e2]

==============================================================================

Section Cross References

    .\build\mainforsx1276.o(i._Z7tickSecv) refers to C:\Keil_v5\ARM\ARMCC\Bin\..\lib\armlib\c_p.l(aeabi_sdivfast.o)(.text) for __aeabi_uidivmod
    .\build\mainforsx1276.o(i._Z7tickSecv) refers to .\build\mainforsx1276.o(.data) for ulSecCount
    .\build\mainforsx1276.o(i._Z8tickmSecv) refers to .\build\mainforsx1276.o(.data) for tick_mSec
    .\build\mainforsx1276.o(i.__sti___17_mainForSx1276_cpp_Uart) refers to mbed/TARGET_NRF51_DK/TOOLCHAIN_ARM_STD/mbed.ar(Serial.o)(i._ZN4mbed6SerialC1E7PinNameS1_PKci) for mbed::Serial::Serial(PinName, PinName, const char*, int)
    .\build\mainforsx1276.o(i.__sti___17_mainForSx1276_cpp_Uart) refers to mbed/TARGET_NRF51_DK/TOOLCHAIN_ARM_STD/mbed_retarget.o(i.__aeabi_atexit) for __aeabi_atexit
    .\build\mainforsx1276.o(i.__sti___17_mainForSx1276_cpp_Uart) refers to mbed/TARGET_NRF51_DK/TOOLCHAIN_ARM_STD/nordic_critical.o(i.core_util_critical_section_enter) for core_util_critical_section_enter
    .\build\mainforsx1276.o(i.__sti___17_mainForSx1276_cpp_Uart) refers to mbed/TARGET_NRF51_DK/TOOLCHAIN_ARM_STD/pwmout_api.o(i.pwmout_init) for pwmout_init
    .\build\mainforsx1276.o(i.__sti___17_mainForSx1276_cpp_Uart) refers to mbed/TARGET_NRF51_DK/TOOLCHAIN_ARM_STD/nordic_critical.o(i.core_util_critical_section_exit) for core_util_critical_section_exit
    .\build\mainforsx1276.o(i.__sti___17_mainForSx1276_cpp_Uart) refers to .\build\mainforsx1276.o(i._ZN4mbed6TickerC1Ev) for mbed::Ticker::Ticker()
    .\build\mainforsx1276.o(i.__sti___17_mainForSx1276_cpp_Uart) refers to .\build\mainforsx1276.o(.bss) for Uart
    .\build\mainforsx1276.o(i.__sti___17_mainForSx1276_cpp_Uart) refers to mbed/TARGET_NRF51_DK/TOOLCHAIN_ARM_STD/mbed.ar(Serial.o)(i._ZN4mbed6SerialD1Ev) for mbed::Serial::~Serial()
    .\build\mainforsx1276.o(i.__sti___17_mainForSx1276_cpp_Uart) refers to .\build\mainforsx1276.o(.data) for myFlash
    .\build\mainforsx1276.o(i.__sti___17_mainForSx1276_cpp_Uart) refers to .\build\mainforsx1276.o(i._ZN4mbed6PwmOutD1Ev) for mbed::PwmOut::~PwmOut()
    .\build\mainforsx1276.o(i.__sti___17_mainForSx1276_cpp_Uart) refers to mbed/TARGET_NRF51_DK/TOOLCHAIN_ARM_STD/mbed.ar(Ticker.o)(i._ZN4mbed6TickerD1Ev) for mbed::Ticker::~Ticker()
    .\build\mainforsx1276.o(i.main) refers to C:\Keil_v5\ARM\ARMCC\Bin\..\lib\armlib\c_p.l(_printf_percent.o)(.ARM.Collect$$_printf_percent$$00000000) for _printf_percent
    .\build\mainforsx1276.o(i.main) refers to C:\Keil_v5\ARM\ARMCC\Bin\..\lib\armlib\c_p.l(_printf_d.o)(.ARM.Collect$$_printf_percent$$00000009) for _printf_d
    .\build\mainforsx1276.o(i.main) refers to C:\Keil_v5\ARM\ARMCC\Bin\..\lib\armlib\c_p.l(_printf_dec.o)(.text) for _printf_int_dec
    .\build\mainforsx1276.o(i.main) refers to mbed/TARGET_NRF51_DK/TOOLCHAIN_ARM_STD/mbed.ar(SerialBase.o)(i._ZN4mbed10SerialBase4baudEi) for mbed::SerialBase::baud(int)
    .\build\mainforsx1276.o(i.main) refers to C:\Keil_v5\ARM\ARMCC\Bin\..\lib\armlib\c_p.l(__2printf.o)(.text) for __2printf
    .\build\mainforsx1276.o(i.main) refers to .\build\mainforsx1276.o(t._ZN4mbed8CallbackIFvvEEC1EPS1_) for mbed::Callback<void()>::Callback(void(*)())
    .\build\mainforsx1276.o(i.main) refers to .\build\mainforsx1276.o(i._ZN4mbed6Ticker6attachENS_8CallbackIFvvEEEf) for mbed::Ticker::attach(mbed::Callback<void()>, float)
    .\build\mainforsx1276.o(i.main) refers to mbed/TARGET_NRF51_DK/TOOLCHAIN_ARM_STD/mbed.ar(SerialBase.o)(t._ZN4mbed8CallbackIFvvEED1Ev) for mbed::Callback<void()>::~Callback()
    .\build\mainforsx1276.o(i.main) refers to C:\Keil_v5\ARM\ARMCC\Bin\..\lib\armlib\fz_ps.l(dflti.o)(.text) for __aeabi_ui2d
    .\build\mainforsx1276.o(i.main) refers to C:\Keil_v5\ARM\ARMCC\Bin\..\lib\armlib\fz_ps.l(ddiv.o)(.text) for __aeabi_ddiv
    .\build\mainforsx1276.o(i.main) refers to C:\Keil_v5\ARM\ARMCC\Bin\..\lib\armlib\fz_ps.l(d2f.o)(.text) for __aeabi_d2f
    .\build\mainforsx1276.o(i.main) refers to .\build\mainforsx1276.o(.bss) for Uart
    .\build\mainforsx1276.o(i.main) refers to .\build\mainforsx1276.o(.data) for myFlash
    .\build\mainforsx1276.o(i.main) refers to .\build\mainforsx1276.o(i._Z7tickSecv) for tickSec()
    .\build\mainforsx1276.o(i.main) refers to .\build\mainforsx1276.o(i._Z8tickmSecv) for tickmSec()
    .\build\mainforsx1276.o(.ARM.exidx) refers to .\build\mainforsx1276.o(i._Z7tickSecv) for i._Z7tickSecv
    .\build\mainforsx1276.o(.ARM.exidx) refers to .\build\mainforsx1276.o(i._Z8tickmSecv) for i._Z8tickmSecv
    .\build\mainforsx1276.o(.ARM.exidx) refers to .\build\mainforsx1276.o(i.main) for i.main
    .\build\mainforsx1276.o(.ARM.exidx) refers to .\build\mainforsx1276.o(i.__sti___17_mainForSx1276_cpp_Uart) for i.__sti___17_mainForSx1276_cpp_Uart
[...]
    Removing mbed/TARGET_NRF51_DK/TOOLCHAIN_ARM_STD/mbed_retarget.o(.ARM.exidx), (8 bytes).
    Removing mbed/TARGET_NRF51_DK/TOOLCHAIN_ARM_STD/mbed_retarget.o(.ARM.exidx), (8 bytes).
    Removing mbed/TARGET_NRF51_DK/TOOLCHAIN_ARM_STD/mbed_retarget.o(.ARM.exidx), (8 bytes).
    Removing mbed/TARGET_NRF51_DK/TOOLCHAIN_ARM_STD/mbed_retarget.o(.ARM.exidx), (8 bytes).
    Removing mbed/TARGET_NRF51_DK/TOOLCHAIN_ARM_STD/mbed_retarget.o(.ARM.exidx), (8 bytes).
    Removing mbed/TARGET_NRF51_DK/TOOLCHAIN_ARM_STD/mbed_retarget.o(.ARM.exidx), (8 bytes).
    Removing mbed/TARGET_NRF51_DK/TOOLCHAIN_ARM_STD/mbed_retarget.o(.ARM.exidx), (8 bytes).
    Removing mbed/TARGET_NRF51_DK/TOOLCHAIN_ARM_STD/mbed_retarget.o(.ARM.exidx), (8 bytes).
    Removing mbed/TARGET_NRF51_DK/TOOLCHAIN_ARM_STD/mbed_retarget.o(.ARM.exidx), (8 bytes).
    Removing mbed/TARGET_NRF51_DK/TOOLCHAIN_ARM_STD/mbed_retarget.o(.ARM.exidx), (8 bytes).
    Removing mbed/TARGET_NRF51_DK/TOOLCHAIN_ARM_STD/mbed_retarget.o(.ARM.exidx), (8 bytes).
    Removing mbed/TARGET_NRF51_DK/TOOLCHAIN_ARM_STD/mbed_retarget.o(.ARM.exidx), (8 bytes).
    Removing mbed/TARGET_NRF51_DK/TOOLCHAIN_ARM_STD/mbed_retarget.o(.ARM.exidx), (8 bytes).
    Removing mbed/TARGET_NRF51_DK/TOOLCHAIN_ARM_STD/mbed_retarget.o(.ARM.exidx), (8 bytes).
    Removing mbed/TARGET_NRF51_DK/TOOLCHAIN_ARM_STD/mbed_retarget.o(.ARM.exidx), (8 bytes).
    Removing mbed/TARGET_NRF51_DK/TOOLCHAIN_ARM_STD/mbed_retarget.o(.ARM.exidx), (8 bytes).
    Removing mbed/TARGET_NRF51_DK/TOOLCHAIN_ARM_STD/mbed_retarget.o(.ARM.exidx), (8 bytes).
    Removing mbed/TARGET_NRF51_DK/TOOLCHAIN_ARM_STD/mbed_retarget.o(.ARM.exidx), (8 bytes).
    Removing mbed/TARGET_NRF51_DK/TOOLCHAIN_ARM_STD/mbed_retarget.o(.ARM.exidx), (8 bytes).
    Removing mbed/TARGET_NRF51_DK/TOOLCHAIN_ARM_STD/mbed_retarget.o(.ARM.exidx), (8 bytes).
    Removing mbed/TARGET_NRF51_DK/TOOLCHAIN_ARM_STD/mbed_retarget.o(.ARM.exidx), (8 bytes).
    Removing mbed/TARGET_NRF51_DK/TOOLCHAIN_ARM_STD/mbed_retarget.o(.ARM.exidx), (8 bytes).
    Removing mbed/TARGET_NRF51_DK/TOOLCHAIN_ARM_STD/mbed_retarget.o(.ARM.exidx), (8 bytes).
    Removing mbed/TARGET_NRF51_DK/TOOLCHAIN_ARM_STD/mbed_retarget.o(.ARM.exidx), (8 bytes).
    Removing mbed/TARGET_NRF51_DK/TOOLCHAIN_ARM_STD/mbed_retarget.o(.ARM.exidx), (8 bytes).
    Removing mbed/TARGET_NRF51_DK/TOOLCHAIN_ARM_STD/mbed_retarget.o(.ARM.exidx), (8 bytes).
    Removing mbed/TARGET_NRF51_DK/TOOLCHAIN_ARM_STD/mbed_retarget.o(.ARM.exidx), (8 bytes).
    Removing mbed/TARGET_NRF51_DK/TOOLCHAIN_ARM_STD/mbed_retarget.o(.ARM.exidx), (8 bytes).
    Removing mbed/TARGET_NRF51_DK/TOOLCHAIN_ARM_STD/mbed_retarget.o(.ARM.exidx), (8 bytes).
    Removing mbed/TARGET_NRF51_DK/TOOLCHAIN_ARM_STD/mbed_retarget.o(.ARM.exidx), (8 bytes).
    Removing mbed/TARGET_NRF51_DK/TOOLCHAIN_ARM_STD/mbed_retarget.o(.ARM.exidx), (8 bytes).
    Removing mbed/TARGET_NRF51_DK/TOOLCHAIN_ARM_STD/mbed_retarget.o(.ARM.exidx), (8 bytes).
    Removing mbed/TARGET_NRF51_DK/TOOLCHAIN_ARM_STD/mbed_retarget.o(.ARM.exidx), (8 bytes).
    Removing mbed/TARGET_NRF51_DK/TOOLCHAIN_ARM_STD/mbed_retarget.o(.data), (4 bytes).
    Removing mbed/TARGET_NRF51_DK/TOOLCHAIN_ARM_STD/mbed_retarget.o(.data), (4 bytes).
    Removing mbed/TARGET_NRF51_DK/TOOLCHAIN_ARM_STD/mbed_sdk_boot.o(.rev16_text), (4 bytes).
    Removing mbed/TARGET_NRF51_DK/TOOLCHAIN_ARM_STD/mbed_sdk_boot.o(.revsh_text), (4 bytes).
    Removing mbed/TARGET_NRF51_DK/TOOLCHAIN_ARM_STD/mbed_sdk_boot.o(i.mbed_copy_nvic), (2 bytes).
    Removing mbed/TARGET_NRF51_DK/TOOLCHAIN_ARM_STD/mbed_sdk_boot.o(i.software_init_hook_rtos), (2 bytes).
    Removing mbed/TARGET_NRF51_DK/TOOLCHAIN_ARM_STD/nordic_critical.o(.rev16_text), (4 bytes).
    Removing mbed/TARGET_NRF51_DK/TOOLCHAIN_ARM_STD/nordic_critical.o(.revsh_text), (4 bytes).
    Removing mbed/TARGET_NRF51_DK/TOOLCHAIN_ARM_STD/nrf_adc.o(.rev16_text), (4 bytes).
    Removing mbed/TARGET_NRF51_DK/TOOLCHAIN_ARM_STD/nrf_adc.o(.revsh_text), (4 bytes).
    Removing mbed/TARGET_NRF51_DK/TOOLCHAIN_ARM_STD/nrf_adc.o(i.nrf_adc_configure), (72 bytes).
    Removing mbed/TARGET_NRF51_DK/TOOLCHAIN_ARM_STD/nrf_adc.o(i.nrf_adc_convert_single), (68 bytes).
    Removing mbed/TARGET_NRF51_DK/TOOLCHAIN_ARM_STD/nrf_assert.o(.rev16_text), (4 bytes).
    Removing mbed/TARGET_NRF51_DK/TOOLCHAIN_ARM_STD/nrf_assert.o(.revsh_text), (4 bytes).
    Removing mbed/TARGET_NRF51_DK/TOOLCHAIN_ARM_STD/nrf_delay.o(.rev16_text), (4 bytes).
    Removing mbed/TARGET_NRF51_DK/TOOLCHAIN_ARM_STD/nrf_delay.o(.revsh_text), (4 bytes).
    Removing mbed/TARGET_NRF51_DK/TOOLCHAIN_ARM_STD/nrf_delay.o(.emb_text), (30 bytes).
    Removing mbed/TARGET_NRF51_DK/TOOLCHAIN_ARM_STD/nrf_delay.o(i.nrf_delay_ms), (36 bytes).
    Removing mbed/TARGET_NRF51_DK/TOOLCHAIN_ARM_STD/nrf_drv_adc.o(.rev16_text), (4 bytes).
    Removing mbed/TARGET_NRF51_DK/TOOLCHAIN_ARM_STD/nrf_drv_adc.o(.revsh_text), (4 bytes).
    Removing mbed/TARGET_NRF51_DK/TOOLCHAIN_ARM_STD/nrf_drv_adc.o(i.ADC_IRQHandler), (160 bytes).
    Removing mbed/TARGET_NRF51_DK/TOOLCHAIN_ARM_STD/nrf_drv_adc.o(i.nrf_drv_adc_buffer_convert), (164 bytes).
    Removing mbed/TARGET_NRF51_DK/TOOLCHAIN_ARM_STD/nrf_drv_adc.o(i.nrf_drv_adc_channel_disable), (36 bytes).
    Removing mbed/TARGET_NRF51_DK/TOOLCHAIN_ARM_STD/nrf_drv_adc.o(i.nrf_drv_adc_channel_enable), (40 bytes).
    Removing mbed/TARGET_NRF51_DK/TOOLCHAIN_ARM_STD/nrf_drv_adc.o(i.nrf_drv_adc_init), (64 bytes).
    Removing mbed/TARGET_NRF51_DK/TOOLCHAIN_ARM_STD/nrf_drv_adc.o(i.nrf_drv_adc_is_busy), (20 bytes).
    Removing mbed/TARGET_NRF51_DK/TOOLCHAIN_ARM_STD/nrf_drv_adc.o(i.nrf_drv_adc_sample), (12 bytes).
    Removing mbed/TARGET_NRF51_DK/TOOLCHAIN_ARM_STD/nrf_drv_adc.o(i.nrf_drv_adc_sample_convert), (96 bytes).
    Removing mbed/TARGET_NRF51_DK/TOOLCHAIN_ARM_STD/nrf_drv_adc.o(i.nrf_drv_adc_uninit), (56 bytes).
    Removing mbed/TARGET_NRF51_DK/TOOLCHAIN_ARM_STD/nrf_drv_adc.o(.bss), (20 bytes).
    Removing mbed/TARGET_NRF51_DK/TOOLCHAIN_ARM_STD/nrf_drv_adc.o(.constdata), (1 bytes).
    Removing mbed/TARGET_NRF51_DK/TOOLCHAIN_ARM_STD/nrf_drv_clock.o(.rev16_text), (4 bytes).
    Removing mbed/TARGET_NRF51_DK/TOOLCHAIN_ARM_STD/nrf_drv_clock.o(.revsh_text), (4 bytes).
    Removing mbed/TARGET_NRF51_DK/TOOLCHAIN_ARM_STD/nrf_drv_clock.o(i.nrf_drv_clock_calibration_abort), (4 bytes).
    Removing mbed/TARGET_NRF51_DK/TOOLCHAIN_ARM_STD/nrf_drv_clock.o(i.nrf_drv_clock_calibration_start), (4 bytes).
    Removing mbed/TARGET_NRF51_DK/TOOLCHAIN_ARM_STD/nrf_drv_clock.o(i.nrf_drv_clock_hfclk_is_running), (18 bytes).
    Removing mbed/TARGET_NRF51_DK/TOOLCHAIN_ARM_STD/nrf_drv_clock.o(i.nrf_drv_clock_hfclk_release), (48 bytes).
    Removing mbed/TARGET_NRF51_DK/TOOLCHAIN_ARM_STD/nrf_drv_clock.o(i.nrf_drv_clock_hfclk_request), (84 bytes).
    Removing mbed/TARGET_NRF51_DK/TOOLCHAIN_ARM_STD/nrf_drv_clock.o(i.nrf_drv_clock_init), (48 bytes).
    Removing mbed/TARGET_NRF51_DK/TOOLCHAIN_ARM_STD/nrf_drv_clock.o(i.nrf_drv_clock_is_calibrating), (4 bytes).
    Removing mbed/TARGET_NRF51_DK/TOOLCHAIN_ARM_STD/nrf_drv_clock.o(i.nrf_drv_clock_lfclk_is_running), (4 bytes).
    Removing mbed/TARGET_NRF51_DK/TOOLCHAIN_ARM_STD/nrf_drv_clock.o(i.nrf_drv_clock_lfclk_release), (2 bytes).
    Removing mbed/TARGET_NRF51_DK/TOOLCHAIN_ARM_STD/nrf_drv_clock.o(i.nrf_drv_clock_lfclk_request), (12 bytes).
    Removing mbed/TARGET_NRF51_DK/TOOLCHAIN_ARM_STD/nrf_drv_clock.o(i.nrf_drv_clock_on_soc_event), (36 bytes).
    Removing mbed/TARGET_NRF51_DK/TOOLCHAIN_ARM_STD/nrf_drv_clock.o(i.nrf_drv_clock_uninit), (16 bytes).
    Removing mbed/TARGET_NRF51_DK/TOOLCHAIN_ARM_STD/nrf_drv_clock.o(.bss), (12 bytes).
    Removing mbed/TARGET_NRF51_DK/TOOLCHAIN_ARM_STD/nrf_drv_common.o(.rev16_text), (4 bytes).
    Removing mbed/TARGET_NRF51_DK/TOOLCHAIN_ARM_STD/nrf_drv_common.o(.revsh_text), (4 bytes).
    Removing mbed/TARGET_NRF51_DK/TOOLCHAIN_ARM_STD/nrf_drv_common.o(i.SPI0_TWI0_IRQHandler), (12 bytes).
    Removing mbed/TARGET_NRF51_DK/TOOLCHAIN_ARM_STD/nrf_drv_common.o(i.SPI1_TWI1_IRQHandler), (12 bytes).
    Removing mbed/TARGET_NRF51_DK/TOOLCHAIN_ARM_STD/nrf_drv_common.o(i.nrf_drv_common_per_res_acquire), (108 bytes).
    Removing mbed/TARGET_NRF51_DK/TOOLCHAIN_ARM_STD/nrf_drv_common.o(i.nrf_drv_common_per_res_release), (40 bytes).
    Removing mbed/TARGET_NRF51_DK/TOOLCHAIN_ARM_STD/nrf_drv_common.o(.data), (16 bytes).
    Removing mbed/TARGET_NRF51_DK/TOOLCHAIN_ARM_STD/nrf_drv_gpiote.o(.rev16_text), (4 bytes).
    Removing mbed/TARGET_NRF51_DK/TOOLCHAIN_ARM_STD/nrf_drv_gpiote.o(.revsh_text), (4 bytes).
    Removing mbed/TARGET_NRF51_DK/TOOLCHAIN_ARM_STD/nrf_drv_gpiote.o(i.nrf_drv_gpiote_in_event_addr_get), (32 bytes).
    Removing mbed/TARGET_NRF51_DK/TOOLCHAIN_ARM_STD/nrf_drv_gpiote.o(i.nrf_drv_gpiote_in_event_disable), (76 bytes).
    Removing mbed/TARGET_NRF51_DK/TOOLCHAIN_ARM_STD/nrf_drv_gpiote.o(i.nrf_drv_gpiote_in_is_set), (16 bytes).
    Removing mbed/TARGET_NRF51_DK/TOOLCHAIN_ARM_STD/nrf_drv_gpiote.o(i.nrf_drv_gpiote_out_clear), (16 bytes).
    Removing mbed/TARGET_NRF51_DK/TOOLCHAIN_ARM_STD/nrf_drv_gpiote.o(i.nrf_drv_gpiote_out_set), (16 bytes).
    Removing mbed/TARGET_NRF51_DK/TOOLCHAIN_ARM_STD/nrf_drv_gpiote.o(i.nrf_drv_gpiote_out_task_trigger), (32 bytes).
    Removing mbed/TARGET_NRF51_DK/TOOLCHAIN_ARM_STD/nrf_drv_gpiote.o(i.nrf_drv_gpiote_out_toggle), (24 bytes).
    Removing mbed/TARGET_NRF51_DK/TOOLCHAIN_ARM_STD/nrf_drv_gpiote.o(i.nrf_drv_gpiote_uninit), (176 bytes).
    Removing mbed/TARGET_NRF51_DK/TOOLCHAIN_ARM_STD/nrf_drv_ppi.o(.rev16_text), (4 bytes).
    Removing mbed/TARGET_NRF51_DK/TOOLCHAIN_ARM_STD/nrf_drv_ppi.o(.revsh_text), (4 bytes).
    Removing mbed/TARGET_NRF51_DK/TOOLCHAIN_ARM_STD/nrf_drv_ppi.o(i.nrf_drv_ppi_channel_fork_assign), (4 bytes).
    Removing mbed/TARGET_NRF51_DK/TOOLCHAIN_ARM_STD/nrf_drv_ppi.o(i.nrf_drv_ppi_group_disable), (32 bytes).
    Removing mbed/TARGET_NRF51_DK/TOOLCHAIN_ARM_STD/nrf_drv_ppi.o(i.nrf_drv_ppi_uninit), (96 bytes).
    Removing mbed/TARGET_NRF51_DK/TOOLCHAIN_ARM_STD/nrf_drv_spi.o(.rev16_text), (4 bytes).
    Removing mbed/TARGET_NRF51_DK/TOOLCHAIN_ARM_STD/nrf_drv_spi.o(.revsh_text), (4 bytes).
    Removing mbed/TARGET_NRF51_DK/TOOLCHAIN_ARM_STD/nrf_drv_spi.o(i.irq_handler_for_instance_1), (144 bytes).
    Removing mbed/TARGET_NRF51_DK/TOOLCHAIN_ARM_STD/nrf_drv_spi.o(i.nrf_drv_spi_abort), (24 bytes).
    Removing mbed/TARGET_NRF51_DK/TOOLCHAIN_ARM_STD/nrf_drv_spi.o(i.nrf_drv_spi_init), (324 bytes).
    Removing mbed/TARGET_NRF51_DK/TOOLCHAIN_ARM_STD/nrf_drv_spi.o(i.nrf_drv_spi_transfer), (26 bytes).
    Removing mbed/TARGET_NRF51_DK/TOOLCHAIN_ARM_STD/nrf_drv_spi.o(i.nrf_drv_spi_uninit), (92 bytes).
    Removing mbed/TARGET_NRF51_DK/TOOLCHAIN_ARM_STD/nrf_drv_spi.o(i.nrf_drv_spi_xfer), (288 bytes).
    Removing mbed/TARGET_NRF51_DK/TOOLCHAIN_ARM_STD/nrf_drv_spi.o(.bss), (32 bytes).
    Removing mbed/TARGET_NRF51_DK/TOOLCHAIN_ARM_STD/nrf_drv_spi.o(.constdata), (20 bytes).
    Removing mbed/TARGET_NRF51_DK/TOOLCHAIN_ARM_STD/nrf_drv_spis.o(.rev16_text), (4 bytes).
    Removing mbed/TARGET_NRF51_DK/TOOLCHAIN_ARM_STD/nrf_drv_spis.o(.revsh_text), (4 bytes).
    Removing mbed/TARGET_NRF51_DK/TOOLCHAIN_ARM_STD/nrf_drv_spis.o(i.irq_handler_for_instance_1), (104 bytes).
    Removing mbed/TARGET_NRF51_DK/TOOLCHAIN_ARM_STD/nrf_drv_spis.o(i.nrf_drv_spis_buffers_set), (100 bytes).
    Removing mbed/TARGET_NRF51_DK/TOOLCHAIN_ARM_STD/nrf_drv_spis.o(i.nrf_drv_spis_init), (340 bytes).
    Removing mbed/TARGET_NRF51_DK/TOOLCHAIN_ARM_STD/nrf_drv_spis.o(i.nrf_drv_spis_uninit), (84 bytes).
    Removing mbed/TARGET_NRF51_DK/TOOLCHAIN_ARM_STD/nrf_drv_spis.o(i.spis_state_change), (102 bytes).
    Removing mbed/TARGET_NRF51_DK/TOOLCHAIN_ARM_STD/nrf_drv_spis.o(.bss), (24 bytes).
    Removing mbed/TARGET_NRF51_DK/TOOLCHAIN_ARM_STD/nrf_drv_spis.o(.constdata), (28 bytes).
    Removing mbed/TARGET_NRF51_DK/TOOLCHAIN_ARM_STD/nrf_drv_timer.o(.rev16_text), (4 bytes).
    Removing mbed/TARGET_NRF51_DK/TOOLCHAIN_ARM_STD/nrf_drv_timer.o(.revsh_text), (4 bytes).
    Removing mbed/TARGET_NRF51_DK/TOOLCHAIN_ARM_STD/nrf_drv_timer.o(i.nrf_drv_timer_capture), (30 bytes).
    Removing mbed/TARGET_NRF51_DK/TOOLCHAIN_ARM_STD/nrf_drv_timer.o(i.nrf_drv_timer_increment), (8 bytes).
    Removing mbed/TARGET_NRF51_DK/TOOLCHAIN_ARM_STD/nrf_drv_timer.o(i.nrf_drv_timer_pause), (8 bytes).
    Removing mbed/TARGET_NRF51_DK/TOOLCHAIN_ARM_STD/nrf_drv_timer.o(i.nrf_drv_timer_resume), (8 bytes).
    Removing mbed/TARGET_NRF51_DK/TOOLCHAIN_ARM_STD/nrf_ecb.o(.rev16_text), (4 bytes).
    Removing mbed/TARGET_NRF51_DK/TOOLCHAIN_ARM_STD/nrf_ecb.o(.revsh_text), (4 bytes).
    Removing mbed/TARGET_NRF51_DK/TOOLCHAIN_ARM_STD/nrf_ecb.o(i.nrf_ecb_crypt), (92 bytes).
    Removing mbed/TARGET_NRF51_DK/TOOLCHAIN_ARM_STD/nrf_ecb.o(i.nrf_ecb_init), (44 bytes).
    Removing mbed/TARGET_NRF51_DK/TOOLCHAIN_ARM_STD/nrf_ecb.o(i.nrf_ecb_set_key), (20 bytes).
    Removing mbed/TARGET_NRF51_DK/TOOLCHAIN_ARM_STD/nrf_ecb.o(.bss), (48 bytes).
    Removing mbed/TARGET_NRF51_DK/TOOLCHAIN_ARM_STD/nrf_ecb.o(.data), (12 bytes).
    Removing mbed/TARGET_NRF51_DK/TOOLCHAIN_ARM_STD/nrf_log.o(.rev16_text), (4 bytes).
    Removing mbed/TARGET_NRF51_DK/TOOLCHAIN_ARM_STD/nrf_log.o(.revsh_text), (4 bytes).
    Removing mbed/TARGET_NRF51_DK/TOOLCHAIN_ARM_STD/nrf_log.o(i.log_hex), (64 bytes).
    Removing mbed/TARGET_NRF51_DK/TOOLCHAIN_ARM_STD/nrf_log.o(i.log_hex_char), (56 bytes).
    Removing mbed/TARGET_NRF51_DK/TOOLCHAIN_ARM_STD/nrf_log.o(.bss), (11 bytes).
    Removing mbed/TARGET_NRF51_DK/TOOLCHAIN_ARM_STD/nrf_log.o(.data), (3 bytes).
    Removing mbed/TARGET_NRF51_DK/TOOLCHAIN_ARM_STD/nrf_nvmc.o(.rev16_text), (4 bytes).
    Removing mbed/TARGET_NRF51_DK/TOOLCHAIN_ARM_STD/nrf_nvmc.o(.revsh_text), (4 bytes).
    Removing mbed/TARGET_NRF51_DK/TOOLCHAIN_ARM_STD/nrf_nvmc.o(i.nrf_nvmc_page_erase), (44 bytes).
    Removing mbed/TARGET_NRF51_DK/TOOLCHAIN_ARM_STD/nrf_nvmc.o(i.nrf_nvmc_write_byte), (60 bytes).
    Removing mbed/TARGET_NRF51_DK/TOOLCHAIN_ARM_STD/nrf_nvmc.o(i.nrf_nvmc_write_bytes), (84 bytes).
    Removing mbed/TARGET_NRF51_DK/TOOLCHAIN_ARM_STD/nrf_nvmc.o(i.nrf_nvmc_write_word), (48 bytes).
    Removing mbed/TARGET_NRF51_DK/TOOLCHAIN_ARM_STD/nrf_nvmc.o(i.nrf_nvmc_write_words), (64 bytes).
    Removing mbed/TARGET_NRF51_DK/TOOLCHAIN_ARM_STD/peer_data.o(.rev16_text), (4 bytes).
    Removing mbed/TARGET_NRF51_DK/TOOLCHAIN_ARM_STD/peer_data.o(.revsh_text), (4 bytes).
    Removing mbed/TARGET_NRF51_DK/TOOLCHAIN_ARM_STD/peer_data.o(i.peer_data_deserialize), (52 bytes).
    Removing mbed/TARGET_NRF51_DK/TOOLCHAIN_ARM_STD/peer_data.o(i.peer_data_parts_get), (30 bytes).
    Removing mbed/TARGET_NRF51_DK/TOOLCHAIN_ARM_STD/peer_data_storage.o(.rev16_text), (4 bytes).
    Removing mbed/TARGET_NRF51_DK/TOOLCHAIN_ARM_STD/peer_data_storage.o(.revsh_text), (4 bytes).
    Removing mbed/TARGET_NRF51_DK/TOOLCHAIN_ARM_STD/peer_data_storage.o(i.fds_evt_handler), (260 bytes).
    Removing mbed/TARGET_NRF51_DK/TOOLCHAIN_ARM_STD/peer_data_storage.o(i.pds_n_peers), (36 bytes).
    Removing mbed/TARGET_NRF51_DK/TOOLCHAIN_ARM_STD/peer_data_storage.o(i.pds_next_peer_id_get), (44 bytes).
    Removing mbed/TARGET_NRF51_DK/TOOLCHAIN_ARM_STD/peer_data_storage.o(i.pds_peer_data_clear), (120 bytes).
    Removing mbed/TARGET_NRF51_DK/TOOLCHAIN_ARM_STD/peer_data_storage.o(i.pds_peer_data_lock), (28 bytes).
    Removing mbed/TARGET_NRF51_DK/TOOLCHAIN_ARM_STD/peer_data_storage.o(i.pds_peer_data_read), (248 bytes).
    Removing mbed/TARGET_NRF51_DK/TOOLCHAIN_ARM_STD/peer_data_storage.o(i.pds_peer_data_read_ptr_get), (176 bytes).
    Removing mbed/TARGET_NRF51_DK/TOOLCHAIN_ARM_STD/peer_data_storage.o(i.pds_peer_data_update), (184 bytes).
    Removing mbed/TARGET_NRF51_DK/TOOLCHAIN_ARM_STD/peer_data_storage.o(i.pds_peer_data_verify), (28 bytes).
    Removing mbed/TARGET_NRF51_DK/TOOLCHAIN_ARM_STD/peer_data_storage.o(i.pds_peer_data_write), (172 bytes).
    Removing mbed/TARGET_NRF51_DK/TOOLCHAIN_ARM_STD/peer_data_storage.o(i.pds_peer_data_write_prepare), (92 bytes).
    Removing mbed/TARGET_NRF51_DK/TOOLCHAIN_ARM_STD/peer_data_storage.o(i.pds_peer_data_write_prepare_cancel), (48 bytes).
    Removing mbed/TARGET_NRF51_DK/TOOLCHAIN_ARM_STD/peer_data_storage.o(i.pds_peer_data_write_prepared), (172 bytes).
    Removing mbed/TARGET_NRF51_DK/TOOLCHAIN_ARM_STD/peer_data_storage.o(i.pds_peer_id_allocate), (44 bytes).
    Removing mbed/TARGET_NRF51_DK/TOOLCHAIN_ARM_STD/peer_data_storage.o(i.pds_peer_id_free), (52 bytes).
    Removing mbed/TARGET_NRF51_DK/TOOLCHAIN_ARM_STD/peer_data_storage.o(i.pds_peer_id_is_allocated), (36 bytes).
    Removing mbed/TARGET_NRF51_DK/TOOLCHAIN_ARM_STD/peer_data_storage.o(i.pds_register), (104 bytes).
    Removing mbed/TARGET_NRF51_DK/TOOLCHAIN_ARM_STD/peer_data_storage.o(i.peer_data_clear), (156 bytes).
    Removing mbed/TARGET_NRF51_DK/TOOLCHAIN_ARM_STD/peer_data_storage.o(i.peer_ids_init), (96 bytes).
    Removing mbed/TARGET_NRF51_DK/TOOLCHAIN_ARM_STD/peer_data_storage.o(.bss), (32 bytes).
    Removing mbed/TARGET_NRF51_DK/TOOLCHAIN_ARM_STD/peer_database.o(.rev16_text), (4 bytes).
    Removing mbed/TARGET_NRF51_DK/TOOLCHAIN_ARM_STD/peer_database.o(.revsh_text), (4 bytes).
    Removing mbed/TARGET_NRF51_DK/TOOLCHAIN_ARM_STD/peer_database.o(i.pdb_clear), (24 bytes).
    Removing mbed/TARGET_NRF51_DK/TOOLCHAIN_ARM_STD/peer_database.o(i.pdb_n_peers), (24 bytes).
    Removing mbed/TARGET_NRF51_DK/TOOLCHAIN_ARM_STD/peer_database.o(i.pdb_next_peer_id_get), (28 bytes).
    Removing mbed/TARGET_NRF51_DK/TOOLCHAIN_ARM_STD/peer_database.o(i.pdb_peer_allocate), (28 bytes).
    Removing mbed/TARGET_NRF51_DK/TOOLCHAIN_ARM_STD/peer_database.o(i.pdb_peer_free), (240 bytes).
    Removing mbed/TARGET_NRF51_DK/TOOLCHAIN_ARM_STD/peer_database.o(i.pdb_raw_read), (28 bytes).
    Removing mbed/TARGET_NRF51_DK/TOOLCHAIN_ARM_STD/peer_database.o(i.pdb_raw_store), (100 bytes).
    Removing mbed/TARGET_NRF51_DK/TOOLCHAIN_ARM_STD/peer_database.o(i.pdb_read_buf_get), (24 bytes).
    Removing mbed/TARGET_NRF51_DK/TOOLCHAIN_ARM_STD/peer_database.o(i.pdb_register), (184 bytes).
    Removing mbed/TARGET_NRF51_DK/TOOLCHAIN_ARM_STD/peer_database.o(i.pdb_write_buf_get), (420 bytes).
    Removing mbed/TARGET_NRF51_DK/TOOLCHAIN_ARM_STD/peer_database.o(i.pdb_write_buf_release), (148 bytes).
    Removing mbed/TARGET_NRF51_DK/TOOLCHAIN_ARM_STD/peer_database.o(i.pdb_write_buf_store), (380 bytes).
    Removing mbed/TARGET_NRF51_DK/TOOLCHAIN_ARM_STD/peer_database.o(i.pdb_write_buf_store_prepare), (200 bytes).
    Removing mbed/TARGET_NRF51_DK/TOOLCHAIN_ARM_STD/peer_database.o(i.pds_evt_handler), (664 bytes).
    Removing mbed/TARGET_NRF51_DK/TOOLCHAIN_ARM_STD/peer_database.o(i.write_buffer_record_find_next), (116 bytes).
    Removing mbed/TARGET_NRF51_DK/TOOLCHAIN_ARM_STD/peer_database.o(.bss), (848 bytes).
    Removing mbed/TARGET_NRF51_DK/TOOLCHAIN_ARM_STD/peer_database.o(.data), (1 bytes).
    Removing mbed/TARGET_NRF51_DK/TOOLCHAIN_ARM_STD/peer_id.o(.rev16_text), (4 bytes).
    Removing mbed/TARGET_NRF51_DK/TOOLCHAIN_ARM_STD/peer_id.o(.revsh_text), (4 bytes).
    Removing mbed/TARGET_NRF51_DK/TOOLCHAIN_ARM_STD/peer_id.o(i.next_id_get), (56 bytes).
    Removing mbed/TARGET_NRF51_DK/TOOLCHAIN_ARM_STD/peer_id.o(i.peer_id_allocate), (64 bytes).
    Removing mbed/TARGET_NRF51_DK/TOOLCHAIN_ARM_STD/peer_id.o(i.peer_id_delete), (56 bytes).
    Removing mbed/TARGET_NRF51_DK/TOOLCHAIN_ARM_STD/peer_id.o(i.peer_id_free), (40 bytes).
    Removing mbed/TARGET_NRF51_DK/TOOLCHAIN_ARM_STD/peer_id.o(i.peer_id_get_next_deleted), (60 bytes).
    Removing mbed/TARGET_NRF51_DK/TOOLCHAIN_ARM_STD/peer_id.o(i.peer_id_get_next_used), (60 bytes).
    Removing mbed/TARGET_NRF51_DK/TOOLCHAIN_ARM_STD/peer_id.o(i.peer_id_init), (40 bytes).
    Removing mbed/TARGET_NRF51_DK/TOOLCHAIN_ARM_STD/peer_id.o(i.peer_id_is_allocated), (24 bytes).
    Removing mbed/TARGET_NRF51_DK/TOOLCHAIN_ARM_STD/peer_id.o(i.peer_id_is_deleted), (24 bytes).
    Removing mbed/TARGET_NRF51_DK/TOOLCHAIN_ARM_STD/peer_id.o(i.peer_id_n_ids), (32 bytes).
    Removing mbed/TARGET_NRF51_DK/TOOLCHAIN_ARM_STD/peer_id.o(.bss), (64 bytes).
    Removing mbed/TARGET_NRF51_DK/TOOLCHAIN_ARM_STD/peer_manager.o(.rev16_text), (4 bytes).
    Removing mbed/TARGET_NRF51_DK/TOOLCHAIN_ARM_STD/peer_manager.o(.revsh_text), (4 bytes).
    Removing mbed/TARGET_NRF51_DK/TOOLCHAIN_ARM_STD/peer_manager.o(i.gcm_evt_handler), (200 bytes).
    Removing mbed/TARGET_NRF51_DK/TOOLCHAIN_ARM_STD/peer_manager.o(i.im_evt_handler), (112 bytes).
    Removing mbed/TARGET_NRF51_DK/TOOLCHAIN_ARM_STD/peer_manager.o(i.pdb_evt_handler), (444 bytes).
    Removing mbed/TARGET_NRF51_DK/TOOLCHAIN_ARM_STD/peer_manager.o(i.pm_conn_handle_get), (40 bytes).
    Removing mbed/TARGET_NRF51_DK/TOOLCHAIN_ARM_STD/peer_manager.o(i.pm_conn_sec_config_reply), (8 bytes).
    Removing mbed/TARGET_NRF51_DK/TOOLCHAIN_ARM_STD/peer_manager.o(i.pm_conn_sec_status_get), (128 bytes).
    Removing mbed/TARGET_NRF51_DK/TOOLCHAIN_ARM_STD/peer_manager.o(i.pm_conn_secure), (24 bytes).
    Removing mbed/TARGET_NRF51_DK/TOOLCHAIN_ARM_STD/peer_manager.o(i.pm_init), (136 bytes).
    Removing mbed/TARGET_NRF51_DK/TOOLCHAIN_ARM_STD/peer_manager.o(i.pm_lesc_public_key_set), (24 bytes).
    Removing mbed/TARGET_NRF51_DK/TOOLCHAIN_ARM_STD/peer_manager.o(i.pm_local_database_has_changed), (24 bytes).
    Removing mbed/TARGET_NRF51_DK/TOOLCHAIN_ARM_STD/peer_manager.o(i.pm_next_peer_id_get), (28 bytes).
    Removing mbed/TARGET_NRF51_DK/TOOLCHAIN_ARM_STD/peer_manager.o(i.pm_on_ble_evt), (36 bytes).
    Removing mbed/TARGET_NRF51_DK/TOOLCHAIN_ARM_STD/peer_manager.o(i.pm_peer_count), (24 bytes).
    Removing mbed/TARGET_NRF51_DK/TOOLCHAIN_ARM_STD/peer_manager.o(i.pm_peer_data_app_data_load), (14 bytes).
    Removing mbed/TARGET_NRF51_DK/TOOLCHAIN_ARM_STD/peer_manager.o(i.pm_peer_data_app_data_store), (92 bytes).
    Removing mbed/TARGET_NRF51_DK/TOOLCHAIN_ARM_STD/peer_manager.o(i.pm_peer_data_bonding_load), (20 bytes).
    Removing mbed/TARGET_NRF51_DK/TOOLCHAIN_ARM_STD/peer_manager.o(i.pm_peer_data_bonding_store), (60 bytes).
    Removing mbed/TARGET_NRF51_DK/TOOLCHAIN_ARM_STD/peer_manager.o(i.pm_peer_data_delete), (32 bytes).
    Removing mbed/TARGET_NRF51_DK/TOOLCHAIN_ARM_STD/peer_manager.o(i.pm_peer_data_load), (108 bytes).
    Removing mbed/TARGET_NRF51_DK/TOOLCHAIN_ARM_STD/peer_manager.o(i.pm_peer_data_remote_db_load), (14 bytes).
    Removing mbed/TARGET_NRF51_DK/TOOLCHAIN_ARM_STD/peer_manager.o(i.pm_peer_data_remote_db_store), (92 bytes).
    Removing mbed/TARGET_NRF51_DK/TOOLCHAIN_ARM_STD/peer_manager.o(i.pm_peer_data_store), (92 bytes).
    Removing mbed/TARGET_NRF51_DK/TOOLCHAIN_ARM_STD/peer_manager.o(i.pm_peer_delete), (24 bytes).
    Removing mbed/TARGET_NRF51_DK/TOOLCHAIN_ARM_STD/peer_manager.o(i.pm_peer_id_get), (40 bytes).
    Removing mbed/TARGET_NRF51_DK/TOOLCHAIN_ARM_STD/peer_manager.o(i.pm_peer_new), (120 bytes).
    Removing mbed/TARGET_NRF51_DK/TOOLCHAIN_ARM_STD/peer_manager.o(i.pm_peer_rank_highest), (336 bytes).
    Removing mbed/TARGET_NRF51_DK/TOOLCHAIN_ARM_STD/peer_manager.o(i.pm_peer_ranks_get), (184 bytes).
    Removing mbed/TARGET_NRF51_DK/TOOLCHAIN_ARM_STD/peer_manager.o(i.pm_peers_delete), (76 bytes).
    Removing mbed/TARGET_NRF51_DK/TOOLCHAIN_ARM_STD/peer_manager.o(i.pm_register), (44 bytes).
    Removing mbed/TARGET_NRF51_DK/TOOLCHAIN_ARM_STD/peer_manager.o(i.pm_sec_params_reply), (20 bytes).
    Removing mbed/TARGET_NRF51_DK/TOOLCHAIN_ARM_STD/peer_manager.o(i.pm_sec_params_set), (32 bytes).
    Removing mbed/TARGET_NRF51_DK/TOOLCHAIN_ARM_STD/peer_manager.o(i.pm_whitelist_create), (24 bytes).
    Removing mbed/TARGET_NRF51_DK/TOOLCHAIN_ARM_STD/peer_manager.o(i.pm_whitelist_custom), (24 bytes).
    Removing mbed/TARGET_NRF51_DK/TOOLCHAIN_ARM_STD/peer_manager.o(i.sm_evt_handler), (400 bytes).
    Removing mbed/TARGET_NRF51_DK/TOOLCHAIN_ARM_STD/peer_manager.o(.bss), (32 bytes).
    Removing mbed/TARGET_NRF51_DK/TOOLCHAIN_ARM_STD/peer_manager.o(.constdata), (16 bytes).
    Removing mbed/TARGET_NRF51_DK/TOOLCHAIN_ARM_STD/pinmap.o(.rev16_text), (4 bytes).
    Removing mbed/TARGET_NRF51_DK/TOOLCHAIN_ARM_STD/pinmap.o(.revsh_text), (4 bytes).
    Removing mbed/TARGET_NRF51_DK/TOOLCHAIN_ARM_STD/pinmap.o(i.pin_function), (2 bytes).
    Removing mbed/TARGET_NRF51_DK/TOOLCHAIN_ARM_STD/pinmap.o(i.pin_mode), (76 bytes).
    Removing mbed/TARGET_NRF51_DK/TOOLCHAIN_ARM_STD/pinmap.o(.conststring), (80 bytes).
    Removing mbed/TARGET_NRF51_DK/TOOLCHAIN_ARM_STD/pm_buffer.o(i.pm_buffer_block_acquire), (134 bytes).
    Removing mbed/TARGET_NRF51_DK/TOOLCHAIN_ARM_STD/pm_buffer.o(i.pm_buffer_init), (68 bytes).
    Removing mbed/TARGET_NRF51_DK/TOOLCHAIN_ARM_STD/pm_buffer.o(i.pm_buffer_ptr_get), (46 bytes).
    Removing mbed/TARGET_NRF51_DK/TOOLCHAIN_ARM_STD/pm_buffer.o(i.pm_buffer_release), (46 bytes).
    Removing mbed/TARGET_NRF51_DK/TOOLCHAIN_ARM_STD/pm_mutex.o(.rev16_text), (4 bytes).
    Removing mbed/TARGET_NRF51_DK/TOOLCHAIN_ARM_STD/pm_mutex.o(.revsh_text), (4 bytes).
    Removing mbed/TARGET_NRF51_DK/TOOLCHAIN_ARM_STD/pm_mutex.o(i.pm_mutex_init), (18 bytes).
    Removing mbed/TARGET_NRF51_DK/TOOLCHAIN_ARM_STD/pm_mutex.o(i.pm_mutex_lock), (66 bytes).
    Removing mbed/TARGET_NRF51_DK/TOOLCHAIN_ARM_STD/pm_mutex.o(i.pm_mutex_lock_first_available), (98 bytes).
    Removing mbed/TARGET_NRF51_DK/TOOLCHAIN_ARM_STD/pm_mutex.o(i.pm_mutex_lock_status_get), (24 bytes).
    Removing mbed/TARGET_NRF51_DK/TOOLCHAIN_ARM_STD/pm_mutex.o(i.pm_mutex_unlock), (54 bytes).
    Removing mbed/TARGET_NRF51_DK/TOOLCHAIN_ARM_STD/port_api.o(.rev16_text), (4 bytes).
    Removing mbed/TARGET_NRF51_DK/TOOLCHAIN_ARM_STD/port_api.o(.revsh_text), (4 bytes).
    Removing mbed/TARGET_NRF51_DK/TOOLCHAIN_ARM_STD/port_api.o(i.port_dir), (228 bytes).
    Removing mbed/TARGET_NRF51_DK/TOOLCHAIN_ARM_STD/port_api.o(i.port_init), (76 bytes).
    Removing mbed/TARGET_NRF51_DK/TOOLCHAIN_ARM_STD/port_api.o(i.port_mode), (36 bytes).
    Removing mbed/TARGET_NRF51_DK/TOOLCHAIN_ARM_STD/port_api.o(i.port_pin), (4 bytes).
    Removing mbed/TARGET_NRF51_DK/TOOLCHAIN_ARM_STD/port_api.o(i.port_read), (28 bytes).
    Removing mbed/TARGET_NRF51_DK/TOOLCHAIN_ARM_STD/port_api.o(i.port_write), (44 bytes).
    Removing mbed/TARGET_NRF51_DK/TOOLCHAIN_ARM_STD/port_api.o(.constdata), (8 bytes).
    Removing mbed/TARGET_NRF51_DK/TOOLCHAIN_ARM_STD/port_api.o(.conststring), (82 bytes).
    Removing mbed/TARGET_NRF51_DK/TOOLCHAIN_ARM_STD/pstorage.o(.rev16_text), (4 bytes).
    Removing mbed/TARGET_NRF51_DK/TOOLCHAIN_ARM_STD/pstorage.o(.revsh_text), (4 bytes).
    Removing mbed/TARGET_NRF51_DK/TOOLCHAIN_ARM_STD/pstorage.o(i.clear_operation_execute), (264 bytes).
    Removing mbed/TARGET_NRF51_DK/TOOLCHAIN_ARM_STD/pstorage.o(i.cmd_queue_enqueue), (116 bytes).
    Removing mbed/TARGET_NRF51_DK/TOOLCHAIN_ARM_STD/pstorage.o(i.command_end_procedure_run), (104 bytes).
    Removing mbed/TARGET_NRF51_DK/TOOLCHAIN_ARM_STD/pstorage.o(i.data_page_erase_state_run), (184 bytes).
    Removing mbed/TARGET_NRF51_DK/TOOLCHAIN_ARM_STD/pstorage.o(i.data_to_swap_write_state_run), (60 bytes).
    Removing mbed/TARGET_NRF51_DK/TOOLCHAIN_ARM_STD/pstorage.o(i.flash_operation_success_run), (236 bytes).
    Removing mbed/TARGET_NRF51_DK/TOOLCHAIN_ARM_STD/pstorage.o(i.flash_write), (76 bytes).
    Removing mbed/TARGET_NRF51_DK/TOOLCHAIN_ARM_STD/pstorage.o(i.head_restore_state_run), (204 bytes).
    Removing mbed/TARGET_NRF51_DK/TOOLCHAIN_ARM_STD/pstorage.o(i.pstorage_access_status_get), (40 bytes).
    Removing mbed/TARGET_NRF51_DK/TOOLCHAIN_ARM_STD/pstorage.o(i.pstorage_block_identifier_get), (84 bytes).
    Removing mbed/TARGET_NRF51_DK/TOOLCHAIN_ARM_STD/pstorage.o(i.pstorage_clear), (152 bytes).
    Removing mbed/TARGET_NRF51_DK/TOOLCHAIN_ARM_STD/pstorage.o(i.pstorage_init), (120 bytes).
    Removing mbed/TARGET_NRF51_DK/TOOLCHAIN_ARM_STD/pstorage.o(i.pstorage_load), (140 bytes).
    Removing mbed/TARGET_NRF51_DK/TOOLCHAIN_ARM_STD/pstorage.o(i.pstorage_register), (216 bytes).
    Removing mbed/TARGET_NRF51_DK/TOOLCHAIN_ARM_STD/pstorage.o(i.pstorage_store), (120 bytes).
    Removing mbed/TARGET_NRF51_DK/TOOLCHAIN_ARM_STD/pstorage.o(i.pstorage_sys_event_handler), (128 bytes).
    Removing mbed/TARGET_NRF51_DK/TOOLCHAIN_ARM_STD/pstorage.o(i.pstorage_update), (120 bytes).
    Removing mbed/TARGET_NRF51_DK/TOOLCHAIN_ARM_STD/pstorage.o(i.sm_state_change), (320 bytes).
    Removing mbed/TARGET_NRF51_DK/TOOLCHAIN_ARM_STD/pstorage.o(i.state_erase_data_page_entry_run), (80 bytes).
    Removing mbed/TARGET_NRF51_DK/TOOLCHAIN_ARM_STD/pstorage.o(i.state_restore_head_entry_run), (64 bytes).
    Removing mbed/TARGET_NRF51_DK/TOOLCHAIN_ARM_STD/pstorage.o(i.state_restore_tail_entry_run), (92 bytes).
    Removing mbed/TARGET_NRF51_DK/TOOLCHAIN_ARM_STD/pstorage.o(i.state_swap_erase_entry_run), (128 bytes).
    Removing mbed/TARGET_NRF51_DK/TOOLCHAIN_ARM_STD/pstorage.o(i.state_write_data_swap_entry_run), (68 bytes).
    Removing mbed/TARGET_NRF51_DK/TOOLCHAIN_ARM_STD/pstorage.o(i.swap_erase_state_run), (40 bytes).
    Removing mbed/TARGET_NRF51_DK/TOOLCHAIN_ARM_STD/pstorage.o(i.tail_restore_state_run), (72 bytes).
    Removing mbed/TARGET_NRF51_DK/TOOLCHAIN_ARM_STD/pstorage.o(.bss), (216 bytes).
    Removing mbed/TARGET_NRF51_DK/TOOLCHAIN_ARM_STD/pstorage.o(.constdata), (40 bytes).
    Removing mbed/TARGET_NRF51_DK/TOOLCHAIN_ARM_STD/pstorage.o(.data), (36 bytes).
    Removing mbed/TARGET_NRF51_DK/TOOLCHAIN_ARM_STD/pwmout_api.o(.rev16_text), (4 bytes).
    Removing mbed/TARGET_NRF51_DK/TOOLCHAIN_ARM_STD/pwmout_api.o(.revsh_text), (4 bytes).
    Removing mbed/TARGET_NRF51_DK/TOOLCHAIN_ARM_STD/pwmout_api.o(i.pwmout_free), (180 bytes).
    Removing mbed/TARGET_NRF51_DK/TOOLCHAIN_ARM_STD/pwmout_api.o(i.pwmout_period), (68 bytes).
    Removing mbed/TARGET_NRF51_DK/TOOLCHAIN_ARM_STD/pwmout_api.o(i.pwmout_period_ms), (52 bytes).
    Removing mbed/TARGET_NRF51_DK/TOOLCHAIN_ARM_STD/pwmout_api.o(i.pwmout_period_us), (56 bytes).
    Removing mbed/TARGET_NRF51_DK/TOOLCHAIN_ARM_STD/pwmout_api.o(i.pwmout_pulsewidth), (88 bytes).
    Removing mbed/TARGET_NRF51_DK/TOOLCHAIN_ARM_STD/pwmout_api.o(i.pwmout_pulsewidth_ms), (76 bytes).
    Removing mbed/TARGET_NRF51_DK/TOOLCHAIN_ARM_STD/pwmout_api.o(i.pwmout_pulsewidth_us), (72 bytes).
    Removing mbed/TARGET_NRF51_DK/TOOLCHAIN_ARM_STD/pwmout_api.o(i.pwmout_read), (68 bytes).
    Removing mbed/TARGET_NRF51_DK/TOOLCHAIN_ARM_STD/pwmout_api.o(i.pwmout_write), (52 bytes).
    Removing mbed/TARGET_NRF51_DK/TOOLCHAIN_ARM_STD/pwmout_api.o(.conststring), (112 bytes).
    Removing mbed/TARGET_NRF51_DK/TOOLCHAIN_ARM_STD/reloc_vector_table.o(.rev16_text), (4 bytes).
    Removing mbed/TARGET_NRF51_DK/TOOLCHAIN_ARM_STD/reloc_vector_table.o(.revsh_text), (4 bytes).
    Removing mbed/TARGET_NRF51_DK/TOOLCHAIN_ARM_STD/rtc_api.o(.rev16_text), (4 bytes).
    Removing mbed/TARGET_NRF51_DK/TOOLCHAIN_ARM_STD/rtc_api.o(.revsh_text), (4 bytes).
    Removing mbed/TARGET_NRF51_DK/TOOLCHAIN_ARM_STD/rtc_api.o(i.rtc_free), (2 bytes).
    Removing mbed/TARGET_NRF51_DK/TOOLCHAIN_ARM_STD/rtc_api.o(i.rtc_init), (8 bytes).
    Removing mbed/TARGET_NRF51_DK/TOOLCHAIN_ARM_STD/rtc_api.o(i.rtc_isenabled), (12 bytes).
    Removing mbed/TARGET_NRF51_DK/TOOLCHAIN_ARM_STD/rtc_api.o(i.rtc_read), (36 bytes).
    Removing mbed/TARGET_NRF51_DK/TOOLCHAIN_ARM_STD/rtc_api.o(i.rtc_write), (52 bytes).
    Removing mbed/TARGET_NRF51_DK/TOOLCHAIN_ARM_STD/rtc_api.o(.data), (4 bytes).
    Removing mbed/TARGET_NRF51_DK/TOOLCHAIN_ARM_STD/sdk_mapped_flags.o(.rev16_text), (4 bytes).
    Removing mbed/TARGET_NRF51_DK/TOOLCHAIN_ARM_STD/sdk_mapped_flags.o(.revsh_text), (4 bytes).
    Removing mbed/TARGET_NRF51_DK/TOOLCHAIN_ARM_STD/sdk_mapped_flags.o(i.sdk_mapped_flags_bulk_update_by_key), (116 bytes).
    Removing mbed/TARGET_NRF51_DK/TOOLCHAIN_ARM_STD/sdk_mapped_flags.o(i.sdk_mapped_flags_first_key_index_get), (72 bytes).
    Removing mbed/TARGET_NRF51_DK/TOOLCHAIN_ARM_STD/sdk_mapped_flags.o(i.sdk_mapped_flags_get_by_key), (92 bytes).
    Removing mbed/TARGET_NRF51_DK/TOOLCHAIN_ARM_STD/sdk_mapped_flags.o(i.sdk_mapped_flags_key_list_get), (100 bytes).
    Removing mbed/TARGET_NRF51_DK/TOOLCHAIN_ARM_STD/sdk_mapped_flags.o(i.sdk_mapped_flags_n_flags_set), (46 bytes).
    Removing mbed/TARGET_NRF51_DK/TOOLCHAIN_ARM_STD/sdk_mapped_flags.o(i.sdk_mapped_flags_update_by_key), (106 bytes).
    Removing mbed/TARGET_NRF51_DK/TOOLCHAIN_ARM_STD/security_dispatcher.o(.rev16_text), (4 bytes).
    Removing mbed/TARGET_NRF51_DK/TOOLCHAIN_ARM_STD/security_dispatcher.o(.revsh_text), (4 bytes).
    Removing mbed/TARGET_NRF51_DK/TOOLCHAIN_ARM_STD/security_dispatcher.o(i.link_secure_failure), (264 bytes).
    Removing mbed/TARGET_NRF51_DK/TOOLCHAIN_ARM_STD/security_dispatcher.o(i.pdb_evt_handler), (88 bytes).
    Removing mbed/TARGET_NRF51_DK/TOOLCHAIN_ARM_STD/security_dispatcher.o(i.sec_proc_start), (80 bytes).
    Removing mbed/TARGET_NRF51_DK/TOOLCHAIN_ARM_STD/security_dispatcher.o(i.smd_ble_evt_handler), (824 bytes).
    Removing mbed/TARGET_NRF51_DK/TOOLCHAIN_ARM_STD/security_dispatcher.o(i.smd_link_secure), (504 bytes).
    Removing mbed/TARGET_NRF51_DK/TOOLCHAIN_ARM_STD/security_dispatcher.o(i.smd_params_reply), (344 bytes).
    Removing mbed/TARGET_NRF51_DK/TOOLCHAIN_ARM_STD/security_dispatcher.o(i.smd_register), (120 bytes).
    Removing mbed/TARGET_NRF51_DK/TOOLCHAIN_ARM_STD/security_dispatcher.o(.constdata), (60 bytes).
    Removing mbed/TARGET_NRF51_DK/TOOLCHAIN_ARM_STD/security_dispatcher.o(.data), (80 bytes).
    Removing mbed/TARGET_NRF51_DK/TOOLCHAIN_ARM_STD/security_manager.o(.rev16_text), (4 bytes).
    Removing mbed/TARGET_NRF51_DK/TOOLCHAIN_ARM_STD/security_manager.o(.revsh_text), (4 bytes).
    Removing mbed/TARGET_NRF51_DK/TOOLCHAIN_ARM_STD/security_manager.o(i.link_secure), (268 bytes).
    Removing mbed/TARGET_NRF51_DK/TOOLCHAIN_ARM_STD/security_manager.o(i.link_secure_pending_process), (96 bytes).
    Removing mbed/TARGET_NRF51_DK/TOOLCHAIN_ARM_STD/security_manager.o(i.pdb_evt_handler), (168 bytes).
    Removing mbed/TARGET_NRF51_DK/TOOLCHAIN_ARM_STD/security_manager.o(i.sm_ble_evt_handler), (28 bytes).
    Removing mbed/TARGET_NRF51_DK/TOOLCHAIN_ARM_STD/security_manager.o(i.sm_conn_sec_config_reply), (28 bytes).
    Removing mbed/TARGET_NRF51_DK/TOOLCHAIN_ARM_STD/security_manager.o(i.sm_lesc_public_key_set), (24 bytes).
    Removing mbed/TARGET_NRF51_DK/TOOLCHAIN_ARM_STD/security_manager.o(i.sm_link_secure), (32 bytes).
    Removing mbed/TARGET_NRF51_DK/TOOLCHAIN_ARM_STD/security_manager.o(i.sm_register), (208 bytes).
    Removing mbed/TARGET_NRF51_DK/TOOLCHAIN_ARM_STD/security_manager.o(i.sm_sec_params_reply), (20 bytes).
    Removing mbed/TARGET_NRF51_DK/TOOLCHAIN_ARM_STD/security_manager.o(i.sm_sec_params_set), (164 bytes).
    Removing mbed/TARGET_NRF51_DK/TOOLCHAIN_ARM_STD/security_manager.o(i.smd_evt_handler), (152 bytes).
    Removing mbed/TARGET_NRF51_DK/TOOLCHAIN_ARM_STD/security_manager.o(i.smd_params_reply_perform), (292 bytes).
    Removing mbed/TARGET_NRF51_DK/TOOLCHAIN_ARM_STD/security_manager.o(.data), (32 bytes).
    Removing mbed/TARGET_NRF51_DK/TOOLCHAIN_ARM_STD/serial_api.o(.rev16_text), (4 bytes).
    Removing mbed/TARGET_NRF51_DK/TOOLCHAIN_ARM_STD/serial_api.o(.revsh_text), (4 bytes).
    Removing mbed/TARGET_NRF51_DK/TOOLCHAIN_ARM_STD/serial_api.o(i.serial_break_clear), (52 bytes).
    Removing mbed/TARGET_NRF51_DK/TOOLCHAIN_ARM_STD/serial_api.o(i.serial_break_set), (44 bytes).
    Removing mbed/TARGET_NRF51_DK/TOOLCHAIN_ARM_STD/serial_api.o(i.serial_clear), (2 bytes).
    Removing mbed/TARGET_NRF51_DK/TOOLCHAIN_ARM_STD/serial_api.o(i.serial_format), (180 bytes).
    Removing mbed/TARGET_NRF51_DK/TOOLCHAIN_ARM_STD/serial_api.o(i.serial_free), (64 bytes).
    Removing mbed/TARGET_NRF51_DK/TOOLCHAIN_ARM_STD/serial_api.o(i.serial_getc), (40 bytes).
    Removing mbed/TARGET_NRF51_DK/TOOLCHAIN_ARM_STD/serial_api.o(i.serial_readable), (32 bytes).
    Removing mbed/TARGET_NRF51_DK/TOOLCHAIN_ARM_STD/serial_api.o(i.serial_rx_abort_asynch), (44 bytes).
    Removing mbed/TARGET_NRF51_DK/TOOLCHAIN_ARM_STD/serial_api.o(i.serial_rx_active), (12 bytes).
    Removing mbed/TARGET_NRF51_DK/TOOLCHAIN_ARM_STD/serial_api.o(i.serial_rx_asynch), (72 bytes).
    Removing mbed/TARGET_NRF51_DK/TOOLCHAIN_ARM_STD/serial_api.o(i.serial_set_flow_control), (32 bytes).
    Removing mbed/TARGET_NRF51_DK/TOOLCHAIN_ARM_STD/serial_api.o(i.serial_tx_abort_asynch), (44 bytes).
    Removing mbed/TARGET_NRF51_DK/TOOLCHAIN_ARM_STD/serial_api.o(i.serial_tx_active), (12 bytes).
    Removing mbed/TARGET_NRF51_DK/TOOLCHAIN_ARM_STD/serial_api.o(i.serial_tx_asynch), (76 bytes).
    Removing mbed/TARGET_NRF51_DK/TOOLCHAIN_ARM_STD/serial_api.o(i.serial_writable), (32 bytes).
    Removing mbed/TARGET_NRF51_DK/TOOLCHAIN_ARM_STD/sleep.o(.rev16_text), (4 bytes).
    Removing mbed/TARGET_NRF51_DK/TOOLCHAIN_ARM_STD/sleep.o(.revsh_text), (4 bytes).
    Removing mbed/TARGET_NRF51_DK/TOOLCHAIN_ARM_STD/sleep.o(i.hal_deepsleep), (64 bytes).
    Removing mbed/TARGET_NRF51_DK/TOOLCHAIN_ARM_STD/sleep.o(i.hal_sleep), (64 bytes).
    Removing mbed/TARGET_NRF51_DK/TOOLCHAIN_ARM_STD/softdevice_handler.o(.rev16_text), (4 bytes).
    Removing mbed/TARGET_NRF51_DK/TOOLCHAIN_ARM_STD/softdevice_handler.o(.revsh_text), (4 bytes).
    Removing mbed/TARGET_NRF51_DK/TOOLCHAIN_ARM_STD/softdevice_handler.o(i.SWI2_IRQHandler), (132 bytes).
    Removing mbed/TARGET_NRF51_DK/TOOLCHAIN_ARM_STD/softdevice_handler.o(i.intern_softdevice_events_execute), (116 bytes).
    Removing mbed/TARGET_NRF51_DK/TOOLCHAIN_ARM_STD/softdevice_handler.o(i.sd_check_ram_start), (16 bytes).
    Removing mbed/TARGET_NRF51_DK/TOOLCHAIN_ARM_STD/softdevice_handler.o(i.softdevice_ble_evt_handler_set), (20 bytes).
    Removing mbed/TARGET_NRF51_DK/TOOLCHAIN_ARM_STD/softdevice_handler.o(i.softdevice_enable), (20 bytes).
    Removing mbed/TARGET_NRF51_DK/TOOLCHAIN_ARM_STD/softdevice_handler.o(i.softdevice_enable_get_default_config), (36 bytes).
    Removing mbed/TARGET_NRF51_DK/TOOLCHAIN_ARM_STD/softdevice_handler.o(i.softdevice_fault_handler), (8 bytes).
    Removing mbed/TARGET_NRF51_DK/TOOLCHAIN_ARM_STD/softdevice_handler.o(i.softdevice_handler_init), (120 bytes).
    Removing mbed/TARGET_NRF51_DK/TOOLCHAIN_ARM_STD/softdevice_handler.o(i.softdevice_handler_isEnabled), (12 bytes).
    Removing mbed/TARGET_NRF51_DK/TOOLCHAIN_ARM_STD/softdevice_handler.o(i.softdevice_handler_sd_disable), (24 bytes).
    Removing mbed/TARGET_NRF51_DK/TOOLCHAIN_ARM_STD/softdevice_handler.o(i.softdevice_sys_evt_handler_set), (20 bytes).
    Removing mbed/TARGET_NRF51_DK/TOOLCHAIN_ARM_STD/softdevice_handler_appsh.o(.rev16_text), (4 bytes).
    Removing mbed/TARGET_NRF51_DK/TOOLCHAIN_ARM_STD/softdevice_handler_appsh.o(.revsh_text), (4 bytes).
    Removing mbed/TARGET_NRF51_DK/TOOLCHAIN_ARM_STD/softdevice_handler_appsh.o(i.softdevice_evt_get), (18 bytes).
    Removing mbed/TARGET_NRF51_DK/TOOLCHAIN_ARM_STD/softdevice_handler_appsh.o(i.softdevice_evt_schedule), (20 bytes).
    Removing mbed/TARGET_NRF51_DK/TOOLCHAIN_ARM_STD/spi_api.o(.rev16_text), (4 bytes).
    Removing mbed/TARGET_NRF51_DK/TOOLCHAIN_ARM_STD/spi_api.o(.revsh_text), (4 bytes).
    Removing mbed/TARGET_NRF51_DK/TOOLCHAIN_ARM_STD/spi_api.o(i.master_event_handler_1), (28 bytes).
    Removing mbed/TARGET_NRF51_DK/TOOLCHAIN_ARM_STD/spi_api.o(i.slave_event_handler_1), (44 bytes).
    Removing mbed/TARGET_NRF51_DK/TOOLCHAIN_ARM_STD/spi_api.o(i.spi_abort_asynch), (84 bytes).
    Removing mbed/TARGET_NRF51_DK/TOOLCHAIN_ARM_STD/spi_api.o(i.spi_active), (64 bytes).
    Removing mbed/TARGET_NRF51_DK/TOOLCHAIN_ARM_STD/spi_api.o(i.spi_busy), (20 bytes).
    Removing mbed/TARGET_NRF51_DK/TOOLCHAIN_ARM_STD/spi_api.o(i.spi_format), (372 bytes).
    Removing mbed/TARGET_NRF51_DK/TOOLCHAIN_ARM_STD/spi_api.o(i.spi_free), (52 bytes).
    Removing mbed/TARGET_NRF51_DK/TOOLCHAIN_ARM_STD/spi_api.o(i.spi_frequency), (212 bytes).
    Removing mbed/TARGET_NRF51_DK/TOOLCHAIN_ARM_STD/spi_api.o(i.spi_init), (244 bytes).
    Removing mbed/TARGET_NRF51_DK/TOOLCHAIN_ARM_STD/spi_api.o(i.spi_irq_handler_asynch), (68 bytes).
    Removing mbed/TARGET_NRF51_DK/TOOLCHAIN_ARM_STD/spi_api.o(i.spi_master_block_write), (120 bytes).
    Removing mbed/TARGET_NRF51_DK/TOOLCHAIN_ARM_STD/spi_api.o(i.spi_master_transfer), (112 bytes).
    Removing mbed/TARGET_NRF51_DK/TOOLCHAIN_ARM_STD/spi_api.o(i.spi_master_write), (68 bytes).
    Removing mbed/TARGET_NRF51_DK/TOOLCHAIN_ARM_STD/spi_api.o(i.spi_slave_read), (72 bytes).
    Removing mbed/TARGET_NRF51_DK/TOOLCHAIN_ARM_STD/spi_api.o(i.spi_slave_receive), (64 bytes).
    Removing mbed/TARGET_NRF51_DK/TOOLCHAIN_ARM_STD/spi_api.o(i.spi_slave_write), (68 bytes).
    Removing mbed/TARGET_NRF51_DK/TOOLCHAIN_ARM_STD/spi_api.o(.bss), (24 bytes).
    Removing mbed/TARGET_NRF51_DK/TOOLCHAIN_ARM_STD/spi_api.o(.constdata), (16 bytes).
    Removing mbed/TARGET_NRF51_DK/TOOLCHAIN_ARM_STD/spi_api.o(.conststring), (81 bytes).
    Removing mbed/TARGET_NRF51_DK/TOOLCHAIN_ARM_STD/spi_api.o(.data), (16 bytes).
    Removing mbed/TARGET_NRF51_DK/TOOLCHAIN_ARM_STD/system_nrf51.o(.rev16_text), (4 bytes).
    Removing mbed/TARGET_NRF51_DK/TOOLCHAIN_ARM_STD/system_nrf51.o(.revsh_text), (4 bytes).
    Removing mbed/TARGET_NRF51_DK/TOOLCHAIN_ARM_STD/system_nrf51.o(i.SystemCoreClockUpdate), (16 bytes).
    Removing mbed/TARGET_NRF51_DK/TOOLCHAIN_ARM_STD/us_ticker.o(.rev16_text), (4 bytes).
    Removing mbed/TARGET_NRF51_DK/TOOLCHAIN_ARM_STD/us_ticker.o(.revsh_text), (4 bytes).
    Removing mbed/TARGET_NRF51_DK/TOOLCHAIN_ARM_STD/us_ticker.o(i.common_rtc_irq_handler), (60 bytes).
    Removing mbed/TARGET_NRF51_DK/TOOLCHAIN_ARM_STD/us_ticker.o(i.mbed_get_m0_tick_irqn), (4 bytes).
    Removing .\build\sx1276.o(.rev16_text), (4 bytes).
    Removing .\build\sx1276.o(.revsh_text), (4 bytes).
    Removing .\build\sx1276.o(i._ZN6SX127610SetChannelEj), (88 bytes).
    Removing .\build\sx1276.o(i._ZN6SX127611SetRxConfigE9ModemTypejjhjttbhbbhbb), (1112 bytes).
    Removing .\build\sx1276.o(i._ZN6SX127611SetTxConfigE9ModemTypeajjjhtbbbhbj), (884 bytes).
    Removing .\build\sx1276.o(i._ZN6SX127612OnTimeoutIrqEv), (364 bytes).
    Removing .\build\sx1276.o(i._ZN6SX127613IsChannelFreeE9ModemTypejs), (84 bytes).
    Removing .\build\sx1276.o(i._ZN6SX127616SetPublicNetworkEb), (58 bytes).
    Removing .\build\sx1276.o(i._ZN6SX127618RxChainCalibrationEv), (240 bytes).
    Removing .\build\sx1276.o(i._ZN6SX127619SetMaxPayloadLengthE9ModemTypeh), (72 bytes).
    Removing .\build\sx1276.o(i._ZN6SX127619SetTxContinuousWaveEjat), (208 bytes).
    Removing .\build\sx1276.o(i._ZN6SX127623GetFskBandwidthRegValueEj), (52 bytes).
    Removing .\build\sx1276.o(i._ZN6SX12762RxEj), (1176 bytes).
    Removing .\build\sx1276.o(i._ZN6SX12762TxEj), (324 bytes).
    Removing .\build\sx1276.o(i._ZN6SX12764InitEP13RadioEvents_t), (4 bytes).
    Removing .\build\sx1276.o(i._ZN6SX12764SendEPhh), (426 bytes).
    Removing .\build\sx1276.o(i._ZN6SX12765SleepEv), (48 bytes).
    Removing .\build\sx1276.o(i._ZN6SX12766RandomEv), (88 bytes).
    Removing .\build\sx1276.o(i._ZN6SX12767GetRssiE9ModemType), (164 bytes).
    Removing .\build\sx1276.o(i._ZN6SX12767StandbyEv), (48 bytes).
    Removing .\build\sx1276.o(i._ZN6SX12768SetModemE9ModemType), (216 bytes).
    Removing .\build\sx1276.o(i._ZN6SX12768StartCadEv), (94 bytes).
    Removing .\build\sx1276.o(i._ZN6SX12769GetStatusEv), (12 bytes).
    Removing .\build\sx1276.o(i._ZN6SX12769OnDio0IrqEv), (1568 bytes).
    Removing .\build\sx1276.o(i._ZN6SX12769OnDio1IrqEv), (584 bytes).
    Removing .\build\sx1276.o(i._ZN6SX12769OnDio2IrqEv), (452 bytes).
    Removing .\build\sx1276.o(i._ZN6SX12769OnDio3IrqEv), (120 bytes).
    Removing .\build\sx1276.o(i._ZN6SX12769OnDio4IrqEv), (54 bytes).
    Removing .\build\sx1276.o(i._ZN6SX12769OnDio5IrqEv), (28 bytes).
    Removing .\build\sx1276.o(i._ZN6SX12769SetOpModeEh), (80 bytes).
    Removing .\build\sx1276.o(i._ZN6SX12769TimeOnAirE9ModemTypeh), (740 bytes).
    Removing .\build\sx1276.o(i._ZN6SX1276C2EP13RadioEvents_t7PinNameS2_S2_S2_S2_S2_S2_S2_S2_S2_S2_), (412 bytes).
    Removing .\build\sx1276.o(i._ZN6SX1276D0Ev), (18 bytes).
    Removing .\build\sx1276.o(i._ZN6SX1276D2Ev), (212 bytes).
    Removing .\build\sx1276.o(.ARM.exidx), (8 bytes).
    Removing .\build\sx1276.o(.ARM.exidx), (8 bytes).
    Removing .\build\sx1276.o(.ARM.exidx), (8 bytes).
    Removing .\build\sx1276.o(.ARM.exidx), (8 bytes).
    Removing .\build\sx1276.o(.ARM.exidx), (8 bytes).
    Removing .\build\sx1276.o(.ARM.exidx), (8 bytes).
    Removing .\build\sx1276.o(.ARM.exidx), (8 bytes).
    Removing .\build\sx1276.o(.ARM.exidx), (8 bytes).
    Removing .\build\sx1276.o(.ARM.exidx), (8 bytes).
    Removing .\build\sx1276.o(.ARM.exidx), (8 bytes).
    Removing .\build\sx1276.o(.ARM.exidx), (8 bytes).
    Removing .\build\sx1276.o(.ARM.exidx), (8 bytes).
    Removing .\build\sx1276.o(.ARM.exidx), (8 bytes).
    Removing .\build\sx1276.o(.ARM.exidx), (8 bytes).
    Removing .\build\sx1276.o(.ARM.exidx), (8 bytes).
    Removing .\build\sx1276.o(.ARM.exidx), (8 bytes).
    Removing .\build\sx1276.o(.ARM.exidx), (8 bytes).
    Removing .\build\sx1276.o(.ARM.exidx), (8 bytes).
    Removing .\build\sx1276.o(.ARM.exidx), (8 bytes).
    Removing .\build\sx1276.o(.ARM.exidx), (8 bytes).
    Removing .\build\sx1276.o(.ARM.exidx), (8 bytes).
    Removing .\build\sx1276.o(.ARM.exidx), (8 bytes).
    Removing .\build\sx1276.o(.ARM.exidx), (8 bytes).
    Removing .\build\sx1276.o(.ARM.exidx), (8 bytes).
    Removing .\build\sx1276.o(.ARM.exidx), (8 bytes).
    Removing .\build\sx1276.o(.ARM.exidx), (8 bytes).
    Removing .\build\sx1276.o(.ARM.exidx), (8 bytes).
    Removing .\build\sx1276.o(.ARM.exidx), (8 bytes).
    Removing .\build\sx1276.o(.ARM.exidx), (8 bytes).
    Removing .\build\sx1276.o(.ARM.exidx), (8 bytes).
    Removing .\build\sx1276.o(.ARM.exidx), (8 bytes).
    Removing .\build\sx1276.o(.ARM.exidx), (8 bytes).
    Removing .\build\sx1276.o(.constdata), (232 bytes).
    Removing .\build\sx1276-hal.o(.rev16_text), (4 bytes).
    Removing .\build\sx1276-hal.o(.revsh_text), (4 bytes).
    Removing .\build\sx1276-hal.o(i._Z10gpio_writeP6gpio_ti), (160 bytes).
    Removing .\build\sx1276-hal.o(i._ZN12SX1276MB1xAS11AntSwDeInitEv), (18 bytes).
    Removing .\build\sx1276-hal.o(i._ZN12SX1276MB1xAS11GetPaSelectEj), (36 bytes).
    Removing .\build\sx1276-hal.o(i._ZN12SX1276MB1xAS12SetRfTxPowerEa), (226 bytes).
    Removing .\build\sx1276-hal.o(i._ZN12SX1276MB1xAS15DetectBoardTypeEv), (92 bytes).
    Removing .\build\sx1276-hal.o(i._ZN12SX1276MB1xAS16CheckRfFrequencyEj), (6 bytes).
    Removing .\build\sx1276-hal.o(i._ZN12SX1276MB1xAS16SetAntSwLowPowerEb), (50 bytes).
    Removing .\build\sx1276-hal.o(i._ZN12SX1276MB1xAS18RadioRegistersInitEv), (68 bytes).
    Removing .\build\sx1276-hal.o(i._ZN12SX1276MB1xAS4ReadEh), (26 bytes).
    Removing .\build\sx1276-hal.o(i._ZN12SX1276MB1xAS4ReadEhPhh), (72 bytes).
    Removing .\build\sx1276-hal.o(i._ZN12SX1276MB1xAS5ResetEv), (44 bytes).
    Removing .\build\sx1276-hal.o(i._ZN12SX1276MB1xAS5WriteEhPhh), (72 bytes).
    Removing .\build\sx1276-hal.o(i._ZN12SX1276MB1xAS5WriteEhh), (22 bytes).
    Removing .\build\sx1276-hal.o(i._ZN12SX1276MB1xAS6IoInitEv), (24 bytes).
    Removing .\build\sx1276-hal.o(i._ZN12SX1276MB1xAS7SpiInitEv), (52 bytes).
    Removing .\build\sx1276-hal.o(i._ZN12SX1276MB1xAS8IoDeInitEv), (2 bytes).
    Removing .\build\sx1276-hal.o(i._ZN12SX1276MB1xAS8ReadFifoEPhh), (24 bytes).
    Removing .\build\sx1276-hal.o(i._ZN12SX1276MB1xAS8SetAntSwEh), (74 bytes).
    Removing .\build\sx1276-hal.o(i._ZN12SX1276MB1xAS9AntSwInitEv), (18 bytes).
    Removing .\build\sx1276-hal.o(i._ZN12SX1276MB1xAS9IoIrqInitEPM6SX1276FvvE), (150 bytes).
    Removing .\build\sx1276-hal.o(i._ZN12SX1276MB1xAS9WriteFifoEPhh), (24 bytes).
    Removing .\build\sx1276-hal.o(i._ZN12SX1276MB1xASC1EP13RadioEvents_t), (188 bytes).
    Removing .\build\sx1276-hal.o(i._ZN12SX1276MB1xASC1EP13RadioEvents_t7PinNameS2_S2_S2_S2_S2_S2_S2_S2_S2_S2_S2_), (188 bytes).
    Removing .\build\sx1276-hal.o(.ARM.exidx), (8 bytes).
    Removing .\build\sx1276-hal.o(.ARM.exidx), (8 bytes).
    Removing .\build\sx1276-hal.o(.ARM.exidx), (8 bytes).
    Removing .\build\sx1276-hal.o(.ARM.exidx), (8 bytes).
    Removing .\build\sx1276-hal.o(.ARM.exidx), (8 bytes).
    Removing .\build\sx1276-hal.o(.ARM.exidx), (8 bytes).
    Removing .\build\sx1276-hal.o(.ARM.exidx), (8 bytes).
    Removing .\build\sx1276-hal.o(.ARM.exidx), (8 bytes).
    Removing .\build\sx1276-hal.o(.ARM.exidx), (8 bytes).
    Removing .\build\sx1276-hal.o(.ARM.exidx), (8 bytes).
    Removing .\build\sx1276-hal.o(.ARM.exidx), (8 bytes).
    Removing .\build\sx1276-hal.o(.ARM.exidx), (8 bytes).
    Removing .\build\sx1276-hal.o(.ARM.exidx), (8 bytes).
    Removing .\build\sx1276-hal.o(.ARM.exidx), (8 bytes).
    Removing .\build\sx1276-hal.o(.ARM.exidx), (8 bytes).
    Removing .\build\sx1276-hal.o(.ARM.exidx), (8 bytes).
    Removing .\build\sx1276-hal.o(.ARM.exidx), (8 bytes).
    Removing .\build\sx1276-hal.o(.ARM.exidx), (8 bytes).
    Removing .\build\sx1276-hal.o(.ARM.exidx), (8 bytes).
    Removing .\build\sx1276-hal.o(.ARM.exidx), (8 bytes).
    Removing .\build\sx1276-hal.o(.ARM.exidx), (8 bytes).
    Removing .\build\sx1276-hal.o(.ARM.exidx), (8 bytes).
    Removing .\build\sx1276-hal.o(.ARM.exidx), (8 bytes).
    Removing .\build\sx1276-hal.o(.constdata), (48 bytes).
    Removing .\build\radio.o(.rev16_text), (4 bytes).
    Removing .\build\radio.o(.revsh_text), (4 bytes).
    Removing .\build\radio.o(i._ZN5RadioC2EP13RadioEvents_t), (12 bytes).
    Removing .\build\radio.o(.ARM.exidx), (8 bytes).
    Removing mbed/TARGET_NRF51_DK/TOOLCHAIN_ARM_STD/mbed.ar(InterruptIn.o)(.rev16_text), (4 bytes).
    Removing mbed/TARGET_NRF51_DK/TOOLCHAIN_ARM_STD/mbed.ar(InterruptIn.o)(.revsh_text), (4 bytes).
    Removing mbed/TARGET_NRF51_DK/TOOLCHAIN_ARM_STD/mbed.ar(InterruptIn.o)(i._ZN4mbed11InterruptIn10enable_irqEv), (22 bytes).
    Removing mbed/TARGET_NRF51_DK/TOOLCHAIN_ARM_STD/mbed.ar(InterruptIn.o)(i._ZN4mbed11InterruptIn11disable_irqEv), (22 bytes).
    Removing mbed/TARGET_NRF51_DK/TOOLCHAIN_ARM_STD/mbed.ar(InterruptIn.o)(i._ZN4mbed11InterruptIn12_irq_handlerEj14gpio_irq_event), (38 bytes).
    Removing mbed/TARGET_NRF51_DK/TOOLCHAIN_ARM_STD/mbed.ar(InterruptIn.o)(i._ZN4mbed11InterruptIn4fallENS_8CallbackIFvvEEE), (154 bytes).
    Removing mbed/TARGET_NRF51_DK/TOOLCHAIN_ARM_STD/mbed.ar(InterruptIn.o)(i._ZN4mbed11InterruptIn4modeE7PinMode), (24 bytes).
    Removing mbed/TARGET_NRF51_DK/TOOLCHAIN_ARM_STD/mbed.ar(InterruptIn.o)(i._ZN4mbed11InterruptIn4readEv), (10 bytes).
    Removing mbed/TARGET_NRF51_DK/TOOLCHAIN_ARM_STD/mbed.ar(InterruptIn.o)(i._ZN4mbed11InterruptIn4riseENS_8CallbackIFvvEEE), (154 bytes).
    Removing mbed/TARGET_NRF51_DK/TOOLCHAIN_ARM_STD/mbed.ar(InterruptIn.o)(i._ZN4mbed11InterruptInC1E7PinName), (68 bytes).
    Removing mbed/TARGET_NRF51_DK/TOOLCHAIN_ARM_STD/mbed.ar(InterruptIn.o)(i._ZN4mbed11InterruptInD0Ev), (60 bytes).
    Removing mbed/TARGET_NRF51_DK/TOOLCHAIN_ARM_STD/mbed.ar(InterruptIn.o)(i._ZN4mbed11InterruptInD1Ev), (56 bytes).
    Removing mbed/TARGET_NRF51_DK/TOOLCHAIN_ARM_STD/mbed.ar(InterruptIn.o)(i._ZN4mbed11InterruptIncviEv), (10 bytes).
    Removing mbed/TARGET_NRF51_DK/TOOLCHAIN_ARM_STD/mbed.ar(InterruptIn.o)(.ARM.exidx), (8 bytes).
    Removing mbed/TARGET_NRF51_DK/TOOLCHAIN_ARM_STD/mbed.ar(InterruptIn.o)(.ARM.exidx), (8 bytes).
    Removing mbed/TARGET_NRF51_DK/TOOLCHAIN_ARM_STD/mbed.ar(InterruptIn.o)(.ARM.exidx), (8 bytes).
    Removing mbed/TARGET_NRF51_DK/TOOLCHAIN_ARM_STD/mbed.ar(InterruptIn.o)(.ARM.exidx), (8 bytes).
    Removing mbed/TARGET_NRF51_DK/TOOLCHAIN_ARM_STD/mbed.ar(InterruptIn.o)(.ARM.exidx), (8 bytes).
    Removing mbed/TARGET_NRF51_DK/TOOLCHAIN_ARM_STD/mbed.ar(InterruptIn.o)(.ARM.exidx), (8 bytes).
    Removing mbed/TARGET_NRF51_DK/TOOLCHAIN_ARM_STD/mbed.ar(InterruptIn.o)(.ARM.exidx), (8 bytes).
    Removing mbed/TARGET_NRF51_DK/TOOLCHAIN_ARM_STD/mbed.ar(InterruptIn.o)(.ARM.exidx), (8 bytes).
    Removing mbed/TARGET_NRF51_DK/TOOLCHAIN_ARM_STD/mbed.ar(InterruptIn.o)(.ARM.exidx), (8 bytes).
    Removing mbed/TARGET_NRF51_DK/TOOLCHAIN_ARM_STD/mbed.ar(InterruptIn.o)(.ARM.exidx), (8 bytes).
    Removing mbed/TARGET_NRF51_DK/TOOLCHAIN_ARM_STD/mbed.ar(InterruptIn.o)(.ARM.exidx), (8 bytes).
    Removing mbed/TARGET_NRF51_DK/TOOLCHAIN_ARM_STD/mbed.ar(SPI.o)(.rev16_text), (4 bytes).
    Removing mbed/TARGET_NRF51_DK/TOOLCHAIN_ARM_STD/mbed.ar(SPI.o)(.revsh_text), (4 bytes).
    Removing mbed/TARGET_NRF51_DK/TOOLCHAIN_ARM_STD/mbed.ar(SPI.o)(i._ZN4mbed3SPI13set_dma_usageE8DMAUsage), (30 bytes).
    Removing mbed/TARGET_NRF51_DK/TOOLCHAIN_ARM_STD/mbed.ar(SPI.o)(i._ZN4mbed3SPI14abort_transferEv), (14 bytes).
    Removing mbed/TARGET_NRF51_DK/TOOLCHAIN_ARM_STD/mbed.ar(SPI.o)(i._ZN4mbed3SPI14queue_transferEPKviPvihRKNS_8CallbackIFviEEEi), (6 bytes).
    Removing mbed/TARGET_NRF51_DK/TOOLCHAIN_ARM_STD/mbed.ar(SPI.o)(i._ZN4mbed3SPI14start_transferEPKviPvihRKNS_8CallbackIFviEEEi), (148 bytes).
    Removing mbed/TARGET_NRF51_DK/TOOLCHAIN_ARM_STD/mbed.ar(SPI.o)(i._ZN4mbed3SPI18irq_handler_asynchEv), (76 bytes).
    Removing mbed/TARGET_NRF51_DK/TOOLCHAIN_ARM_STD/mbed.ar(SPI.o)(i._ZN4mbed3SPI19abort_all_transfersEv), (14 bytes).
    Removing mbed/TARGET_NRF51_DK/TOOLCHAIN_ARM_STD/mbed.ar(SPI.o)(i._ZN4mbed3SPI21clear_transfer_bufferEv), (2 bytes).
    Removing mbed/TARGET_NRF51_DK/TOOLCHAIN_ARM_STD/mbed.ar(SPI.o)(i._ZN4mbed3SPI23set_default_write_valueEc), (28 bytes).
    Removing mbed/TARGET_NRF51_DK/TOOLCHAIN_ARM_STD/mbed.ar(SPI.o)(i._ZN4mbed3SPI4lockEv), (44 bytes).
    Removing mbed/TARGET_NRF51_DK/TOOLCHAIN_ARM_STD/mbed.ar(SPI.o)(i._ZN4mbed3SPI5writeEPKciPci), (88 bytes).
    Removing mbed/TARGET_NRF51_DK/TOOLCHAIN_ARM_STD/mbed.ar(SPI.o)(i._ZN4mbed3SPI5writeEi), (72 bytes).
    Removing mbed/TARGET_NRF51_DK/TOOLCHAIN_ARM_STD/mbed.ar(SPI.o)(i._ZN4mbed3SPI6aquireEv), (56 bytes).
    Removing mbed/TARGET_NRF51_DK/TOOLCHAIN_ARM_STD/mbed.ar(SPI.o)(i._ZN4mbed3SPI6formatEii), (76 bytes).
    Removing mbed/TARGET_NRF51_DK/TOOLCHAIN_ARM_STD/mbed.ar(SPI.o)(i._ZN4mbed3SPI6unlockEv), (44 bytes).
    Removing mbed/TARGET_NRF51_DK/TOOLCHAIN_ARM_STD/mbed.ar(SPI.o)(i._ZN4mbed3SPI8_acquireEv), (40 bytes).
    Removing mbed/TARGET_NRF51_DK/TOOLCHAIN_ARM_STD/mbed.ar(SPI.o)(i._ZN4mbed3SPI8transferEPKviPvihRKNS_8CallbackIFviEEEi), (180 bytes).
    Removing mbed/TARGET_NRF51_DK/TOOLCHAIN_ARM_STD/mbed.ar(SPI.o)(i._ZN4mbed3SPI9frequencyEi), (72 bytes).
    Removing mbed/TARGET_NRF51_DK/TOOLCHAIN_ARM_STD/mbed.ar(SPI.o)(i._ZN4mbed3SPIC1E7PinNameS1_S1_S1_), (172 bytes).
    Removing mbed/TARGET_NRF51_DK/TOOLCHAIN_ARM_STD/mbed.ar(SPI.o)(.ARM.exidx), (8 bytes).
    Removing mbed/TARGET_NRF51_DK/TOOLCHAIN_ARM_STD/mbed.ar(SPI.o)(.ARM.exidx), (8 bytes).
    Removing mbed/TARGET_NRF51_DK/TOOLCHAIN_ARM_STD/mbed.ar(SPI.o)(.ARM.exidx), (8 bytes).
    Removing mbed/TARGET_NRF51_DK/TOOLCHAIN_ARM_STD/mbed.ar(SPI.o)(.ARM.exidx), (8 bytes).
    Removing mbed/TARGET_NRF51_DK/TOOLCHAIN_ARM_STD/mbed.ar(SPI.o)(.ARM.exidx), (8 bytes).
    Removing mbed/TARGET_NRF51_DK/TOOLCHAIN_ARM_STD/mbed.ar(SPI.o)(.ARM.exidx), (8 bytes).
    Removing mbed/TARGET_NRF51_DK/TOOLCHAIN_ARM_STD/mbed.ar(SPI.o)(.ARM.exidx), (8 bytes).
    Removing mbed/TARGET_NRF51_DK/TOOLCHAIN_ARM_STD/mbed.ar(SPI.o)(.ARM.exidx), (8 bytes).
    Removing mbed/TARGET_NRF51_DK/TOOLCHAIN_ARM_STD/mbed.ar(SPI.o)(.ARM.exidx), (8 bytes).
    Removing mbed/TARGET_NRF51_DK/TOOLCHAIN_ARM_STD/mbed.ar(SPI.o)(.ARM.exidx), (8 bytes).
    Removing mbed/TARGET_NRF51_DK/TOOLCHAIN_ARM_STD/mbed.ar(SPI.o)(.ARM.exidx), (8 bytes).
    Removing mbed/TARGET_NRF51_DK/TOOLCHAIN_ARM_STD/mbed.ar(SPI.o)(.ARM.exidx), (8 bytes).
    Removing mbed/TARGET_NRF51_DK/TOOLCHAIN_ARM_STD/mbed.ar(SPI.o)(.ARM.exidx), (8 bytes).
    Removing mbed/TARGET_NRF51_DK/TOOLCHAIN_ARM_STD/mbed.ar(SPI.o)(.ARM.exidx), (8 bytes).
    Removing mbed/TARGET_NRF51_DK/TOOLCHAIN_ARM_STD/mbed.ar(SPI.o)(.ARM.exidx), (8 bytes).
    Removing mbed/TARGET_NRF51_DK/TOOLCHAIN_ARM_STD/mbed.ar(SPI.o)(.ARM.exidx), (8 bytes).
    Removing mbed/TARGET_NRF51_DK/TOOLCHAIN_ARM_STD/mbed.ar(SPI.o)(.ARM.exidx), (8 bytes).
    Removing mbed/TARGET_NRF51_DK/TOOLCHAIN_ARM_STD/mbed.ar(SPI.o)(.ARM.exidx), (8 bytes).
    Removing mbed/TARGET_NRF51_DK/TOOLCHAIN_ARM_STD/mbed.ar(SPI.o)(.constdata), (16 bytes).
    Removing mbed/TARGET_NRF51_DK/TOOLCHAIN_ARM_STD/mbed.ar(SPI.o)(.data), (12 bytes).
    Removing mbed/TARGET_NRF51_DK/TOOLCHAIN_ARM_STD/mbed.ar(Serial.o)(.rev16_text), (4 bytes).
    Removing mbed/TARGET_NRF51_DK/TOOLCHAIN_ARM_STD/mbed.ar(Serial.o)(.revsh_text), (4 bytes).
    Removing mbed/TARGET_NRF51_DK/TOOLCHAIN_ARM_STD/mbed.ar(Serial.o)(i._ZN4mbed6Serial5_getcEv), (8 bytes).
    Removing mbed/TARGET_NRF51_DK/TOOLCHAIN_ARM_STD/mbed.ar(Serial.o)(i._ZN4mbed6Serial5_putcEi), (8 bytes).
    Removing mbed/TARGET_NRF51_DK/TOOLCHAIN_ARM_STD/mbed.ar(Serial.o)(i._ZN4mbed6SerialC1E7PinNameS1_i), (48 bytes).
    Removing mbed/TARGET_NRF51_DK/TOOLCHAIN_ARM_STD/mbed.ar(Serial.o)(i._ZThn152_N4mbed6Serial5_getcEv), (10 bytes).
    Removing mbed/TARGET_NRF51_DK/TOOLCHAIN_ARM_STD/mbed.ar(Serial.o)(.ARM.exidx), (8 bytes).
    Removing mbed/TARGET_NRF51_DK/TOOLCHAIN_ARM_STD/mbed.ar(Serial.o)(.ARM.exidx), (8 bytes).
    Removing mbed/TARGET_NRF51_DK/TOOLCHAIN_ARM_STD/mbed.ar(Serial.o)(.ARM.exidx), (8 bytes).
    Removing mbed/TARGET_NRF51_DK/TOOLCHAIN_ARM_STD/mbed.ar(Serial.o)(.ARM.exidx), (8 bytes).
    Removing mbed/TARGET_NRF51_DK/TOOLCHAIN_ARM_STD/mbed.ar(Serial.o)(.ARM.exidx), (8 bytes).
    Removing mbed/TARGET_NRF51_DK/TOOLCHAIN_ARM_STD/mbed.ar(Serial.o)(.ARM.exidx), (8 bytes).
    Removing mbed/TARGET_NRF51_DK/TOOLCHAIN_ARM_STD/mbed.ar(Serial.o)(.ARM.exidx), (8 bytes).
    Removing mbed/TARGET_NRF51_DK/TOOLCHAIN_ARM_STD/mbed.ar(Serial.o)(.ARM.exidx), (8 bytes).
    Removing mbed/TARGET_NRF51_DK/TOOLCHAIN_ARM_STD/mbed.ar(Serial.o)(.ARM.exidx), (8 bytes).
    Removing mbed/TARGET_NRF51_DK/TOOLCHAIN_ARM_STD/mbed.ar(Serial.o)(.ARM.exidx), (8 bytes).
    Removing mbed/TARGET_NRF51_DK/TOOLCHAIN_ARM_STD/mbed.ar(Ticker.o)(.rev16_text), (4 bytes).
    Removing mbed/TARGET_NRF51_DK/TOOLCHAIN_ARM_STD/mbed.ar(Ticker.o)(.revsh_text), (4 bytes).
    Removing mbed/TARGET_NRF51_DK/TOOLCHAIN_ARM_STD/mbed.ar(Ticker.o)(i._ZN4mbed6Ticker6detachEv), (106 bytes).
    Removing mbed/TARGET_NRF51_DK/TOOLCHAIN_ARM_STD/mbed.ar(Ticker.o)(.ARM.exidx), (8 bytes).
    Removing mbed/TARGET_NRF51_DK/TOOLCHAIN_ARM_STD/mbed.ar(Ticker.o)(.ARM.exidx), (8 bytes).
    Removing mbed/TARGET_NRF51_DK/TOOLCHAIN_ARM_STD/mbed.ar(Ticker.o)(.ARM.exidx), (8 bytes).
    Removing mbed/TARGET_NRF51_DK/TOOLCHAIN_ARM_STD/mbed.ar(SerialBase.o)(.rev16_text), (4 bytes).
    Removing mbed/TARGET_NRF51_DK/TOOLCHAIN_ARM_STD/mbed.ar(SerialBase.o)(.revsh_text), (4 bytes).
    Removing mbed/TARGET_NRF51_DK/TOOLCHAIN_ARM_STD/mbed.ar(SerialBase.o)(i._ZN4mbed10SerialBase10_base_getcEv), (10 bytes).
    Removing mbed/TARGET_NRF51_DK/TOOLCHAIN_ARM_STD/mbed.ar(SerialBase.o)(i._ZN4mbed10SerialBase10abort_readEv), (94 bytes).
    Removing mbed/TARGET_NRF51_DK/TOOLCHAIN_ARM_STD/mbed.ar(SerialBase.o)(i._ZN4mbed10SerialBase10send_breakEv), (56 bytes).
    Removing mbed/TARGET_NRF51_DK/TOOLCHAIN_ARM_STD/mbed.ar(SerialBase.o)(i._ZN4mbed10SerialBase10start_readEPvicRKNS_8CallbackIFviEEEih), (112 bytes).
    Removing mbed/TARGET_NRF51_DK/TOOLCHAIN_ARM_STD/mbed.ar(SerialBase.o)(i._ZN4mbed10SerialBase11abort_writeEv), (94 bytes).
    Removing mbed/TARGET_NRF51_DK/TOOLCHAIN_ARM_STD/mbed.ar(SerialBase.o)(i._ZN4mbed10SerialBase11start_writeEPKvicRKNS_8CallbackIFviEEEi), (108 bytes).
    Removing mbed/TARGET_NRF51_DK/TOOLCHAIN_ARM_STD/mbed.ar(SerialBase.o)(i._ZN4mbed10SerialBase16set_dma_usage_rxE8DMAUsage), (30 bytes).
    Removing mbed/TARGET_NRF51_DK/TOOLCHAIN_ARM_STD/mbed.ar(SerialBase.o)(i._ZN4mbed10SerialBase16set_dma_usage_txE8DMAUsage), (30 bytes).
    Removing mbed/TARGET_NRF51_DK/TOOLCHAIN_ARM_STD/mbed.ar(SerialBase.o)(i._ZN4mbed10SerialBase16set_flow_controlENS0_4FlowE7PinNameS2_), (78 bytes).
    Removing mbed/TARGET_NRF51_DK/TOOLCHAIN_ARM_STD/mbed.ar(SerialBase.o)(i._ZN4mbed10SerialBase4readEPhiRKNS_8CallbackIFviEEEih), (148 bytes).
    Removing mbed/TARGET_NRF51_DK/TOOLCHAIN_ARM_STD/mbed.ar(SerialBase.o)(i._ZN4mbed10SerialBase4readEPtiRKNS_8CallbackIFviEEEih), (148 bytes).
    Removing mbed/TARGET_NRF51_DK/TOOLCHAIN_ARM_STD/mbed.ar(SerialBase.o)(i._ZN4mbed10SerialBase5writeEPKhiRKNS_8CallbackIFviEEEi), (140 bytes).
    Removing mbed/TARGET_NRF51_DK/TOOLCHAIN_ARM_STD/mbed.ar(SerialBase.o)(i._ZN4mbed10SerialBase5writeEPKtiRKNS_8CallbackIFviEEEi), (140 bytes).
    Removing mbed/TARGET_NRF51_DK/TOOLCHAIN_ARM_STD/mbed.ar(SerialBase.o)(i._ZN4mbed10SerialBase6attachENS_8CallbackIFvvEEENS0_7IrqTypeE), (192 bytes).
    Removing mbed/TARGET_NRF51_DK/TOOLCHAIN_ARM_STD/mbed.ar(SerialBase.o)(i._ZN4mbed10SerialBase6formatEiNS0_6ParityEi), (42 bytes).
    Removing mbed/TARGET_NRF51_DK/TOOLCHAIN_ARM_STD/mbed.ar(SerialBase.o)(i._ZN4mbed10SerialBase8readableEv), (34 bytes).
    Removing mbed/TARGET_NRF51_DK/TOOLCHAIN_ARM_STD/mbed.ar(SerialBase.o)(i._ZN4mbed10SerialBase9writeableEv), (34 bytes).
    Removing mbed/TARGET_NRF51_DK/TOOLCHAIN_ARM_STD/mbed.ar(SerialBase.o)(i._ZN4mbed10SerialBaseD0Ev), (12 bytes).
    Removing mbed/TARGET_NRF51_DK/TOOLCHAIN_ARM_STD/mbed.ar(SerialBase.o)(.ARM.exidx), (8 bytes).
    Removing mbed/TARGET_NRF51_DK/TOOLCHAIN_ARM_STD/mbed.ar(SerialBase.o)(.ARM.exidx), (8 bytes).
    Removing mbed/TARGET_NRF51_DK/TOOLCHAIN_ARM_STD/mbed.ar(SerialBase.o)(.ARM.exidx), (8 bytes).
    Removing mbed/TARGET_NRF51_DK/TOOLCHAIN_ARM_STD/mbed.ar(SerialBase.o)(.ARM.exidx), (8 bytes).
    Removing mbed/TARGET_NRF51_DK/TOOLCHAIN_ARM_STD/mbed.ar(SerialBase.o)(.ARM.exidx), (8 bytes).
    Removing mbed/TARGET_NRF51_DK/TOOLCHAIN_ARM_STD/mbed.ar(SerialBase.o)(.ARM.exidx), (8 bytes).
    Removing mbed/TARGET_NRF51_DK/TOOLCHAIN_ARM_STD/mbed.ar(SerialBase.o)(.ARM.exidx), (8 bytes).
    Removing mbed/TARGET_NRF51_DK/TOOLCHAIN_ARM_STD/mbed.ar(SerialBase.o)(.ARM.exidx), (8 bytes).
    Removing mbed/TARGET_NRF51_DK/TOOLCHAIN_ARM_STD/mbed.ar(SerialBase.o)(.ARM.exidx), (8 bytes).
    Removing mbed/TARGET_NRF51_DK/TOOLCHAIN_ARM_STD/mbed.ar(SerialBase.o)(.ARM.exidx), (8 bytes).
    Removing mbed/TARGET_NRF51_DK/TOOLCHAIN_ARM_STD/mbed.ar(SerialBase.o)(.ARM.exidx), (8 bytes).
    Removing mbed/TARGET_NRF51_DK/TOOLCHAIN_ARM_STD/mbed.ar(SerialBase.o)(.ARM.exidx), (8 bytes).
    Removing mbed/TARGET_NRF51_DK/TOOLCHAIN_ARM_STD/mbed.ar(SerialBase.o)(.ARM.exidx), (8 bytes).
    Removing mbed/TARGET_NRF51_DK/TOOLCHAIN_ARM_STD/mbed.ar(SerialBase.o)(.ARM.exidx), (8 bytes).
    Removing mbed/TARGET_NRF51_DK/TOOLCHAIN_ARM_STD/mbed.ar(SerialBase.o)(.ARM.exidx), (8 bytes).
    Removing mbed/TARGET_NRF51_DK/TOOLCHAIN_ARM_STD/mbed.ar(SerialBase.o)(.ARM.exidx), (8 bytes).
    Removing mbed/TARGET_NRF51_DK/TOOLCHAIN_ARM_STD/mbed.ar(SerialBase.o)(.ARM.exidx), (8 bytes).
    Removing mbed/TARGET_NRF51_DK/TOOLCHAIN_ARM_STD/mbed.ar(SerialBase.o)(.ARM.exidx), (8 bytes).
    Removing mbed/TARGET_NRF51_DK/TOOLCHAIN_ARM_STD/mbed.ar(SerialBase.o)(.ARM.exidx), (8 bytes).
    Removing mbed/TARGET_NRF51_DK/TOOLCHAIN_ARM_STD/mbed.ar(SerialBase.o)(.ARM.exidx), (8 bytes).
    Removing mbed/TARGET_NRF51_DK/TOOLCHAIN_ARM_STD/mbed.ar(SerialBase.o)(.ARM.exidx), (8 bytes).
    Removing mbed/TARGET_NRF51_DK/TOOLCHAIN_ARM_STD/mbed.ar(SerialBase.o)(.ARM.exidx), (8 bytes).
    Removing mbed/TARGET_NRF51_DK/TOOLCHAIN_ARM_STD/mbed.ar(SerialBase.o)(.ARM.exidx), (8 bytes).
    Removing mbed/TARGET_NRF51_DK/TOOLCHAIN_ARM_STD/mbed.ar(SerialBase.o)(.ARM.exidx), (8 bytes).
    Removing mbed/TARGET_NRF51_DK/TOOLCHAIN_ARM_STD/mbed.ar(SerialBase.o)(.ARM.exidx), (8 bytes).
    Removing mbed/TARGET_NRF51_DK/TOOLCHAIN_ARM_STD/mbed.ar(SerialBase.o)(.ARM.exidx), (8 bytes).
    Removing mbed/TARGET_NRF51_DK/TOOLCHAIN_ARM_STD/mbed.ar(SerialBase.o)(.ARM.exidx), (8 bytes).
    Removing mbed/TARGET_NRF51_DK/TOOLCHAIN_ARM_STD/mbed.ar(TimerEvent.o)(.rev16_text), (4 bytes).
    Removing mbed/TARGET_NRF51_DK/TOOLCHAIN_ARM_STD/mbed.ar(TimerEvent.o)(.revsh_text), (4 bytes).
    Removing mbed/TARGET_NRF51_DK/TOOLCHAIN_ARM_STD/mbed.ar(TimerEvent.o)(i._ZN4mbed10TimerEvent6insertEj), (20 bytes).
    Removing mbed/TARGET_NRF51_DK/TOOLCHAIN_ARM_STD/mbed.ar(TimerEvent.o)(i._ZN4mbed10TimerEventC2EPK13ticker_data_t), (40 bytes).
    Removing mbed/TARGET_NRF51_DK/TOOLCHAIN_ARM_STD/mbed.ar(TimerEvent.o)(i._ZN4mbed10TimerEventD0Ev), (32 bytes).
    Removing mbed/TARGET_NRF51_DK/TOOLCHAIN_ARM_STD/mbed.ar(TimerEvent.o)(.ARM.exidx), (8 bytes).
    Removing mbed/TARGET_NRF51_DK/TOOLCHAIN_ARM_STD/mbed.ar(TimerEvent.o)(.ARM.exidx), (8 bytes).
    Removing mbed/TARGET_NRF51_DK/TOOLCHAIN_ARM_STD/mbed.ar(TimerEvent.o)(.ARM.exidx), (8 bytes).
    Removing mbed/TARGET_NRF51_DK/TOOLCHAIN_ARM_STD/mbed.ar(TimerEvent.o)(.ARM.exidx), (8 bytes).
    Removing mbed/TARGET_NRF51_DK/TOOLCHAIN_ARM_STD/mbed.ar(TimerEvent.o)(.ARM.exidx), (8 bytes).
    Removing mbed/TARGET_NRF51_DK/TOOLCHAIN_ARM_STD/mbed.ar(TimerEvent.o)(.ARM.exidx), (8 bytes).
    Removing mbed/TARGET_NRF51_DK/TOOLCHAIN_ARM_STD/mbed.ar(TimerEvent.o)(.ARM.exidx), (8 bytes).
    Removing mbed/TARGET_NRF51_DK/TOOLCHAIN_ARM_STD/mbed.ar(TimerEvent.o)(.ARM.exidx), (8 bytes).
    Removing mbed/TARGET_NRF51_DK/TOOLCHAIN_ARM_STD/mbed.ar(Timeout.o)(.rev16_text), (4 bytes).
    Removing mbed/TARGET_NRF51_DK/TOOLCHAIN_ARM_STD/mbed.ar(Timeout.o)(.revsh_text), (4 bytes).
    Removing mbed/TARGET_NRF51_DK/TOOLCHAIN_ARM_STD/mbed.ar(Timeout.o)(i._ZN4mbed7Timeout7handlerEv), (44 bytes).
    Removing mbed/TARGET_NRF51_DK/TOOLCHAIN_ARM_STD/mbed.ar(Timeout.o)(.ARM.exidx), (8 bytes).
    Removing mbed/TARGET_NRF51_DK/TOOLCHAIN_ARM_STD/mbed.ar(mbed_gpio.o)(.rev16_text), (4 bytes).
    Removing mbed/TARGET_NRF51_DK/TOOLCHAIN_ARM_STD/mbed.ar(mbed_gpio.o)(.revsh_text), (4 bytes).
    Removing mbed/TARGET_NRF51_DK/TOOLCHAIN_ARM_STD/mbed.ar(mbed_gpio.o)(i.gpio_init_in), (34 bytes).
    Removing mbed/TARGET_NRF51_DK/TOOLCHAIN_ARM_STD/mbed.ar(mbed_gpio.o)(i.gpio_init_in_ex), (34 bytes).
    Removing mbed/TARGET_NRF51_DK/TOOLCHAIN_ARM_STD/mbed.ar(mbed_gpio.o)(i.gpio_init_inout), (164 bytes).
    Removing mbed/TARGET_NRF51_DK/TOOLCHAIN_ARM_STD/mbed.ar(mbed_lp_ticker_api.o)(.rev16_text), (4 bytes).
    Removing mbed/TARGET_NRF51_DK/TOOLCHAIN_ARM_STD/mbed.ar(mbed_lp_ticker_api.o)(.revsh_text), (4 bytes).
    Removing mbed/TARGET_NRF51_DK/TOOLCHAIN_ARM_STD/mbed.ar(mbed_lp_ticker_api.o)(i.get_lp_ticker_data), (8 bytes).
    Removing mbed/TARGET_NRF51_DK/TOOLCHAIN_ARM_STD/mbed.ar(mbed_pinmap_common.o)(.rev16_text), (4 bytes).
    Removing mbed/TARGET_NRF51_DK/TOOLCHAIN_ARM_STD/mbed.ar(mbed_pinmap_common.o)(.revsh_text), (4 bytes).
    Removing mbed/TARGET_NRF51_DK/TOOLCHAIN_ARM_STD/mbed.ar(mbed_pinmap_common.o)(i.pinmap_find_function), (36 bytes).
    Removing mbed/TARGET_NRF51_DK/TOOLCHAIN_ARM_STD/mbed.ar(mbed_pinmap_common.o)(i.pinmap_find_peripheral), (36 bytes).
    Removing mbed/TARGET_NRF51_DK/TOOLCHAIN_ARM_STD/mbed.ar(mbed_pinmap_common.o)(i.pinmap_function), (92 bytes).
    Removing mbed/TARGET_NRF51_DK/TOOLCHAIN_ARM_STD/mbed.ar(mbed_pinmap_common.o)(i.pinmap_merge), (52 bytes).
    Removing mbed/TARGET_NRF51_DK/TOOLCHAIN_ARM_STD/mbed.ar(mbed_pinmap_common.o)(i.pinmap_peripheral), (92 bytes).
    Removing mbed/TARGET_NRF51_DK/TOOLCHAIN_ARM_STD/mbed.ar(mbed_pinmap_common.o)(i.pinmap_pinout), (84 bytes).
    Removing mbed/TARGET_NRF51_DK/TOOLCHAIN_ARM_STD/mbed.ar(mbed_sleep_manager.o)(.rev16_text), (4 bytes).
    Removing mbed/TARGET_NRF51_DK/TOOLCHAIN_ARM_STD/mbed.ar(mbed_sleep_manager.o)(.revsh_text), (4 bytes).
    Removing mbed/TARGET_NRF51_DK/TOOLCHAIN_ARM_STD/mbed.ar(mbed_sleep_manager.o)(i.sleep_manager_can_deep_sleep), (20 bytes).
    Removing mbed/TARGET_NRF51_DK/TOOLCHAIN_ARM_STD/mbed.ar(mbed_sleep_manager.o)(i.sleep_manager_sleep_auto), (36 bytes).
    Removing mbed/TARGET_NRF51_DK/TOOLCHAIN_ARM_STD/mbed.ar(mbed_us_ticker_api.o)(.rev16_text), (4 bytes).
    Removing mbed/TARGET_NRF51_DK/TOOLCHAIN_ARM_STD/mbed.ar(mbed_us_ticker_api.o)(.revsh_text), (4 bytes).
    Removing mbed/TARGET_NRF51_DK/TOOLCHAIN_ARM_STD/mbed.ar(mbed_ticker_api.o)(.rev16_text), (4 bytes).
    Removing mbed/TARGET_NRF51_DK/TOOLCHAIN_ARM_STD/mbed.ar(mbed_ticker_api.o)(.revsh_text), (4 bytes).
    Removing mbed/TARGET_NRF51_DK/TOOLCHAIN_ARM_STD/mbed.ar(mbed_ticker_api.o)(i.ticker_get_next_timestamp), (34 bytes).
    Removing mbed/TARGET_NRF51_DK/TOOLCHAIN_ARM_STD/mbed.ar(mbed_ticker_api.o)(i.ticker_insert_event), (136 bytes).
    Removing mbed/TARGET_NRF51_DK/TOOLCHAIN_ARM_STD/mbed.ar(FilePath.o)(.rev16_text), (4 bytes).
    Removing mbed/TARGET_NRF51_DK/TOOLCHAIN_ARM_STD/mbed.ar(FilePath.o)(.revsh_text), (4 bytes).
    Removing mbed/TARGET_NRF51_DK/TOOLCHAIN_ARM_STD/mbed.ar(FilePath.o)(i._ZN4mbed8FilePath12isFileSystemEv), (20 bytes).
    Removing mbed/TARGET_NRF51_DK/TOOLCHAIN_ARM_STD/mbed.ar(FilePath.o)(.ARM.exidx), (8 bytes).
    Removing mbed/TARGET_NRF51_DK/TOOLCHAIN_ARM_STD/mbed.ar(FilePath.o)(.ARM.exidx), (8 bytes).
    Removing mbed/TARGET_NRF51_DK/TOOLCHAIN_ARM_STD/mbed.ar(FilePath.o)(.ARM.exidx), (8 bytes).
    Removing mbed/TARGET_NRF51_DK/TOOLCHAIN_ARM_STD/mbed.ar(FilePath.o)(.ARM.exidx), (8 bytes).
    Removing mbed/TARGET_NRF51_DK/TOOLCHAIN_ARM_STD/mbed.ar(FilePath.o)(.ARM.exidx), (8 bytes).
    Removing mbed/TARGET_NRF51_DK/TOOLCHAIN_ARM_STD/mbed.ar(FilePath.o)(.ARM.exidx), (8 bytes).
    Removing mbed/TARGET_NRF51_DK/TOOLCHAIN_ARM_STD/mbed.ar(FilePath.o)(.ARM.exidx), (8 bytes).
    Removing mbed/TARGET_NRF51_DK/TOOLCHAIN_ARM_STD/mbed.ar(Stream.o)(.rev16_text), (4 bytes).
    Removing mbed/TARGET_NRF51_DK/TOOLCHAIN_ARM_STD/mbed.ar(Stream.o)(.revsh_text), (4 bytes).
    Removing mbed/TARGET_NRF51_DK/TOOLCHAIN_ARM_STD/mbed.ar(Stream.o)(i._ZN4mbed6Stream4getcEv), (38 bytes).
    Removing mbed/TARGET_NRF51_DK/TOOLCHAIN_ARM_STD/mbed.ar(Stream.o)(i._ZN4mbed6Stream4getsEPci), (46 bytes).
    Removing mbed/TARGET_NRF51_DK/TOOLCHAIN_ARM_STD/mbed.ar(Stream.o)(i._ZN4mbed6Stream4putcEi), (42 bytes).
    Removing mbed/TARGET_NRF51_DK/TOOLCHAIN_ARM_STD/mbed.ar(Stream.o)(i._ZN4mbed6Stream4putsEPKc), (42 bytes).
    Removing mbed/TARGET_NRF51_DK/TOOLCHAIN_ARM_STD/mbed.ar(Stream.o)(i._ZN4mbed6Stream4readEPvj), (54 bytes).
    Removing mbed/TARGET_NRF51_DK/TOOLCHAIN_ARM_STD/mbed.ar(Stream.o)(i._ZN4mbed6Stream4syncEv), (4 bytes).
    Removing mbed/TARGET_NRF51_DK/TOOLCHAIN_ARM_STD/mbed.ar(Stream.o)(i._ZN4mbed6Stream4tellEv), (4 bytes).
    Removing mbed/TARGET_NRF51_DK/TOOLCHAIN_ARM_STD/mbed.ar(Stream.o)(i._ZN4mbed6Stream5scanfEPKcz), (52 bytes).
    Removing mbed/TARGET_NRF51_DK/TOOLCHAIN_ARM_STD/mbed.ar(Stream.o)(i._ZN4mbed6Stream6printfEPKcz), (52 bytes).
    Removing mbed/TARGET_NRF51_DK/TOOLCHAIN_ARM_STD/mbed.ar(Stream.o)(i._ZN4mbed6Stream6rewindEv), (2 bytes).
    Removing mbed/TARGET_NRF51_DK/TOOLCHAIN_ARM_STD/mbed.ar(Stream.o)(i._ZN4mbed6Stream6vscanfEPKcSt9__va_list), (46 bytes).
    Removing mbed/TARGET_NRF51_DK/TOOLCHAIN_ARM_STD/mbed.ar(Stream.o)(i._ZN4mbed6Stream7vprintfEPKcSt9__va_list), (46 bytes).
    Removing mbed/TARGET_NRF51_DK/TOOLCHAIN_ARM_STD/mbed.ar(Stream.o)(i._ZN4mbed6StreamD0Ev), (40 bytes).
    Removing mbed/TARGET_NRF51_DK/TOOLCHAIN_ARM_STD/mbed.ar(Stream.o)(i._ZThn4_N4mbed6StreamD0Ev), (40 bytes).
    Removing mbed/TARGET_NRF51_DK/TOOLCHAIN_ARM_STD/mbed.ar(Stream.o)(i._ZThn4_N4mbed6StreamD1Ev), (36 bytes).
    Removing mbed/TARGET_NRF51_DK/TOOLCHAIN_ARM_STD/mbed.ar(Stream.o)(.ARM.exidx), (8 bytes).
    Removing mbed/TARGET_NRF51_DK/TOOLCHAIN_ARM_STD/mbed.ar(Stream.o)(.ARM.exidx), (8 bytes).
    Removing mbed/TARGET_NRF51_DK/TOOLCHAIN_ARM_STD/mbed.ar(Stream.o)(.ARM.exidx), (8 bytes).
    Removing mbed/TARGET_NRF51_DK/TOOLCHAIN_ARM_STD/mbed.ar(Stream.o)(.ARM.exidx), (8 bytes).
    Removing mbed/TARGET_NRF51_DK/TOOLCHAIN_ARM_STD/mbed.ar(Stream.o)(.ARM.exidx), (8 bytes).
    Removing mbed/TARGET_NRF51_DK/TOOLCHAIN_ARM_STD/mbed.ar(Stream.o)(.ARM.exidx), (8 bytes).
    Removing mbed/TARGET_NRF51_DK/TOOLCHAIN_ARM_STD/mbed.ar(Stream.o)(.ARM.exidx), (8 bytes).
    Removing mbed/TARGET_NRF51_DK/TOOLCHAIN_ARM_STD/mbed.ar(Stream.o)(.ARM.exidx), (8 bytes).
    Removing mbed/TARGET_NRF51_DK/TOOLCHAIN_ARM_STD/mbed.ar(Stream.o)(.ARM.exidx), (8 bytes).
    Removing mbed/TARGET_NRF51_DK/TOOLCHAIN_ARM_STD/mbed.ar(Stream.o)(.ARM.exidx), (8 bytes).
    Removing mbed/TARGET_NRF51_DK/TOOLCHAIN_ARM_STD/mbed.ar(Stream.o)(.ARM.exidx), (8 bytes).
    Removing mbed/TARGET_NRF51_DK/TOOLCHAIN_ARM_STD/mbed.ar(Stream.o)(.ARM.exidx), (8 bytes).
    Removing mbed/TARGET_NRF51_DK/TOOLCHAIN_ARM_STD/mbed.ar(Stream.o)(.ARM.exidx), (8 bytes).
    Removing mbed/TARGET_NRF51_DK/TOOLCHAIN_ARM_STD/mbed.ar(Stream.o)(.ARM.exidx), (8 bytes).
    Removing mbed/TARGET_NRF51_DK/TOOLCHAIN_ARM_STD/mbed.ar(Stream.o)(.ARM.exidx), (8 bytes).
    Removing mbed/TARGET_NRF51_DK/TOOLCHAIN_ARM_STD/mbed.ar(Stream.o)(.ARM.exidx), (8 bytes).
    Removing mbed/TARGET_NRF51_DK/TOOLCHAIN_ARM_STD/mbed.ar(Stream.o)(.ARM.exidx), (8 bytes).
    Removing mbed/TARGET_NRF51_DK/TOOLCHAIN_ARM_STD/mbed.ar(Stream.o)(.ARM.exidx), (8 bytes).
    Removing mbed/TARGET_NRF51_DK/TOOLCHAIN_ARM_STD/mbed.ar(Stream.o)(.ARM.exidx), (8 bytes).
    Removing mbed/TARGET_NRF51_DK/TOOLCHAIN_ARM_STD/mbed.ar(Stream.o)(.ARM.exidx), (8 bytes).
    Removing mbed/TARGET_NRF51_DK/TOOLCHAIN_ARM_STD/mbed.ar(Stream.o)(.ARM.exidx), (8 bytes).
    Removing mbed/TARGET_NRF51_DK/TOOLCHAIN_ARM_STD/mbed.ar(Stream.o)(.ARM.exidx), (8 bytes).
    Removing mbed/TARGET_NRF51_DK/TOOLCHAIN_ARM_STD/mbed.ar(mbed_assert.o)(.rev16_text), (4 bytes).
    Removing mbed/TARGET_NRF51_DK/TOOLCHAIN_ARM_STD/mbed.ar(mbed_assert.o)(.revsh_text), (4 bytes).
    Removing mbed/TARGET_NRF51_DK/TOOLCHAIN_ARM_STD/mbed.ar(mbed_error.o)(.rev16_text), (4 bytes).
    Removing mbed/TARGET_NRF51_DK/TOOLCHAIN_ARM_STD/mbed.ar(mbed_error.o)(.revsh_text), (4 bytes).
    Removing mbed/TARGET_NRF51_DK/TOOLCHAIN_ARM_STD/mbed.ar(mbed_wait_api_no_rtos.o)(.rev16_text), (4 bytes).
    Removing mbed/TARGET_NRF51_DK/TOOLCHAIN_ARM_STD/mbed.ar(mbed_wait_api_no_rtos.o)(.revsh_text), (4 bytes).
    Removing mbed/TARGET_NRF51_DK/TOOLCHAIN_ARM_STD/mbed.ar(mbed_wait_api_no_rtos.o)(i.wait), (44 bytes).
    Removing mbed/TARGET_NRF51_DK/TOOLCHAIN_ARM_STD/mbed.ar(mbed_wait_api_no_rtos.o)(i.wait_us), (30 bytes).
    Removing mbed/TARGET_NRF51_DK/TOOLCHAIN_ARM_STD/mbed.ar(FileBase.o)(.rev16_text), (4 bytes).
    Removing mbed/TARGET_NRF51_DK/TOOLCHAIN_ARM_STD/mbed.ar(FileBase.o)(.revsh_text), (4 bytes).
    Removing mbed/TARGET_NRF51_DK/TOOLCHAIN_ARM_STD/mbed.ar(FileBase.o)(i._ZN4mbed8FileBase3getEi), (92 bytes).
    Removing mbed/TARGET_NRF51_DK/TOOLCHAIN_ARM_STD/mbed.ar(FileBase.o)(i._ZN4mbed8FileBase7getNameEv), (4 bytes).
    Removing mbed/TARGET_NRF51_DK/TOOLCHAIN_ARM_STD/mbed.ar(FileBase.o)(i._ZN4mbed8FileBaseD0Ev), (92 bytes).
    Removing mbed/TARGET_NRF51_DK/TOOLCHAIN_ARM_STD/mbed.ar(FileBase.o)(.ARM.exidx), (8 bytes).
    Removing mbed/TARGET_NRF51_DK/TOOLCHAIN_ARM_STD/mbed.ar(FileBase.o)(.ARM.exidx), (8 bytes).
    Removing mbed/TARGET_NRF51_DK/TOOLCHAIN_ARM_STD/mbed.ar(FileBase.o)(.ARM.exidx), (8 bytes).
    Removing mbed/TARGET_NRF51_DK/TOOLCHAIN_ARM_STD/mbed.ar(FileBase.o)(.ARM.exidx), (8 bytes).
    Removing mbed/TARGET_NRF51_DK/TOOLCHAIN_ARM_STD/mbed.ar(FileBase.o)(.ARM.exidx), (8 bytes).
    Removing mbed/TARGET_NRF51_DK/TOOLCHAIN_ARM_STD/mbed.ar(FileBase.o)(.ARM.exidx), (8 bytes).
    Removing mbed/TARGET_NRF51_DK/TOOLCHAIN_ARM_STD/mbed.ar(FileBase.o)(.ARM.exidx), (8 bytes).
    Removing mbed/TARGET_NRF51_DK/TOOLCHAIN_ARM_STD/mbed.ar(FileHandle.o)(.rev16_text), (4 bytes).
    Removing mbed/TARGET_NRF51_DK/TOOLCHAIN_ARM_STD/mbed.ar(FileHandle.o)(.revsh_text), (4 bytes).
    Removing mbed/TARGET_NRF51_DK/TOOLCHAIN_ARM_STD/mbed.ar(FileHandle.o)(.ARM.exidx), (8 bytes).
    Removing mbed/TARGET_NRF51_DK/TOOLCHAIN_ARM_STD/mbed.ar(FileHandle.o)(.ARM.exidx), (8 bytes).
    Removing mbed/TARGET_NRF51_DK/TOOLCHAIN_ARM_STD/mbed.ar(mbed_critical.o)(.rev16_text), (4 bytes).
    Removing mbed/TARGET_NRF51_DK/TOOLCHAIN_ARM_STD/mbed.ar(mbed_critical.o)(.revsh_text), (4 bytes).
    Removing mbed/TARGET_NRF51_DK/TOOLCHAIN_ARM_STD/mbed.ar(mbed_critical.o)(i.core_util_are_interrupts_enabled), (12 bytes).
    Removing mbed/TARGET_NRF51_DK/TOOLCHAIN_ARM_STD/mbed.ar(mbed_critical.o)(i.core_util_atomic_cas_ptr), (38 bytes).
    Removing mbed/TARGET_NRF51_DK/TOOLCHAIN_ARM_STD/mbed.ar(mbed_critical.o)(i.core_util_atomic_cas_u16), (38 bytes).
    Removing mbed/TARGET_NRF51_DK/TOOLCHAIN_ARM_STD/mbed.ar(mbed_critical.o)(i.core_util_atomic_cas_u32), (38 bytes).
    Removing mbed/TARGET_NRF51_DK/TOOLCHAIN_ARM_STD/mbed.ar(mbed_critical.o)(i.core_util_atomic_cas_u8), (38 bytes).
    Removing mbed/TARGET_NRF51_DK/TOOLCHAIN_ARM_STD/mbed.ar(mbed_critical.o)(i.core_util_atomic_decr_ptr), (24 bytes).
    Removing mbed/TARGET_NRF51_DK/TOOLCHAIN_ARM_STD/mbed.ar(mbed_critical.o)(i.core_util_atomic_decr_u32), (24 bytes).
    Removing mbed/TARGET_NRF51_DK/TOOLCHAIN_ARM_STD/mbed.ar(mbed_critical.o)(i.core_util_atomic_decr_u8), (26 bytes).
    Removing mbed/TARGET_NRF51_DK/TOOLCHAIN_ARM_STD/mbed.ar(mbed_critical.o)(i.core_util_atomic_incr_ptr), (24 bytes).
    Removing mbed/TARGET_NRF51_DK/TOOLCHAIN_ARM_STD/mbed.ar(mbed_critical.o)(i.core_util_atomic_incr_u32), (24 bytes).
    Removing mbed/TARGET_NRF51_DK/TOOLCHAIN_ARM_STD/mbed.ar(mbed_critical.o)(i.core_util_atomic_incr_u8), (26 bytes).
    Removing mbed/TARGET_NRF51_DK/TOOLCHAIN_ARM_STD/mbed.ar(mbed_critical.o)(i.core_util_critical_section_enter), (200 bytes).
    Removing mbed/TARGET_NRF51_DK/TOOLCHAIN_ARM_STD/mbed.ar(mbed_critical.o)(i.core_util_critical_section_exit), (148 bytes).
    Removing mbed/TARGET_NRF51_DK/TOOLCHAIN_ARM_STD/mbed.ar(mbed_critical.o)(i.core_util_is_isr_active), (12 bytes).
    Removing mbed/TARGET_NRF51_DK/TOOLCHAIN_ARM_STD/mbed.ar(mbed_critical.o)(.data), (8 bytes).
    Removing .\build\mainforsx1276.o(.ARM.exidx), (8 bytes).
    Removing .\build\mainforsx1276.o(.ARM.exidx), (8 bytes).
    Removing .\build\mainforsx1276.o(.ARM.exidx), (8 bytes).
    Removing .\build\mainforsx1276.o(.ARM.exidx), (8 bytes).
    Removing .\build\mainforsx1276.o(.ARM.exidx), (8 bytes).
    Removing .\build\mainforsx1276.o(.ARM.exidx), (8 bytes).
    Removing .\build\mainforsx1276.o(.ARM.exidx), (8 bytes).
    Removing .\build\mainforsx1276.o(.ARM.exidx), (8 bytes).
    Removing .\build\mainforsx1276.o(.ARM.exidx), (8 bytes).
    Removing mbed/TARGET_NRF51_DK/TOOLCHAIN_ARM_STD/ble_advdata.o(i.__ARM_common_memcpy1_6), (26 bytes).
    Removing mbed/TARGET_NRF51_DK/TOOLCHAIN_ARM_STD/ble_advertising.o(i.__ARM_common_memclr4_7), (10 bytes).
    Removing mbed/TARGET_NRF51_DK/TOOLCHAIN_ARM_STD/device_manager_peripheral.o(i.__ARM_common_memcpy1_5), (22 bytes).
    Removing mbed/TARGET_NRF51_DK/TOOLCHAIN_ARM_STD/device_manager_peripheral.o(i.__ARM_common_memclr1_6), (16 bytes).
    Removing mbed/TARGET_NRF51_DK/TOOLCHAIN_ARM_STD/device_manager_peripheral.o(i.__ARM_common_memclr2_7), (12 bytes).
    Removing .\build\sx1276.o(.constdata__ZTV6SX1276), (200 bytes).
    Removing .\build\sx1276.o(t._ZN4mbed8callbackI6SX1276S1_vEENS_8CallbackIFT1_vEEEPT0_MT_FS3_vE), (22 bytes).
    Removing .\build\sx1276.o(.ARM.exidx), (8 bytes).
    Removing .\build\sx1276.o(i._ZN4mbed7TimeoutC1Ev), (28 bytes).
    Removing .\build\sx1276.o(.ARM.exidx), (8 bytes).
    Removing .\build\sx1276.o(t._ZN4mbed8CallbackIFvvEEC1I6SX1276S4_EEPT0_MT_FvvE), (76 bytes).
    Removing .\build\sx1276.o(.ARM.exidx), (8 bytes).
    Removing .\build\sx1276.o(.constdata__ZTI6SX1276), (12 bytes).
    Removing .\build\sx1276.o(.constdata__ZZN4mbed8CallbackIFvvEE8generateINS2_14method_contextI6SX1276MS5_FvvEEEEEvRKT_E3ops), (12 bytes).
    Removing .\build\sx1276.o(.constdata__ZTI5Radio), (8 bytes).
    Removing .\build\sx1276.o(.constdata__ZTS6SX1276), (8 bytes).
    Removing .\build\sx1276.o(.constdata__ZTS5Radio), (7 bytes).
    Removing .\build\sx1276.o(t._ZN4mbed8CallbackIFvvEE13function_callINS2_14method_contextI6SX1276MS5_FvvEEEEEvPKv), (46 bytes).
    Removing .\build\sx1276.o(.ARM.exidx), (8 bytes).
    Removing .\build\sx1276.o(t._ZN4mbed8CallbackIFvvEE13function_moveINS2_14method_contextI6SX1276MS5_FvvEEEEEvPvPKv), (20 bytes).
    Removing .\build\sx1276.o(.ARM.exidx), (8 bytes).
    Removing .\build\sx1276.o(t._ZN4mbed8CallbackIFvvEE13function_dtorINS2_14method_contextI6SX1276MS5_FvvEEEEEvPv), (2 bytes).
    Removing .\build\sx1276.o(.ARM.exidx), (8 bytes).
    Removing .\build\sx1276.o(i.__ARM_common_switch8), (28 bytes).
    Removing .\build\sx1276.o(.ARM.exidx), (8 bytes).
    Removing .\build\sx1276-hal.o(.constdata__ZTV12SX1276MB1xAS), (204 bytes).
    Removing .\build\sx1276-hal.o(t._ZN4mbed8callbackI12SX1276MB1xASS1_vEENS_8CallbackIFT1_vEEEPT0_MT_FS3_vE), (22 bytes).
    Removing .\build\sx1276-hal.o(.ARM.exidx), (8 bytes).
    Removing .\build\sx1276-hal.o(i._ZN12SX1276MB1xASD1Ev), (16 bytes).
    Removing .\build\sx1276-hal.o(.ARM.exidx), (8 bytes).
    Removing .\build\sx1276-hal.o(t._ZN4mbed8CallbackIFvvEEC1I12SX1276MB1xASS4_EEPT0_MT_FvvE), (76 bytes).
    Removing .\build\sx1276-hal.o(.ARM.exidx), (8 bytes).
    Removing .\build\sx1276-hal.o(i._ZN4mbed12DigitalInOut5inputEv), (22 bytes).
    Removing .\build\sx1276-hal.o(.ARM.exidx), (8 bytes).
    Removing .\build\sx1276-hal.o(i._ZN4mbed12DigitalInOutaSEi), (22 bytes).
    Removing .\build\sx1276-hal.o(.ARM.exidx), (8 bytes).
    Removing .\build\sx1276-hal.o(i._ZN4mbed12DigitalInOut6outputEv), (22 bytes).
    Removing .\build\sx1276-hal.o(.ARM.exidx), (8 bytes).
    Removing .\build\sx1276-hal.o(i._ZN4mbed9DigitalInC1E7PinName), (22 bytes).
    Removing .\build\sx1276-hal.o(.ARM.exidx), (8 bytes).
    Removing .\build\sx1276-hal.o(i._ZN4mbed12DigitalInOutC1E7PinName), (22 bytes).
    Removing .\build\sx1276-hal.o(.ARM.exidx), (8 bytes).
    Removing .\build\sx1276-hal.o(i._ZN12SX1276MB1xASD0Ev), (18 bytes).
    Removing .\build\sx1276-hal.o(.ARM.exidx), (8 bytes).
    Removing .\build\sx1276-hal.o(i._ZN4mbed10DigitalOutaSEi), (22 bytes).
    Removing .\build\sx1276-hal.o(.ARM.exidx), (8 bytes).
    Removing .\build\sx1276-hal.o(.constdata__ZTI12SX1276MB1xAS), (12 bytes).
    Removing .\build\sx1276-hal.o(.constdata__ZZN4mbed8CallbackIFvvEE8generateINS2_14method_contextI12SX1276MB1xASMS5_FvvEEEEEvRKT_E3ops), (12 bytes).
    Removing .\build\sx1276-hal.o(.constdata__ZTS12SX1276MB1xAS), (15 bytes).
    Removing .\build\sx1276-hal.o(t._ZN4mbed8CallbackIFvvEE13function_callINS2_14method_contextI12SX1276MB1xASMS5_FvvEEEEEvPKv), (46 bytes).
    Removing .\build\sx1276-hal.o(.ARM.exidx), (8 bytes).
    Removing .\build\sx1276-hal.o(t._ZN4mbed8CallbackIFvvEE13function_moveINS2_14method_contextI12SX1276MB1xASMS5_FvvEEEEEvPvPKv), (20 bytes).
    Removing .\build\sx1276-hal.o(.ARM.exidx), (8 bytes).
    Removing .\build\sx1276-hal.o(t._ZN4mbed8CallbackIFvvEE13function_dtorINS2_14method_contextI12SX1276MB1xASMS5_FvvEEEEEvPv), (2 bytes).
    Removing .\build\sx1276-hal.o(.ARM.exidx), (8 bytes).
    Removing .\build\radio.o(.constdata__ZTV5Radio), (120 bytes).
    Removing .\build\radio.o(i._ZN5RadioD2Ev), (2 bytes).
    Removing .\build\radio.o(.ARM.exidx), (8 bytes).
    Removing .\build\radio.o(i._ZN5RadioD0Ev), (16 bytes).
    Removing .\build\radio.o(.ARM.exidx), (8 bytes).
    Removing mbed/TARGET_NRF51_DK/TOOLCHAIN_ARM_STD/mbed.ar(InterruptIn.o)(.constdata__ZTVN4mbed11InterruptInE), (16 bytes).
    Removing mbed/TARGET_NRF51_DK/TOOLCHAIN_ARM_STD/mbed.ar(InterruptIn.o)(.constdata__ZZNK4mbed8CallbackIFvvEE4callEvEs), (5 bytes).
    Removing mbed/TARGET_NRF51_DK/TOOLCHAIN_ARM_STD/mbed.ar(InterruptIn.o)(.constdata__ZZNK4mbed8CallbackIFvvEE4callEvEs_0), (68 bytes).
    Removing mbed/TARGET_NRF51_DK/TOOLCHAIN_ARM_STD/mbed.ar(InterruptIn.o)(.constdata__ZTIN4mbed11InterruptInE), (24 bytes).
    Removing mbed/TARGET_NRF51_DK/TOOLCHAIN_ARM_STD/mbed.ar(InterruptIn.o)(.constdata__ZTIN4mbed11NonCopyableINS_11InterruptInEEE), (8 bytes).
    Removing mbed/TARGET_NRF51_DK/TOOLCHAIN_ARM_STD/mbed.ar(InterruptIn.o)(.constdata__ZTSN4mbed11InterruptInE), (21 bytes).
    Removing mbed/TARGET_NRF51_DK/TOOLCHAIN_ARM_STD/mbed.ar(InterruptIn.o)(.constdata__ZTSN4mbed11NonCopyableINS_11InterruptInEEE), (40 bytes).
    Removing mbed/TARGET_NRF51_DK/TOOLCHAIN_ARM_STD/mbed.ar(SPI.o)(.constdata__ZTVN4mbed3SPIE), (32 bytes).
    Removing mbed/TARGET_NRF51_DK/TOOLCHAIN_ARM_STD/mbed.ar(SPI.o)(.constdata__ZZNK4mbed8CallbackIFviEE4callEiEs), (5 bytes).
    Removing mbed/TARGET_NRF51_DK/TOOLCHAIN_ARM_STD/mbed.ar(SPI.o)(.constdata__ZZNK4mbed8CallbackIFviEE4callEiEs_0), (68 bytes).
    Removing mbed/TARGET_NRF51_DK/TOOLCHAIN_ARM_STD/mbed.ar(SPI.o)(i._ZN4mbed3SPID1Ev), (32 bytes).
    Removing mbed/TARGET_NRF51_DK/TOOLCHAIN_ARM_STD/mbed.ar(SPI.o)(.ARM.exidx), (8 bytes).
    Removing mbed/TARGET_NRF51_DK/TOOLCHAIN_ARM_STD/mbed.ar(SPI.o)(t._ZN6CThunkIN4mbed3SPIEE10trampolineEPS1_PvPMS1_FvS4_E), (46 bytes).
    Removing mbed/TARGET_NRF51_DK/TOOLCHAIN_ARM_STD/mbed.ar(SPI.o)(.ARM.exidx), (8 bytes).
    Removing mbed/TARGET_NRF51_DK/TOOLCHAIN_ARM_STD/mbed.ar(SPI.o)(i._ZN4mbed3SPID0Ev), (36 bytes).
    Removing mbed/TARGET_NRF51_DK/TOOLCHAIN_ARM_STD/mbed.ar(SPI.o)(.ARM.exidx), (8 bytes).
    Removing mbed/TARGET_NRF51_DK/TOOLCHAIN_ARM_STD/mbed.ar(SPI.o)(.constdata__ZTIN4mbed3SPIE), (24 bytes).
    Removing mbed/TARGET_NRF51_DK/TOOLCHAIN_ARM_STD/mbed.ar(SPI.o)(.constdata__ZTIN4mbed11NonCopyableINS_3SPIEEE), (8 bytes).
    Removing mbed/TARGET_NRF51_DK/TOOLCHAIN_ARM_STD/mbed.ar(SPI.o)(.constdata__ZTSN4mbed3SPIE), (12 bytes).
    Removing mbed/TARGET_NRF51_DK/TOOLCHAIN_ARM_STD/mbed.ar(SPI.o)(.constdata__ZTSN4mbed11NonCopyableINS_3SPIEEE), (31 bytes).
    Removing mbed/TARGET_NRF51_DK/TOOLCHAIN_ARM_STD/mbed.ar(Serial.o)(.ARM.exidx), (8 bytes).
    Removing mbed/TARGET_NRF51_DK/TOOLCHAIN_ARM_STD/mbed.ar(Serial.o)(i._ZN4mbed6SerialD0Ev), (48 bytes).
    Removing mbed/TARGET_NRF51_DK/TOOLCHAIN_ARM_STD/mbed.ar(Serial.o)(.ARM.exidx), (8 bytes).
    Removing mbed/TARGET_NRF51_DK/TOOLCHAIN_ARM_STD/mbed.ar(Serial.o)(i._ZN4mbed10FileHandle5lseekEli), (6 bytes).
    Removing mbed/TARGET_NRF51_DK/TOOLCHAIN_ARM_STD/mbed.ar(Serial.o)(.ARM.exidx), (8 bytes).
    Removing mbed/TARGET_NRF51_DK/TOOLCHAIN_ARM_STD/mbed.ar(Serial.o)(i._ZN4mbed10FileHandle5fsyncEv), (6 bytes).
    Removing mbed/TARGET_NRF51_DK/TOOLCHAIN_ARM_STD/mbed.ar(Serial.o)(.ARM.exidx), (8 bytes).
    Removing mbed/TARGET_NRF51_DK/TOOLCHAIN_ARM_STD/mbed.ar(Serial.o)(i._ZN4mbed10FileHandle4flenEv), (6 bytes).
    Removing mbed/TARGET_NRF51_DK/TOOLCHAIN_ARM_STD/mbed.ar(Serial.o)(.ARM.exidx), (8 bytes).
    Removing mbed/TARGET_NRF51_DK/TOOLCHAIN_ARM_STD/mbed.ar(Serial.o)(i._ZN4mbed10FileHandle12set_blockingEb), (6 bytes).
    Removing mbed/TARGET_NRF51_DK/TOOLCHAIN_ARM_STD/mbed.ar(Serial.o)(.ARM.exidx), (8 bytes).
    Removing mbed/TARGET_NRF51_DK/TOOLCHAIN_ARM_STD/mbed.ar(Serial.o)(i._ZNK4mbed10FileHandle4pollEs), (4 bytes).
    Removing mbed/TARGET_NRF51_DK/TOOLCHAIN_ARM_STD/mbed.ar(Serial.o)(.ARM.exidx), (8 bytes).
    Removing mbed/TARGET_NRF51_DK/TOOLCHAIN_ARM_STD/mbed.ar(Serial.o)(i._ZN4mbed10FileHandle5sigioENS_8CallbackIFvvEEE), (2 bytes).
    Removing mbed/TARGET_NRF51_DK/TOOLCHAIN_ARM_STD/mbed.ar(Serial.o)(.ARM.exidx), (8 bytes).
    Removing mbed/TARGET_NRF51_DK/TOOLCHAIN_ARM_STD/mbed.ar(Serial.o)(i._ZThn156_N4mbed6SerialD0Ev), (52 bytes).
    Removing mbed/TARGET_NRF51_DK/TOOLCHAIN_ARM_STD/mbed.ar(Serial.o)(.ARM.exidx), (8 bytes).
    Removing mbed/TARGET_NRF51_DK/TOOLCHAIN_ARM_STD/mbed.ar(Serial.o)(i._ZThn152_N4mbed6SerialD0Ev), (52 bytes).
    Removing mbed/TARGET_NRF51_DK/TOOLCHAIN_ARM_STD/mbed.ar(Serial.o)(.ARM.exidx), (8 bytes).
    Removing mbed/TARGET_NRF51_DK/TOOLCHAIN_ARM_STD/mbed.ar(Serial.o)(i._ZThn156_N4mbed6SerialD1Ev), (48 bytes).
    Removing mbed/TARGET_NRF51_DK/TOOLCHAIN_ARM_STD/mbed.ar(Serial.o)(.ARM.exidx), (8 bytes).
    Removing mbed/TARGET_NRF51_DK/TOOLCHAIN_ARM_STD/mbed.ar(Serial.o)(i._ZThn152_N4mbed6SerialD1Ev), (48 bytes).
    Removing mbed/TARGET_NRF51_DK/TOOLCHAIN_ARM_STD/mbed.ar(Serial.o)(.ARM.exidx), (8 bytes).
    Removing mbed/TARGET_NRF51_DK/TOOLCHAIN_ARM_STD/mbed.ar(Serial.o)(.constdata__ZTIN4mbed6SerialE), (40 bytes).
    Removing mbed/TARGET_NRF51_DK/TOOLCHAIN_ARM_STD/mbed.ar(Serial.o)(.constdata__ZTIN4mbed11NonCopyableINS_6SerialEEE), (8 bytes).
    Removing mbed/TARGET_NRF51_DK/TOOLCHAIN_ARM_STD/mbed.ar(Serial.o)(.constdata__ZTSN4mbed6SerialE), (15 bytes).
    Removing mbed/TARGET_NRF51_DK/TOOLCHAIN_ARM_STD/mbed.ar(Serial.o)(.constdata__ZTSN4mbed11NonCopyableINS_6SerialEEE), (34 bytes).
    Removing mbed/TARGET_NRF51_DK/TOOLCHAIN_ARM_STD/mbed.ar(Ticker.o)(.ARM.exidx), (8 bytes).
    Removing mbed/TARGET_NRF51_DK/TOOLCHAIN_ARM_STD/mbed.ar(Ticker.o)(i._ZN4mbed6TickerD0Ev), (140 bytes).
    Removing mbed/TARGET_NRF51_DK/TOOLCHAIN_ARM_STD/mbed.ar(Ticker.o)(.ARM.exidx), (8 bytes).
    Removing mbed/TARGET_NRF51_DK/TOOLCHAIN_ARM_STD/mbed.ar(Ticker.o)(.constdata__ZTIN4mbed6TickerE), (32 bytes).
    Removing mbed/TARGET_NRF51_DK/TOOLCHAIN_ARM_STD/mbed.ar(Ticker.o)(.constdata__ZTIN4mbed11NonCopyableINS_6TickerEEE), (8 bytes).
    Removing mbed/TARGET_NRF51_DK/TOOLCHAIN_ARM_STD/mbed.ar(Ticker.o)(.constdata__ZTSN4mbed6TickerE), (15 bytes).
    Removing mbed/TARGET_NRF51_DK/TOOLCHAIN_ARM_STD/mbed.ar(Ticker.o)(.constdata__ZTSN4mbed11NonCopyableINS_6TickerEEE), (34 bytes).
    Removing mbed/TARGET_NRF51_DK/TOOLCHAIN_ARM_STD/mbed.ar(SerialBase.o)(.ARM.exidx), (8 bytes).
    Removing mbed/TARGET_NRF51_DK/TOOLCHAIN_ARM_STD/mbed.ar(SerialBase.o)(.ARM.exidx), (8 bytes).
    Removing mbed/TARGET_NRF51_DK/TOOLCHAIN_ARM_STD/mbed.ar(SerialBase.o)(.constdata__ZTIN4mbed10SerialBaseE), (24 bytes).
    Removing mbed/TARGET_NRF51_DK/TOOLCHAIN_ARM_STD/mbed.ar(SerialBase.o)(.constdata__ZTIN4mbed11NonCopyableINS_10SerialBaseEEE), (8 bytes).
    Removing mbed/TARGET_NRF51_DK/TOOLCHAIN_ARM_STD/mbed.ar(SerialBase.o)(.constdata__ZTSN4mbed10SerialBaseE), (20 bytes).
    Removing mbed/TARGET_NRF51_DK/TOOLCHAIN_ARM_STD/mbed.ar(SerialBase.o)(.constdata__ZTSN4mbed11NonCopyableINS_10SerialBaseEEE), (39 bytes).
    Removing mbed/TARGET_NRF51_DK/TOOLCHAIN_ARM_STD/mbed.ar(TimerEvent.o)(.constdata__ZTIN4mbed10TimerEventE), (24 bytes).
    Removing mbed/TARGET_NRF51_DK/TOOLCHAIN_ARM_STD/mbed.ar(TimerEvent.o)(.constdata__ZTIN4mbed11NonCopyableINS_10TimerEventEEE), (8 bytes).
    Removing mbed/TARGET_NRF51_DK/TOOLCHAIN_ARM_STD/mbed.ar(TimerEvent.o)(.constdata__ZTSN4mbed10TimerEventE), (20 bytes).
    Removing mbed/TARGET_NRF51_DK/TOOLCHAIN_ARM_STD/mbed.ar(TimerEvent.o)(.constdata__ZTSN4mbed11NonCopyableINS_10TimerEventEEE), (39 bytes).
    Removing mbed/TARGET_NRF51_DK/TOOLCHAIN_ARM_STD/mbed.ar(Timeout.o)(.constdata__ZTVN4mbed7TimeoutE), (20 bytes).
    Removing mbed/TARGET_NRF51_DK/TOOLCHAIN_ARM_STD/mbed.ar(Timeout.o)(i._ZN4mbed7TimeoutD1Ev), (40 bytes).
    Removing mbed/TARGET_NRF51_DK/TOOLCHAIN_ARM_STD/mbed.ar(Timeout.o)(.ARM.exidx), (8 bytes).
    Removing mbed/TARGET_NRF51_DK/TOOLCHAIN_ARM_STD/mbed.ar(Timeout.o)(i._ZN4mbed7TimeoutD0Ev), (44 bytes).
    Removing mbed/TARGET_NRF51_DK/TOOLCHAIN_ARM_STD/mbed.ar(Timeout.o)(.ARM.exidx), (8 bytes).
    Removing mbed/TARGET_NRF51_DK/TOOLCHAIN_ARM_STD/mbed.ar(Timeout.o)(.constdata__ZTIN4mbed7TimeoutE), (32 bytes).
    Removing mbed/TARGET_NRF51_DK/TOOLCHAIN_ARM_STD/mbed.ar(Timeout.o)(.constdata__ZTIN4mbed11NonCopyableINS_7TimeoutEEE), (8 bytes).
    Removing mbed/TARGET_NRF51_DK/TOOLCHAIN_ARM_STD/mbed.ar(Timeout.o)(.constdata__ZTSN4mbed7TimeoutE), (16 bytes).
    Removing mbed/TARGET_NRF51_DK/TOOLCHAIN_ARM_STD/mbed.ar(Timeout.o)(.constdata__ZTSN4mbed11NonCopyableINS_7TimeoutEEE), (35 bytes).
    Removing mbed/TARGET_NRF51_DK/TOOLCHAIN_ARM_STD/mbed.ar(Stream.o)(.ARM.exidx), (8 bytes).
    Removing mbed/TARGET_NRF51_DK/TOOLCHAIN_ARM_STD/mbed.ar(Stream.o)(.ARM.exidx), (8 bytes).
    Removing mbed/TARGET_NRF51_DK/TOOLCHAIN_ARM_STD/mbed.ar(Stream.o)(.constdata__ZTIN4mbed6StreamE), (32 bytes).
    Removing mbed/TARGET_NRF51_DK/TOOLCHAIN_ARM_STD/mbed.ar(Stream.o)(.constdata__ZTIN4mbed8FileLikeE), (40 bytes).
    Removing mbed/TARGET_NRF51_DK/TOOLCHAIN_ARM_STD/mbed.ar(Stream.o)(.constdata__ZTIN4mbed11NonCopyableINS_6StreamEEE), (8 bytes).
    Removing mbed/TARGET_NRF51_DK/TOOLCHAIN_ARM_STD/mbed.ar(Stream.o)(.constdata__ZTSN4mbed6StreamE), (15 bytes).
    Removing mbed/TARGET_NRF51_DK/TOOLCHAIN_ARM_STD/mbed.ar(Stream.o)(.constdata__ZTIN4mbed11NonCopyableINS_8FileLikeEEE), (8 bytes).
    Removing mbed/TARGET_NRF51_DK/TOOLCHAIN_ARM_STD/mbed.ar(Stream.o)(.constdata__ZTSN4mbed8FileLikeE), (17 bytes).
    Removing mbed/TARGET_NRF51_DK/TOOLCHAIN_ARM_STD/mbed.ar(Stream.o)(.constdata__ZTSN4mbed11NonCopyableINS_6StreamEEE), (34 bytes).
    Removing mbed/TARGET_NRF51_DK/TOOLCHAIN_ARM_STD/mbed.ar(Stream.o)(.constdata__ZTSN4mbed11NonCopyableINS_8FileLikeEEE), (36 bytes).
    Removing mbed/TARGET_NRF51_DK/TOOLCHAIN_ARM_STD/mbed.ar(FileBase.o)(.ARM.exidx), (8 bytes).
    Removing mbed/TARGET_NRF51_DK/TOOLCHAIN_ARM_STD/mbed.ar(FileBase.o)(.constdata__ZTIN4mbed8FileBaseE), (24 bytes).
    Removing mbed/TARGET_NRF51_DK/TOOLCHAIN_ARM_STD/mbed.ar(FileBase.o)(.constdata__ZTIN4mbed11NonCopyableINS_8FileBaseEEE), (8 bytes).
    Removing mbed/TARGET_NRF51_DK/TOOLCHAIN_ARM_STD/mbed.ar(FileBase.o)(.constdata__ZTSN4mbed8FileBaseE), (17 bytes).
    Removing mbed/TARGET_NRF51_DK/TOOLCHAIN_ARM_STD/mbed.ar(FileBase.o)(.constdata__ZTSN4mbed11NonCopyableINS_8FileBaseEEE), (36 bytes).
    Removing mbed/TARGET_NRF51_DK/TOOLCHAIN_ARM_STD/mbed.ar(FileHandle.o)(i._ZN4mbed10FileHandleD2Ev), (2 bytes).
    Removing mbed/TARGET_NRF51_DK/TOOLCHAIN_ARM_STD/mbed.ar(FileHandle.o)(.ARM.exidx), (8 bytes).
    Removing mbed/TARGET_NRF51_DK/TOOLCHAIN_ARM_STD/mbed.ar(FileHandle.o)(i._ZN4mbed10FileHandleD0Ev), (8 bytes).
    Removing mbed/TARGET_NRF51_DK/TOOLCHAIN_ARM_STD/mbed.ar(FileHandle.o)(.ARM.exidx), (8 bytes).
    Removing mbed/TARGET_NRF51_DK/TOOLCHAIN_ARM_STD/mbed.ar(FileHandle.o)(i._ZN4mbed10FileHandle4syncEv), (4 bytes).
    Removing mbed/TARGET_NRF51_DK/TOOLCHAIN_ARM_STD/mbed.ar(FileHandle.o)(.ARM.exidx), (8 bytes).
    Removing mbed/TARGET_NRF51_DK/TOOLCHAIN_ARM_STD/mbed.ar(FileHandle.o)(.ARM.exidx), (8 bytes).
    Removing mbed/TARGET_NRF51_DK/TOOLCHAIN_ARM_STD/mbed.ar(FileHandle.o)(i._ZN4mbed10FileHandle4tellEv), (10 bytes).
    Removing mbed/TARGET_NRF51_DK/TOOLCHAIN_ARM_STD/mbed.ar(FileHandle.o)(.ARM.exidx), (8 bytes).
    Removing mbed/TARGET_NRF51_DK/TOOLCHAIN_ARM_STD/mbed.ar(FileHandle.o)(i._ZN4mbed10FileHandle6rewindEv), (10 bytes).
    Removing mbed/TARGET_NRF51_DK/TOOLCHAIN_ARM_STD/mbed.ar(FileHandle.o)(.ARM.exidx), (8 bytes).
    Removing mbed/TARGET_NRF51_DK/TOOLCHAIN_ARM_STD/mbed.ar(FileHandle.o)(.constdata__ZTIN4mbed10FileHandleE), (24 bytes).
    Removing mbed/TARGET_NRF51_DK/TOOLCHAIN_ARM_STD/mbed.ar(FileHandle.o)(.constdata__ZTIN4mbed11NonCopyableINS_10FileHandleEEE), (8 bytes).
    Removing mbed/TARGET_NRF51_DK/TOOLCHAIN_ARM_STD/mbed.ar(FileHandle.o)(.constdata__ZTSN4mbed10FileHandleE), (20 bytes).
    Removing mbed/TARGET_NRF51_DK/TOOLCHAIN_ARM_STD/mbed.ar(FileHandle.o)(.constdata__ZTSN4mbed11NonCopyableINS_10FileHandleEEE), (39 bytes).

1358 unused section(s) (total 83998 bytes) removed from the image.
