<!doctype html public "-//w3c//dtd html 4.0 transitional//en">
<html><head>
<title>Static Call Graph - [.\BUILD\sx1276nrf518_171223_1200.axf]</title></head>
<body><HR>
<H1>Static Call Graph for image .\BUILD\sx1276nrf518_171223_1200.axf</H1><HR>
<BR><P>#&#060CALLGRAPH&#062# ARM Linker, 5060528: Last Updated: Sat Dec 23 17:04:27 2017
<BR><P>
<H3>Maximum Stack Usage =          0 bytes + Unknown(Cycles, Untraceable Function Pointers)</H3><H3>
Call chain for Maximum Stack Depth:</H3>

<P>
<H3>
Mutually Recursive functions
</H3> <LI><a href="#[14]">NMI_Handler</a>&nbsp;&nbsp;&nbsp;&rArr;&nbsp;&nbsp;&nbsp;<a href="#[14]">NMI_Handler</a><BR>
 <LI><a href="#[15]">HardFault_Handler</a>&nbsp;&nbsp;&nbsp;&rArr;&nbsp;&nbsp;&nbsp;<a href="#[15]">HardFault_Handler</a><BR>
 <LI><a href="#[16]">SVC_Handler</a>&nbsp;&nbsp;&nbsp;&rArr;&nbsp;&nbsp;&nbsp;<a href="#[16]">SVC_Handler</a><BR>
 <LI><a href="#[17]">PendSV_Handler</a>&nbsp;&nbsp;&nbsp;&rArr;&nbsp;&nbsp;&nbsp;<a href="#[17]">PendSV_Handler</a><BR>
 <LI><a href="#[18]">SysTick_Handler</a>&nbsp;&nbsp;&nbsp;&rArr;&nbsp;&nbsp;&nbsp;<a href="#[18]">SysTick_Handler</a><BR>
 <LI><a href="#[1f]">ADC_IRQHandler_v</a>&nbsp;&nbsp;&nbsp;&rArr;&nbsp;&nbsp;&nbsp;<a href="#[1f]">ADC_IRQHandler_v</a><BR>
 <LI><a href="#[159]">mbed_assert_internal</a>&nbsp;&nbsp;&nbsp;&rArr;&nbsp;&nbsp;&nbsp;<a href="#[1c4]">mbed_die</a><BR>
 <LI><a href="#[1c8]">queue_process</a>&nbsp;&nbsp;&nbsp;&rArr;&nbsp;&nbsp;&nbsp;<a href="#[1c8]">queue_process</a><BR>
</UL>
<P>
<H3>
Function Pointers
</H3><UL>
 <LI><a href="#[3a]">&lang;Func3&rang;</a> from mbed/TARGET_NRF51_DK/TOOLCHAIN_ARM_STD/mbed.ar(SerialBase.o)(i.<Func3>) referenced from mbed/TARGET_NRF51_DK/TOOLCHAIN_ARM_STD/mbed.ar(SerialBase.o)(i._ZN4mbed10SerialBaseC1E7PinNameS1_i)
 <LI><a href="#[1f]">ADC_IRQHandler_v</a> from mbed/TARGET_NRF51_DK/TOOLCHAIN_ARM_STD/startup_nRF51822.o(.text) referenced from mbed/TARGET_NRF51_DK/TOOLCHAIN_ARM_STD/startup_nRF51822.o(RESET)
 <LI><a href="#[27]">CCM_AAR_IRQHandler</a> from mbed/TARGET_NRF51_DK/TOOLCHAIN_ARM_STD/startup_nRF51822.o(.text) referenced from mbed/TARGET_NRF51_DK/TOOLCHAIN_ARM_STD/startup_nRF51822.o(RESET)
 <LI><a href="#[26]">ECB_IRQHandler</a> from mbed/TARGET_NRF51_DK/TOOLCHAIN_ARM_STD/startup_nRF51822.o(.text) referenced from mbed/TARGET_NRF51_DK/TOOLCHAIN_ARM_STD/startup_nRF51822.o(RESET)
 <LI><a href="#[44]">GPIOTE_IRQHandler</a> from mbed/TARGET_NRF51_DK/TOOLCHAIN_ARM_STD/nrf_drv_gpiote.o(i.GPIOTE_IRQHandler) referenced from mbed/TARGET_NRF51_DK/TOOLCHAIN_ARM_STD/gpio_api.o(i.gpio_init)
 <LI><a href="#[1e]">GPIOTE_IRQHandler_v</a> from mbed/TARGET_NRF51_DK/TOOLCHAIN_ARM_STD/startup_nRF51822.o(.text) referenced from mbed/TARGET_NRF51_DK/TOOLCHAIN_ARM_STD/startup_nRF51822.o(RESET)
 <LI><a href="#[15]">HardFault_Handler</a> from mbed/TARGET_NRF51_DK/TOOLCHAIN_ARM_STD/startup_nRF51822.o(.text) referenced from mbed/TARGET_NRF51_DK/TOOLCHAIN_ARM_STD/startup_nRF51822.o(RESET)
 <LI><a href="#[2b]">LPCOMP_IRQHandler_v</a> from mbed/TARGET_NRF51_DK/TOOLCHAIN_ARM_STD/startup_nRF51822.o(.text) referenced from mbed/TARGET_NRF51_DK/TOOLCHAIN_ARM_STD/startup_nRF51822.o(RESET)
 <LI><a href="#[14]">NMI_Handler</a> from mbed/TARGET_NRF51_DK/TOOLCHAIN_ARM_STD/startup_nRF51822.o(.text) referenced from mbed/TARGET_NRF51_DK/TOOLCHAIN_ARM_STD/startup_nRF51822.o(RESET)
 <LI><a href="#[19]">POWER_CLOCK_IRQHandler</a> from mbed/TARGET_NRF51_DK/TOOLCHAIN_ARM_STD/startup_nRF51822.o(.text) referenced from mbed/TARGET_NRF51_DK/TOOLCHAIN_ARM_STD/startup_nRF51822.o(RESET)
 <LI><a href="#[17]">PendSV_Handler</a> from mbed/TARGET_NRF51_DK/TOOLCHAIN_ARM_STD/startup_nRF51822.o(.text) referenced from mbed/TARGET_NRF51_DK/TOOLCHAIN_ARM_STD/startup_nRF51822.o(RESET)
 <LI><a href="#[2a]">QDEC_IRQHandler_v</a> from mbed/TARGET_NRF51_DK/TOOLCHAIN_ARM_STD/startup_nRF51822.o(.text) referenced from mbed/TARGET_NRF51_DK/TOOLCHAIN_ARM_STD/startup_nRF51822.o(RESET)
 <LI><a href="#[1a]">RADIO_IRQHandler</a> from mbed/TARGET_NRF51_DK/TOOLCHAIN_ARM_STD/startup_nRF51822.o(.text) referenced from mbed/TARGET_NRF51_DK/TOOLCHAIN_ARM_STD/startup_nRF51822.o(RESET)
 <LI><a href="#[25]">RNG_IRQHandler</a> from mbed/TARGET_NRF51_DK/TOOLCHAIN_ARM_STD/startup_nRF51822.o(.text) referenced from mbed/TARGET_NRF51_DK/TOOLCHAIN_ARM_STD/startup_nRF51822.o(RESET)
 <LI><a href="#[23]">RTC0_IRQHandler</a> from mbed/TARGET_NRF51_DK/TOOLCHAIN_ARM_STD/startup_nRF51822.o(.text) referenced from mbed/TARGET_NRF51_DK/TOOLCHAIN_ARM_STD/startup_nRF51822.o(RESET)
 <LI><a href="#[42]">RTC1_IRQHandler</a> from mbed/TARGET_NRF51_DK/TOOLCHAIN_ARM_STD/us_ticker.o(i.RTC1_IRQHandler) referenced from mbed/TARGET_NRF51_DK/TOOLCHAIN_ARM_STD/us_ticker.o(i.common_rtc_init)
 <LI><a href="#[42]">RTC1_IRQHandler</a> from mbed/TARGET_NRF51_DK/TOOLCHAIN_ARM_STD/us_ticker.o(i.RTC1_IRQHandler) referenced from mbed/TARGET_NRF51_DK/TOOLCHAIN_ARM_STD/us_ticker.o(i.us_ticker_init)
 <LI><a href="#[42]">RTC1_IRQHandler</a> from mbed/TARGET_NRF51_DK/TOOLCHAIN_ARM_STD/us_ticker.o(i.RTC1_IRQHandler) referenced from mbed/TARGET_NRF51_DK/TOOLCHAIN_ARM_STD/us_ticker.o(i.us_ticker_read)
 <LI><a href="#[29]">RTC1_IRQHandler_v</a> from mbed/TARGET_NRF51_DK/TOOLCHAIN_ARM_STD/startup_nRF51822.o(.text) referenced from mbed/TARGET_NRF51_DK/TOOLCHAIN_ARM_STD/startup_nRF51822.o(RESET)
 <LI><a href="#[13]">Reset_Handler</a> from mbed/TARGET_NRF51_DK/TOOLCHAIN_ARM_STD/startup_nRF51822.o(.text) referenced from mbed/TARGET_NRF51_DK/TOOLCHAIN_ARM_STD/startup_nRF51822.o(RESET)
 <LI><a href="#[1c]">SPI0_TWI0_IRQHandler_v</a> from mbed/TARGET_NRF51_DK/TOOLCHAIN_ARM_STD/startup_nRF51822.o(.text) referenced from mbed/TARGET_NRF51_DK/TOOLCHAIN_ARM_STD/startup_nRF51822.o(RESET)
 <LI><a href="#[51]">SPI1_TWI1_IRQHandler</a> from mbed/TARGET_NRF51_DK/TOOLCHAIN_ARM_STD/nrf_drv_common.o(i.SPI1_TWI1_IRQHandler) referenced from mbed/TARGET_NRF51_DK/TOOLCHAIN_ARM_STD/spi_api.o(.constdata)
 <LI><a href="#[1d]">SPI1_TWI1_IRQHandler_v</a> from mbed/TARGET_NRF51_DK/TOOLCHAIN_ARM_STD/startup_nRF51822.o(.text) referenced from mbed/TARGET_NRF51_DK/TOOLCHAIN_ARM_STD/startup_nRF51822.o(RESET)
 <LI><a href="#[16]">SVC_Handler</a> from mbed/TARGET_NRF51_DK/TOOLCHAIN_ARM_STD/startup_nRF51822.o(.text) referenced from mbed/TARGET_NRF51_DK/TOOLCHAIN_ARM_STD/startup_nRF51822.o(RESET)
 <LI><a href="#[2c]">SWI0_IRQHandler_v</a> from mbed/TARGET_NRF51_DK/TOOLCHAIN_ARM_STD/startup_nRF51822.o(.text) referenced from mbed/TARGET_NRF51_DK/TOOLCHAIN_ARM_STD/startup_nRF51822.o(RESET)
 <LI><a href="#[2d]">SWI1_IRQHandler_v</a> from mbed/TARGET_NRF51_DK/TOOLCHAIN_ARM_STD/startup_nRF51822.o(.text) referenced from mbed/TARGET_NRF51_DK/TOOLCHAIN_ARM_STD/startup_nRF51822.o(RESET)
 <LI><a href="#[2e]">SWI2_IRQHandler_v</a> from mbed/TARGET_NRF51_DK/TOOLCHAIN_ARM_STD/startup_nRF51822.o(.text) referenced from mbed/TARGET_NRF51_DK/TOOLCHAIN_ARM_STD/startup_nRF51822.o(RESET)
 <LI><a href="#[2f]">SWI3_IRQHandler_v</a> from mbed/TARGET_NRF51_DK/TOOLCHAIN_ARM_STD/startup_nRF51822.o(.text) referenced from mbed/TARGET_NRF51_DK/TOOLCHAIN_ARM_STD/startup_nRF51822.o(RESET)
 <LI><a href="#[30]">SWI4_IRQHandler</a> from mbed/TARGET_NRF51_DK/TOOLCHAIN_ARM_STD/startup_nRF51822.o(.text) referenced from mbed/TARGET_NRF51_DK/TOOLCHAIN_ARM_STD/startup_nRF51822.o(RESET)
 <LI><a href="#[31]">SWI5_IRQHandler</a> from mbed/TARGET_NRF51_DK/TOOLCHAIN_ARM_STD/startup_nRF51822.o(.text) referenced from mbed/TARGET_NRF51_DK/TOOLCHAIN_ARM_STD/startup_nRF51822.o(RESET)
 <LI><a href="#[18]">SysTick_Handler</a> from mbed/TARGET_NRF51_DK/TOOLCHAIN_ARM_STD/startup_nRF51822.o(.text) referenced from mbed/TARGET_NRF51_DK/TOOLCHAIN_ARM_STD/startup_nRF51822.o(RESET)
 <LI><a href="#[32]">SystemInit</a> from mbed/TARGET_NRF51_DK/TOOLCHAIN_ARM_STD/system_nrf51.o(i.SystemInit) referenced from mbed/TARGET_NRF51_DK/TOOLCHAIN_ARM_STD/startup_nRF51822.o(.text)
 <LI><a href="#[24]">TEMP_IRQHandler</a> from mbed/TARGET_NRF51_DK/TOOLCHAIN_ARM_STD/startup_nRF51822.o(.text) referenced from mbed/TARGET_NRF51_DK/TOOLCHAIN_ARM_STD/startup_nRF51822.o(RESET)
 <LI><a href="#[20]">TIMER0_IRQHandler</a> from mbed/TARGET_NRF51_DK/TOOLCHAIN_ARM_STD/startup_nRF51822.o(.text) referenced from mbed/TARGET_NRF51_DK/TOOLCHAIN_ARM_STD/startup_nRF51822.o(RESET)
 <LI><a href="#[21]">TIMER1_IRQHandler_v</a> from mbed/TARGET_NRF51_DK/TOOLCHAIN_ARM_STD/startup_nRF51822.o(.text) referenced from mbed/TARGET_NRF51_DK/TOOLCHAIN_ARM_STD/startup_nRF51822.o(RESET)
 <LI><a href="#[22]">TIMER2_IRQHandler_v</a> from mbed/TARGET_NRF51_DK/TOOLCHAIN_ARM_STD/startup_nRF51822.o(.text) referenced from mbed/TARGET_NRF51_DK/TOOLCHAIN_ARM_STD/startup_nRF51822.o(RESET)
 <LI><a href="#[4a]">UART0_IRQHandler</a> from mbed/TARGET_NRF51_DK/TOOLCHAIN_ARM_STD/serial_api.o(i.UART0_IRQHandler) referenced from mbed/TARGET_NRF51_DK/TOOLCHAIN_ARM_STD/serial_api.o(i.serial_init)
 <LI><a href="#[1b]">UART0_IRQHandler_v</a> from mbed/TARGET_NRF51_DK/TOOLCHAIN_ARM_STD/startup_nRF51822.o(.text) referenced from mbed/TARGET_NRF51_DK/TOOLCHAIN_ARM_STD/startup_nRF51822.o(RESET)
 <LI><a href="#[28]">WDT_IRQHandler_v</a> from mbed/TARGET_NRF51_DK/TOOLCHAIN_ARM_STD/startup_nRF51822.o(.text) referenced from mbed/TARGET_NRF51_DK/TOOLCHAIN_ARM_STD/startup_nRF51822.o(RESET)
 <LI><a href="#[49]">OnRxTimeout()</a> from .\build\main.o(i._Z11OnRxTimeoutv) referenced from .\build\main.o(i.main)
 <LI><a href="#[48]">OnTxTimeout()</a> from .\build\main.o(i._Z11OnTxTimeoutv) referenced from .\build\main.o(i.main)
 <LI><a href="#[46]">OnRxDone(unsigned char*, unsigned short, short, signed char)</a> from .\build\main.o(i._Z8OnRxDonePhtsa) referenced from .\build\main.o(i.main)
 <LI><a href="#[45]">OnTxDone()</a> from .\build\main.o(i._Z8OnTxDonev) referenced from .\build\main.o(i.main)
 <LI><a href="#[47]">OnRxError()</a> from .\build\main.o(i._Z9OnRxErrorv) referenced from .\build\main.o(i.main)
 <LI><a href="#[7a]">SX1276MB1xAS::AntSwDeInit()</a> from .\build\sx1276-hal.o(i._ZN12SX1276MB1xAS11AntSwDeInitEv) referenced from .\build\sx1276-hal.o(.constdata__ZTV12SX1276MB1xAS)
 <LI><a href="#[77]">SX1276MB1xAS::GetPaSelect(unsigned)</a> from .\build\sx1276-hal.o(i._ZN12SX1276MB1xAS11GetPaSelectEj) referenced from .\build\sx1276-hal.o(.constdata__ZTV12SX1276MB1xAS)
 <LI><a href="#[76]">SX1276MB1xAS::SetRfTxPower(signed char)</a> from .\build\sx1276-hal.o(i._ZN12SX1276MB1xAS12SetRfTxPowerEa) referenced from .\build\sx1276-hal.o(.constdata__ZTV12SX1276MB1xAS)
 <LI><a href="#[83]">SX1276MB1xAS::DetectBoardType()</a> from .\build\sx1276-hal.o(i._ZN12SX1276MB1xAS15DetectBoardTypeEv) referenced from .\build\sx1276-hal.o(.constdata__ZTV12SX1276MB1xAS)
 <LI><a href="#[78]">SX1276MB1xAS::SetAntSwLowPower(bool)</a> from .\build\sx1276-hal.o(i._ZN12SX1276MB1xAS16SetAntSwLowPowerEb) referenced from .\build\sx1276-hal.o(.constdata__ZTV12SX1276MB1xAS)
 <LI><a href="#[73]">SX1276MB1xAS::RadioRegistersInit()</a> from .\build\sx1276-hal.o(i._ZN12SX1276MB1xAS18RadioRegistersInitEv) referenced from .\build\sx1276-hal.o(.constdata__ZTV12SX1276MB1xAS)
 <LI><a href="#[6b]">SX1276MB1xAS::Read(unsigned char)</a> from .\build\sx1276-hal.o(i._ZN12SX1276MB1xAS4ReadEh) referenced from .\build\sx1276-hal.o(.constdata__ZTV12SX1276MB1xAS)
 <LI><a href="#[6d]">SX1276MB1xAS::Read(unsigned char, unsigned char*, unsigned char)</a> from .\build\sx1276-hal.o(i._ZN12SX1276MB1xAS4ReadEhPhh) referenced from .\build\sx1276-hal.o(.constdata__ZTV12SX1276MB1xAS)
 <LI><a href="#[71]">SX1276MB1xAS::Reset()</a> from .\build\sx1276-hal.o(i._ZN12SX1276MB1xAS5ResetEv) referenced from .\build\sx1276-hal.o(.constdata__ZTV12SX1276MB1xAS)
 <LI><a href="#[6c]">SX1276MB1xAS::Write(unsigned char, unsigned char*, unsigned char)</a> from .\build\sx1276-hal.o(i._ZN12SX1276MB1xAS5WriteEhPhh) referenced from .\build\sx1276-hal.o(.constdata__ZTV12SX1276MB1xAS)
 <LI><a href="#[6a]">SX1276MB1xAS::Write(unsigned char, unsigned char)</a> from .\build\sx1276-hal.o(i._ZN12SX1276MB1xAS5WriteEhh) referenced from .\build\sx1276-hal.o(.constdata__ZTV12SX1276MB1xAS)
 <LI><a href="#[72]">SX1276MB1xAS::IoInit()</a> from .\build\sx1276-hal.o(i._ZN12SX1276MB1xAS6IoInitEv) referenced from .\build\sx1276-hal.o(.constdata__ZTV12SX1276MB1xAS)
 <LI><a href="#[74]">SX1276MB1xAS::SpiInit()</a> from .\build\sx1276-hal.o(i._ZN12SX1276MB1xAS7SpiInitEv) referenced from .\build\sx1276-hal.o(.constdata__ZTV12SX1276MB1xAS)
 <LI><a href="#[6f]">SX1276MB1xAS::ReadFifo(unsigned char*, unsigned char)</a> from .\build\sx1276-hal.o(i._ZN12SX1276MB1xAS8ReadFifoEPhh) referenced from .\build\sx1276-hal.o(.constdata__ZTV12SX1276MB1xAS)
 <LI><a href="#[7b]">SX1276MB1xAS::SetAntSw(unsigned char)</a> from .\build\sx1276-hal.o(i._ZN12SX1276MB1xAS8SetAntSwEh) referenced from .\build\sx1276-hal.o(.constdata__ZTV12SX1276MB1xAS)
 <LI><a href="#[79]">SX1276MB1xAS::AntSwInit()</a> from .\build\sx1276-hal.o(i._ZN12SX1276MB1xAS9AntSwInitEv) referenced from .\build\sx1276-hal.o(.constdata__ZTV12SX1276MB1xAS)
 <LI><a href="#[75]">SX1276MB1xAS::IoIrqInit(void(SX1276::**)())</a> from .\build\sx1276-hal.o(i._ZN12SX1276MB1xAS9IoIrqInitEPM6SX1276FvvE) referenced from .\build\sx1276-hal.o(.constdata__ZTV12SX1276MB1xAS)
 <LI><a href="#[6e]">SX1276MB1xAS::WriteFifo(unsigned char*, unsigned char)</a> from .\build\sx1276-hal.o(i._ZN12SX1276MB1xAS9WriteFifoEPhh) referenced from .\build\sx1276-hal.o(.constdata__ZTV12SX1276MB1xAS)
 <LI><a href="#[41]">SX1276MB1xAS::~SX1276MB1xAS()</a> from .\build\main.o(i._ZN12SX1276MB1xASD1Ev) referenced from .\build\sx1276-hal.o(.constdata__ZTV12SX1276MB1xAS)
 <LI><a href="#[41]">SX1276MB1xAS::~SX1276MB1xAS()</a> from .\build\main.o(i._ZN12SX1276MB1xASD1Ev) referenced from .\build\main.o(i.__sti___8_main_cpp_led)
 <LI><a href="#[87]">mbed::FileHandle::size()</a> from mbed/TARGET_NRF51_DK/TOOLCHAIN_ARM_STD/mbed.ar(FileHandle.o)(i._ZN4mbed10FileHandle4sizeEv) referenced from mbed/TARGET_NRF51_DK/TOOLCHAIN_ARM_STD/mbed.ar(FileHandle.o)(.constdata__ZTVN4mbed10FileHandleE)
 <LI><a href="#[86]">mbed::FileHandle::isatty()</a> from mbed/TARGET_NRF51_DK/TOOLCHAIN_ARM_STD/mbed.ar(FileHandle.o)(i._ZN4mbed10FileHandle6isattyEv) referenced from mbed/TARGET_NRF51_DK/TOOLCHAIN_ARM_STD/mbed.ar(FileHandle.o)(.constdata__ZTVN4mbed10FileHandleE)
 <LI><a href="#[3b]">mbed::SerialBase::_irq_handler(unsigned, SerialIrq)</a> from mbed/TARGET_NRF51_DK/TOOLCHAIN_ARM_STD/mbed.ar(SerialBase.o)(i._ZN4mbed10SerialBase12_irq_handlerEj9SerialIrq) referenced from mbed/TARGET_NRF51_DK/TOOLCHAIN_ARM_STD/mbed.ar(SerialBase.o)(i._ZN4mbed10SerialBaseC1E7PinNameS1_i)
 <LI><a href="#[53]">mbed::SerialBase::interrupt_handler_asynch()</a> from mbed/TARGET_NRF51_DK/TOOLCHAIN_ARM_STD/mbed.ar(SerialBase.o)(i._ZN4mbed10SerialBase24interrupt_handler_asynchEv) referenced from mbed/TARGET_NRF51_DK/TOOLCHAIN_ARM_STD/mbed.ar(SerialBase.o)(.constdata)
 <LI><a href="#[88]">mbed::SerialBase::lock()</a> from mbed/TARGET_NRF51_DK/TOOLCHAIN_ARM_STD/mbed.ar(SerialBase.o)(i._ZN4mbed10SerialBase4lockEv) referenced from mbed/TARGET_NRF51_DK/TOOLCHAIN_ARM_STD/mbed.ar(SerialBase.o)(.constdata__ZTVN4mbed10SerialBaseE)
 <LI><a href="#[89]">mbed::SerialBase::unlock()</a> from mbed/TARGET_NRF51_DK/TOOLCHAIN_ARM_STD/mbed.ar(SerialBase.o)(i._ZN4mbed10SerialBase6unlockEv) referenced from mbed/TARGET_NRF51_DK/TOOLCHAIN_ARM_STD/mbed.ar(SerialBase.o)(.constdata__ZTVN4mbed10SerialBaseE)
 <LI><a href="#[8a]">mbed::SerialBase::~SerialBase()</a> from mbed/TARGET_NRF51_DK/TOOLCHAIN_ARM_STD/mbed.ar(SerialBase.o)(i._ZN4mbed10SerialBaseD1Ev) referenced from mbed/TARGET_NRF51_DK/TOOLCHAIN_ARM_STD/mbed.ar(SerialBase.o)(.constdata__ZTVN4mbed10SerialBaseE)
 <LI><a href="#[3d]">mbed::TimerEvent::irq(unsigned)</a> from mbed/TARGET_NRF51_DK/TOOLCHAIN_ARM_STD/mbed.ar(TimerEvent.o)(i._ZN4mbed10TimerEvent3irqEj) referenced from mbed/TARGET_NRF51_DK/TOOLCHAIN_ARM_STD/mbed.ar(TimerEvent.o)(i._ZN4mbed10TimerEventC2Ev)
 <LI><a href="#[8b]">mbed::TimerEvent::~TimerEvent__sub_object()</a> from mbed/TARGET_NRF51_DK/TOOLCHAIN_ARM_STD/mbed.ar(TimerEvent.o)(i._ZN4mbed10TimerEventD2Ev) referenced from mbed/TARGET_NRF51_DK/TOOLCHAIN_ARM_STD/mbed.ar(TimerEvent.o)(.constdata__ZTVN4mbed10TimerEventE)
 <LI><a href="#[3e]">mbed::InterruptIn::_irq_handler(unsigned, gpio_irq_event)</a> from mbed/TARGET_NRF51_DK/TOOLCHAIN_ARM_STD/mbed.ar(InterruptIn.o)(i._ZN4mbed11InterruptIn12_irq_handlerEj14gpio_irq_event) referenced from mbed/TARGET_NRF51_DK/TOOLCHAIN_ARM_STD/mbed.ar(InterruptIn.o)(i._ZN4mbed11InterruptInC1E7PinName)
 <LI><a href="#[8c]">mbed::InterruptIn::~InterruptIn()</a> from mbed/TARGET_NRF51_DK/TOOLCHAIN_ARM_STD/mbed.ar(InterruptIn.o)(i._ZN4mbed11InterruptInD1Ev) referenced from mbed/TARGET_NRF51_DK/TOOLCHAIN_ARM_STD/mbed.ar(InterruptIn.o)(.constdata__ZTVN4mbed11InterruptInE)
 <LI><a href="#[52]">mbed::SPI::irq_handler_asynch()</a> from mbed/TARGET_NRF51_DK/TOOLCHAIN_ARM_STD/mbed.ar(SPI.o)(i._ZN4mbed3SPI18irq_handler_asynchEv) referenced from mbed/TARGET_NRF51_DK/TOOLCHAIN_ARM_STD/mbed.ar(SPI.o)(.constdata)
 <LI><a href="#[8e]">mbed::SPI::lock()</a> from mbed/TARGET_NRF51_DK/TOOLCHAIN_ARM_STD/mbed.ar(SPI.o)(i._ZN4mbed3SPI4lockEv) referenced from mbed/TARGET_NRF51_DK/TOOLCHAIN_ARM_STD/mbed.ar(SPI.o)(.constdata__ZTVN4mbed3SPIE)
 <LI><a href="#[8d]">mbed::SPI::write(int)</a> from mbed/TARGET_NRF51_DK/TOOLCHAIN_ARM_STD/mbed.ar(SPI.o)(i._ZN4mbed3SPI5writeEi) referenced from mbed/TARGET_NRF51_DK/TOOLCHAIN_ARM_STD/mbed.ar(SPI.o)(.constdata__ZTVN4mbed3SPIE)
 <LI><a href="#[8f]">mbed::SPI::unlock()</a> from mbed/TARGET_NRF51_DK/TOOLCHAIN_ARM_STD/mbed.ar(SPI.o)(i._ZN4mbed3SPI6unlockEv) referenced from mbed/TARGET_NRF51_DK/TOOLCHAIN_ARM_STD/mbed.ar(SPI.o)(.constdata__ZTVN4mbed3SPIE)
 <LI><a href="#[90]">mbed::Serial::lock()</a> from mbed/TARGET_NRF51_DK/TOOLCHAIN_ARM_STD/mbed.ar(Serial.o)(i._ZN4mbed6Serial4lockEv) referenced from mbed/TARGET_NRF51_DK/TOOLCHAIN_ARM_STD/mbed.ar(Serial.o)(.constdata__ZTVN4mbed6SerialE)
 <LI><a href="#[91]">mbed::Serial::unlock()</a> from mbed/TARGET_NRF51_DK/TOOLCHAIN_ARM_STD/mbed.ar(Serial.o)(i._ZN4mbed6Serial6unlockEv) referenced from mbed/TARGET_NRF51_DK/TOOLCHAIN_ARM_STD/mbed.ar(Serial.o)(.constdata__ZTVN4mbed6SerialE)
 <LI><a href="#[40]">mbed::Serial::~Serial()</a> from mbed/TARGET_NRF51_DK/TOOLCHAIN_ARM_STD/mbed.ar(Serial.o)(i._ZN4mbed6SerialD1Ev) referenced from mbed/TARGET_NRF51_DK/TOOLCHAIN_ARM_STD/mbed.ar(Serial.o)(.constdata__ZTVN4mbed6SerialE)
 <LI><a href="#[40]">mbed::Serial::~Serial()</a> from mbed/TARGET_NRF51_DK/TOOLCHAIN_ARM_STD/mbed.ar(Serial.o)(i._ZN4mbed6SerialD1Ev) referenced from .\build\main.o(i.__sti___8_main_cpp_led)
 <LI><a href="#[9b]">mbed::Stream::lock()</a> from mbed/TARGET_NRF51_DK/TOOLCHAIN_ARM_STD/mbed.ar(Stream.o)(i._ZN4mbed6Stream4lockEv) referenced from mbed/TARGET_NRF51_DK/TOOLCHAIN_ARM_STD/mbed.ar(Stream.o)(.constdata__ZTVN4mbed6StreamE)
 <LI><a href="#[93]">mbed::Stream::seek(long, int)</a> from mbed/TARGET_NRF51_DK/TOOLCHAIN_ARM_STD/mbed.ar(Stream.o)(i._ZN4mbed6Stream4seekEli) referenced from mbed/TARGET_NRF51_DK/TOOLCHAIN_ARM_STD/mbed.ar(Serial.o)(.constdata__ZTVN4mbed6SerialE)
 <LI><a href="#[93]">mbed::Stream::seek(long, int)</a> from mbed/TARGET_NRF51_DK/TOOLCHAIN_ARM_STD/mbed.ar(Stream.o)(i._ZN4mbed6Stream4seekEli) referenced from mbed/TARGET_NRF51_DK/TOOLCHAIN_ARM_STD/mbed.ar(Stream.o)(.constdata__ZTVN4mbed6StreamE)
 <LI><a href="#[96]">mbed::Stream::size()</a> from mbed/TARGET_NRF51_DK/TOOLCHAIN_ARM_STD/mbed.ar(Stream.o)(i._ZN4mbed6Stream4sizeEv) referenced from mbed/TARGET_NRF51_DK/TOOLCHAIN_ARM_STD/mbed.ar(Serial.o)(.constdata__ZTVN4mbed6SerialE)
 <LI><a href="#[96]">mbed::Stream::size()</a> from mbed/TARGET_NRF51_DK/TOOLCHAIN_ARM_STD/mbed.ar(Stream.o)(i._ZN4mbed6Stream4sizeEv) referenced from mbed/TARGET_NRF51_DK/TOOLCHAIN_ARM_STD/mbed.ar(Stream.o)(.constdata__ZTVN4mbed6StreamE)
 <LI><a href="#[94]">mbed::Stream::close()</a> from mbed/TARGET_NRF51_DK/TOOLCHAIN_ARM_STD/mbed.ar(Stream.o)(i._ZN4mbed6Stream5closeEv) referenced from mbed/TARGET_NRF51_DK/TOOLCHAIN_ARM_STD/mbed.ar(Serial.o)(.constdata__ZTVN4mbed6SerialE)
 <LI><a href="#[94]">mbed::Stream::close()</a> from mbed/TARGET_NRF51_DK/TOOLCHAIN_ARM_STD/mbed.ar(Stream.o)(i._ZN4mbed6Stream5closeEv) referenced from mbed/TARGET_NRF51_DK/TOOLCHAIN_ARM_STD/mbed.ar(Stream.o)(.constdata__ZTVN4mbed6StreamE)
 <LI><a href="#[92]">mbed::Stream::write(const void*, unsigned)</a> from mbed/TARGET_NRF51_DK/TOOLCHAIN_ARM_STD/mbed.ar(Stream.o)(i._ZN4mbed6Stream5writeEPKvj) referenced from mbed/TARGET_NRF51_DK/TOOLCHAIN_ARM_STD/mbed.ar(Serial.o)(.constdata__ZTVN4mbed6SerialE)
 <LI><a href="#[92]">mbed::Stream::write(const void*, unsigned)</a> from mbed/TARGET_NRF51_DK/TOOLCHAIN_ARM_STD/mbed.ar(Stream.o)(i._ZN4mbed6Stream5writeEPKvj) referenced from mbed/TARGET_NRF51_DK/TOOLCHAIN_ARM_STD/mbed.ar(Stream.o)(.constdata__ZTVN4mbed6StreamE)
 <LI><a href="#[95]">mbed::Stream::isatty()</a> from mbed/TARGET_NRF51_DK/TOOLCHAIN_ARM_STD/mbed.ar(Stream.o)(i._ZN4mbed6Stream6isattyEv) referenced from mbed/TARGET_NRF51_DK/TOOLCHAIN_ARM_STD/mbed.ar(Serial.o)(.constdata__ZTVN4mbed6SerialE)
 <LI><a href="#[95]">mbed::Stream::isatty()</a> from mbed/TARGET_NRF51_DK/TOOLCHAIN_ARM_STD/mbed.ar(Stream.o)(i._ZN4mbed6Stream6isattyEv) referenced from mbed/TARGET_NRF51_DK/TOOLCHAIN_ARM_STD/mbed.ar(Stream.o)(.constdata__ZTVN4mbed6StreamE)
 <LI><a href="#[9c]">mbed::Stream::unlock()</a> from mbed/TARGET_NRF51_DK/TOOLCHAIN_ARM_STD/mbed.ar(Stream.o)(i._ZN4mbed6Stream6unlockEv) referenced from mbed/TARGET_NRF51_DK/TOOLCHAIN_ARM_STD/mbed.ar(Stream.o)(.constdata__ZTVN4mbed6StreamE)
 <LI><a href="#[9a]">mbed::Stream::~Stream__sub_object()</a> from mbed/TARGET_NRF51_DK/TOOLCHAIN_ARM_STD/mbed.ar(Stream.o)(i._ZN4mbed6StreamD2Ev) referenced from mbed/TARGET_NRF51_DK/TOOLCHAIN_ARM_STD/mbed.ar(Stream.o)(.constdata__ZTVN4mbed6StreamE)
 <LI><a href="#[9d]">mbed::Ticker::handler()</a> from mbed/TARGET_NRF51_DK/TOOLCHAIN_ARM_STD/mbed.ar(Ticker.o)(i._ZN4mbed6Ticker7handlerEv) referenced from mbed/TARGET_NRF51_DK/TOOLCHAIN_ARM_STD/mbed.ar(Ticker.o)(.constdata__ZTVN4mbed6TickerE)
 <LI><a href="#[9f]">mbed::Timeout::handler()</a> from mbed/TARGET_NRF51_DK/TOOLCHAIN_ARM_STD/mbed.ar(Timeout.o)(i._ZN4mbed7Timeout7handlerEv) referenced from mbed/TARGET_NRF51_DK/TOOLCHAIN_ARM_STD/mbed.ar(Timeout.o)(.constdata__ZTVN4mbed7TimeoutE)
 <LI><a href="#[9e]">mbed::Timeout::~Timeout()</a> from mbed/TARGET_NRF51_DK/TOOLCHAIN_ARM_STD/mbed.ar(Timeout.o)(i._ZN4mbed7TimeoutD1Ev) referenced from mbed/TARGET_NRF51_DK/TOOLCHAIN_ARM_STD/mbed.ar(Timeout.o)(.constdata__ZTVN4mbed7TimeoutE)
 <LI><a href="#[a1]">void mbed::Callback&lang;void()&rang;::function_call&lang;mbed::Callback&lang;void()&rang;::method_context&lang;SX1276MB1xAS, void(SX1276MB1xAS::*)()&rang;&rang;(const void*)</a> from .\build\sx1276-hal.o(t._ZN4mbed8CallbackIFvvEE13function_callINS2_14method_contextI12SX1276MB1xASMS5_FvvEEEEEvPKv) referenced from .\build\sx1276-hal.o(.constdata__ZZN4mbed8CallbackIFvvEE8generateINS2_14method_contextI12SX1276MB1xASMS5_FvvEEEEEvRKT_E3ops)
 <LI><a href="#[a4]">void mbed::Callback&lang;void()&rang;::function_call&lang;mbed::Callback&lang;void()&rang;::method_context&lang;SX1276, void(SX1276::*)()&rang;&rang;(const void*)</a> from .\build\sx1276.o(t._ZN4mbed8CallbackIFvvEE13function_callINS2_14method_contextI6SX1276MS5_FvvEEEEEvPKv) referenced from .\build\sx1276.o(.constdata__ZZN4mbed8CallbackIFvvEE8generateINS2_14method_contextI6SX1276MS5_FvvEEEEEvRKT_E3ops)
 <LI><a href="#[a7]">void mbed::Callback&lang;void()&rang;::function_call&lang;void(*)()&rang;(const void*)</a> from .\build\sx1276.o(t._ZN4mbed8CallbackIFvvEE13function_callIPS1_EEvPKv) referenced from .\build\sx1276.o(.constdata__ZZN4mbed8CallbackIFvvEE8generateIPS1_EEvRKT_E3ops)
 <LI><a href="#[a3]">void mbed::Callback&lang;void()&rang;::function_dtor&lang;mbed::Callback&lang;void()&rang;::method_context&lang;SX1276MB1xAS, void(SX1276MB1xAS::*)()&rang;&rang;(void*)</a> from .\build\sx1276-hal.o(t._ZN4mbed8CallbackIFvvEE13function_dtorINS2_14method_contextI12SX1276MB1xASMS5_FvvEEEEEvPv) referenced from .\build\sx1276-hal.o(.constdata__ZZN4mbed8CallbackIFvvEE8generateINS2_14method_contextI12SX1276MB1xASMS5_FvvEEEEEvRKT_E3ops)
 <LI><a href="#[a6]">void mbed::Callback&lang;void()&rang;::function_dtor&lang;mbed::Callback&lang;void()&rang;::method_context&lang;SX1276, void(SX1276::*)()&rang;&rang;(void*)</a> from .\build\sx1276.o(t._ZN4mbed8CallbackIFvvEE13function_dtorINS2_14method_contextI6SX1276MS5_FvvEEEEEvPv) referenced from .\build\sx1276.o(.constdata__ZZN4mbed8CallbackIFvvEE8generateINS2_14method_contextI6SX1276MS5_FvvEEEEEvRKT_E3ops)
 <LI><a href="#[a9]">void mbed::Callback&lang;void()&rang;::function_dtor&lang;void(*)()&rang;(void*)</a> from .\build\sx1276.o(t._ZN4mbed8CallbackIFvvEE13function_dtorIPS1_EEvPv) referenced from .\build\sx1276.o(.constdata__ZZN4mbed8CallbackIFvvEE8generateIPS1_EEvRKT_E3ops)
 <LI><a href="#[a2]">void mbed::Callback&lang;void()&rang;::function_move&lang;mbed::Callback&lang;void()&rang;::method_context&lang;SX1276MB1xAS, void(SX1276MB1xAS::*)()&rang;&rang;(void*, const void*)</a> from .\build\sx1276-hal.o(t._ZN4mbed8CallbackIFvvEE13function_moveINS2_14method_contextI12SX1276MB1xASMS5_FvvEEEEEvPvPKv) referenced from .\build\sx1276-hal.o(.constdata__ZZN4mbed8CallbackIFvvEE8generateINS2_14method_contextI12SX1276MB1xASMS5_FvvEEEEEvRKT_E3ops)
 <LI><a href="#[a5]">void mbed::Callback&lang;void()&rang;::function_move&lang;mbed::Callback&lang;void()&rang;::method_context&lang;SX1276, void(SX1276::*)()&rang;&rang;(void*, const void*)</a> from .\build\sx1276.o(t._ZN4mbed8CallbackIFvvEE13function_moveINS2_14method_contextI6SX1276MS5_FvvEEEEEvPvPKv) referenced from .\build\sx1276.o(.constdata__ZZN4mbed8CallbackIFvvEE8generateINS2_14method_contextI6SX1276MS5_FvvEEEEEvRKT_E3ops)
 <LI><a href="#[a8]">void mbed::Callback&lang;void()&rang;::function_move&lang;void(*)()&rang;(void*, const void*)</a> from .\build\sx1276.o(t._ZN4mbed8CallbackIFvvEE13function_moveIPS1_EEvPvPKv) referenced from .\build\sx1276.o(.constdata__ZZN4mbed8CallbackIFvvEE8generateIPS1_EEvRKT_E3ops)
 <LI><a href="#[3c]">mbed::Callback&lang;void()&rang;::~Callback()</a> from mbed/TARGET_NRF51_DK/TOOLCHAIN_ARM_STD/mbed.ar(SerialBase.o)(t._ZN4mbed8CallbackIFvvEED1Ev) referenced from mbed/TARGET_NRF51_DK/TOOLCHAIN_ARM_STD/mbed.ar(SerialBase.o)(i._ZN4mbed10SerialBaseD1Ev)
 <LI><a href="#[a0]">mbed::FileBase::~FileBase()</a> from mbed/TARGET_NRF51_DK/TOOLCHAIN_ARM_STD/mbed.ar(FileBase.o)(i._ZN4mbed8FileBaseD1Ev) referenced from mbed/TARGET_NRF51_DK/TOOLCHAIN_ARM_STD/mbed.ar(FileBase.o)(.constdata__ZTVN4mbed8FileBaseE)
 <LI><a href="#[39]">CThunk&lang;mbed::SerialBase&rang;::trampoline(mbed::SerialBase*, void*, void(mbed::SerialBase::**)(void*))</a> from mbed/TARGET_NRF51_DK/TOOLCHAIN_ARM_STD/mbed.ar(SerialBase.o)(t._ZN6CThunkIN4mbed10SerialBaseEE10trampolineEPS1_PvPMS1_FvS4_E) referenced from mbed/TARGET_NRF51_DK/TOOLCHAIN_ARM_STD/mbed.ar(SerialBase.o)(i._ZN4mbed10SerialBaseC1E7PinNameS1_i)
 <LI><a href="#[3f]">CThunk&lang;mbed::SPI&rang;::trampoline(mbed::SPI*, void*, void(mbed::SPI::**)(void*))</a> from mbed/TARGET_NRF51_DK/TOOLCHAIN_ARM_STD/mbed.ar(SPI.o)(t._ZN6CThunkIN4mbed3SPIEE10trampolineEPS1_PvPMS1_FvS4_E) referenced from mbed/TARGET_NRF51_DK/TOOLCHAIN_ARM_STD/mbed.ar(SPI.o)(i._ZN4mbed3SPIC1E7PinNameS1_S1_S1_)
 <LI><a href="#[62]">SX1276::SetChannel(unsigned)</a> from .\build\sx1276.o(i._ZN6SX127610SetChannelEj) referenced from .\build\sx1276-hal.o(.constdata__ZTV12SX1276MB1xAS)
 <LI><a href="#[62]">SX1276::SetChannel(unsigned)</a> from .\build\sx1276.o(i._ZN6SX127610SetChannelEj) referenced from .\build\sx1276.o(.constdata__ZTV6SX1276)
 <LI><a href="#[63]">SX1276::SetRxConfig(ModemType, unsigned, unsigned, unsigned char, unsigned, unsigned short, unsigned short, bool, unsigned char, bool, bool, unsigned char, bool, bool)</a> from .\build\sx1276.o(i._ZN6SX127611SetRxConfigE9ModemTypejjhjttbhbbhbb) referenced from .\build\sx1276-hal.o(.constdata__ZTV12SX1276MB1xAS)
 <LI><a href="#[63]">SX1276::SetRxConfig(ModemType, unsigned, unsigned, unsigned char, unsigned, unsigned short, unsigned short, bool, unsigned char, bool, bool, unsigned char, bool, bool)</a> from .\build\sx1276.o(i._ZN6SX127611SetRxConfigE9ModemTypejjhjttbhbbhbb) referenced from .\build\sx1276.o(.constdata__ZTV6SX1276)
 <LI><a href="#[64]">SX1276::SetTxConfig(ModemType, signed char, unsigned, unsigned, unsigned, unsigned char, unsigned short, bool, bool, bool, unsigned char, bool, unsigned)</a> from .\build\sx1276.o(i._ZN6SX127611SetTxConfigE9ModemTypeajjjhtbbbhbj) referenced from .\build\sx1276-hal.o(.constdata__ZTV12SX1276MB1xAS)
 <LI><a href="#[64]">SX1276::SetTxConfig(ModemType, signed char, unsigned, unsigned, unsigned, unsigned char, unsigned short, bool, bool, bool, unsigned char, bool, unsigned)</a> from .\build\sx1276.o(i._ZN6SX127611SetTxConfigE9ModemTypeajjjhtbbbhbj) referenced from .\build\sx1276.o(.constdata__ZTV6SX1276)
 <LI><a href="#[82]">SX1276::OnTimeoutIrq()</a> from .\build\sx1276.o(i._ZN6SX127612OnTimeoutIrqEv) referenced from .\build\sx1276-hal.o(.constdata__ZTV12SX1276MB1xAS)
 <LI><a href="#[82]">SX1276::OnTimeoutIrq()</a> from .\build\sx1276.o(i._ZN6SX127612OnTimeoutIrqEv) referenced from .\build\sx1276.o(.constdata__ZTV6SX1276)
 <LI><a href="#[70]">SX1276::SetPublicNetwork(bool)</a> from .\build\sx1276.o(i._ZN6SX127616SetPublicNetworkEb) referenced from .\build\sx1276-hal.o(.constdata__ZTV12SX1276MB1xAS)
 <LI><a href="#[70]">SX1276::SetPublicNetwork(bool)</a> from .\build\sx1276.o(i._ZN6SX127616SetPublicNetworkEb) referenced from .\build\sx1276.o(.constdata__ZTV6SX1276)
 <LI><a href="#[68]">SX1276::Rx(unsigned)</a> from .\build\sx1276.o(i._ZN6SX12762RxEj) referenced from .\build\sx1276-hal.o(.constdata__ZTV12SX1276MB1xAS)
 <LI><a href="#[68]">SX1276::Rx(unsigned)</a> from .\build\sx1276.o(i._ZN6SX12762RxEj) referenced from .\build\sx1276.o(.constdata__ZTV6SX1276)
 <LI><a href="#[69]">SX1276::Tx(unsigned)</a> from .\build\sx1276.o(i._ZN6SX12762TxEj) referenced from .\build\sx1276-hal.o(.constdata__ZTV12SX1276MB1xAS)
 <LI><a href="#[69]">SX1276::Tx(unsigned)</a> from .\build\sx1276.o(i._ZN6SX12762TxEj) referenced from .\build\sx1276.o(.constdata__ZTV6SX1276)
 <LI><a href="#[60]">SX1276::Init(RadioEvents_t*)</a> from .\build\sx1276.o(i._ZN6SX12764InitEP13RadioEvents_t) referenced from .\build\sx1276-hal.o(.constdata__ZTV12SX1276MB1xAS)
 <LI><a href="#[60]">SX1276::Init(RadioEvents_t*)</a> from .\build\sx1276.o(i._ZN6SX12764InitEP13RadioEvents_t) referenced from .\build\sx1276.o(.constdata__ZTV6SX1276)
 <LI><a href="#[65]">SX1276::Send(unsigned char*, unsigned char)</a> from .\build\sx1276.o(i._ZN6SX12764SendEPhh) referenced from .\build\sx1276-hal.o(.constdata__ZTV12SX1276MB1xAS)
 <LI><a href="#[65]">SX1276::Send(unsigned char*, unsigned char)</a> from .\build\sx1276.o(i._ZN6SX12764SendEPhh) referenced from .\build\sx1276.o(.constdata__ZTV6SX1276)
 <LI><a href="#[66]">SX1276::Sleep()</a> from .\build\sx1276.o(i._ZN6SX12765SleepEv) referenced from .\build\sx1276-hal.o(.constdata__ZTV12SX1276MB1xAS)
 <LI><a href="#[66]">SX1276::Sleep()</a> from .\build\sx1276.o(i._ZN6SX12765SleepEv) referenced from .\build\sx1276.o(.constdata__ZTV6SX1276)
 <LI><a href="#[67]">SX1276::Standby()</a> from .\build\sx1276.o(i._ZN6SX12767StandbyEv) referenced from .\build\sx1276-hal.o(.constdata__ZTV12SX1276MB1xAS)
 <LI><a href="#[67]">SX1276::Standby()</a> from .\build\sx1276.o(i._ZN6SX12767StandbyEv) referenced from .\build\sx1276.o(.constdata__ZTV6SX1276)
 <LI><a href="#[61]">SX1276::SetModem(ModemType)</a> from .\build\sx1276.o(i._ZN6SX12768SetModemE9ModemType) referenced from .\build\sx1276-hal.o(.constdata__ZTV12SX1276MB1xAS)
 <LI><a href="#[61]">SX1276::SetModem(ModemType)</a> from .\build\sx1276.o(i._ZN6SX12768SetModemE9ModemType) referenced from .\build\sx1276.o(.constdata__ZTV6SX1276)
 <LI><a href="#[7d]">SX1276::OnDio0Irq()</a> from .\build\sx1276.o(i._ZN6SX12769OnDio0IrqEv) referenced from .\build\sx1276-hal.o(.constdata__ZTV12SX1276MB1xAS)
 <LI><a href="#[7d]">SX1276::OnDio0Irq()</a> from .\build\sx1276.o(i._ZN6SX12769OnDio0IrqEv) referenced from .\build\sx1276.o(.constdata__ZTV6SX1276)
 <LI><a href="#[7e]">SX1276::OnDio1Irq()</a> from .\build\sx1276.o(i._ZN6SX12769OnDio1IrqEv) referenced from .\build\sx1276-hal.o(.constdata__ZTV12SX1276MB1xAS)
 <LI><a href="#[7e]">SX1276::OnDio1Irq()</a> from .\build\sx1276.o(i._ZN6SX12769OnDio1IrqEv) referenced from .\build\sx1276.o(.constdata__ZTV6SX1276)
 <LI><a href="#[7f]">SX1276::OnDio2Irq()</a> from .\build\sx1276.o(i._ZN6SX12769OnDio2IrqEv) referenced from .\build\sx1276-hal.o(.constdata__ZTV12SX1276MB1xAS)
 <LI><a href="#[7f]">SX1276::OnDio2Irq()</a> from .\build\sx1276.o(i._ZN6SX12769OnDio2IrqEv) referenced from .\build\sx1276.o(.constdata__ZTV6SX1276)
 <LI><a href="#[80]">SX1276::OnDio3Irq()</a> from .\build\sx1276.o(i._ZN6SX12769OnDio3IrqEv) referenced from .\build\sx1276-hal.o(.constdata__ZTV12SX1276MB1xAS)
 <LI><a href="#[80]">SX1276::OnDio3Irq()</a> from .\build\sx1276.o(i._ZN6SX12769OnDio3IrqEv) referenced from .\build\sx1276.o(.constdata__ZTV6SX1276)
 <LI><a href="#[81]">SX1276::OnDio4Irq()</a> from .\build\sx1276.o(i._ZN6SX12769OnDio4IrqEv) referenced from .\build\sx1276-hal.o(.constdata__ZTV12SX1276MB1xAS)
 <LI><a href="#[81]">SX1276::OnDio4Irq()</a> from .\build\sx1276.o(i._ZN6SX12769OnDio4IrqEv) referenced from .\build\sx1276.o(.constdata__ZTV6SX1276)
 <LI><a href="#[7c]">SX1276::SetOpMode(unsigned char)</a> from .\build\sx1276.o(i._ZN6SX12769SetOpModeEh) referenced from .\build\sx1276-hal.o(.constdata__ZTV12SX1276MB1xAS)
 <LI><a href="#[7c]">SX1276::SetOpMode(unsigned char)</a> from .\build\sx1276.o(i._ZN6SX12769SetOpModeEh) referenced from .\build\sx1276.o(.constdata__ZTV6SX1276)
 <LI><a href="#[85]">SX1276::~SX1276__sub_object()</a> from .\build\sx1276.o(i._ZN6SX1276D2Ev) referenced from .\build\sx1276.o(.constdata__ZTV6SX1276)
 <LI><a href="#[98]">thunk{-152} to mbed::Serial::lock()</a> from mbed/TARGET_NRF51_DK/TOOLCHAIN_ARM_STD/mbed.ar(Serial.o)(i._ZThn152_N4mbed6Serial4lockEv) referenced from mbed/TARGET_NRF51_DK/TOOLCHAIN_ARM_STD/mbed.ar(Serial.o)(.constdata__ZTVN4mbed6SerialE)
 <LI><a href="#[97]">thunk{-152} to mbed::Serial::_putc(int)</a> from mbed/TARGET_NRF51_DK/TOOLCHAIN_ARM_STD/mbed.ar(Serial.o)(i._ZThn152_N4mbed6Serial5_putcEi) referenced from mbed/TARGET_NRF51_DK/TOOLCHAIN_ARM_STD/mbed.ar(Serial.o)(.constdata__ZTVN4mbed6SerialE)
 <LI><a href="#[99]">thunk{-152} to mbed::Serial::unlock()</a> from mbed/TARGET_NRF51_DK/TOOLCHAIN_ARM_STD/mbed.ar(Serial.o)(i._ZThn152_N4mbed6Serial6unlockEv) referenced from mbed/TARGET_NRF51_DK/TOOLCHAIN_ARM_STD/mbed.ar(Serial.o)(.constdata__ZTVN4mbed6SerialE)
 <LI><a href="#[84]">__cxa_pure_virtual</a> from C:\Keil_v5\ARM\ARMCC\Bin\..\lib\cpplib\cpprt_p.l(pure_virt.o)(i.__cxa_pure_virtual) referenced 26 times from .\build\radio.o(.constdata__ZTV5Radio)
 <LI><a href="#[84]">__cxa_pure_virtual</a> from C:\Keil_v5\ARM\ARMCC\Bin\..\lib\cpplib\cpprt_p.l(pure_virt.o)(i.__cxa_pure_virtual) referenced 19 times from .\build\sx1276.o(.constdata__ZTV6SX1276)
 <LI><a href="#[84]">__cxa_pure_virtual</a> from C:\Keil_v5\ARM\ARMCC\Bin\..\lib\cpplib\cpprt_p.l(pure_virt.o)(i.__cxa_pure_virtual) referenced 4 times from mbed/TARGET_NRF51_DK/TOOLCHAIN_ARM_STD/mbed.ar(FileHandle.o)(.constdata__ZTVN4mbed10FileHandleE)
 <LI><a href="#[84]">__cxa_pure_virtual</a> from C:\Keil_v5\ARM\ARMCC\Bin\..\lib\cpplib\cpprt_p.l(pure_virt.o)(i.__cxa_pure_virtual) referenced from mbed/TARGET_NRF51_DK/TOOLCHAIN_ARM_STD/mbed.ar(TimerEvent.o)(.constdata__ZTVN4mbed10TimerEventE)
 <LI><a href="#[84]">__cxa_pure_virtual</a> from C:\Keil_v5\ARM\ARMCC\Bin\..\lib\cpplib\cpprt_p.l(pure_virt.o)(i.__cxa_pure_virtual) referenced 2 times from mbed/TARGET_NRF51_DK/TOOLCHAIN_ARM_STD/mbed.ar(Stream.o)(.constdata__ZTVN4mbed6StreamE)
 <LI><a href="#[ac]">__main</a> from C:\Keil_v5\ARM\ARMCC\Bin\..\lib\armlib\c_p.l(__main.o)(!!!main) referenced from mbed/TARGET_NRF51_DK/TOOLCHAIN_ARM_STD/startup_nRF51822.o(.text)
 <LI><a href="#[aa]">__sti___8_main_cpp_led</a> from .\build\main.o(i.__sti___8_main_cpp_led) referenced from .\build\main.o(.init_array)
 <LI><a href="#[38]">_get_lc_ctype</a> from C:\Keil_v5\ARM\ARMCC\Bin\..\lib\armlib\c_p.l(lc_ctype_c.o)(locale$$code) referenced from C:\Keil_v5\ARM\ARMCC\Bin\..\lib\armlib\c_p.l(rt_ctype_table.o)(.text)
 <LI><a href="#[4b]">_printf_fp_dec_real</a> from C:\Keil_v5\ARM\ARMCC\Bin\..\lib\armlib\c_p.l(_printf_fp_dec.o)(.text) referenced from C:\Keil_v5\ARM\ARMCC\Bin\..\lib\armlib\fz_ps.l(printf1.o)(x$fpl$printf1)
 <LI><a href="#[4c]">_printf_fp_hex_real</a> from C:\Keil_v5\ARM\ARMCC\Bin\..\lib\armlib\c_p.l(_printf_fp_hex.o)(.text) referenced from C:\Keil_v5\ARM\ARMCC\Bin\..\lib\armlib\fz_ps.l(printf2.o)(x$fpl$printf2)
 <LI><a href="#[36]">_printf_input_char</a> from C:\Keil_v5\ARM\ARMCC\Bin\..\lib\armlib\c_p.l(_printf_char_common.o)(.text) referenced from C:\Keil_v5\ARM\ARMCC\Bin\..\lib\armlib\c_p.l(_printf_char_common.o)(.text)
 <LI><a href="#[35]">_snputc</a> from C:\Keil_v5\ARM\ARMCC\Bin\..\lib\armlib\c_p.l(_snputc.o)(.text) referenced from C:\Keil_v5\ARM\ARMCC\Bin\..\lib\armlib\c_p.l(vsnprintf.o)(.text)
 <LI><a href="#[37]">fputc</a> from C:\Keil_v5\ARM\ARMCC\Bin\..\lib\armlib\c_p.l(fputc.o)(i.fputc) referenced from C:\Keil_v5\ARM\ARMCC\Bin\..\lib\armlib\c_p.l(_printf_char_file.o)(.text)
 <LI><a href="#[ab]">fs_event_handler</a> from mbed/TARGET_NRF51_DK/TOOLCHAIN_ARM_STD/fds.o(i.fs_event_handler) referenced from mbed/TARGET_NRF51_DK/TOOLCHAIN_ARM_STD/fds.o(fs_data)
 <LI><a href="#[43]">gpiote_irq_handler</a> from mbed/TARGET_NRF51_DK/TOOLCHAIN_ARM_STD/gpio_api.o(i.gpiote_irq_handler) referenced from mbed/TARGET_NRF51_DK/TOOLCHAIN_ARM_STD/gpio_api.o(i.gpio_apply_config)
 <LI><a href="#[4d]">irq_handler_for_instance_1</a> from mbed/TARGET_NRF51_DK/TOOLCHAIN_ARM_STD/nrf_drv_spi.o(i.irq_handler_for_instance_1) referenced 2 times from mbed/TARGET_NRF51_DK/TOOLCHAIN_ARM_STD/nrf_drv_spi.o(.constdata)
 <LI><a href="#[57]">lp_ticker_clear_interrupt</a> from mbed/TARGET_NRF51_DK/TOOLCHAIN_ARM_STD/lp_ticker.o(i.lp_ticker_clear_interrupt) referenced from mbed/TARGET_NRF51_DK/TOOLCHAIN_ARM_STD/mbed.ar(mbed_lp_ticker_api.o)(.constdata)
 <LI><a href="#[56]">lp_ticker_disable_interrupt</a> from mbed/TARGET_NRF51_DK/TOOLCHAIN_ARM_STD/lp_ticker.o(i.lp_ticker_disable_interrupt) referenced from mbed/TARGET_NRF51_DK/TOOLCHAIN_ARM_STD/mbed.ar(mbed_lp_ticker_api.o)(.constdata)
 <LI><a href="#[59]">lp_ticker_fire_interrupt</a> from mbed/TARGET_NRF51_DK/TOOLCHAIN_ARM_STD/lp_ticker.o(i.lp_ticker_fire_interrupt) referenced from mbed/TARGET_NRF51_DK/TOOLCHAIN_ARM_STD/mbed.ar(mbed_lp_ticker_api.o)(.constdata)
 <LI><a href="#[54]">lp_ticker_init</a> from mbed/TARGET_NRF51_DK/TOOLCHAIN_ARM_STD/lp_ticker.o(i.lp_ticker_init) referenced from mbed/TARGET_NRF51_DK/TOOLCHAIN_ARM_STD/mbed.ar(mbed_lp_ticker_api.o)(.constdata)
 <LI><a href="#[55]">lp_ticker_read</a> from mbed/TARGET_NRF51_DK/TOOLCHAIN_ARM_STD/lp_ticker.o(i.lp_ticker_read) referenced from mbed/TARGET_NRF51_DK/TOOLCHAIN_ARM_STD/mbed.ar(mbed_lp_ticker_api.o)(.constdata)
 <LI><a href="#[58]">lp_ticker_set_interrupt</a> from mbed/TARGET_NRF51_DK/TOOLCHAIN_ARM_STD/lp_ticker.o(i.lp_ticker_set_interrupt) referenced from mbed/TARGET_NRF51_DK/TOOLCHAIN_ARM_STD/mbed.ar(mbed_lp_ticker_api.o)(.constdata)
 <LI><a href="#[4f]">master_event_handler_1</a> from mbed/TARGET_NRF51_DK/TOOLCHAIN_ARM_STD/spi_api.o(i.master_event_handler_1) referenced from mbed/TARGET_NRF51_DK/TOOLCHAIN_ARM_STD/spi_api.o(.constdata)
 <LI><a href="#[33]">nrf_reloc_vector_table</a> from mbed/TARGET_NRF51_DK/TOOLCHAIN_ARM_STD/reloc_vector_table.o(i.nrf_reloc_vector_table) referenced from mbed/TARGET_NRF51_DK/TOOLCHAIN_ARM_STD/startup_nRF51822.o(.text)
 <LI><a href="#[50]">slave_event_handler_1</a> from mbed/TARGET_NRF51_DK/TOOLCHAIN_ARM_STD/spi_api.o(i.slave_event_handler_1) referenced from mbed/TARGET_NRF51_DK/TOOLCHAIN_ARM_STD/spi_api.o(.constdata)
 <LI><a href="#[5d]">us_ticker_clear_interrupt</a> from mbed/TARGET_NRF51_DK/TOOLCHAIN_ARM_STD/us_ticker.o(i.us_ticker_clear_interrupt) referenced from mbed/TARGET_NRF51_DK/TOOLCHAIN_ARM_STD/mbed.ar(mbed_us_ticker_api.o)(.constdata)
 <LI><a href="#[5c]">us_ticker_disable_interrupt</a> from mbed/TARGET_NRF51_DK/TOOLCHAIN_ARM_STD/us_ticker.o(i.us_ticker_disable_interrupt) referenced from mbed/TARGET_NRF51_DK/TOOLCHAIN_ARM_STD/mbed.ar(mbed_us_ticker_api.o)(.constdata)
 <LI><a href="#[5f]">us_ticker_fire_interrupt</a> from mbed/TARGET_NRF51_DK/TOOLCHAIN_ARM_STD/us_ticker.o(i.us_ticker_fire_interrupt) referenced from mbed/TARGET_NRF51_DK/TOOLCHAIN_ARM_STD/mbed.ar(mbed_us_ticker_api.o)(.constdata)
 <LI><a href="#[5a]">us_ticker_init</a> from mbed/TARGET_NRF51_DK/TOOLCHAIN_ARM_STD/us_ticker.o(i.us_ticker_init) referenced from mbed/TARGET_NRF51_DK/TOOLCHAIN_ARM_STD/mbed.ar(mbed_us_ticker_api.o)(.constdata)
 <LI><a href="#[5b]">us_ticker_read</a> from mbed/TARGET_NRF51_DK/TOOLCHAIN_ARM_STD/us_ticker.o(i.us_ticker_read) referenced from mbed/TARGET_NRF51_DK/TOOLCHAIN_ARM_STD/mbed.ar(mbed_us_ticker_api.o)(.constdata)
 <LI><a href="#[5e]">us_ticker_set_interrupt</a> from mbed/TARGET_NRF51_DK/TOOLCHAIN_ARM_STD/us_ticker.o(i.us_ticker_set_interrupt) referenced from mbed/TARGET_NRF51_DK/TOOLCHAIN_ARM_STD/mbed.ar(mbed_us_ticker_api.o)(.constdata)
</UL>
<P>
<H3>
Global Symbols
</H3>
<P><STRONG><a name="[ac]"></a>__main</STRONG> (Thumb, 8 bytes, Stack size 0 bytes, C:\Keil_v5\ARM\ARMCC\Bin\..\lib\armlib\c_p.l(__main.o)(!!!main))
<BR><BR>[Calls]<UL><LI><a href="#[af]">&gt;&gt;</a>&nbsp;&nbsp;&nbsp;__rt_entry
<LI><a href="#[ae]">&gt;&gt;</a>&nbsp;&nbsp;&nbsp;__scatterload
</UL>

<P><STRONG><a name="[ae]"></a>__scatterload</STRONG> (Thumb, 0 bytes, Stack size 0 bytes, C:\Keil_v5\ARM\ARMCC\Bin\..\lib\armlib\c_p.l(__scatter.o)(!!!scatter))
<BR><BR>[Called By]<UL><LI><a href="#[ac]">&gt;&gt;</a>&nbsp;&nbsp;&nbsp;__main
</UL>

<P><STRONG><a name="[b0]"></a>__scatterload_rt2</STRONG> (Thumb, 52 bytes, Stack size 0 bytes, C:\Keil_v5\ARM\ARMCC\Bin\..\lib\armlib\c_p.l(__scatter.o)(!!!scatter), UNUSED)
<BR><BR>[Calls]<UL><LI><a href="#[af]">&gt;&gt;</a>&nbsp;&nbsp;&nbsp;__rt_entry
</UL>

<P><STRONG><a name="[b1]"></a>__scatterload_copy</STRONG> (Thumb, 26 bytes, Stack size 0 bytes, C:\Keil_v5\ARM\ARMCC\Bin\..\lib\armlib\c_p.l(__scatter_copy.o)(!!handler_copy), UNUSED)
<BR><BR>[Calls]<UL><LI><a href="#[b1]">&gt;&gt;</a>&nbsp;&nbsp;&nbsp;__scatterload_copy
</UL>
<BR>[Called By]<UL><LI><a href="#[b1]">&gt;&gt;</a>&nbsp;&nbsp;&nbsp;__scatterload_copy
</UL>

<P><STRONG><a name="[12b]"></a>_printf_percent</STRONG> (Thumb, 0 bytes, Stack size 0 bytes, C:\Keil_v5\ARM\ARMCC\Bin\..\lib\armlib\c_p.l(_printf_percent.o)(.ARM.Collect$$_printf_percent$$00000000))
<BR><BR>[Called By]<UL><LI><a href="#[123]">&gt;&gt;</a>&nbsp;&nbsp;&nbsp;__printf
</UL>

<P><STRONG><a name="[b2]"></a>_printf_n</STRONG> (Thumb, 0 bytes, Stack size 0 bytes, C:\Keil_v5\ARM\ARMCC\Bin\..\lib\armlib\c_p.l(_printf_n.o)(.ARM.Collect$$_printf_percent$$00000001))
<BR><BR>[Calls]<UL><LI><a href="#[b3]">&gt;&gt;</a>&nbsp;&nbsp;&nbsp;_printf_p
<LI><a href="#[b4]">&gt;&gt;</a>&nbsp;&nbsp;&nbsp;_printf_charcount
</UL>

<P><STRONG><a name="[b3]"></a>_printf_p</STRONG> (Thumb, 0 bytes, Stack size 0 bytes, C:\Keil_v5\ARM\ARMCC\Bin\..\lib\armlib\c_p.l(_printf_p.o)(.ARM.Collect$$_printf_percent$$00000002))
<BR><BR>[Calls]<UL><LI><a href="#[b5]">&gt;&gt;</a>&nbsp;&nbsp;&nbsp;_printf_f
<LI><a href="#[b6]">&gt;&gt;</a>&nbsp;&nbsp;&nbsp;_printf_hex_ptr
</UL>
<BR>[Called By]<UL><LI><a href="#[b2]">&gt;&gt;</a>&nbsp;&nbsp;&nbsp;_printf_n
</UL>

<P><STRONG><a name="[b5]"></a>_printf_f</STRONG> (Thumb, 0 bytes, Stack size 0 bytes, C:\Keil_v5\ARM\ARMCC\Bin\..\lib\armlib\c_p.l(_printf_f.o)(.ARM.Collect$$_printf_percent$$00000003))
<BR><BR>[Calls]<UL><LI><a href="#[b7]">&gt;&gt;</a>&nbsp;&nbsp;&nbsp;_printf_e
<LI><a href="#[b8]">&gt;&gt;</a>&nbsp;&nbsp;&nbsp;_printf_fp_dec
</UL>
<BR>[Called By]<UL><LI><a href="#[b3]">&gt;&gt;</a>&nbsp;&nbsp;&nbsp;_printf_p
</UL>

<P><STRONG><a name="[b7]"></a>_printf_e</STRONG> (Thumb, 0 bytes, Stack size 0 bytes, C:\Keil_v5\ARM\ARMCC\Bin\..\lib\armlib\c_p.l(_printf_e.o)(.ARM.Collect$$_printf_percent$$00000004))
<BR><BR>[Calls]<UL><LI><a href="#[b9]">&gt;&gt;</a>&nbsp;&nbsp;&nbsp;_printf_g
<LI><a href="#[b8]">&gt;&gt;</a>&nbsp;&nbsp;&nbsp;_printf_fp_dec
</UL>
<BR>[Called By]<UL><LI><a href="#[b5]">&gt;&gt;</a>&nbsp;&nbsp;&nbsp;_printf_f
</UL>

<P><STRONG><a name="[b9]"></a>_printf_g</STRONG> (Thumb, 0 bytes, Stack size 0 bytes, C:\Keil_v5\ARM\ARMCC\Bin\..\lib\armlib\c_p.l(_printf_g.o)(.ARM.Collect$$_printf_percent$$00000005))
<BR><BR>[Calls]<UL><LI><a href="#[ba]">&gt;&gt;</a>&nbsp;&nbsp;&nbsp;_printf_a
<LI><a href="#[b8]">&gt;&gt;</a>&nbsp;&nbsp;&nbsp;_printf_fp_dec
</UL>
<BR>[Called By]<UL><LI><a href="#[b7]">&gt;&gt;</a>&nbsp;&nbsp;&nbsp;_printf_e
</UL>

<P><STRONG><a name="[ba]"></a>_printf_a</STRONG> (Thumb, 0 bytes, Stack size 0 bytes, C:\Keil_v5\ARM\ARMCC\Bin\..\lib\armlib\c_p.l(_printf_a.o)(.ARM.Collect$$_printf_percent$$00000006))
<BR><BR>[Calls]<UL><LI><a href="#[bc]">&gt;&gt;</a>&nbsp;&nbsp;&nbsp;_printf_fp_hex
<LI><a href="#[bb]">&gt;&gt;</a>&nbsp;&nbsp;&nbsp;_printf_ll
</UL>
<BR>[Called By]<UL><LI><a href="#[b9]">&gt;&gt;</a>&nbsp;&nbsp;&nbsp;_printf_g
</UL>

<P><STRONG><a name="[bb]"></a>_printf_ll</STRONG> (Thumb, 0 bytes, Stack size 0 bytes, C:\Keil_v5\ARM\ARMCC\Bin\..\lib\armlib\c_p.l(_printf_ll.o)(.ARM.Collect$$_printf_percent$$00000007))
<BR><BR>[Calls]<UL><LI><a href="#[bd]">&gt;&gt;</a>&nbsp;&nbsp;&nbsp;_printf_i
</UL>
<BR>[Called By]<UL><LI><a href="#[ba]">&gt;&gt;</a>&nbsp;&nbsp;&nbsp;_printf_a
</UL>

<P><STRONG><a name="[bd]"></a>_printf_i</STRONG> (Thumb, 0 bytes, Stack size 0 bytes, C:\Keil_v5\ARM\ARMCC\Bin\..\lib\armlib\c_p.l(_printf_i.o)(.ARM.Collect$$_printf_percent$$00000008))
<BR><BR>[Calls]<UL><LI><a href="#[be]">&gt;&gt;</a>&nbsp;&nbsp;&nbsp;_printf_d
<LI><a href="#[bf]">&gt;&gt;</a>&nbsp;&nbsp;&nbsp;_printf_int_dec
</UL>
<BR>[Called By]<UL><LI><a href="#[bb]">&gt;&gt;</a>&nbsp;&nbsp;&nbsp;_printf_ll
</UL>

<P><STRONG><a name="[be]"></a>_printf_d</STRONG> (Thumb, 0 bytes, Stack size 0 bytes, C:\Keil_v5\ARM\ARMCC\Bin\..\lib\armlib\c_p.l(_printf_d.o)(.ARM.Collect$$_printf_percent$$00000009))
<BR><BR>[Calls]<UL><LI><a href="#[c0]">&gt;&gt;</a>&nbsp;&nbsp;&nbsp;_printf_u
<LI><a href="#[bf]">&gt;&gt;</a>&nbsp;&nbsp;&nbsp;_printf_int_dec
</UL>
<BR>[Called By]<UL><LI><a href="#[bd]">&gt;&gt;</a>&nbsp;&nbsp;&nbsp;_printf_i
</UL>

<P><STRONG><a name="[c0]"></a>_printf_u</STRONG> (Thumb, 0 bytes, Stack size 0 bytes, C:\Keil_v5\ARM\ARMCC\Bin\..\lib\armlib\c_p.l(_printf_u.o)(.ARM.Collect$$_printf_percent$$0000000A))
<BR><BR>[Calls]<UL><LI><a href="#[c1]">&gt;&gt;</a>&nbsp;&nbsp;&nbsp;_printf_o
<LI><a href="#[bf]">&gt;&gt;</a>&nbsp;&nbsp;&nbsp;_printf_int_dec
</UL>
<BR>[Called By]<UL><LI><a href="#[be]">&gt;&gt;</a>&nbsp;&nbsp;&nbsp;_printf_d
</UL>

<P><STRONG><a name="[c1]"></a>_printf_o</STRONG> (Thumb, 0 bytes, Stack size 0 bytes, C:\Keil_v5\ARM\ARMCC\Bin\..\lib\armlib\c_p.l(_printf_o.o)(.ARM.Collect$$_printf_percent$$0000000B))
<BR><BR>[Calls]<UL><LI><a href="#[c2]">&gt;&gt;</a>&nbsp;&nbsp;&nbsp;_printf_x
<LI><a href="#[c3]">&gt;&gt;</a>&nbsp;&nbsp;&nbsp;_printf_int_oct
</UL>
<BR>[Called By]<UL><LI><a href="#[c0]">&gt;&gt;</a>&nbsp;&nbsp;&nbsp;_printf_u
</UL>

<P><STRONG><a name="[c2]"></a>_printf_x</STRONG> (Thumb, 0 bytes, Stack size 0 bytes, C:\Keil_v5\ARM\ARMCC\Bin\..\lib\armlib\c_p.l(_printf_x.o)(.ARM.Collect$$_printf_percent$$0000000C))
<BR><BR>[Calls]<UL><LI><a href="#[c4]">&gt;&gt;</a>&nbsp;&nbsp;&nbsp;_printf_lli
<LI><a href="#[c5]">&gt;&gt;</a>&nbsp;&nbsp;&nbsp;_printf_int_hex
</UL>
<BR>[Called By]<UL><LI><a href="#[c1]">&gt;&gt;</a>&nbsp;&nbsp;&nbsp;_printf_o
</UL>

<P><STRONG><a name="[c4]"></a>_printf_lli</STRONG> (Thumb, 0 bytes, Stack size 0 bytes, C:\Keil_v5\ARM\ARMCC\Bin\..\lib\armlib\c_p.l(_printf_lli.o)(.ARM.Collect$$_printf_percent$$0000000D))
<BR><BR>[Calls]<UL><LI><a href="#[c7]">&gt;&gt;</a>&nbsp;&nbsp;&nbsp;_printf_longlong_dec
<LI><a href="#[c6]">&gt;&gt;</a>&nbsp;&nbsp;&nbsp;_printf_lld
</UL>
<BR>[Called By]<UL><LI><a href="#[c2]">&gt;&gt;</a>&nbsp;&nbsp;&nbsp;_printf_x
</UL>

<P><STRONG><a name="[c6]"></a>_printf_lld</STRONG> (Thumb, 0 bytes, Stack size 0 bytes, C:\Keil_v5\ARM\ARMCC\Bin\..\lib\armlib\c_p.l(_printf_lld.o)(.ARM.Collect$$_printf_percent$$0000000E))
<BR><BR>[Calls]<UL><LI><a href="#[c7]">&gt;&gt;</a>&nbsp;&nbsp;&nbsp;_printf_longlong_dec
<LI><a href="#[c8]">&gt;&gt;</a>&nbsp;&nbsp;&nbsp;_printf_llu
</UL>
<BR>[Called By]<UL><LI><a href="#[c4]">&gt;&gt;</a>&nbsp;&nbsp;&nbsp;_printf_lli
</UL>

<P><STRONG><a name="[c8]"></a>_printf_llu</STRONG> (Thumb, 0 bytes, Stack size 0 bytes, C:\Keil_v5\ARM\ARMCC\Bin\..\lib\armlib\c_p.l(_printf_llu.o)(.ARM.Collect$$_printf_percent$$0000000F))
<BR><BR>[Calls]<UL><LI><a href="#[c7]">&gt;&gt;</a>&nbsp;&nbsp;&nbsp;_printf_longlong_dec
<LI><a href="#[c9]">&gt;&gt;</a>&nbsp;&nbsp;&nbsp;_printf_llo
</UL>
<BR>[Called By]<UL><LI><a href="#[c6]">&gt;&gt;</a>&nbsp;&nbsp;&nbsp;_printf_lld
</UL>

<P><STRONG><a name="[c9]"></a>_printf_llo</STRONG> (Thumb, 0 bytes, Stack size 0 bytes, C:\Keil_v5\ARM\ARMCC\Bin\..\lib\armlib\c_p.l(_printf_llo.o)(.ARM.Collect$$_printf_percent$$00000010))
<BR><BR>[Calls]<UL><LI><a href="#[cb]">&gt;&gt;</a>&nbsp;&nbsp;&nbsp;_printf_ll_oct
<LI><a href="#[ca]">&gt;&gt;</a>&nbsp;&nbsp;&nbsp;_printf_llx
</UL>
<BR>[Called By]<UL><LI><a href="#[c8]">&gt;&gt;</a>&nbsp;&nbsp;&nbsp;_printf_llu
</UL>

<P><STRONG><a name="[ca]"></a>_printf_llx</STRONG> (Thumb, 0 bytes, Stack size 0 bytes, C:\Keil_v5\ARM\ARMCC\Bin\..\lib\armlib\c_p.l(_printf_llx.o)(.ARM.Collect$$_printf_percent$$00000011))
<BR><BR>[Calls]<UL><LI><a href="#[cd]">&gt;&gt;</a>&nbsp;&nbsp;&nbsp;_printf_ll_hex
<LI><a href="#[cc]">&gt;&gt;</a>&nbsp;&nbsp;&nbsp;_printf_l
</UL>
<BR>[Called By]<UL><LI><a href="#[c9]">&gt;&gt;</a>&nbsp;&nbsp;&nbsp;_printf_llo
</UL>

<P><STRONG><a name="[cc]"></a>_printf_l</STRONG> (Thumb, 0 bytes, Stack size 0 bytes, C:\Keil_v5\ARM\ARMCC\Bin\..\lib\armlib\c_p.l(_printf_l.o)(.ARM.Collect$$_printf_percent$$00000012))
<BR><BR>[Calls]<UL><LI><a href="#[ce]">&gt;&gt;</a>&nbsp;&nbsp;&nbsp;_printf_c
</UL>
<BR>[Called By]<UL><LI><a href="#[ca]">&gt;&gt;</a>&nbsp;&nbsp;&nbsp;_printf_llx
</UL>

<P><STRONG><a name="[ce]"></a>_printf_c</STRONG> (Thumb, 0 bytes, Stack size 0 bytes, C:\Keil_v5\ARM\ARMCC\Bin\..\lib\armlib\c_p.l(_printf_c.o)(.ARM.Collect$$_printf_percent$$00000013))
<BR><BR>[Calls]<UL><LI><a href="#[cf]">&gt;&gt;</a>&nbsp;&nbsp;&nbsp;_printf_s
<LI><a href="#[d0]">&gt;&gt;</a>&nbsp;&nbsp;&nbsp;_printf_char
</UL>
<BR>[Called By]<UL><LI><a href="#[cc]">&gt;&gt;</a>&nbsp;&nbsp;&nbsp;_printf_l
</UL>

<P><STRONG><a name="[cf]"></a>_printf_s</STRONG> (Thumb, 0 bytes, Stack size 0 bytes, C:\Keil_v5\ARM\ARMCC\Bin\..\lib\armlib\c_p.l(_printf_s.o)(.ARM.Collect$$_printf_percent$$00000014))
<BR><BR>[Calls]<UL><LI><a href="#[d2]">&gt;&gt;</a>&nbsp;&nbsp;&nbsp;_printf_string
<LI><a href="#[d1]">&gt;&gt;</a>&nbsp;&nbsp;&nbsp;_printf_lc
</UL>
<BR>[Called By]<UL><LI><a href="#[ce]">&gt;&gt;</a>&nbsp;&nbsp;&nbsp;_printf_c
</UL>

<P><STRONG><a name="[d1]"></a>_printf_lc</STRONG> (Thumb, 0 bytes, Stack size 0 bytes, C:\Keil_v5\ARM\ARMCC\Bin\..\lib\armlib\c_p.l(_printf_lc.o)(.ARM.Collect$$_printf_percent$$00000015))
<BR><BR>[Calls]<UL><LI><a href="#[d4]">&gt;&gt;</a>&nbsp;&nbsp;&nbsp;_printf_wchar
<LI><a href="#[d3]">&gt;&gt;</a>&nbsp;&nbsp;&nbsp;_printf_ls
</UL>
<BR>[Called By]<UL><LI><a href="#[cf]">&gt;&gt;</a>&nbsp;&nbsp;&nbsp;_printf_s
</UL>

<P><STRONG><a name="[d3]"></a>_printf_ls</STRONG> (Thumb, 0 bytes, Stack size 0 bytes, C:\Keil_v5\ARM\ARMCC\Bin\..\lib\armlib\c_p.l(_printf_ls.o)(.ARM.Collect$$_printf_percent$$00000016))
<BR><BR>[Calls]<UL><LI><a href="#[d5]">&gt;&gt;</a>&nbsp;&nbsp;&nbsp;_printf_percent_end
<LI><a href="#[d6]">&gt;&gt;</a>&nbsp;&nbsp;&nbsp;_printf_wstring
</UL>
<BR>[Called By]<UL><LI><a href="#[d1]">&gt;&gt;</a>&nbsp;&nbsp;&nbsp;_printf_lc
</UL>

<P><STRONG><a name="[d5]"></a>_printf_percent_end</STRONG> (Thumb, 0 bytes, Stack size 0 bytes, C:\Keil_v5\ARM\ARMCC\Bin\..\lib\armlib\c_p.l(_printf_percent_end.o)(.ARM.Collect$$_printf_percent$$00000017))
<BR><BR>[Called By]<UL><LI><a href="#[d3]">&gt;&gt;</a>&nbsp;&nbsp;&nbsp;_printf_ls
</UL>

<P><STRONG><a name="[e6]"></a>__rt_lib_init</STRONG> (Thumb, 0 bytes, Stack size 0 bytes, C:\Keil_v5\ARM\ARMCC\Bin\..\lib\armlib\c_p.l(libinit.o)(.ARM.Collect$$libinit$$00000000))
<BR><BR>[Called By]<UL><LI><a href="#[e5]">&gt;&gt;</a>&nbsp;&nbsp;&nbsp;__rt_entry_li
</UL>

<P><STRONG><a name="[d7]"></a>__rt_lib_init_heap_2</STRONG> (Thumb, 0 bytes, Stack size 0 bytes, C:\Keil_v5\ARM\ARMCC\Bin\..\lib\armlib\c_p.l(libinit2.o)(.ARM.Collect$$libinit$$00000005))
<BR><BR>[Calls]<UL><LI><a href="#[d8]">&gt;&gt;</a>&nbsp;&nbsp;&nbsp;_init_alloc
</UL>

<P><STRONG><a name="[d9]"></a>__rt_lib_init_lc_common</STRONG> (Thumb, 0 bytes, Stack size 0 bytes, C:\Keil_v5\ARM\ARMCC\Bin\..\lib\armlib\c_p.l(libinit2.o)(.ARM.Collect$$libinit$$0000000F))
<BR><BR>[Calls]<UL><LI><a href="#[da]">&gt;&gt;</a>&nbsp;&nbsp;&nbsp;__rt_locale
</UL>

<P><STRONG><a name="[db]"></a>__rt_lib_init_lc_ctype_2</STRONG> (Thumb, 0 bytes, Stack size 0 bytes, C:\Keil_v5\ARM\ARMCC\Bin\..\lib\armlib\c_p.l(libinit2.o)(.ARM.Collect$$libinit$$00000012))
<BR><BR>[Calls]<UL><LI><a href="#[38]">&gt;&gt;</a>&nbsp;&nbsp;&nbsp;_get_lc_ctype
</UL>

<P><STRONG><a name="[dc]"></a>__rt_lib_init_lc_numeric_2</STRONG> (Thumb, 0 bytes, Stack size 0 bytes, C:\Keil_v5\ARM\ARMCC\Bin\..\lib\armlib\c_p.l(libinit2.o)(.ARM.Collect$$libinit$$00000016))
<BR><BR>[Calls]<UL><LI><a href="#[dd]">&gt;&gt;</a>&nbsp;&nbsp;&nbsp;_get_lc_numeric
</UL>

<P><STRONG><a name="[de]"></a>__rt_lib_init_stdio_2</STRONG> (Thumb, 0 bytes, Stack size 0 bytes, C:\Keil_v5\ARM\ARMCC\Bin\..\lib\armlib\c_p.l(libinit2.o)(.ARM.Collect$$libinit$$00000024))
<BR><BR>[Calls]<UL><LI><a href="#[df]">&gt;&gt;</a>&nbsp;&nbsp;&nbsp;_initio
</UL>

<P><STRONG><a name="[e0]"></a>__rt_lib_init_cpp_2</STRONG> (Thumb, 0 bytes, Stack size 0 bytes, C:\Keil_v5\ARM\ARMCC\Bin\..\lib\armlib\c_p.l(libinit2.o)(.ARM.Collect$$libinit$$00000031))
<BR><BR>[Calls]<UL><LI><a href="#[ad]">&gt;&gt;</a>&nbsp;&nbsp;&nbsp;__cpp_initialize__aeabi_
</UL>

<P><STRONG><a name="[af]"></a>__rt_entry</STRONG> (Thumb, 0 bytes, Stack size 0 bytes, C:\Keil_v5\ARM\ARMCC\Bin\..\lib\armlib\c_p.l(__rtentry.o)(.ARM.Collect$$rtentry$$00000000))
<BR><BR>[Called By]<UL><LI><a href="#[ac]">&gt;&gt;</a>&nbsp;&nbsp;&nbsp;__main
<LI><a href="#[b0]">&gt;&gt;</a>&nbsp;&nbsp;&nbsp;__scatterload_rt2
</UL>

<P><STRONG><a name="[e1]"></a>__rt_entry_sh</STRONG> (Thumb, 0 bytes, Stack size 0 bytes, C:\Keil_v5\ARM\ARMCC\Bin\..\lib\armlib\c_p.l(__rtentry4.o)(.ARM.Collect$$rtentry$$00000004))
<BR><BR>[Calls]<UL><LI><a href="#[e2]">&gt;&gt;</a>&nbsp;&nbsp;&nbsp;__user_setup_stackheap
</UL>

<P><STRONG><a name="[e3]"></a>__rt_entry_postsh_1</STRONG> (Thumb, 0 bytes, Stack size 0 bytes, C:\Keil_v5\ARM\ARMCC\Bin\..\lib\armlib\c_p.l(__rtentry2.o)(.ARM.Collect$$rtentry$$00000008))
<BR><BR>[Calls]<UL><LI><a href="#[e4]">&gt;&gt;</a>&nbsp;&nbsp;&nbsp;_platform_post_stackheap_init
</UL>

<P><STRONG><a name="[e5]"></a>__rt_entry_li</STRONG> (Thumb, 0 bytes, Stack size 0 bytes, C:\Keil_v5\ARM\ARMCC\Bin\..\lib\armlib\c_p.l(__rtentry2.o)(.ARM.Collect$$rtentry$$0000000A))
<BR><BR>[Calls]<UL><LI><a href="#[e6]">&gt;&gt;</a>&nbsp;&nbsp;&nbsp;__rt_lib_init
</UL>

<P><STRONG><a name="[e7]"></a>__rt_entry_main</STRONG> (Thumb, 0 bytes, Stack size 0 bytes, C:\Keil_v5\ARM\ARMCC\Bin\..\lib\armlib\c_p.l(__rtentry2.o)(.ARM.Collect$$rtentry$$0000000D))
<BR><BR>[Calls]<UL><LI><a href="#[e8]">&gt;&gt;</a>&nbsp;&nbsp;&nbsp;main
<LI><a href="#[e9]">&gt;&gt;</a>&nbsp;&nbsp;&nbsp;exit
</UL>

<P><STRONG><a name="[106]"></a>__aeabi_memcpy4</STRONG> (Thumb, 56 bytes, Stack size 0 bytes, C:\Keil_v5\ARM\ARMCC\Bin\..\lib\armlib\c_p.l(rt_memcpy.o)(.emb_text))
<BR><BR>[Called By]<UL><LI><a href="#[33]">&gt;&gt;</a>&nbsp;&nbsp;&nbsp;nrf_reloc_vector_table
<LI><a href="#[105]">&gt;&gt;</a>&nbsp;&nbsp;&nbsp;__aeabi_memcpy
</UL>

<P><STRONG><a name="[13]"></a>Reset_Handler</STRONG> (Thumb, 30 bytes, Stack size 0 bytes, mbed/TARGET_NRF51_DK/TOOLCHAIN_ARM_STD/startup_nRF51822.o(.text))
<BR>[Address Reference Count : 1]<UL><LI> startup_nRF51822.o(RESET)
</UL>
<P><STRONG><a name="[14]"></a>NMI_Handler</STRONG> (Thumb, 2 bytes, Stack size 0 bytes, mbed/TARGET_NRF51_DK/TOOLCHAIN_ARM_STD/startup_nRF51822.o(.text))
<BR><BR>[Calls]<UL><LI><a href="#[14]">&gt;&gt;</a>&nbsp;&nbsp;&nbsp;NMI_Handler
</UL>
<BR>[Called By]<UL><LI><a href="#[14]">&gt;&gt;</a>&nbsp;&nbsp;&nbsp;NMI_Handler
</UL>
<BR>[Address Reference Count : 1]<UL><LI> startup_nRF51822.o(RESET)
</UL>
<P><STRONG><a name="[15]"></a>HardFault_Handler</STRONG> (Thumb, 2 bytes, Stack size 0 bytes, mbed/TARGET_NRF51_DK/TOOLCHAIN_ARM_STD/startup_nRF51822.o(.text))
<BR><BR>[Calls]<UL><LI><a href="#[15]">&gt;&gt;</a>&nbsp;&nbsp;&nbsp;HardFault_Handler
</UL>
<BR>[Called By]<UL><LI><a href="#[15]">&gt;&gt;</a>&nbsp;&nbsp;&nbsp;HardFault_Handler
</UL>
<BR>[Address Reference Count : 1]<UL><LI> startup_nRF51822.o(RESET)
</UL>
<P><STRONG><a name="[16]"></a>SVC_Handler</STRONG> (Thumb, 2 bytes, Stack size 0 bytes, mbed/TARGET_NRF51_DK/TOOLCHAIN_ARM_STD/startup_nRF51822.o(.text))
<BR><BR>[Calls]<UL><LI><a href="#[16]">&gt;&gt;</a>&nbsp;&nbsp;&nbsp;SVC_Handler
</UL>
<BR>[Called By]<UL><LI><a href="#[16]">&gt;&gt;</a>&nbsp;&nbsp;&nbsp;SVC_Handler
</UL>
<BR>[Address Reference Count : 1]<UL><LI> startup_nRF51822.o(RESET)
</UL>
<P><STRONG><a name="[17]"></a>PendSV_Handler</STRONG> (Thumb, 2 bytes, Stack size 0 bytes, mbed/TARGET_NRF51_DK/TOOLCHAIN_ARM_STD/startup_nRF51822.o(.text))
<BR><BR>[Calls]<UL><LI><a href="#[17]">&gt;&gt;</a>&nbsp;&nbsp;&nbsp;PendSV_Handler
</UL>
<BR>[Called By]<UL><LI><a href="#[17]">&gt;&gt;</a>&nbsp;&nbsp;&nbsp;PendSV_Handler
</UL>
<BR>[Address Reference Count : 1]<UL><LI> startup_nRF51822.o(RESET)
</UL>
<P><STRONG><a name="[18]"></a>SysTick_Handler</STRONG> (Thumb, 2 bytes, Stack size 0 bytes, mbed/TARGET_NRF51_DK/TOOLCHAIN_ARM_STD/startup_nRF51822.o(.text))
<BR><BR>[Calls]<UL><LI><a href="#[18]">&gt;&gt;</a>&nbsp;&nbsp;&nbsp;SysTick_Handler
</UL>
<BR>[Called By]<UL><LI><a href="#[18]">&gt;&gt;</a>&nbsp;&nbsp;&nbsp;SysTick_Handler
</UL>
<BR>[Address Reference Count : 1]<UL><LI> startup_nRF51822.o(RESET)
</UL>
<P><STRONG><a name="[1f]"></a>ADC_IRQHandler_v</STRONG> (Thumb, 0 bytes, Stack size 0 bytes, mbed/TARGET_NRF51_DK/TOOLCHAIN_ARM_STD/startup_nRF51822.o(.text))
<BR><BR>[Calls]<UL><LI><a href="#[1f]">&gt;&gt;</a>&nbsp;&nbsp;&nbsp;ADC_IRQHandler_v
</UL>
<BR>[Called By]<UL><LI><a href="#[1f]">&gt;&gt;</a>&nbsp;&nbsp;&nbsp;ADC_IRQHandler_v
</UL>
<BR>[Address Reference Count : 1]<UL><LI> startup_nRF51822.o(RESET)
</UL>
<P><STRONG><a name="[27]"></a>CCM_AAR_IRQHandler</STRONG> (Thumb, 0 bytes, Stack size 0 bytes, mbed/TARGET_NRF51_DK/TOOLCHAIN_ARM_STD/startup_nRF51822.o(.text))
<BR>[Address Reference Count : 1]<UL><LI> startup_nRF51822.o(RESET)
</UL>
<P><STRONG><a name="[26]"></a>ECB_IRQHandler</STRONG> (Thumb, 0 bytes, Stack size 0 bytes, mbed/TARGET_NRF51_DK/TOOLCHAIN_ARM_STD/startup_nRF51822.o(.text))
<BR>[Address Reference Count : 1]<UL><LI> startup_nRF51822.o(RESET)
</UL>
<P><STRONG><a name="[1e]"></a>GPIOTE_IRQHandler_v</STRONG> (Thumb, 0 bytes, Stack size 0 bytes, mbed/TARGET_NRF51_DK/TOOLCHAIN_ARM_STD/startup_nRF51822.o(.text))
<BR>[Address Reference Count : 1]<UL><LI> startup_nRF51822.o(RESET)
</UL>
<P><STRONG><a name="[2b]"></a>LPCOMP_IRQHandler_v</STRONG> (Thumb, 0 bytes, Stack size 0 bytes, mbed/TARGET_NRF51_DK/TOOLCHAIN_ARM_STD/startup_nRF51822.o(.text))
<BR>[Address Reference Count : 1]<UL><LI> startup_nRF51822.o(RESET)
</UL>
<P><STRONG><a name="[19]"></a>POWER_CLOCK_IRQHandler</STRONG> (Thumb, 0 bytes, Stack size 0 bytes, mbed/TARGET_NRF51_DK/TOOLCHAIN_ARM_STD/startup_nRF51822.o(.text))
<BR>[Address Reference Count : 1]<UL><LI> startup_nRF51822.o(RESET)
</UL>
<P><STRONG><a name="[2a]"></a>QDEC_IRQHandler_v</STRONG> (Thumb, 0 bytes, Stack size 0 bytes, mbed/TARGET_NRF51_DK/TOOLCHAIN_ARM_STD/startup_nRF51822.o(.text))
<BR>[Address Reference Count : 1]<UL><LI> startup_nRF51822.o(RESET)
</UL>
<P><STRONG><a name="[1a]"></a>RADIO_IRQHandler</STRONG> (Thumb, 0 bytes, Stack size 0 bytes, mbed/TARGET_NRF51_DK/TOOLCHAIN_ARM_STD/startup_nRF51822.o(.text))
<BR>[Address Reference Count : 1]<UL><LI> startup_nRF51822.o(RESET)
</UL>
<P><STRONG><a name="[25]"></a>RNG_IRQHandler</STRONG> (Thumb, 0 bytes, Stack size 0 bytes, mbed/TARGET_NRF51_DK/TOOLCHAIN_ARM_STD/startup_nRF51822.o(.text))
<BR>[Address Reference Count : 1]<UL><LI> startup_nRF51822.o(RESET)
</UL>
<P><STRONG><a name="[23]"></a>RTC0_IRQHandler</STRONG> (Thumb, 0 bytes, Stack size 0 bytes, mbed/TARGET_NRF51_DK/TOOLCHAIN_ARM_STD/startup_nRF51822.o(.text))
<BR>[Address Reference Count : 1]<UL><LI> startup_nRF51822.o(RESET)
</UL>
<P><STRONG><a name="[29]"></a>RTC1_IRQHandler_v</STRONG> (Thumb, 0 bytes, Stack size 0 bytes, mbed/TARGET_NRF51_DK/TOOLCHAIN_ARM_STD/startup_nRF51822.o(.text))
<BR>[Address Reference Count : 1]<UL><LI> startup_nRF51822.o(RESET)
</UL>
<P><STRONG><a name="[1c]"></a>SPI0_TWI0_IRQHandler_v</STRONG> (Thumb, 0 bytes, Stack size 0 bytes, mbed/TARGET_NRF51_DK/TOOLCHAIN_ARM_STD/startup_nRF51822.o(.text))
<BR>[Address Reference Count : 1]<UL><LI> startup_nRF51822.o(RESET)
</UL>
<P><STRONG><a name="[1d]"></a>SPI1_TWI1_IRQHandler_v</STRONG> (Thumb, 0 bytes, Stack size 0 bytes, mbed/TARGET_NRF51_DK/TOOLCHAIN_ARM_STD/startup_nRF51822.o(.text))
<BR>[Address Reference Count : 1]<UL><LI> startup_nRF51822.o(RESET)
</UL>
<P><STRONG><a name="[2c]"></a>SWI0_IRQHandler_v</STRONG> (Thumb, 0 bytes, Stack size 0 bytes, mbed/TARGET_NRF51_DK/TOOLCHAIN_ARM_STD/startup_nRF51822.o(.text))
<BR>[Address Reference Count : 1]<UL><LI> startup_nRF51822.o(RESET)
</UL>
<P><STRONG><a name="[2d]"></a>SWI1_IRQHandler_v</STRONG> (Thumb, 0 bytes, Stack size 0 bytes, mbed/TARGET_NRF51_DK/TOOLCHAIN_ARM_STD/startup_nRF51822.o(.text))
<BR>[Address Reference Count : 1]<UL><LI> startup_nRF51822.o(RESET)
</UL>
<P><STRONG><a name="[2e]"></a>SWI2_IRQHandler_v</STRONG> (Thumb, 0 bytes, Stack size 0 bytes, mbed/TARGET_NRF51_DK/TOOLCHAIN_ARM_STD/startup_nRF51822.o(.text))
<BR>[Address Reference Count : 1]<UL><LI> startup_nRF51822.o(RESET)
</UL>
<P><STRONG><a name="[2f]"></a>SWI3_IRQHandler_v</STRONG> (Thumb, 0 bytes, Stack size 0 bytes, mbed/TARGET_NRF51_DK/TOOLCHAIN_ARM_STD/startup_nRF51822.o(.text))
<BR>[Address Reference Count : 1]<UL><LI> startup_nRF51822.o(RESET)
</UL>
<P><STRONG><a name="[30]"></a>SWI4_IRQHandler</STRONG> (Thumb, 0 bytes, Stack size 0 bytes, mbed/TARGET_NRF51_DK/TOOLCHAIN_ARM_STD/startup_nRF51822.o(.text))
<BR>[Address Reference Count : 1]<UL><LI> startup_nRF51822.o(RESET)
</UL>
<P><STRONG><a name="[31]"></a>SWI5_IRQHandler</STRONG> (Thumb, 0 bytes, Stack size 0 bytes, mbed/TARGET_NRF51_DK/TOOLCHAIN_ARM_STD/startup_nRF51822.o(.text))
<BR>[Address Reference Count : 1]<UL><LI> startup_nRF51822.o(RESET)
</UL>
<P><STRONG><a name="[24]"></a>TEMP_IRQHandler</STRONG> (Thumb, 0 bytes, Stack size 0 bytes, mbed/TARGET_NRF51_DK/TOOLCHAIN_ARM_STD/startup_nRF51822.o(.text))
<BR>[Address Reference Count : 1]<UL><LI> startup_nRF51822.o(RESET)
</UL>
<P><STRONG><a name="[20]"></a>TIMER0_IRQHandler</STRONG> (Thumb, 0 bytes, Stack size 0 bytes, mbed/TARGET_NRF51_DK/TOOLCHAIN_ARM_STD/startup_nRF51822.o(.text))
<BR>[Address Reference Count : 1]<UL><LI> startup_nRF51822.o(RESET)
</UL>
<P><STRONG><a name="[21]"></a>TIMER1_IRQHandler_v</STRONG> (Thumb, 0 bytes, Stack size 0 bytes, mbed/TARGET_NRF51_DK/TOOLCHAIN_ARM_STD/startup_nRF51822.o(.text))
<BR>[Address Reference Count : 1]<UL><LI> startup_nRF51822.o(RESET)
</UL>
<P><STRONG><a name="[22]"></a>TIMER2_IRQHandler_v</STRONG> (Thumb, 0 bytes, Stack size 0 bytes, mbed/TARGET_NRF51_DK/TOOLCHAIN_ARM_STD/startup_nRF51822.o(.text))
<BR>[Address Reference Count : 1]<UL><LI> startup_nRF51822.o(RESET)
</UL>
<P><STRONG><a name="[1b]"></a>UART0_IRQHandler_v</STRONG> (Thumb, 0 bytes, Stack size 0 bytes, mbed/TARGET_NRF51_DK/TOOLCHAIN_ARM_STD/startup_nRF51822.o(.text))
<BR>[Address Reference Count : 1]<UL><LI> startup_nRF51822.o(RESET)
</UL>
<P><STRONG><a name="[28]"></a>WDT_IRQHandler_v</STRONG> (Thumb, 0 bytes, Stack size 0 bytes, mbed/TARGET_NRF51_DK/TOOLCHAIN_ARM_STD/startup_nRF51822.o(.text))
<BR>[Address Reference Count : 1]<UL><LI> startup_nRF51822.o(RESET)
</UL>
<P><STRONG><a name="[148]"></a>__aeabi_errno_addr</STRONG> (Thumb, 8 bytes, Stack size 0 bytes, C:\Keil_v5\ARM\ARMCC\Bin\..\lib\armlib\c_p.l(rt_errno_addr.o)(.text))
<BR><BR>[Called By]<UL><LI><a href="#[134]">&gt;&gt;</a>&nbsp;&nbsp;&nbsp;_sys_write
<LI><a href="#[133]">&gt;&gt;</a>&nbsp;&nbsp;&nbsp;_sys_seek
<LI><a href="#[fb]">&gt;&gt;</a>&nbsp;&nbsp;&nbsp;_sys_open
<LI><a href="#[130]">&gt;&gt;</a>&nbsp;&nbsp;&nbsp;_sys_istty
<LI><a href="#[12f]">&gt;&gt;</a>&nbsp;&nbsp;&nbsp;_sys_flen
<LI><a href="#[100]">&gt;&gt;</a>&nbsp;&nbsp;&nbsp;_sys_close
<LI><a href="#[191]">&gt;&gt;</a>&nbsp;&nbsp;&nbsp;mbed::Stream::Stream__sub_object(const char*)
<LI><a href="#[132]">&gt;&gt;</a>&nbsp;&nbsp;&nbsp;_ftell_internal
</UL>

<P><STRONG><a name="[ea]"></a>malloc</STRONG> (Thumb, 98 bytes, Stack size 0 bytes, C:\Keil_v5\ARM\ARMCC\Bin\..\lib\armlib\c_p.l(h1_alloc.o)(.text))
<BR><BR>[Calls]<UL><LI><a href="#[ec]">&gt;&gt;</a>&nbsp;&nbsp;&nbsp;__Heap_Full
<LI><a href="#[eb]">&gt;&gt;</a>&nbsp;&nbsp;&nbsp;__rt_heap_descriptor
</UL>
<BR>[Called By]<UL><LI><a href="#[1b0]">&gt;&gt;</a>&nbsp;&nbsp;&nbsp;operator new[] (unsigned)
<LI><a href="#[fc]">&gt;&gt;</a>&nbsp;&nbsp;&nbsp;fopen
<LI><a href="#[12c]">&gt;&gt;</a>&nbsp;&nbsp;&nbsp;__flsbuf
</UL>

<P><STRONG><a name="[ed]"></a>free</STRONG> (Thumb, 76 bytes, Stack size 0 bytes, C:\Keil_v5\ARM\ARMCC\Bin\..\lib\armlib\c_p.l(h1_free.o)(.text))
<BR><BR>[Calls]<UL><LI><a href="#[eb]">&gt;&gt;</a>&nbsp;&nbsp;&nbsp;__rt_heap_descriptor
</UL>
<BR>[Called By]<UL><LI><a href="#[1b1]">&gt;&gt;</a>&nbsp;&nbsp;&nbsp;operator delete (void*)
<LI><a href="#[fa]">&gt;&gt;</a>&nbsp;&nbsp;&nbsp;_fclose_internal
<LI><a href="#[117]">&gt;&gt;</a>&nbsp;&nbsp;&nbsp;__Heap_ProvideMemory
<LI><a href="#[136]">&gt;&gt;</a>&nbsp;&nbsp;&nbsp;_terminateio
</UL>

<P><STRONG><a name="[1c0]"></a>__aeabi_uldivmod</STRONG> (Thumb, 258 bytes, Stack size 0 bytes, C:\Keil_v5\ARM\ARMCC\Bin\..\lib\armlib\c_p.l(lludiv.o)(.text))
<BR><BR>[Called By]<UL><LI><a href="#[1bf]">&gt;&gt;</a>&nbsp;&nbsp;&nbsp;common_rtc_set_interrupt
</UL>

<P><STRONG><a name="[ee]"></a>vsnprintf</STRONG> (Thumb, 50 bytes, Stack size 0 bytes, C:\Keil_v5\ARM\ARMCC\Bin\..\lib\armlib\c_p.l(vsnprintf.o)(.text))
<BR><BR>[Calls]<UL><LI><a href="#[f0]">&gt;&gt;</a>&nbsp;&nbsp;&nbsp;_sputc
<LI><a href="#[ef]">&gt;&gt;</a>&nbsp;&nbsp;&nbsp;_printf_char_common
</UL>
<BR>[Called By]<UL><LI><a href="#[1c3]">&gt;&gt;</a>&nbsp;&nbsp;&nbsp;mbed_error_vfprintf
<LI><a href="#[1db]">&gt;&gt;</a>&nbsp;&nbsp;&nbsp;mbed_error_printf
</UL>

<P><STRONG><a name="[f1]"></a>__c89vfprintf</STRONG> (Thumb, 14 bytes, Stack size 0 bytes, C:\Keil_v5\ARM\ARMCC\Bin\..\lib\armlib\c_p.l(c89vfprintf.o)(.text))
<BR><BR>[Calls]<UL><LI><a href="#[f2]">&gt;&gt;</a>&nbsp;&nbsp;&nbsp;_printf_char_file
</UL>
<BR>[Called By]<UL><LI><a href="#[15a]">&gt;&gt;</a>&nbsp;&nbsp;&nbsp;debug_if(bool, const char*, ...)
</UL>

<P><STRONG><a name="[f3]"></a>__2printf</STRONG> (Thumb, 22 bytes, Stack size 0 bytes, C:\Keil_v5\ARM\ARMCC\Bin\..\lib\armlib\c_p.l(__2printf.o)(.text))
<BR><BR>[Calls]<UL><LI><a href="#[f2]">&gt;&gt;</a>&nbsp;&nbsp;&nbsp;_printf_char_file
</UL>
<BR>[Called By]<UL><LI><a href="#[47]">&gt;&gt;</a>&nbsp;&nbsp;&nbsp;OnRxError()
<LI><a href="#[45]">&gt;&gt;</a>&nbsp;&nbsp;&nbsp;OnTxDone()
<LI><a href="#[46]">&gt;&gt;</a>&nbsp;&nbsp;&nbsp;OnRxDone(unsigned char*, unsigned short, short, signed char)
<LI><a href="#[48]">&gt;&gt;</a>&nbsp;&nbsp;&nbsp;OnTxTimeout()
<LI><a href="#[49]">&gt;&gt;</a>&nbsp;&nbsp;&nbsp;OnRxTimeout()
<LI><a href="#[155]">&gt;&gt;</a>&nbsp;&nbsp;&nbsp;$Super$$main
</UL>

<P><STRONG><a name="[f4]"></a>_do_fflush</STRONG> (Thumb, 54 bytes, Stack size 0 bytes, C:\Keil_v5\ARM\ARMCC\Bin\..\lib\armlib\c_p.l(fflush.o)(.text))
<BR><BR>[Calls]<UL><LI><a href="#[f5]">&gt;&gt;</a>&nbsp;&nbsp;&nbsp;_fflush
<LI><a href="#[f6]">&gt;&gt;</a>&nbsp;&nbsp;&nbsp;_fseek
</UL>
<BR>[Called By]<UL><LI><a href="#[f7]">&gt;&gt;</a>&nbsp;&nbsp;&nbsp;fflush
</UL>

<P><STRONG><a name="[f7]"></a>fflush</STRONG> (Thumb, 46 bytes, Stack size 0 bytes, C:\Keil_v5\ARM\ARMCC\Bin\..\lib\armlib\c_p.l(fflush.o)(.text))
<BR><BR>[Calls]<UL><LI><a href="#[f4]">&gt;&gt;</a>&nbsp;&nbsp;&nbsp;_do_fflush
</UL>
<BR>[Called By]<UL><LI><a href="#[102]">&gt;&gt;</a>&nbsp;&nbsp;&nbsp;__assert_puts
</UL>

<P><STRONG><a name="[f8]"></a>fputs</STRONG> (Thumb, 34 bytes, Stack size 0 bytes, C:\Keil_v5\ARM\ARMCC\Bin\..\lib\armlib\c_p.l(fputs.o)(.text))
<BR><BR>[Calls]<UL><LI><a href="#[37]">&gt;&gt;</a>&nbsp;&nbsp;&nbsp;fputc
</UL>
<BR>[Called By]<UL><LI><a href="#[102]">&gt;&gt;</a>&nbsp;&nbsp;&nbsp;__assert_puts
</UL>

<P><STRONG><a name="[f9]"></a>freopen</STRONG> (Thumb, 148 bytes, Stack size 0 bytes, C:\Keil_v5\ARM\ARMCC\Bin\..\lib\armlib\c_p.l(fopen.o)(.text))
<BR><BR>[Calls]<UL><LI><a href="#[fb]">&gt;&gt;</a>&nbsp;&nbsp;&nbsp;_sys_open
<LI><a href="#[fa]">&gt;&gt;</a>&nbsp;&nbsp;&nbsp;_fclose_internal
<LI><a href="#[f6]">&gt;&gt;</a>&nbsp;&nbsp;&nbsp;_fseek
</UL>
<BR>[Called By]<UL><LI><a href="#[fc]">&gt;&gt;</a>&nbsp;&nbsp;&nbsp;fopen
<LI><a href="#[df]">&gt;&gt;</a>&nbsp;&nbsp;&nbsp;_initio
</UL>

<P><STRONG><a name="[fc]"></a>fopen</STRONG> (Thumb, 76 bytes, Stack size 0 bytes, C:\Keil_v5\ARM\ARMCC\Bin\..\lib\armlib\c_p.l(fopen.o)(.text))
<BR><BR>[Calls]<UL><LI><a href="#[fd]">&gt;&gt;</a>&nbsp;&nbsp;&nbsp;__aeabi_memclr4
<LI><a href="#[f9]">&gt;&gt;</a>&nbsp;&nbsp;&nbsp;freopen
<LI><a href="#[ea]">&gt;&gt;</a>&nbsp;&nbsp;&nbsp;malloc
</UL>
<BR>[Called By]<UL><LI><a href="#[186]">&gt;&gt;</a>&nbsp;&nbsp;&nbsp;mbed::mbed_fdopen(mbed::FileHandle*, const char*)
</UL>

<P><STRONG><a name="[fe]"></a>setbuf</STRONG> (Thumb, 26 bytes, Stack size 0 bytes, C:\Keil_v5\ARM\ARMCC\Bin\..\lib\armlib\c_p.l(setbuf.o)(.text))
<BR><BR>[Calls]<UL><LI><a href="#[ff]">&gt;&gt;</a>&nbsp;&nbsp;&nbsp;setvbuf
</UL>
<BR>[Called By]<UL><LI><a href="#[189]">&gt;&gt;</a>&nbsp;&nbsp;&nbsp;mbed::mbed_set_unbuffered_stream(std::__FILE*)
<LI><a href="#[186]">&gt;&gt;</a>&nbsp;&nbsp;&nbsp;mbed::mbed_fdopen(mbed::FileHandle*, const char*)
</UL>

<P><STRONG><a name="[fa]"></a>_fclose_internal</STRONG> (Thumb, 72 bytes, Stack size 0 bytes, C:\Keil_v5\ARM\ARMCC\Bin\..\lib\armlib\c_p.l(fclose.o)(.text))
<BR><BR>[Calls]<UL><LI><a href="#[100]">&gt;&gt;</a>&nbsp;&nbsp;&nbsp;_sys_close
<LI><a href="#[fd]">&gt;&gt;</a>&nbsp;&nbsp;&nbsp;__aeabi_memclr4
<LI><a href="#[ed]">&gt;&gt;</a>&nbsp;&nbsp;&nbsp;free
<LI><a href="#[f5]">&gt;&gt;</a>&nbsp;&nbsp;&nbsp;_fflush
</UL>
<BR>[Called By]<UL><LI><a href="#[f9]">&gt;&gt;</a>&nbsp;&nbsp;&nbsp;freopen
<LI><a href="#[136]">&gt;&gt;</a>&nbsp;&nbsp;&nbsp;_terminateio
</UL>

<P><STRONG><a name="[195]"></a>fclose</STRONG> (Thumb, 0 bytes, Stack size 0 bytes, C:\Keil_v5\ARM\ARMCC\Bin\..\lib\armlib\c_p.l(fclose.o)(.text))
<BR><BR>[Called By]<UL><LI><a href="#[9a]">&gt;&gt;</a>&nbsp;&nbsp;&nbsp;mbed::Stream::~Stream__sub_object()
</UL>

<P><STRONG><a name="[101]"></a>__aeabi_assert</STRONG> (Thumb, 82 bytes, Stack size 0 bytes, C:\Keil_v5\ARM\ARMCC\Bin\..\lib\armlib\c_p.l(assert.o)(.text))
<BR><BR>[Calls]<UL><LI><a href="#[103]">&gt;&gt;</a>&nbsp;&nbsp;&nbsp;__aeabi_idivmod
<LI><a href="#[102]">&gt;&gt;</a>&nbsp;&nbsp;&nbsp;__assert_puts
<LI><a href="#[104]">&gt;&gt;</a>&nbsp;&nbsp;&nbsp;abort
</UL>
<BR>[Called By]<UL><LI><a href="#[178]">&gt;&gt;</a>&nbsp;&nbsp;&nbsp;core_util_critical_section_exit
<LI><a href="#[175]">&gt;&gt;</a>&nbsp;&nbsp;&nbsp;core_util_critical_section_enter
</UL>

<P><STRONG><a name="[1da]"></a>strcpy</STRONG> (Thumb, 70 bytes, Stack size 0 bytes, C:\Keil_v5\ARM\ARMCC\Bin\..\lib\armlib\c_p.l(strcpy.o)(.text))
<BR><BR>[Called By]<UL><LI><a href="#[155]">&gt;&gt;</a>&nbsp;&nbsp;&nbsp;$Super$$main
</UL>

<P><STRONG><a name="[19f]"></a>strlen</STRONG> (Thumb, 62 bytes, Stack size 0 bytes, C:\Keil_v5\ARM\ARMCC\Bin\..\lib\armlib\c_p.l(strlen.o)(.text))
<BR><BR>[Called By]<UL><LI><a href="#[19c]">&gt;&gt;</a>&nbsp;&nbsp;&nbsp;mbed::FileBase::lookup(const char*, unsigned)
</UL>

<P><STRONG><a name="[19e]"></a>strncmp</STRONG> (Thumb, 154 bytes, Stack size 0 bytes, C:\Keil_v5\ARM\ARMCC\Bin\..\lib\armlib\c_p.l(strncmp.o)(.text))
<BR><BR>[Called By]<UL><LI><a href="#[155]">&gt;&gt;</a>&nbsp;&nbsp;&nbsp;$Super$$main
<LI><a href="#[19c]">&gt;&gt;</a>&nbsp;&nbsp;&nbsp;mbed::FileBase::lookup(const char*, unsigned)
</UL>

<P><STRONG><a name="[105]"></a>__aeabi_memcpy</STRONG> (Thumb, 130 bytes, Stack size 0 bytes, C:\Keil_v5\ARM\ARMCC\Bin\..\lib\armlib\c_p.l(rt_memcpy.o)(.text))
<BR><BR>[Calls]<UL><LI><a href="#[106]">&gt;&gt;</a>&nbsp;&nbsp;&nbsp;__aeabi_memcpy4
</UL>
<BR>[Called By]<UL><LI><a href="#[65]">&gt;&gt;</a>&nbsp;&nbsp;&nbsp;SX1276::Send(unsigned char*, unsigned char)
<LI><a href="#[46]">&gt;&gt;</a>&nbsp;&nbsp;&nbsp;OnRxDone(unsigned char*, unsigned short, short, signed char)
</UL>

<P><STRONG><a name="[107]"></a>__aeabi_memset</STRONG> (Thumb, 18 bytes, Stack size 0 bytes, C:\Keil_v5\ARM\ARMCC\Bin\..\lib\armlib\c_p.l(aeabi_memset.o)(.text))
<BR><BR>[Calls]<UL><LI><a href="#[108]">&gt;&gt;</a>&nbsp;&nbsp;&nbsp;_memset
</UL>
<BR>[Called By]<UL><LI><a href="#[1d3]">&gt;&gt;</a>&nbsp;&nbsp;&nbsp;nrf_drv_gpiote_init
</UL>

<P><STRONG><a name="[109]"></a>_memset_w</STRONG> (Thumb, 26 bytes, Stack size 0 bytes, C:\Keil_v5\ARM\ARMCC\Bin\..\lib\armlib\c_p.l(rt_memclr.o)(.text))
<BR><BR>[Called By]<UL><LI><a href="#[10b]">&gt;&gt;</a>&nbsp;&nbsp;&nbsp;__rt_memclr_w
<LI><a href="#[108]">&gt;&gt;</a>&nbsp;&nbsp;&nbsp;_memset
</UL>

<P><STRONG><a name="[108]"></a>_memset</STRONG> (Thumb, 30 bytes, Stack size 0 bytes, C:\Keil_v5\ARM\ARMCC\Bin\..\lib\armlib\c_p.l(rt_memclr.o)(.text))
<BR><BR>[Calls]<UL><LI><a href="#[109]">&gt;&gt;</a>&nbsp;&nbsp;&nbsp;_memset_w
</UL>
<BR>[Called By]<UL><LI><a href="#[10a]">&gt;&gt;</a>&nbsp;&nbsp;&nbsp;__aeabi_memclr
<LI><a href="#[107]">&gt;&gt;</a>&nbsp;&nbsp;&nbsp;__aeabi_memset
</UL>

<P><STRONG><a name="[10a]"></a>__aeabi_memclr</STRONG> (Thumb, 4 bytes, Stack size 0 bytes, C:\Keil_v5\ARM\ARMCC\Bin\..\lib\armlib\c_p.l(rt_memclr.o)(.text))
<BR><BR>[Calls]<UL><LI><a href="#[108]">&gt;&gt;</a>&nbsp;&nbsp;&nbsp;_memset
</UL>
<BR>[Called By]<UL><LI><a href="#[68]">&gt;&gt;</a>&nbsp;&nbsp;&nbsp;SX1276::Rx(unsigned)
</UL>

<P><STRONG><a name="[fd]"></a>__aeabi_memclr4</STRONG> (Thumb, 0 bytes, Stack size 0 bytes, C:\Keil_v5\ARM\ARMCC\Bin\..\lib\armlib\c_p.l(rt_memclr.o)(.text))
<BR><BR>[Called By]<UL><LI><a href="#[fa]">&gt;&gt;</a>&nbsp;&nbsp;&nbsp;_fclose_internal
<LI><a href="#[fc]">&gt;&gt;</a>&nbsp;&nbsp;&nbsp;fopen
<LI><a href="#[df]">&gt;&gt;</a>&nbsp;&nbsp;&nbsp;_initio
</UL>

<P><STRONG><a name="[10b]"></a>__rt_memclr_w</STRONG> (Thumb, 4 bytes, Stack size 0 bytes, C:\Keil_v5\ARM\ARMCC\Bin\..\lib\armlib\c_p.l(rt_memclr.o)(.text), UNUSED)
<BR><BR>[Calls]<UL><LI><a href="#[109]">&gt;&gt;</a>&nbsp;&nbsp;&nbsp;_memset_w
</UL>

<P><STRONG><a name="[1b5]"></a>strcmp</STRONG> (Thumb, 160 bytes, Stack size 0 bytes, C:\Keil_v5\ARM\ARMCC\Bin\..\lib\armlib\c_p.l(strcmpv6m.o)(.text))
<BR><BR>[Called By]<UL><LI><a href="#[fb]">&gt;&gt;</a>&nbsp;&nbsp;&nbsp;_sys_open
<LI><a href="#[38]">&gt;&gt;</a>&nbsp;&nbsp;&nbsp;_get_lc_ctype
<LI><a href="#[dd]">&gt;&gt;</a>&nbsp;&nbsp;&nbsp;_get_lc_numeric
</UL>

<P><STRONG><a name="[103]"></a>__aeabi_idivmod</STRONG> (Thumb, 460 bytes, Stack size 0 bytes, C:\Keil_v5\ARM\ARMCC\Bin\..\lib\armlib\c_p.l(aeabi_sdivfast.o)(.text))
<BR><BR>[Called By]<UL><LI><a href="#[101]">&gt;&gt;</a>&nbsp;&nbsp;&nbsp;__aeabi_assert
<LI><a href="#[13e]">&gt;&gt;</a>&nbsp;&nbsp;&nbsp;_btod_etento
<LI><a href="#[4c]">&gt;&gt;</a>&nbsp;&nbsp;&nbsp;_printf_fp_hex_real
</UL>

<P><STRONG><a name="[ad]"></a>__cpp_initialize__aeabi_</STRONG> (Thumb, 26 bytes, Stack size 0 bytes, C:\Keil_v5\ARM\ARMCC\Bin\..\lib\armlib\c_p.l(init_aeabi.o)(.text))
<BR><BR>[Called By]<UL><LI><a href="#[e0]">&gt;&gt;</a>&nbsp;&nbsp;&nbsp;__rt_lib_init_cpp_2
</UL>

<P><STRONG><a name="[179]"></a>__aeabi_vec_dtor</STRONG> (Thumb, 34 bytes, Stack size 0 bytes, C:\Keil_v5\ARM\ARMCC\Bin\..\lib\cpplib\cpprt_p.l(aeabi_vec_dtor_noexceptions.o)(.text))
<BR><BR>[Called By]<UL><LI><a href="#[8a]">&gt;&gt;</a>&nbsp;&nbsp;&nbsp;mbed::SerialBase::~SerialBase()
</UL>

<P><STRONG><a name="[1ac]"></a>__aeabi_dadd</STRONG> (Thumb, 0 bytes, Stack size 0 bytes, C:\Keil_v5\ARM\ARMCC\Bin\..\lib\armlib\fz_ps.l(daddsub.o)(.text))
<BR><BR>[Called By]<UL><LI><a href="#[68]">&gt;&gt;</a>&nbsp;&nbsp;&nbsp;SX1276::Rx(unsigned)
<LI><a href="#[7d]">&gt;&gt;</a>&nbsp;&nbsp;&nbsp;SX1276::OnDio0Irq()
</UL>

<P><STRONG><a name="[10c]"></a>_dadd</STRONG> (Thumb, 26 bytes, Stack size 0 bytes, C:\Keil_v5\ARM\ARMCC\Bin\..\lib\armlib\fz_ps.l(daddsub.o)(.text), UNUSED)
<BR><BR>[Calls]<UL><LI><a href="#[10d]">&gt;&gt;</a>&nbsp;&nbsp;&nbsp;_dsub1
<LI><a href="#[10e]">&gt;&gt;</a>&nbsp;&nbsp;&nbsp;_dadd1
</UL>

<P><STRONG><a name="[10f]"></a>_dsub</STRONG> (Thumb, 22 bytes, Stack size 0 bytes, C:\Keil_v5\ARM\ARMCC\Bin\..\lib\armlib\fz_ps.l(daddsub.o)(.text), UNUSED)
<BR><BR>[Calls]<UL><LI><a href="#[10d]">&gt;&gt;</a>&nbsp;&nbsp;&nbsp;_dsub1
<LI><a href="#[10e]">&gt;&gt;</a>&nbsp;&nbsp;&nbsp;_dadd1
</UL>

<P><STRONG><a name="[110]"></a>_drsb</STRONG> (Thumb, 28 bytes, Stack size 0 bytes, C:\Keil_v5\ARM\ARMCC\Bin\..\lib\armlib\fz_ps.l(daddsub.o)(.text), UNUSED)
<BR><BR>[Calls]<UL><LI><a href="#[10d]">&gt;&gt;</a>&nbsp;&nbsp;&nbsp;_dsub1
<LI><a href="#[10e]">&gt;&gt;</a>&nbsp;&nbsp;&nbsp;_dadd1
</UL>

<P><STRONG><a name="[1a5]"></a>__aeabi_ddiv</STRONG> (Thumb, 0 bytes, Stack size 0 bytes, C:\Keil_v5\ARM\ARMCC\Bin\..\lib\armlib\fz_ps.l(ddiv.o)(.text))
<BR><BR>[Called By]<UL><LI><a href="#[64]">&gt;&gt;</a>&nbsp;&nbsp;&nbsp;SX1276::SetTxConfig(ModemType, signed char, unsigned, unsigned, unsigned, unsigned char, unsigned short, bool, bool, bool, unsigned char, bool, unsigned)
<LI><a href="#[63]">&gt;&gt;</a>&nbsp;&nbsp;&nbsp;SX1276::SetRxConfig(ModemType, unsigned, unsigned, unsigned char, unsigned, unsigned short, unsigned short, bool, unsigned char, bool, bool, unsigned char, bool, bool)
<LI><a href="#[62]">&gt;&gt;</a>&nbsp;&nbsp;&nbsp;SX1276::SetChannel(unsigned)
</UL>

<P><STRONG><a name="[112]"></a>_ddiv</STRONG> (Thumb, 1072 bytes, Stack size 0 bytes, C:\Keil_v5\ARM\ARMCC\Bin\..\lib\armlib\fz_ps.l(ddiv.o)(.text), UNUSED)
<BR><BR>[Called By]<UL><LI><a href="#[111]">&gt;&gt;</a>&nbsp;&nbsp;&nbsp;_drdiv
</UL>

<P><STRONG><a name="[111]"></a>_drdiv</STRONG> (Thumb, 20 bytes, Stack size 0 bytes, C:\Keil_v5\ARM\ARMCC\Bin\..\lib\armlib\fz_ps.l(ddiv.o)(.text), UNUSED)
<BR><BR>[Calls]<UL><LI><a href="#[112]">&gt;&gt;</a>&nbsp;&nbsp;&nbsp;_ddiv
</UL>

<P><STRONG><a name="[1ad]"></a>__aeabi_d2iz</STRONG> (Thumb, 0 bytes, Stack size 0 bytes, C:\Keil_v5\ARM\ARMCC\Bin\..\lib\armlib\fz_ps.l(dfixi.o)(.text))
<BR><BR>[Called By]<UL><LI><a href="#[7f]">&gt;&gt;</a>&nbsp;&nbsp;&nbsp;SX1276::OnDio2Irq()
<LI><a href="#[7d]">&gt;&gt;</a>&nbsp;&nbsp;&nbsp;SX1276::OnDio0Irq()
</UL>

<P><STRONG><a name="[1a6]"></a>__aeabi_d2uiz</STRONG> (Thumb, 0 bytes, Stack size 0 bytes, C:\Keil_v5\ARM\ARMCC\Bin\..\lib\armlib\fz_ps.l(dfixui.o)(.text))
<BR><BR>[Called By]<UL><LI><a href="#[68]">&gt;&gt;</a>&nbsp;&nbsp;&nbsp;SX1276::Rx(unsigned)
<LI><a href="#[64]">&gt;&gt;</a>&nbsp;&nbsp;&nbsp;SX1276::SetTxConfig(ModemType, signed char, unsigned, unsigned, unsigned, unsigned char, unsigned short, bool, bool, bool, unsigned char, bool, unsigned)
<LI><a href="#[63]">&gt;&gt;</a>&nbsp;&nbsp;&nbsp;SX1276::SetRxConfig(ModemType, unsigned, unsigned, unsigned char, unsigned, unsigned short, unsigned short, bool, unsigned char, bool, bool, unsigned char, bool, bool)
<LI><a href="#[62]">&gt;&gt;</a>&nbsp;&nbsp;&nbsp;SX1276::SetChannel(unsigned)
<LI><a href="#[16a]">&gt;&gt;</a>&nbsp;&nbsp;&nbsp;SX1276::RxChainCalibration()
</UL>

[...]
<BR>[Address Reference Count : 1]<UL><LI> sx1276.o(.constdata__ZZN4mbed8CallbackIFvvEE8generateINS2_14method_contextI6SX1276MS5_FvvEEEEEvRKT_E3ops)
</UL>
<P><STRONG><a name="[a7]"></a>void mbed::Callback&lang;void()&rang;::function_call&lang;void(*)()&rang;(const void*)</STRONG> (Thumb, 10 bytes, Stack size 0 bytes, .\build\sx1276.o(t._ZN4mbed8CallbackIFvvEE13function_callIPS1_EEvPKv))
<BR>[Address Reference Count : 1]<UL><LI> sx1276.o(.constdata__ZZN4mbed8CallbackIFvvEE8generateIPS1_EEvRKT_E3ops)
</UL>
<P><STRONG><a name="[a3]"></a>void mbed::Callback&lang;void()&rang;::function_dtor&lang;mbed::Callback&lang;void()&rang;::method_context&lang;SX1276MB1xAS, void(SX1276MB1xAS::*)()&rang;&rang;(void*)</STRONG> (Thumb, 2 bytes, Stack size 0 bytes, .\build\sx1276-hal.o(t._ZN4mbed8CallbackIFvvEE13function_dtorINS2_14method_contextI12SX1276MB1xASMS5_FvvEEEEEvPv))
<BR>[Address Reference Count : 1]<UL><LI> sx1276-hal.o(.constdata__ZZN4mbed8CallbackIFvvEE8generateINS2_14method_contextI12SX1276MB1xASMS5_FvvEEEEEvRKT_E3ops)
</UL>
<P><STRONG><a name="[a6]"></a>void mbed::Callback&lang;void()&rang;::function_dtor&lang;mbed::Callback&lang;void()&rang;::method_context&lang;SX1276, void(SX1276::*)()&rang;&rang;(void*)</STRONG> (Thumb, 2 bytes, Stack size 0 bytes, .\build\sx1276.o(t._ZN4mbed8CallbackIFvvEE13function_dtorINS2_14method_contextI6SX1276MS5_FvvEEEEEvPv))
<BR>[Address Reference Count : 1]<UL><LI> sx1276.o(.constdata__ZZN4mbed8CallbackIFvvEE8generateINS2_14method_contextI6SX1276MS5_FvvEEEEEvRKT_E3ops)
</UL>
<P><STRONG><a name="[a9]"></a>void mbed::Callback&lang;void()&rang;::function_dtor&lang;void(*)()&rang;(void*)</STRONG> (Thumb, 2 bytes, Stack size 0 bytes, .\build\sx1276.o(t._ZN4mbed8CallbackIFvvEE13function_dtorIPS1_EEvPv))
<BR>[Address Reference Count : 1]<UL><LI> sx1276.o(.constdata__ZZN4mbed8CallbackIFvvEE8generateIPS1_EEvRKT_E3ops)
</UL>
<P><STRONG><a name="[a2]"></a>void mbed::Callback&lang;void()&rang;::function_move&lang;mbed::Callback&lang;void()&rang;::method_context&lang;SX1276MB1xAS, void(SX1276MB1xAS::*)()&rang;&rang;(void*, const void*)</STRONG> (Thumb, 20 bytes, Stack size 0 bytes, .\build\sx1276-hal.o(t._ZN4mbed8CallbackIFvvEE13function_moveINS2_14method_contextI12SX1276MB1xASMS5_FvvEEEEEvPvPKv))
<BR>[Address Reference Count : 1]<UL><LI> sx1276-hal.o(.constdata__ZZN4mbed8CallbackIFvvEE8generateINS2_14method_contextI12SX1276MB1xASMS5_FvvEEEEEvRKT_E3ops)
</UL>
<P><STRONG><a name="[a5]"></a>void mbed::Callback&lang;void()&rang;::function_move&lang;mbed::Callback&lang;void()&rang;::method_context&lang;SX1276, void(SX1276::*)()&rang;&rang;(void*, const void*)</STRONG> (Thumb, 20 bytes, Stack size 0 bytes, .\build\sx1276.o(t._ZN4mbed8CallbackIFvvEE13function_moveINS2_14method_contextI6SX1276MS5_FvvEEEEEvPvPKv))
<BR>[Address Reference Count : 1]<UL><LI> sx1276.o(.constdata__ZZN4mbed8CallbackIFvvEE8generateINS2_14method_contextI6SX1276MS5_FvvEEEEEvRKT_E3ops)
</UL>
<P><STRONG><a name="[a8]"></a>void mbed::Callback&lang;void()&rang;::function_move&lang;void(*)()&rang;(void*, const void*)</STRONG> (Thumb, 14 bytes, Stack size 0 bytes, .\build\sx1276.o(t._ZN4mbed8CallbackIFvvEE13function_moveIPS1_EEvPvPKv))
<BR>[Address Reference Count : 1]<UL><LI> sx1276.o(.constdata__ZZN4mbed8CallbackIFvvEE8generateIPS1_EEvRKT_E3ops)
</UL>
<P><STRONG><a name="[1ef]"></a>mbed::Callback&lang;void()&rang;::Callback&lang;SX1276MB1xAS, SX1276MB1xAS&rang;(T2*, void(T1::*)())</STRONG> (Thumb, 70 bytes, Stack size 0 bytes, .\build\sx1276-hal.o(t._ZN4mbed8CallbackIFvvEEC1I12SX1276MB1xASS4_EEPT0_MT_FvvE))
<BR><BR>[Called By]<UL><LI><a href="#[164]">&gt;&gt;</a>&nbsp;&nbsp;&nbsp;mbed::Callback&lang;T3()&rang; mbed::callback&lang;SX1276MB1xAS, SX1276MB1xAS, void&rang;(T2*, T3(T1::*)())
</UL>

<P><STRONG><a name="[1f0]"></a>mbed::Callback&lang;void()&rang;::Callback&lang;SX1276, SX1276&rang;(T2*, void(T1::*)())</STRONG> (Thumb, 70 bytes, Stack size 0 bytes, .\build\sx1276.o(t._ZN4mbed8CallbackIFvvEEC1I6SX1276S4_EEPT0_MT_FvvE))
<BR><BR>[Called By]<UL><LI><a href="#[1aa]">&gt;&gt;</a>&nbsp;&nbsp;&nbsp;mbed::Callback&lang;T3()&rang; mbed::callback&lang;SX1276, SX1276, void&rang;(T2*, T3(T1::*)())
</UL>

<P><STRONG><a name="[3c]"></a>mbed::Callback&lang;void()&rang;::~Callback()</STRONG> (Thumb, 20 bytes, Stack size 0 bytes, mbed/TARGET_NRF51_DK/TOOLCHAIN_ARM_STD/mbed.ar(SerialBase.o)(t._ZN4mbed8CallbackIFvvEED1Ev))
<BR><BR>[Called By]<UL><LI><a href="#[68]">&gt;&gt;</a>&nbsp;&nbsp;&nbsp;SX1276::Rx(unsigned)
<LI><a href="#[75]">&gt;&gt;</a>&nbsp;&nbsp;&nbsp;SX1276MB1xAS::IoIrqInit(void(SX1276::**)())
<LI><a href="#[199]">&gt;&gt;</a>&nbsp;&nbsp;&nbsp;mbed::Ticker::attach_us(mbed::Callback&lang;void()&rang;, unsigned long long)
<LI><a href="#[7d]">&gt;&gt;</a>&nbsp;&nbsp;&nbsp;SX1276::OnDio0Irq()
<LI><a href="#[69]">&gt;&gt;</a>&nbsp;&nbsp;&nbsp;SX1276::Tx(unsigned)
<LI><a href="#[82]">&gt;&gt;</a>&nbsp;&nbsp;&nbsp;SX1276::OnTimeoutIrq()
</UL>
<BR>[Address Reference Count : 1]<UL><LI> SerialBase.o(i._ZN4mbed10SerialBaseD1Ev)
</UL>
<P><STRONG><a name="[164]"></a>mbed::Callback&lang;T3()&rang; mbed::callback&lang;SX1276MB1xAS, SX1276MB1xAS, void&rang;(T2*, T3(T1::*)())</STRONG> (Thumb, 22 bytes, Stack size 0 bytes, .\build\sx1276-hal.o(t._ZN4mbed8callbackI12SX1276MB1xASS1_vEENS_8CallbackIFT1_vEEEPT0_MT_FS3_vE))
<BR><BR>[Calls]<UL><LI><a href="#[1ef]">&gt;&gt;</a>&nbsp;&nbsp;&nbsp;mbed::Callback&lang;void()&rang;::Callback&lang;SX1276MB1xAS, SX1276MB1xAS&rang;(T2*, void(T1::*)())
</UL>
<BR>[Called By]<UL><LI><a href="#[75]">&gt;&gt;</a>&nbsp;&nbsp;&nbsp;SX1276MB1xAS::IoIrqInit(void(SX1276::**)())
</UL>

<P><STRONG><a name="[1aa]"></a>mbed::Callback&lang;T3()&rang; mbed::callback&lang;SX1276, SX1276, void&rang;(T2*, T3(T1::*)())</STRONG> (Thumb, 22 bytes, Stack size 0 bytes, .\build\sx1276.o(t._ZN4mbed8callbackI6SX1276S1_vEENS_8CallbackIFT1_vEEEPT0_MT_FS3_vE))
<BR><BR>[Calls]<UL><LI><a href="#[1f0]">&gt;&gt;</a>&nbsp;&nbsp;&nbsp;mbed::Callback&lang;void()&rang;::Callback&lang;SX1276, SX1276&rang;(T2*, void(T1::*)())
</UL>
<BR>[Called By]<UL><LI><a href="#[68]">&gt;&gt;</a>&nbsp;&nbsp;&nbsp;SX1276::Rx(unsigned)
<LI><a href="#[7d]">&gt;&gt;</a>&nbsp;&nbsp;&nbsp;SX1276::OnDio0Irq()
<LI><a href="#[69]">&gt;&gt;</a>&nbsp;&nbsp;&nbsp;SX1276::Tx(unsigned)
<LI><a href="#[82]">&gt;&gt;</a>&nbsp;&nbsp;&nbsp;SX1276::OnTimeoutIrq()
</UL>

<P><STRONG><a name="[39]"></a>CThunk&lang;mbed::SerialBase&rang;::trampoline(mbed::SerialBase*, void*, void(mbed::SerialBase::**)(void*))</STRONG> (Thumb, 46 bytes, Stack size 0 bytes, mbed/TARGET_NRF51_DK/TOOLCHAIN_ARM_STD/mbed.ar(SerialBase.o)(t._ZN6CThunkIN4mbed10SerialBaseEE10trampolineEPS1_PvPMS1_FvS4_E))
<BR>[Address Reference Count : 1]<UL><LI> SerialBase.o(i._ZN4mbed10SerialBaseC1E7PinNameS1_i)
</UL>
<P><STRONG><a name="[3f]"></a>CThunk&lang;mbed::SPI&rang;::trampoline(mbed::SPI*, void*, void(mbed::SPI::**)(void*))</STRONG> (Thumb, 46 bytes, Stack size 0 bytes, mbed/TARGET_NRF51_DK/TOOLCHAIN_ARM_STD/mbed.ar(SPI.o)(t._ZN6CThunkIN4mbed3SPIEE10trampolineEPS1_PvPMS1_FvS4_E))
<BR>[Address Reference Count : 1]<UL><LI> SPI.o(i._ZN4mbed3SPIC1E7PinNameS1_S1_S1_)
</UL>
<P><STRONG><a name="[1ed]"></a>__aeabi_fmul</STRONG> (Thumb, 0 bytes, Stack size 0 bytes, C:\Keil_v5\ARM\ARMCC\Bin\..\lib\armlib\fz_ps.l(fmul.o)(x$fpl$fmul))
<BR><BR>[Called By]<UL><LI><a href="#[163]">&gt;&gt;</a>&nbsp;&nbsp;&nbsp;wait
</UL>

<P><STRONG><a name="[b8]"></a>_printf_fp_dec</STRONG> (Thumb, 16 bytes, Stack size 0 bytes, C:\Keil_v5\ARM\ARMCC\Bin\..\lib\armlib\fz_ps.l(printf1.o)(x$fpl$printf1))
<BR><BR>[Called By]<UL><LI><a href="#[b9]">&gt;&gt;</a>&nbsp;&nbsp;&nbsp;_printf_g
<LI><a href="#[b7]">&gt;&gt;</a>&nbsp;&nbsp;&nbsp;_printf_e
<LI><a href="#[b5]">&gt;&gt;</a>&nbsp;&nbsp;&nbsp;_printf_f
</UL>

<P><STRONG><a name="[bc]"></a>_printf_fp_hex</STRONG> (Thumb, 16 bytes, Stack size 0 bytes, C:\Keil_v5\ARM\ARMCC\Bin\..\lib\armlib\fz_ps.l(printf2.o)(x$fpl$printf2))
<BR><BR>[Called By]<UL><LI><a href="#[ba]">&gt;&gt;</a>&nbsp;&nbsp;&nbsp;_printf_a
</UL>
<P>
<H3>
Local Symbols
</H3>
<P><STRONG><a name="[1d9]"></a>debug(const char*, ...)</STRONG> (Thumb, 2 bytes, Stack size 0 bytes, .\build\main.o(i._Z5debugPKcz))
<BR><BR>[Called By]<UL><LI><a href="#[155]">&gt;&gt;</a>&nbsp;&nbsp;&nbsp;$Super$$main
</UL>

<P><STRONG><a name="[15a]"></a>debug_if(bool, const char*, ...)</STRONG> (Thumb, 38 bytes, Stack size 0 bytes, .\build\main.o(i._Z8debug_ifbPKcz))
<BR><BR>[Calls]<UL><LI><a href="#[f1]">&gt;&gt;</a>&nbsp;&nbsp;&nbsp;__c89vfprintf
</UL>
<BR>[Called By]<UL><LI><a href="#[47]">&gt;&gt;</a>&nbsp;&nbsp;&nbsp;OnRxError()
<LI><a href="#[45]">&gt;&gt;</a>&nbsp;&nbsp;&nbsp;OnTxDone()
<LI><a href="#[46]">&gt;&gt;</a>&nbsp;&nbsp;&nbsp;OnRxDone(unsigned char*, unsigned short, short, signed char)
<LI><a href="#[48]">&gt;&gt;</a>&nbsp;&nbsp;&nbsp;OnTxTimeout()
<LI><a href="#[49]">&gt;&gt;</a>&nbsp;&nbsp;&nbsp;OnRxTimeout()
<LI><a href="#[155]">&gt;&gt;</a>&nbsp;&nbsp;&nbsp;$Super$$main
</UL>

<P><STRONG><a name="[aa]"></a>__sti___8_main_cpp_led</STRONG> (Thumb, 68 bytes, Stack size 0 bytes, .\build\main.o(i.__sti___8_main_cpp_led))
<BR><BR>[Calls]<UL><LI><a href="#[1af]">&gt;&gt;</a>&nbsp;&nbsp;&nbsp;gpio_init_out
<LI><a href="#[1b2]">&gt;&gt;</a>&nbsp;&nbsp;&nbsp;__aeabi_atexit
<LI><a href="#[190]">&gt;&gt;</a>&nbsp;&nbsp;&nbsp;mbed::Serial::Serial(PinName, PinName, const char*, int)
<LI><a href="#[166]">&gt;&gt;</a>&nbsp;&nbsp;&nbsp;SX1276MB1xAS::SX1276MB1xAS(RadioEvents_t*)
</UL>
<BR>[Address Reference Count : 1]<UL><LI> main.o(.init_array)
</UL>
<P><STRONG><a name="[ab]"></a>fs_event_handler</STRONG> (Thumb, 10 bytes, Stack size 0 bytes, mbed/TARGET_NRF51_DK/TOOLCHAIN_ARM_STD/fds.o(i.fs_event_handler))
<BR><BR>[Calls]<UL><LI><a href="#[1c8]">&gt;&gt;</a>&nbsp;&nbsp;&nbsp;queue_process
</UL>
<BR>[Address Reference Count : 1]<UL><LI> fds.o(fs_data)
</UL>
<P><STRONG><a name="[1ca]"></a>gc_record_find_next</STRONG> (Thumb, 96 bytes, Stack size 0 bytes, mbed/TARGET_NRF51_DK/TOOLCHAIN_ARM_STD/fds.o(i.gc_record_find_next))
<BR><BR>[Calls]<UL><LI><a href="#[1c9]">&gt;&gt;</a>&nbsp;&nbsp;&nbsp;fs_store
<LI><a href="#[1c6]">&gt;&gt;</a>&nbsp;&nbsp;&nbsp;fs_erase
<LI><a href="#[1cb]">&gt;&gt;</a>&nbsp;&nbsp;&nbsp;record_find_next
</UL>
<BR>[Called By]<UL><LI><a href="#[1c8]">&gt;&gt;</a>&nbsp;&nbsp;&nbsp;queue_process
</UL>

<P><STRONG><a name="[1c8]"></a>queue_process</STRONG> (Thumb, 1424 bytes, Stack size 0 bytes, mbed/TARGET_NRF51_DK/TOOLCHAIN_ARM_STD/fds.o(i.queue_process))
<BR><BR>[Calls]<UL><LI><a href="#[1c9]">&gt;&gt;</a>&nbsp;&nbsp;&nbsp;fs_store
<LI><a href="#[1c6]">&gt;&gt;</a>&nbsp;&nbsp;&nbsp;fs_erase
<LI><a href="#[1e7]">&gt;&gt;</a>&nbsp;&nbsp;&nbsp;record_find_by_desc
<LI><a href="#[1e8]">&gt;&gt;</a>&nbsp;&nbsp;&nbsp;record_find
<LI><a href="#[1c8]">&gt;&gt;</a>&nbsp;&nbsp;&nbsp;queue_process
<LI><a href="#[1ca]">&gt;&gt;</a>&nbsp;&nbsp;&nbsp;gc_record_find_next
</UL>
<BR>[Called By]<UL><LI><a href="#[1c8]">&gt;&gt;</a>&nbsp;&nbsp;&nbsp;queue_process
<LI><a href="#[ab]">&gt;&gt;</a>&nbsp;&nbsp;&nbsp;fs_event_handler
</UL>

<P><STRONG><a name="[1e8]"></a>record_find</STRONG> (Thumb, 270 bytes, Stack size 0 bytes, mbed/TARGET_NRF51_DK/TOOLCHAIN_ARM_STD/fds.o(i.record_find))
<BR><BR>[Called By]<UL><LI><a href="#[1c8]">&gt;&gt;</a>&nbsp;&nbsp;&nbsp;queue_process
</UL>

<P><STRONG><a name="[1e7]"></a>record_find_by_desc</STRONG> (Thumb, 270 bytes, Stack size 0 bytes, mbed/TARGET_NRF51_DK/TOOLCHAIN_ARM_STD/fds.o(i.record_find_by_desc))
<BR><BR>[Called By]<UL><LI><a href="#[1c8]">&gt;&gt;</a>&nbsp;&nbsp;&nbsp;queue_process
</UL>

<P><STRONG><a name="[1cb]"></a>record_find_next</STRONG> (Thumb, 84 bytes, Stack size 0 bytes, mbed/TARGET_NRF51_DK/TOOLCHAIN_ARM_STD/fds.o(i.record_find_next))
<BR><BR>[Called By]<UL><LI><a href="#[1ca]">&gt;&gt;</a>&nbsp;&nbsp;&nbsp;gc_record_find_next
</UL>

<P><STRONG><a name="[1c7]"></a>queue_process</STRONG> (Thumb, 162 bytes, Stack size 0 bytes, mbed/TARGET_NRF51_DK/TOOLCHAIN_ARM_STD/fstorage.o(i.queue_process))
<BR><BR>[Called By]<UL><LI><a href="#[1c9]">&gt;&gt;</a>&nbsp;&nbsp;&nbsp;fs_store
<LI><a href="#[1c6]">&gt;&gt;</a>&nbsp;&nbsp;&nbsp;fs_erase
</UL>

<P><STRONG><a name="[1cc]"></a>gpio_apply_config</STRONG> (Thumb, 166 bytes, Stack size 0 bytes, mbed/TARGET_NRF51_DK/TOOLCHAIN_ARM_STD/gpio_api.o(i.gpio_apply_config))
<BR><BR>[Calls]<UL><LI><a href="#[1cd]">&gt;&gt;</a>&nbsp;&nbsp;&nbsp;nrf_drv_gpiote_in_init
<LI><a href="#[1ce]">&gt;&gt;</a>&nbsp;&nbsp;&nbsp;nrf_drv_gpiote_in_event_enable
<LI><a href="#[1cf]">&gt;&gt;</a>&nbsp;&nbsp;&nbsp;nrf_drv_gpiote_out_init
</UL>
<BR>[Called By]<UL><LI><a href="#[1d4]">&gt;&gt;</a>&nbsp;&nbsp;&nbsp;gpio_mode
<LI><a href="#[183]">&gt;&gt;</a>&nbsp;&nbsp;&nbsp;gpio_irq_init
<LI><a href="#[185]">&gt;&gt;</a>&nbsp;&nbsp;&nbsp;gpio_irq_free
<LI><a href="#[187]">&gt;&gt;</a>&nbsp;&nbsp;&nbsp;gpio_dir
</UL>

<P><STRONG><a name="[43]"></a>gpiote_irq_handler</STRONG> (Thumb, 72 bytes, Stack size 0 bytes, mbed/TARGET_NRF51_DK/TOOLCHAIN_ARM_STD/gpio_api.o(i.gpiote_irq_handler))
<BR>[Address Reference Count : 1]<UL><LI> gpio_api.o(i.gpio_apply_config)
</UL>
<P><STRONG><a name="[4d]"></a>irq_handler_for_instance_1</STRONG> (Thumb, 128 bytes, Stack size 0 bytes, mbed/TARGET_NRF51_DK/TOOLCHAIN_ARM_STD/nrf_drv_spi.o(i.irq_handler_for_instance_1))
<BR>[Address Reference Count : 1]<UL><LI> nrf_drv_spi.o(.constdata)
</UL>
<P><STRONG><a name="[4e]"></a>irq_handler_for_instance_1</STRONG> (Thumb, 86 bytes, Stack size 0 bytes, mbed/TARGET_NRF51_DK/TOOLCHAIN_ARM_STD/nrf_drv_spis.o(i.irq_handler_for_instance_1))
<BR><BR>[Calls]<UL><LI><a href="#[1d7]">&gt;&gt;</a>&nbsp;&nbsp;&nbsp;spis_state_change
</UL>
<BR>[Address Reference Count : 1]<UL><LI> nrf_drv_spis.o(.constdata)
</UL>
<P><STRONG><a name="[1d7]"></a>spis_state_change</STRONG> (Thumb, 102 bytes, Stack size 0 bytes, mbed/TARGET_NRF51_DK/TOOLCHAIN_ARM_STD/nrf_drv_spis.o(i.spis_state_change))
<BR><BR>[Calls]<UL><LI><a href="#[1b8]">&gt;&gt;</a>&nbsp;&nbsp;&nbsp;app_error_handler_bare
</UL>
<BR>[Called By]<UL><LI><a href="#[1e4]">&gt;&gt;</a>&nbsp;&nbsp;&nbsp;nrf_drv_spis_buffers_set
<LI><a href="#[4e]">&gt;&gt;</a>&nbsp;&nbsp;&nbsp;irq_handler_for_instance_1
</UL>

<P><STRONG><a name="[1eb]"></a>internal_set_hwfc</STRONG> (Thumb, 90 bytes, Stack size 0 bytes, mbed/TARGET_NRF51_DK/TOOLCHAIN_ARM_STD/serial_api.o(i.internal_set_hwfc))
<BR><BR>[Called By]<UL><LI><a href="#[173]">&gt;&gt;</a>&nbsp;&nbsp;&nbsp;serial_init
</UL>

<P><STRONG><a name="[4f]"></a>master_event_handler_1</STRONG> (Thumb, 24 bytes, Stack size 0 bytes, mbed/TARGET_NRF51_DK/TOOLCHAIN_ARM_STD/spi_api.o(i.master_event_handler_1))
<BR>[Address Reference Count : 1]<UL><LI> spi_api.o(.constdata)
</UL>
<P><STRONG><a name="[50]"></a>slave_event_handler_1</STRONG> (Thumb, 34 bytes, Stack size 0 bytes, mbed/TARGET_NRF51_DK/TOOLCHAIN_ARM_STD/spi_api.o(i.slave_event_handler_1))
<BR><BR>[Calls]<UL><LI><a href="#[1e4]">&gt;&gt;</a>&nbsp;&nbsp;&nbsp;nrf_drv_spis_buffers_set
</UL>
<BR>[Address Reference Count : 1]<UL><LI> spi_api.o(.constdata)
</UL>
<P><STRONG><a name="[158]"></a>gpio_write(gpio_t*, int)</STRONG> (Thumb, 68 bytes, Stack size 0 bytes, .\build\sx1276-hal.o(i._Z10gpio_writeP6gpio_ti))
<BR><BR>[Calls]<UL><LI><a href="#[159]">&gt;&gt;</a>&nbsp;&nbsp;&nbsp;mbed_assert_internal
</UL>
<BR>[Called By]<UL><LI><a href="#[15b]">&gt;&gt;</a>&nbsp;&nbsp;&nbsp;mbed::DigitalInOut::operator =(int)
<LI><a href="#[160]">&gt;&gt;</a>&nbsp;&nbsp;&nbsp;mbed::DigitalOut::operator =(int)
</UL>

<P><STRONG><a name="[3a]"></a>&lang;Func3&rang;</STRONG> (Thumb, 12 bytes, Stack size 0 bytes, mbed/TARGET_NRF51_DK/TOOLCHAIN_ARM_STD/mbed.ar(SerialBase.o)(i.<Func3>))
<BR>[Address Reference Count : 1]<UL><LI> SerialBase.o(i._ZN4mbed10SerialBaseC1E7PinNameS1_i)
</UL>
<P><STRONG><a name="[1e9]"></a>schedule_interrupt</STRONG> (Thumb, 102 bytes, Stack size 0 bytes, mbed/TARGET_NRF51_DK/TOOLCHAIN_ARM_STD/mbed.ar(mbed_ticker_api.o)(i.schedule_interrupt))
<BR><BR>[Calls]<UL><LI><a href="#[1ea]">&gt;&gt;</a>&nbsp;&nbsp;&nbsp;update_present_time
</UL>
<BR>[Called By]<UL><LI><a href="#[1ec]">&gt;&gt;</a>&nbsp;&nbsp;&nbsp;ticker_read
<LI><a href="#[1d8]">&gt;&gt;</a>&nbsp;&nbsp;&nbsp;ticker_irq_handler
<LI><a href="#[180]">&gt;&gt;</a>&nbsp;&nbsp;&nbsp;ticker_set_handler
<LI><a href="#[17d]">&gt;&gt;</a>&nbsp;&nbsp;&nbsp;ticker_remove_event
<LI><a href="#[17b]">&gt;&gt;</a>&nbsp;&nbsp;&nbsp;ticker_insert_event_us
<LI><a href="#[197]">&gt;&gt;</a>&nbsp;&nbsp;&nbsp;ticker_read_us
</UL>

<P><STRONG><a name="[1ea]"></a>update_present_time</STRONG> (Thumb, 44 bytes, Stack size 0 bytes, mbed/TARGET_NRF51_DK/TOOLCHAIN_ARM_STD/mbed.ar(mbed_ticker_api.o)(i.update_present_time))
<BR><BR>[Called By]<UL><LI><a href="#[1ec]">&gt;&gt;</a>&nbsp;&nbsp;&nbsp;ticker_read
<LI><a href="#[1e9]">&gt;&gt;</a>&nbsp;&nbsp;&nbsp;schedule_interrupt
<LI><a href="#[180]">&gt;&gt;</a>&nbsp;&nbsp;&nbsp;ticker_set_handler
<LI><a href="#[17b]">&gt;&gt;</a>&nbsp;&nbsp;&nbsp;ticker_insert_event_us
<LI><a href="#[197]">&gt;&gt;</a>&nbsp;&nbsp;&nbsp;ticker_read_us
</UL>

<P><STRONG><a name="[10e]"></a>_dadd1</STRONG> (Thumb, 290 bytes, Stack size 0 bytes, C:\Keil_v5\ARM\ARMCC\Bin\..\lib\armlib\fz_ps.l(daddsub.o)(.text), UNUSED)
<BR><BR>[Called By]<UL><LI><a href="#[110]">&gt;&gt;</a>&nbsp;&nbsp;&nbsp;_drsb
<LI><a href="#[10f]">&gt;&gt;</a>&nbsp;&nbsp;&nbsp;_dsub
<LI><a href="#[10c]">&gt;&gt;</a>&nbsp;&nbsp;&nbsp;_dadd
</UL>

<P><STRONG><a name="[10d]"></a>_dsub1</STRONG> (Thumb, 470 bytes, Stack size 0 bytes, C:\Keil_v5\ARM\ARMCC\Bin\..\lib\armlib\fz_ps.l(daddsub.o)(.text), UNUSED)
<BR><BR>[Called By]<UL><LI><a href="#[110]">&gt;&gt;</a>&nbsp;&nbsp;&nbsp;_drsb
<LI><a href="#[10f]">&gt;&gt;</a>&nbsp;&nbsp;&nbsp;_dsub
<LI><a href="#[10c]">&gt;&gt;</a>&nbsp;&nbsp;&nbsp;_dadd
</UL>

<P><STRONG><a name="[36]"></a>_printf_input_char</STRONG> (Thumb, 10 bytes, Stack size 0 bytes, C:\Keil_v5\ARM\ARMCC\Bin\..\lib\armlib\c_p.l(_printf_char_common.o)(.text))
<BR>[Address Reference Count : 1]<UL><LI> _printf_char_common.o(.text)
</UL>
<P><STRONG><a name="[13d]"></a>_fp_digits</STRONG> (Thumb, 412 bytes, Stack size 0 bytes, C:\Keil_v5\ARM\ARMCC\Bin\..\lib\armlib\c_p.l(_printf_fp_dec.o)(.text))
<BR><BR>[Calls]<UL><LI><a href="#[140]">&gt;&gt;</a>&nbsp;&nbsp;&nbsp;_btod_ediv
<LI><a href="#[141]">&gt;&gt;</a>&nbsp;&nbsp;&nbsp;_btod_emul
<LI><a href="#[13f]">&gt;&gt;</a>&nbsp;&nbsp;&nbsp;_btod_d2e
<LI><a href="#[13e]">&gt;&gt;</a>&nbsp;&nbsp;&nbsp;_btod_etento
<LI><a href="#[127]">&gt;&gt;</a>&nbsp;&nbsp;&nbsp;_ll_udiv10
</UL>
<BR>[Called By]<UL><LI><a href="#[4b]">&gt;&gt;</a>&nbsp;&nbsp;&nbsp;_printf_fp_dec_real
</UL>

<P><STRONG><a name="[14e]"></a>btod_internal_mul</STRONG> (Thumb, 492 bytes, Stack size 0 bytes, C:\Keil_v5\ARM\ARMCC\Bin\..\lib\armlib\c_p.l(btod.o)(.text))
<BR><BR>[Calls]<UL><LI><a href="#[14f]">&gt;&gt;</a>&nbsp;&nbsp;&nbsp;__ARM_common_ll_muluu
</UL>
<BR>[Called By]<UL><LI><a href="#[150]">&gt;&gt;</a>&nbsp;&nbsp;&nbsp;_btod_emuld
<LI><a href="#[141]">&gt;&gt;</a>&nbsp;&nbsp;&nbsp;_btod_emul
</UL>

<P><STRONG><a name="[151]"></a>btod_internal_div</STRONG> (Thumb, 520 bytes, Stack size 0 bytes, C:\Keil_v5\ARM\ARMCC\Bin\..\lib\armlib\c_p.l(btod.o)(.text))
<BR><BR>[Called By]<UL><LI><a href="#[152]">&gt;&gt;</a>&nbsp;&nbsp;&nbsp;_btod_edivd
<LI><a href="#[140]">&gt;&gt;</a>&nbsp;&nbsp;&nbsp;_btod_ediv
</UL>
<P>
<H3>
Undefined Global Symbols
</H3>
<P><STRONG><a name="[138]"></a>__rt_lib_shutdown</STRONG> (ARM, 0 bytes, Stack size 0 bytes, UNDEFINED)
<BR><BR>[Called By]<UL><LI><a href="#[104]">&gt;&gt;</a>&nbsp;&nbsp;&nbsp;abort
</UL>

<P><STRONG><a name="[145]"></a>_printf_mbtowc</STRONG> (ARM, 0 bytes, Stack size 0 bytes, UNDEFINED)
<BR><BR>[Called By]<UL><LI><a href="#[144]">&gt;&gt;</a>&nbsp;&nbsp;&nbsp;_printf_cs_common
</UL>

<P><STRONG><a name="[147]"></a>_printf_wc</STRONG> (ARM, 0 bytes, Stack size 0 bytes, UNDEFINED)
<BR><BR>[Called By]<UL><LI><a href="#[146]">&gt;&gt;</a>&nbsp;&nbsp;&nbsp;_printf_lcs_common
</UL>
<HR></body></html>
