Component: ARM Compiler 5.06 update 5 (build 528) Tool: armlink [4d35e2]

==============================================================================

Section Cross References

    .\build\main.o(.ARM.exidx) refers to .\build\main.o(i.main) for i.main
    mbed/TARGET_NRF51_DK/TOOLCHAIN_ARM_STD/analogin_api.o(i.analogin_init) refers to mbed/TARGET_NRF51_DK/TOOLCHAIN_ARM_STD/mbed.ar(mbed_pinmap_common.o)(i.pinmap_peripheral) for pinmap_peripheral
    mbed/TARGET_NRF51_DK/TOOLCHAIN_ARM_STD/analogin_api.o(i.analogin_init) refers to mbed/TARGET_NRF51_DK/TOOLCHAIN_ARM_STD/mbed.ar(mbed_assert.o)(i.mbed_assert_internal) for mbed_assert_internal
    mbed/TARGET_NRF51_DK/TOOLCHAIN_ARM_STD/analogin_api.o(i.analogin_init) refers to mbed/TARGET_NRF51_DK/TOOLCHAIN_ARM_STD/mbed.ar(mbed_pinmap_common.o)(i.pinmap_function) for pinmap_function
    mbed/TARGET_NRF51_DK/TOOLCHAIN_ARM_STD/analogin_api.o(i.analogin_init) refers to mbed/TARGET_NRF51_DK/TOOLCHAIN_ARM_STD/cmsis_nvic.o(i.NVIC_SetVector) for NVIC_SetVector
    mbed/TARGET_NRF51_DK/TOOLCHAIN_ARM_STD/analogin_api.o(i.analogin_init) refers to mbed/TARGET_NRF51_DK/TOOLCHAIN_ARM_STD/nrf_drv_adc.o(i.nrf_drv_adc_init) for nrf_drv_adc_init
    mbed/TARGET_NRF51_DK/TOOLCHAIN_ARM_STD/analogin_api.o(i.analogin_init) refers to mbed/TARGET_NRF51_DK/TOOLCHAIN_ARM_STD/analogin_api.o(.constdata) for .constdata
    mbed/TARGET_NRF51_DK/TOOLCHAIN_ARM_STD/analogin_api.o(i.analogin_init) refers to mbed/TARGET_NRF51_DK/TOOLCHAIN_ARM_STD/analogin_api.o(.conststring) for .conststring
    mbed/TARGET_NRF51_DK/TOOLCHAIN_ARM_STD/analogin_api.o(i.analogin_init) refers to mbed/TARGET_NRF51_DK/TOOLCHAIN_ARM_STD/nrf_drv_adc.o(i.ADC_IRQHandler) for ADC_IRQHandler
    mbed/TARGET_NRF51_DK/TOOLCHAIN_ARM_STD/analogin_api.o(i.analogin_read) refers to mbed/TARGET_NRF51_DK/TOOLCHAIN_ARM_STD/nrf_drv_adc.o(i.nrf_drv_adc_sample_convert) for nrf_drv_adc_sample_convert
    mbed/TARGET_NRF51_DK/TOOLCHAIN_ARM_STD/analogin_api.o(i.analogin_read) refers to mbed/TARGET_NRF51_DK/TOOLCHAIN_ARM_STD/mbed.ar(mbed_assert.o)(i.mbed_assert_internal) for mbed_assert_internal
    mbed/TARGET_NRF51_DK/TOOLCHAIN_ARM_STD/analogin_api.o(i.analogin_read) refers to C:\Keil_v5\ARM\ARMCC\Bin\..\lib\armlib\fz_ps.l(fflti.o)(.text) for __aeabi_ui2f
    mbed/TARGET_NRF51_DK/TOOLCHAIN_ARM_STD/analogin_api.o(i.analogin_read) refers to C:\Keil_v5\ARM\ARMCC\Bin\..\lib\armlib\fz_ps.l(fmul.o)(x$fpl$fmul) for __aeabi_fmul
    mbed/TARGET_NRF51_DK/TOOLCHAIN_ARM_STD/analogin_api.o(i.analogin_read) refers to mbed/TARGET_NRF51_DK/TOOLCHAIN_ARM_STD/analogin_api.o(.conststring) for .conststring
    mbed/TARGET_NRF51_DK/TOOLCHAIN_ARM_STD/analogin_api.o(i.analogin_read) refers to mbed/TARGET_NRF51_DK/TOOLCHAIN_ARM_STD/analogin_api.o(i.analogin_read_u16) for i.analogin_read_u16
    mbed/TARGET_NRF51_DK/TOOLCHAIN_ARM_STD/analogin_api.o(i.analogin_read_u16) refers to mbed/TARGET_NRF51_DK/TOOLCHAIN_ARM_STD/nrf_drv_adc.o(i.nrf_drv_adc_sample_convert) for nrf_drv_adc_sample_convert
    mbed/TARGET_NRF51_DK/TOOLCHAIN_ARM_STD/analogin_api.o(i.analogin_read_u16) refers to mbed/TARGET_NRF51_DK/TOOLCHAIN_ARM_STD/mbed.ar(mbed_assert.o)(i.mbed_assert_internal) for mbed_assert_internal
    mbed/TARGET_NRF51_DK/TOOLCHAIN_ARM_STD/analogin_api.o(i.analogin_read_u16) refers to mbed/TARGET_NRF51_DK/TOOLCHAIN_ARM_STD/analogin_api.o(.conststring) for .conststring
    mbed/TARGET_NRF51_DK/TOOLCHAIN_ARM_STD/app_error.o(i.app_error_handler_bare) refers to mbed/TARGET_NRF51_DK/TOOLCHAIN_ARM_STD/app_error_weak.o(i.app_error_fault_handler) for app_error_fault_handler
    mbed/TARGET_NRF51_DK/TOOLCHAIN_ARM_STD/app_error.o(i.app_error_save_and_stop) refers to mbed/TARGET_NRF51_DK/TOOLCHAIN_ARM_STD/app_error.o(.bss) for .bss
    mbed/TARGET_NRF51_DK/TOOLCHAIN_ARM_STD/app_pwm.o(i.app_pwm_busy_check) refers to mbed/TARGET_NRF51_DK/TOOLCHAIN_ARM_STD/app_pwm.o(.data) for .data
    mbed/TARGET_NRF51_DK/TOOLCHAIN_ARM_STD/app_pwm.o(i.app_pwm_channel_duty_get) refers to C:\Keil_v5\ARM\ARMCC\Bin\..\lib\armlib\c_p.l(aeabi_sdivfast.o)(.text) for __aeabi_uidivmod
    mbed/TARGET_NRF51_DK/TOOLCHAIN_ARM_STD/app_pwm.o(i.app_pwm_channel_duty_set) refers to C:\Keil_v5\ARM\ARMCC\Bin\..\lib\armlib\c_p.l(aeabi_sdivfast.o)(.text) for __aeabi_uidivmod
    mbed/TARGET_NRF51_DK/TOOLCHAIN_ARM_STD/app_pwm.o(i.app_pwm_channel_duty_set) refers to mbed/TARGET_NRF51_DK/TOOLCHAIN_ARM_STD/app_pwm.o(i.app_pwm_channel_duty_ticks_set) for app_pwm_channel_duty_ticks_set
    mbed/TARGET_NRF51_DK/TOOLCHAIN_ARM_STD/app_pwm.o(i.app_pwm_channel_duty_ticks_set) refers to mbed/TARGET_NRF51_DK/TOOLCHAIN_ARM_STD/nrf_drv_ppi.o(i.nrf_drv_ppi_channel_disable) for nrf_drv_ppi_channel_disable
    mbed/TARGET_NRF51_DK/TOOLCHAIN_ARM_STD/app_pwm.o(i.app_pwm_channel_duty_ticks_set) refers to mbed/TARGET_NRF51_DK/TOOLCHAIN_ARM_STD/nrf_drv_gpiote.o(i.nrf_drv_gpiote_out_task_force) for nrf_drv_gpiote_out_task_force
[...]
    fs_data                                  0x20003014   Section       16  mbed/TARGET_NRF51_DK/TOOLCHAIN_ARM_STD/fds.o(fs_data)
    __tagsym$$used                           0x20003014   Number         0  mbed/TARGET_NRF51_DK/TOOLCHAIN_ARM_STD/fds.o(fs_data)
    fs_config                                0x20003014   Data          16  mbed/TARGET_NRF51_DK/TOOLCHAIN_ARM_STD/fds.o(fs_data)
    .bss                                     0x20003024   Section      264  mbed/TARGET_NRF51_DK/TOOLCHAIN_ARM_STD/fds.o(.bss)
    desc                                     0x20003024   Data          12  mbed/TARGET_NRF51_DK/TOOLCHAIN_ARM_STD/fds.o(.bss)
    m_cb_table                               0x20003030   Data          12  mbed/TARGET_NRF51_DK/TOOLCHAIN_ARM_STD/fds.o(.bss)
    m_op_queue                               0x2000303c   Data         120  mbed/TARGET_NRF51_DK/TOOLCHAIN_ARM_STD/fds.o(.bss)
    m_chunk_queue                            0x200030b4   Data          72  mbed/TARGET_NRF51_DK/TOOLCHAIN_ARM_STD/fds.o(.bss)
    m_pages                                  0x200030fc   Data          32  mbed/TARGET_NRF51_DK/TOOLCHAIN_ARM_STD/fds.o(.bss)
    m_gc                                     0x2000311c   Data          16  mbed/TARGET_NRF51_DK/TOOLCHAIN_ARM_STD/fds.o(.bss)
    .bss                                     0x2000312c   Section       88  mbed/TARGET_NRF51_DK/TOOLCHAIN_ARM_STD/fstorage.o(.bss)
    m_queue                                  0x2000312c   Data          88  mbed/TARGET_NRF51_DK/TOOLCHAIN_ARM_STD/fstorage.o(.bss)
    .bss                                     0x20003184   Section      155  mbed/TARGET_NRF51_DK/TOOLCHAIN_ARM_STD/gpio_api.o(.bss)
    m_channel_ids                            0x20003184   Data         124  mbed/TARGET_NRF51_DK/TOOLCHAIN_ARM_STD/gpio_api.o(.bss)
    m_gpio_cfg                               0x20003200   Data          31  mbed/TARGET_NRF51_DK/TOOLCHAIN_ARM_STD/gpio_api.o(.bss)
    .bss                                     0x20003220   Section       92  mbed/TARGET_NRF51_DK/TOOLCHAIN_ARM_STD/nrf_drv_gpiote.o(.bss)
    m_cb                                     0x20003220   Data          92  mbed/TARGET_NRF51_DK/TOOLCHAIN_ARM_STD/nrf_drv_gpiote.o(.bss)
    .bss                                     0x2000327c   Section      128  mbed/TARGET_NRF51_DK/TOOLCHAIN_ARM_STD/serial_api.o(.bss)
    uart_cb                                  0x200032a4   Data          88  mbed/TARGET_NRF51_DK/TOOLCHAIN_ARM_STD/serial_api.o(.bss)
    .bss                                     0x20003300   Section       24  mbed/TARGET_NRF51_DK/TOOLCHAIN_ARM_STD/mbed.ar(mbed_lp_ticker_api.o)(.bss)
    events                                   0x20003300   Data          24  mbed/TARGET_NRF51_DK/TOOLCHAIN_ARM_STD/mbed.ar(mbed_lp_ticker_api.o)(.bss)
    .bss                                     0x20003318   Section       24  mbed/TARGET_NRF51_DK/TOOLCHAIN_ARM_STD/mbed.ar(mbed_us_ticker_api.o)(.bss)
    events                                   0x20003318   Data          24  mbed/TARGET_NRF51_DK/TOOLCHAIN_ARM_STD/mbed.ar(mbed_us_ticker_api.o)(.bss)
    .bss                                     0x20003330   Section       20  C:\Keil_v5\ARM\ARMCC\Bin\..\lib\armlib\c_p.l(rt_locale.o)(.bss)
    __rt_locale_data                         0x20003330   Data          20  C:\Keil_v5\ARM\ARMCC\Bin\..\lib\armlib\c_p.l(rt_locale.o)(.bss)

    Global Symbols

    Symbol Name                              Value     Ov Type        Size  Object(Section)

    BuildAttributes$$THM_ISAv3M$S$PE$A:L22$X:L11$S22$IEEE1$IW$USESV6$~STKCKD$USESV7$~SHL$OTIME$ROPI$IEEEJ$EBA8$UX$STANDARDLIB$REQ8$PRES8$EABIv2 0x00000000   Number         0  anon$$obj.o ABSOLUTE
    __ARM_use_no_argv                        0x00000000   Number         0  .\build\main.o ABSOLUTE
    _printf_flags                            0x00000000   Number         0  C:\Keil_v5\ARM\ARMCC\Bin\..\lib\armlib\c_p.l(printf_stubs.o) ABSOLUTE
    _printf_return_value                     0x00000000   Number         0  C:\Keil_v5\ARM\ARMCC\Bin\..\lib\armlib\c_p.l(printf_stubs.o) ABSOLUTE
    _printf_sizespec                         0x00000000   Number         0  C:\Keil_v5\ARM\ARMCC\Bin\..\lib\armlib\c_p.l(printf_stubs.o) ABSOLUTE
    _printf_widthprec                        0x00000000   Number         0  C:\Keil_v5\ARM\ARMCC\Bin\..\lib\armlib\c_p.l(printf_stubs.o) ABSOLUTE
    __ARM::default_unexpected_handler()       - Undefined Weak Reference
    typeinfo for mbed::FileHandle             - Undefined Weak Reference
    typeinfo for mbed::FileSystemHandle       - Undefined Weak Reference
    typeinfo for mbed::DirHandle              - Undefined Weak Reference
    __ARM_exceptions_buffer_required          - Undefined Weak Reference
    __ARM_exceptions_init                     - Undefined Weak Reference
    __alloca_initialize                       - Undefined Weak Reference
    __arm_preinit_                            - Undefined Weak Reference
    __cpp_initialize__aeabi_                  - Undefined Weak Reference
    __rt_lib_shutdown                         - Undefined Weak Reference
    __sigvec_lookup                           - Undefined Weak Reference
    __user_heap_extent                        - Undefined Weak Reference
    _atexit_init                              - Undefined Weak Reference
    _clock_init                               - Undefined Weak Reference
    _fp_trap_init                             - Undefined Weak Reference
    _fp_trap_shutdown                         - Undefined Weak Reference
    _get_lc_collate                           - Undefined Weak Reference
    _get_lc_monetary                          - Undefined Weak Reference
    _get_lc_time                              - Undefined Weak Reference
    _getenv_init                              - Undefined Weak Reference
    _handle_redirection                       - Undefined Weak Reference
    _mutex_acquire                            - Undefined Weak Reference
    _mutex_free                               - Undefined Weak Reference
    _mutex_release                            - Undefined Weak Reference
    _printf_mbtowc                            - Undefined Weak Reference
    _printf_wc                                - Undefined Weak Reference
    _rand_init                                - Undefined Weak Reference
    _signal_finish                            - Undefined Weak Reference
    _signal_init                              - Undefined Weak Reference
    __Vectors_Size                           0x000000c0   Number         0  mbed/TARGET_NRF51_DK/TOOLCHAIN_ARM_STD/startup_nRF51822.o ABSOLUTE
    __Vectors                                0x0001b000   Data           4  mbed/TARGET_NRF51_DK/TOOLCHAIN_ARM_STD/startup_nRF51822.o(RESET)
    __Vectors_End                            0x0001b0c0   Data           0  mbed/TARGET_NRF51_DK/TOOLCHAIN_ARM_STD/startup_nRF51822.o(RESET)
    __main                                   0x0001b0c1   Thumb Code     8  C:\Keil_v5\ARM\ARMCC\Bin\..\lib\armlib\c_p.l(__main.o)(!!!main)
    __scatterload                            0x0001b0c9   Thumb Code     0  C:\Keil_v5\ARM\ARMCC\Bin\..\lib\armlib\c_p.l(__scatter.o)(!!!scatter)
    __scatterload_rt2                        0x0001b0c9   Thumb Code    52  C:\Keil_v5\ARM\ARMCC\Bin\..\lib\armlib\c_p.l(__scatter.o)(!!!scatter)
    __scatterload_rt2_thumb_only             0x0001b0c9   Thumb Code     0  C:\Keil_v5\ARM\ARMCC\Bin\..\lib\armlib\c_p.l(__scatter.o)(!!!scatter)
    __scatterload_null                       0x0001b0d9   Thumb Code     0  C:\Keil_v5\ARM\ARMCC\Bin\..\lib\armlib\c_p.l(__scatter.o)(!!!scatter)
    __scatterload_copy                       0x0001b105   Thumb Code    26  C:\Keil_v5\ARM\ARMCC\Bin\..\lib\armlib\c_p.l(__scatter_copy.o)(!!handler_copy)
    __scatterload_zeroinit                   0x0001b121   Thumb Code    28  C:\Keil_v5\ARM\ARMCC\Bin\..\lib\armlib\c_p.l(__scatter_zi.o)(!!handler_zi)
    _printf_percent                          0x0001b13d   Thumb Code     0  C:\Keil_v5\ARM\ARMCC\Bin\..\lib\armlib\c_p.l(_printf_percent.o)(.ARM.Collect$$_printf_percent$$00000000)
    _printf_n                                0x0001b13f   Thumb Code     0  C:\Keil_v5\ARM\ARMCC\Bin\..\lib\armlib\c_p.l(_printf_n.o)(.ARM.Collect$$_printf_percent$$00000001)
    _printf_p                                0x0001b149   Thumb Code     0  C:\Keil_v5\ARM\ARMCC\Bin\..\lib\armlib\c_p.l(_printf_p.o)(.ARM.Collect$$_printf_percent$$00000002)
    _printf_f                                0x0001b153   Thumb Code     0  C:\Keil_v5\ARM\ARMCC\Bin\..\lib\armlib\c_p.l(_printf_f.o)(.ARM.Collect$$_printf_percent$$00000003)
    _printf_e                                0x0001b15d   Thumb Code     0  C:\Keil_v5\ARM\ARMCC\Bin\..\lib\armlib\c_p.l(_printf_e.o)(.ARM.Collect$$_printf_percent$$00000004)
    _printf_g                                0x0001b167   Thumb Code     0  C:\Keil_v5\ARM\ARMCC\Bin\..\lib\armlib\c_p.l(_printf_g.o)(.ARM.Collect$$_printf_percent$$00000005)
    _printf_a                                0x0001b171   Thumb Code     0  C:\Keil_v5\ARM\ARMCC\Bin\..\lib\armlib\c_p.l(_printf_a.o)(.ARM.Collect$$_printf_percent$$00000006)
    _printf_ll                               0x0001b17b   Thumb Code     0  C:\Keil_v5\ARM\ARMCC\Bin\..\lib\armlib\c_p.l(_printf_ll.o)(.ARM.Collect$$_printf_percent$$00000007)
    _printf_i                                0x0001b185   Thumb Code     0  C:\Keil_v5\ARM\ARMCC\Bin\..\lib\armlib\c_p.l(_printf_i.o)(.ARM.Collect$$_printf_percent$$00000008)
    _printf_d                                0x0001b18f   Thumb Code     0  C:\Keil_v5\ARM\ARMCC\Bin\..\lib\armlib\c_p.l(_printf_d.o)(.ARM.Collect$$_printf_percent$$00000009)
    _printf_u                                0x0001b199   Thumb Code     0  C:\Keil_v5\ARM\ARMCC\Bin\..\lib\armlib\c_p.l(_printf_u.o)(.ARM.Collect$$_printf_percent$$0000000A)
    _printf_o                                0x0001b1a3   Thumb Code     0  C:\Keil_v5\ARM\ARMCC\Bin\..\lib\armlib\c_p.l(_printf_o.o)(.ARM.Collect$$_printf_percent$$0000000B)
    _printf_x                                0x0001b1ad   Thumb Code     0  C:\Keil_v5\ARM\ARMCC\Bin\..\lib\armlib\c_p.l(_printf_x.o)(.ARM.Collect$$_printf_percent$$0000000C)
    _printf_lli                              0x0001b1b7   Thumb Code     0  C:\Keil_v5\ARM\ARMCC\Bin\..\lib\armlib\c_p.l(_printf_lli.o)(.ARM.Collect$$_printf_percent$$0000000D)
    _printf_lld                              0x0001b1c1   Thumb Code     0  C:\Keil_v5\ARM\ARMCC\Bin\..\lib\armlib\c_p.l(_printf_lld.o)(.ARM.Collect$$_printf_percent$$0000000E)
    _printf_llu                              0x0001b1cb   Thumb Code     0  C:\Keil_v5\ARM\ARMCC\Bin\..\lib\armlib\c_p.l(_printf_llu.o)(.ARM.Collect$$_printf_percent$$0000000F)
    _printf_llo                              0x0001b1d5   Thumb Code     0  C:\Keil_v5\ARM\ARMCC\Bin\..\lib\armlib\c_p.l(_printf_llo.o)(.ARM.Collect$$_printf_percent$$00000010)
    _printf_llx                              0x0001b1df   Thumb Code     0  C:\Keil_v5\ARM\ARMCC\Bin\..\lib\armlib\c_p.l(_printf_llx.o)(.ARM.Collect$$_printf_percent$$00000011)
    _printf_l                                0x0001b1e9   Thumb Code     0  C:\Keil_v5\ARM\ARMCC\Bin\..\lib\armlib\c_p.l(_printf_l.o)(.ARM.Collect$$_printf_percent$$00000012)
    _printf_c                                0x0001b1f3   Thumb Code     0  C:\Keil_v5\ARM\ARMCC\Bin\..\lib\armlib\c_p.l(_printf_c.o)(.ARM.Collect$$_printf_percent$$00000013)
    _printf_s                                0x0001b1fd   Thumb Code     0  C:\Keil_v5\ARM\ARMCC\Bin\..\lib\armlib\c_p.l(_printf_s.o)(.ARM.Collect$$_printf_percent$$00000014)
    _printf_lc                               0x0001b207   Thumb Code     0  C:\Keil_v5\ARM\ARMCC\Bin\..\lib\armlib\c_p.l(_printf_lc.o)(.ARM.Collect$$_printf_percent$$00000015)
    _printf_ls                               0x0001b211   Thumb Code     0  C:\Keil_v5\ARM\ARMCC\Bin\..\lib\armlib\c_p.l(_printf_ls.o)(.ARM.Collect$$_printf_percent$$00000016)
    _printf_percent_end                      0x0001b21b   Thumb Code     0  C:\Keil_v5\ARM\ARMCC\Bin\..\lib\armlib\c_p.l(_printf_percent_end.o)(.ARM.Collect$$_printf_percent$$00000017)
    __rt_lib_init                            0x0001b21f   Thumb Code     0  C:\Keil_v5\ARM\ARMCC\Bin\..\lib\armlib\c_p.l(libinit.o)(.ARM.Collect$$libinit$$00000000)
    __rt_lib_init_fp_1                       0x0001b221   Thumb Code     0  C:\Keil_v5\ARM\ARMCC\Bin\..\lib\armlib\c_p.l(libinit2.o)(.ARM.Collect$$libinit$$00000002)
    __rt_lib_init_heap_1                     0x0001b221   Thumb Code     0  C:\Keil_v5\ARM\ARMCC\Bin\..\lib\armlib\c_p.l(libinit2.o)(.ARM.Collect$$libinit$$0000000A)
    __rt_lib_init_lc_common                  0x0001b221   Thumb Code     0  C:\Keil_v5\ARM\ARMCC\Bin\..\lib\armlib\c_p.l(libinit2.o)(.ARM.Collect$$libinit$$0000000F)
    __rt_lib_init_preinit_1                  0x0001b221   Thumb Code     0  C:\Keil_v5\ARM\ARMCC\Bin\..\lib\armlib\c_p.l(libinit2.o)(.ARM.Collect$$libinit$$00000004)
    __rt_lib_init_rand_1                     0x0001b221   Thumb Code     0  C:\Keil_v5\ARM\ARMCC\Bin\..\lib\armlib\c_p.l(libinit2.o)(.ARM.Collect$$libinit$$0000000E)
    __rt_lib_init_user_alloc_1               0x0001b221   Thumb Code     0  C:\Keil_v5\ARM\ARMCC\Bin\..\lib\armlib\c_p.l(libinit2.o)(.ARM.Collect$$libinit$$0000000C)
    __rt_lib_init_lc_collate_1               0x0001b227   Thumb Code     0  C:\Keil_v5\ARM\ARMCC\Bin\..\lib\armlib\c_p.l(libinit2.o)(.ARM.Collect$$libinit$$00000011)
    __rt_lib_init_lc_ctype_2                 0x0001b227   Thumb Code     0  C:\Keil_v5\ARM\ARMCC\Bin\..\lib\armlib\c_p.l(libinit2.o)(.ARM.Collect$$libinit$$00000012)
    __rt_lib_init_lc_ctype_1                 0x0001b233   Thumb Code     0  C:\Keil_v5\ARM\ARMCC\Bin\..\lib\armlib\c_p.l(libinit2.o)(.ARM.Collect$$libinit$$00000013)
    __rt_lib_init_lc_monetary_1              0x0001b233   Thumb Code     0  C:\Keil_v5\ARM\ARMCC\Bin\..\lib\armlib\c_p.l(libinit2.o)(.ARM.Collect$$libinit$$00000015)
    __rt_lib_init_lc_numeric_2               0x0001b233   Thumb Code     0  C:\Keil_v5\ARM\ARMCC\Bin\..\lib\armlib\c_p.l(libinit2.o)(.ARM.Collect$$libinit$$00000016)
    __rt_lib_init_alloca_1                   0x0001b23d   Thumb Code     0  C:\Keil_v5\ARM\ARMCC\Bin\..\lib\armlib\c_p.l(libinit2.o)(.ARM.Collect$$libinit$$0000002E)
    __rt_lib_init_argv_1                     0x0001b23d   Thumb Code     0  C:\Keil_v5\ARM\ARMCC\Bin\..\lib\armlib\c_p.l(libinit2.o)(.ARM.Collect$$libinit$$0000002C)
    __rt_lib_init_atexit_1                   0x0001b23d   Thumb Code     0  C:\Keil_v5\ARM\ARMCC\Bin\..\lib\armlib\c_p.l(libinit2.o)(.ARM.Collect$$libinit$$0000001B)
    __rt_lib_init_clock_1                    0x0001b23d   Thumb Code     0  C:\Keil_v5\ARM\ARMCC\Bin\..\lib\armlib\c_p.l(libinit2.o)(.ARM.Collect$$libinit$$00000021)
    __rt_lib_init_cpp_1                      0x0001b23d   Thumb Code     0  C:\Keil_v5\ARM\ARMCC\Bin\..\lib\armlib\c_p.l(libinit2.o)(.ARM.Collect$$libinit$$00000032)
    __rt_lib_init_exceptions_1               0x0001b23d   Thumb Code     0  C:\Keil_v5\ARM\ARMCC\Bin\..\lib\armlib\c_p.l(libinit2.o)(.ARM.Collect$$libinit$$00000030)
    __rt_lib_init_fp_trap_1                  0x0001b23d   Thumb Code     0  C:\Keil_v5\ARM\ARMCC\Bin\..\lib\armlib\c_p.l(libinit2.o)(.ARM.Collect$$libinit$$0000001F)
    __rt_lib_init_getenv_1                   0x0001b23d   Thumb Code     0  C:\Keil_v5\ARM\ARMCC\Bin\..\lib\armlib\c_p.l(libinit2.o)(.ARM.Collect$$libinit$$00000023)
    __rt_lib_init_lc_numeric_1               0x0001b23d   Thumb Code     0  C:\Keil_v5\ARM\ARMCC\Bin\..\lib\armlib\c_p.l(libinit2.o)(.ARM.Collect$$libinit$$00000017)
    __rt_lib_init_lc_time_1                  0x0001b23d   Thumb Code     0  C:\Keil_v5\ARM\ARMCC\Bin\..\lib\armlib\c_p.l(libinit2.o)(.ARM.Collect$$libinit$$00000019)
    __rt_lib_init_return                     0x0001b23d   Thumb Code     0  C:\Keil_v5\ARM\ARMCC\Bin\..\lib\armlib\c_p.l(libinit2.o)(.ARM.Collect$$libinit$$00000033)
    __rt_lib_init_signal_1                   0x0001b23d   Thumb Code     0  C:\Keil_v5\ARM\ARMCC\Bin\..\lib\armlib\c_p.l(libinit2.o)(.ARM.Collect$$libinit$$0000001D)
    __rt_lib_init_stdio_1                    0x0001b23d   Thumb Code     0  C:\Keil_v5\ARM\ARMCC\Bin\..\lib\armlib\c_p.l(libinit2.o)(.ARM.Collect$$libinit$$00000025)
    __rt_entry                               0x0001b23f   Thumb Code     0  C:\Keil_v5\ARM\ARMCC\Bin\..\lib\armlib\c_p.l(__rtentry.o)(.ARM.Collect$$rtentry$$00000000)
    __rt_entry_presh_1                       0x0001b23f   Thumb Code     0  C:\Keil_v5\ARM\ARMCC\Bin\..\lib\armlib\c_p.l(__rtentry2.o)(.ARM.Collect$$rtentry$$00000002)
    __rt_entry_sh                            0x0001b23f   Thumb Code     0  C:\Keil_v5\ARM\ARMCC\Bin\..\lib\armlib\c_p.l(__rtentry4.o)(.ARM.Collect$$rtentry$$00000004)
    __rt_entry_postsh_1                      0x0001b245   Thumb Code     0  C:\Keil_v5\ARM\ARMCC\Bin\..\lib\armlib\c_p.l(__rtentry2.o)(.ARM.Collect$$rtentry$$00000008)
    __rt_entry_li                            0x0001b24d   Thumb Code     0  C:\Keil_v5\ARM\ARMCC\Bin\..\lib\armlib\c_p.l(__rtentry2.o)(.ARM.Collect$$rtentry$$0000000A)
    __rt_entry_main                          0x0001b251   Thumb Code     0  C:\Keil_v5\ARM\ARMCC\Bin\..\lib\armlib\c_p.l(__rtentry2.o)(.ARM.Collect$$rtentry$$0000000D)
    __rt_entry_postli_1                      0x0001b251   Thumb Code     0  C:\Keil_v5\ARM\ARMCC\Bin\..\lib\armlib\c_p.l(__rtentry2.o)(.ARM.Collect$$rtentry$$0000000C)
    __aeabi_memcpy4                          0x0001b259   Thumb Code    56  C:\Keil_v5\ARM\ARMCC\Bin\..\lib\armlib\c_p.l(rt_memcpy.o)(.emb_text)
    __aeabi_memcpy8                          0x0001b259   Thumb Code     0  C:\Keil_v5\ARM\ARMCC\Bin\..\lib\armlib\c_p.l(rt_memcpy.o)(.emb_text)
    Reset_Handler                            0x0001b291   Thumb Code    30  mbed/TARGET_NRF51_DK/TOOLCHAIN_ARM_STD/startup_nRF51822.o(.text)
    NMI_Handler                              0x0001b2af   Thumb Code     2  mbed/TARGET_NRF51_DK/TOOLCHAIN_ARM_STD/startup_nRF51822.o(.text)
    HardFault_Handler                        0x0001b2b1   Thumb Code     2  mbed/TARGET_NRF51_DK/TOOLCHAIN_ARM_STD/startup_nRF51822.o(.text)
    SVC_Handler                              0x0001b2b3   Thumb Code     2  mbed/TARGET_NRF51_DK/TOOLCHAIN_ARM_STD/startup_nRF51822.o(.text)
    PendSV_Handler                           0x0001b2b5   Thumb Code     2  mbed/TARGET_NRF51_DK/TOOLCHAIN_ARM_STD/startup_nRF51822.o(.text)
    SysTick_Handler                          0x0001b2b7   Thumb Code     2  mbed/TARGET_NRF51_DK/TOOLCHAIN_ARM_STD/startup_nRF51822.o(.text)
    ADC_IRQHandler_v                         0x0001b2b9   Thumb Code     0  mbed/TARGET_NRF51_DK/TOOLCHAIN_ARM_STD/startup_nRF51822.o(.text)
    CCM_AAR_IRQHandler                       0x0001b2b9   Thumb Code     0  mbed/TARGET_NRF51_DK/TOOLCHAIN_ARM_STD/startup_nRF51822.o(.text)
    ECB_IRQHandler                           0x0001b2b9   Thumb Code     0  mbed/TARGET_NRF51_DK/TOOLCHAIN_ARM_STD/startup_nRF51822.o(.text)
    GPIOTE_IRQHandler_v                      0x0001b2b9   Thumb Code     0  mbed/TARGET_NRF51_DK/TOOLCHAIN_ARM_STD/startup_nRF51822.o(.text)
    LPCOMP_IRQHandler_v                      0x0001b2b9   Thumb Code     0  mbed/TARGET_NRF51_DK/TOOLCHAIN_ARM_STD/startup_nRF51822.o(.text)
    POWER_CLOCK_IRQHandler                   0x0001b2b9   Thumb Code     0  mbed/TARGET_NRF51_DK/TOOLCHAIN_ARM_STD/startup_nRF51822.o(.text)
    QDEC_IRQHandler_v                        0x0001b2b9   Thumb Code     0  mbed/TARGET_NRF51_DK/TOOLCHAIN_ARM_STD/startup_nRF51822.o(.text)
    RADIO_IRQHandler                         0x0001b2b9   Thumb Code     0  mbed/TARGET_NRF51_DK/TOOLCHAIN_ARM_STD/startup_nRF51822.o(.text)
    RNG_IRQHandler                           0x0001b2b9   Thumb Code     0  mbed/TARGET_NRF51_DK/TOOLCHAIN_ARM_STD/startup_nRF51822.o(.text)
    RTC0_IRQHandler                          0x0001b2b9   Thumb Code     0  mbed/TARGET_NRF51_DK/TOOLCHAIN_ARM_STD/startup_nRF51822.o(.text)
    RTC1_IRQHandler_v                        0x0001b2b9   Thumb Code     0  mbed/TARGET_NRF51_DK/TOOLCHAIN_ARM_STD/startup_nRF51822.o(.text)
    SPI0_TWI0_IRQHandler_v                   0x0001b2b9   Thumb Code     0  mbed/TARGET_NRF51_DK/TOOLCHAIN_ARM_STD/startup_nRF51822.o(.text)
    SPI1_TWI1_IRQHandler_v                   0x0001b2b9   Thumb Code     0  mbed/TARGET_NRF51_DK/TOOLCHAIN_ARM_STD/startup_nRF51822.o(.text)
    SWI0_IRQHandler_v                        0x0001b2b9   Thumb Code     0  mbed/TARGET_NRF51_DK/TOOLCHAIN_ARM_STD/startup_nRF51822.o(.text)
    SWI1_IRQHandler_v                        0x0001b2b9   Thumb Code     0  mbed/TARGET_NRF51_DK/TOOLCHAIN_ARM_STD/startup_nRF51822.o(.text)
    SWI2_IRQHandler_v                        0x0001b2b9   Thumb Code     0  mbed/TARGET_NRF51_DK/TOOLCHAIN_ARM_STD/startup_nRF51822.o(.text)
    SWI3_IRQHandler_v                        0x0001b2b9   Thumb Code     0  mbed/TARGET_NRF51_DK/TOOLCHAIN_ARM_STD/startup_nRF51822.o(.text)
    SWI4_IRQHandler                          0x0001b2b9   Thumb Code     0  mbed/TARGET_NRF51_DK/TOOLCHAIN_ARM_STD/startup_nRF51822.o(.text)
    SWI5_IRQHandler                          0x0001b2b9   Thumb Code     0  mbed/TARGET_NRF51_DK/TOOLCHAIN_ARM_STD/startup_nRF51822.o(.text)
    TEMP_IRQHandler                          0x0001b2b9   Thumb Code     0  mbed/TARGET_NRF51_DK/TOOLCHAIN_ARM_STD/startup_nRF51822.o(.text)
    TIMER0_IRQHandler                        0x0001b2b9   Thumb Code     0  mbed/TARGET_NRF51_DK/TOOLCHAIN_ARM_STD/startup_nRF51822.o(.text)
    TIMER1_IRQHandler_v                      0x0001b2b9   Thumb Code     0  mbed/TARGET_NRF51_DK/TOOLCHAIN_ARM_STD/startup_nRF51822.o(.text)
    TIMER2_IRQHandler_v                      0x0001b2b9   Thumb Code     0  mbed/TARGET_NRF51_DK/TOOLCHAIN_ARM_STD/startup_nRF51822.o(.text)
    UART0_IRQHandler_v                       0x0001b2b9   Thumb Code     0  mbed/TARGET_NRF51_DK/TOOLCHAIN_ARM_STD/startup_nRF51822.o(.text)
    WDT_IRQHandler_v                         0x0001b2b9   Thumb Code     0  mbed/TARGET_NRF51_DK/TOOLCHAIN_ARM_STD/startup_nRF51822.o(.text)
    __aeabi_uldivmod                         0x0001b2d1   Thumb Code   258  C:\Keil_v5\ARM\ARMCC\Bin\..\lib\armlib\c_p.l(lludiv.o)(.text)
    _ll_udiv                                 0x0001b2d1   Thumb Code     0  C:\Keil_v5\ARM\ARMCC\Bin\..\lib\armlib\c_p.l(lludiv.o)(.text)
    vsnprintf                                0x0001b3d5   Thumb Code    50  C:\Keil_v5\ARM\ARMCC\Bin\..\lib\armlib\c_p.l(vsnprintf.o)(.text)
    __aeabi_assert                           0x0001b40d   Thumb Code    82  C:\Keil_v5\ARM\ARMCC\Bin\..\lib\armlib\c_p.l(assert.o)(.text)
    __assert                                 0x0001b40d   Thumb Code     0  C:\Keil_v5\ARM\ARMCC\Bin\..\lib\armlib\c_p.l(assert.o)(.text)
    __aeabi_memset                           0x0001b489   Thumb Code    18  C:\Keil_v5\ARM\ARMCC\Bin\..\lib\armlib\c_p.l(aeabi_memset.o)(.text)
    _memset_w                                0x0001b49b   Thumb Code    26  C:\Keil_v5\ARM\ARMCC\Bin\..\lib\armlib\c_p.l(rt_memclr.o)(.text)
    _memset                                  0x0001b4b5   Thumb Code    30  C:\Keil_v5\ARM\ARMCC\Bin\..\lib\armlib\c_p.l(rt_memclr.o)(.text)
    __aeabi_memclr                           0x0001b4d3   Thumb Code     4  C:\Keil_v5\ARM\ARMCC\Bin\..\lib\armlib\c_p.l(rt_memclr.o)(.text)
    __rt_memclr                              0x0001b4d3   Thumb Code     0  C:\Keil_v5\ARM\ARMCC\Bin\..\lib\armlib\c_p.l(rt_memclr.o)(.text)
    __aeabi_memclr4                          0x0001b4d7   Thumb Code     0  C:\Keil_v5\ARM\ARMCC\Bin\..\lib\armlib\c_p.l(rt_memclr.o)(.text)
    __aeabi_memclr8                          0x0001b4d7   Thumb Code     0  C:\Keil_v5\ARM\ARMCC\Bin\..\lib\armlib\c_p.l(rt_memclr.o)(.text)
    __rt_memclr_w                            0x0001b4d7   Thumb Code     4  C:\Keil_v5\ARM\ARMCC\Bin\..\lib\armlib\c_p.l(rt_memclr.o)(.text)
    strcmp                                   0x0001b4dd   Thumb Code   160  C:\Keil_v5\ARM\ARMCC\Bin\..\lib\armlib\c_p.l(strcmpv6m.o)(.text)
    __aeabi_uidiv                            0x0001b57d   Thumb Code     0  C:\Keil_v5\ARM\ARMCC\Bin\..\lib\armlib\c_p.l(aeabi_sdivfast.o)(.text)
    __aeabi_uidivmod                         0x0001b57d   Thumb Code    28  C:\Keil_v5\ARM\ARMCC\Bin\..\lib\armlib\c_p.l(aeabi_sdivfast.o)(.text)
    __aeabi_idiv                             0x0001b599   Thumb Code     0  C:\Keil_v5\ARM\ARMCC\Bin\..\lib\armlib\c_p.l(aeabi_sdivfast.o)(.text)
    __aeabi_idivmod                          0x0001b599   Thumb Code   460  C:\Keil_v5\ARM\ARMCC\Bin\..\lib\armlib\c_p.l(aeabi_sdivfast.o)(.text)
    _printf_pre_padding                      0x0001b765   Thumb Code    44  C:\Keil_v5\ARM\ARMCC\Bin\..\lib\armlib\c_p.l(_printf_pad.o)(.text)
    _printf_post_padding                     0x0001b791   Thumb Code    34  C:\Keil_v5\ARM\ARMCC\Bin\..\lib\armlib\c_p.l(_printf_pad.o)(.text)
    _printf_truncate_signed                  0x0001b7b3   Thumb Code    18  C:\Keil_v5\ARM\ARMCC\Bin\..\lib\armlib\c_p.l(_printf_truncate.o)(.text)
    _printf_truncate_unsigned                0x0001b7c5   Thumb Code    18  C:\Keil_v5\ARM\ARMCC\Bin\..\lib\armlib\c_p.l(_printf_truncate.o)(.text)
    _printf_str                              0x0001b7d7   Thumb Code    82  C:\Keil_v5\ARM\ARMCC\Bin\..\lib\armlib\c_p.l(_printf_str.o)(.text)
    _printf_int_dec                          0x0001b829   Thumb Code    90  C:\Keil_v5\ARM\ARMCC\Bin\..\lib\armlib\c_p.l(_printf_dec.o)(.text)
    _printf_charcount                        0x0001b895   Thumb Code    38  C:\Keil_v5\ARM\ARMCC\Bin\..\lib\armlib\c_p.l(_printf_charcount.o)(.text)
    _printf_char_common                      0x0001b8c7   Thumb Code    32  C:\Keil_v5\ARM\ARMCC\Bin\..\lib\armlib\c_p.l(_printf_char_common.o)(.text)
    _sputc                                   0x0001b8ed   Thumb Code    10  C:\Keil_v5\ARM\ARMCC\Bin\..\lib\armlib\c_p.l(_sputc.o)(.text)
    _snputc                                  0x0001b8f7   Thumb Code    16  C:\Keil_v5\ARM\ARMCC\Bin\..\lib\armlib\c_p.l(_snputc.o)(.text)
    _printf_wctomb                           0x0001b909   Thumb Code   182  C:\Keil_v5\ARM\ARMCC\Bin\..\lib\armlib\c_p.l(_printf_wctomb.o)(.text)
    _printf_longlong_dec                     0x0001b9c5   Thumb Code    94  C:\Keil_v5\ARM\ARMCC\Bin\..\lib\armlib\c_p.l(_printf_longlong_dec.o)(.text)
    _printf_longlong_oct                     0x0001ba35   Thumb Code    68  C:\Keil_v5\ARM\ARMCC\Bin\..\lib\armlib\c_p.l(_printf_oct_int_ll.o)(.text)
    _printf_int_oct                          0x0001ba79   Thumb Code    24  C:\Keil_v5\ARM\ARMCC\Bin\..\lib\armlib\c_p.l(_printf_oct_int_ll.o)(.text)
    _printf_ll_oct                           0x0001ba91   Thumb Code    10  C:\Keil_v5\ARM\ARMCC\Bin\..\lib\armlib\c_p.l(_printf_oct_int_ll.o)(.text)
    _printf_longlong_hex                     0x0001baa5   Thumb Code    88  C:\Keil_v5\ARM\ARMCC\Bin\..\lib\armlib\c_p.l(_printf_hex_int_ll_ptr.o)(.text)
    _printf_int_hex                          0x0001bafd   Thumb Code    28  C:\Keil_v5\ARM\ARMCC\Bin\..\lib\armlib\c_p.l(_printf_hex_int_ll_ptr.o)(.text)
    _printf_ll_hex                           0x0001bb19   Thumb Code    10  C:\Keil_v5\ARM\ARMCC\Bin\..\lib\armlib\c_p.l(_printf_hex_int_ll_ptr.o)(.text)
    _printf_hex_ptr                          0x0001bb23   Thumb Code    22  C:\Keil_v5\ARM\ARMCC\Bin\..\lib\armlib\c_p.l(_printf_hex_int_ll_ptr.o)(.text)
    __printf                                 0x0001bb3d   Thumb Code   386  C:\Keil_v5\ARM\ARMCC\Bin\..\lib\armlib\c_p.l(__printf_flags_ss_wp.o)(.text)
    abort                                    0x0001bcc5   Thumb Code    20  C:\Keil_v5\ARM\ARMCC\Bin\..\lib\armlib\c_p.l(abort.o)(.text)
    __assert_puts                            0x0001bcd9   Thumb Code    20  C:\Keil_v5\ARM\ARMCC\Bin\..\lib\armlib\c_p.l(assert_puts.o)(.text)
    _ttywrch                                 0x0001bced   Thumb Code    12  C:\Keil_v5\ARM\ARMCC\Bin\..\lib\armlib\c_p.l(sys_wrch.o)(.text)
    _sys_exit                                0x0001bcf9   Thumb Code     8  C:\Keil_v5\ARM\ARMCC\Bin\..\lib\armlib\c_p.l(sys_exit.o)(.text)
    _ll_udiv10                               0x0001bd05   Thumb Code   122  C:\Keil_v5\ARM\ARMCC\Bin\..\lib\armlib\c_p.l(lludiv10.o)(.text)
    _printf_int_common                       0x0001bd7f   Thumb Code   176  C:\Keil_v5\ARM\ARMCC\Bin\..\lib\armlib\c_p.l(_printf_intcommon.o)(.text)
    __lib_sel_fp_printf                      0x0001be31   Thumb Code     2  C:\Keil_v5\ARM\ARMCC\Bin\..\lib\armlib\c_p.l(_printf_fp_dec.o)(.text)
    _printf_fp_dec_real                      0x0001bfcf   Thumb Code   620  C:\Keil_v5\ARM\ARMCC\Bin\..\lib\armlib\c_p.l(_printf_fp_dec.o)(.text)
    _printf_fp_hex_real                      0x0001c249   Thumb Code   718  C:\Keil_v5\ARM\ARMCC\Bin\..\lib\armlib\c_p.l(_printf_fp_hex.o)(.text)
    _printf_cs_common                        0x0001c521   Thumb Code    22  C:\Keil_v5\ARM\ARMCC\Bin\..\lib\armlib\c_p.l(_printf_char.o)(.text)
    _printf_char                             0x0001c537   Thumb Code    16  C:\Keil_v5\ARM\ARMCC\Bin\..\lib\armlib\c_p.l(_printf_char.o)(.text)
    _printf_string                           0x0001c547   Thumb Code     8  C:\Keil_v5\ARM\ARMCC\Bin\..\lib\armlib\c_p.l(_printf_char.o)(.text)
    _printf_lcs_common                       0x0001c54f   Thumb Code    22  C:\Keil_v5\ARM\ARMCC\Bin\..\lib\armlib\c_p.l(_printf_wchar.o)(.text)
    _printf_wchar                            0x0001c565   Thumb Code    16  C:\Keil_v5\ARM\ARMCC\Bin\..\lib\armlib\c_p.l(_printf_wchar.o)(.text)
    _printf_wstring                          0x0001c575   Thumb Code     8  C:\Keil_v5\ARM\ARMCC\Bin\..\lib\armlib\c_p.l(_printf_wchar.o)(.text)
    _wcrtomb                                 0x0001c57d   Thumb Code    64  C:\Keil_v5\ARM\ARMCC\Bin\..\lib\armlib\c_p.l(_wcrtomb.o)(.text)
    __rt_SIGABRT                             0x0001c5bd   Thumb Code    12  C:\Keil_v5\ARM\ARMCC\Bin\..\lib\armlib\c_p.l(defsig_abrt_outer.o)(.text)
    __rt_udiv10                              0x0001c5c9   Thumb Code    40  C:\Keil_v5\ARM\ARMCC\Bin\..\lib\armlib\c_p.l(rtudiv10.o)(.text)
    __I$use$semihosting                      0x0001c5f1   Thumb Code     0  C:\Keil_v5\ARM\ARMCC\Bin\..\lib\armlib\c_p.l(use_no_semi.o)(.text)
    __use_no_semihosting_swi                 0x0001c5f1   Thumb Code     2  C:\Keil_v5\ARM\ARMCC\Bin\..\lib\armlib\c_p.l(use_no_semi.o)(.text)
    __semihosting_library_function           0x0001c5f3   Thumb Code     0  C:\Keil_v5\ARM\ARMCC\Bin\..\lib\armlib\c_p.l(indicate_semi.o)(.text)
    __rt_ctype_table                         0x0001c5f5   Thumb Code    16  C:\Keil_v5\ARM\ARMCC\Bin\..\lib\armlib\c_p.l(rt_ctype_table.o)(.text)
    __rt_locale                              0x0001c605   Thumb Code     8  C:\Keil_v5\ARM\ARMCC\Bin\..\lib\armlib\c_p.l(rt_locale.o)(.text)
    _printf_fp_infnan                        0x0001c60d   Thumb Code   120  C:\Keil_v5\ARM\ARMCC\Bin\..\lib\armlib\c_p.l(_printf_fp_infnan.o)(.text)
    _btod_etento                             0x0001c695   Thumb Code   210  C:\Keil_v5\ARM\ARMCC\Bin\..\lib\armlib\c_p.l(bigflt0.o)(.text)
    _btod_d2e                                0x0001c76d   Thumb Code    64  C:\Keil_v5\ARM\ARMCC\Bin\..\lib\armlib\c_p.l(btod.o)(.text)
    _btod_emul                               0x0001cba1   Thumb Code    28  C:\Keil_v5\ARM\ARMCC\Bin\..\lib\armlib\c_p.l(btod.o)(.text)
    _btod_emuld                              0x0001cbbd   Thumb Code   144  C:\Keil_v5\ARM\ARMCC\Bin\..\lib\armlib\c_p.l(btod.o)(.text)
    _btod_ediv                               0x0001cc4d   Thumb Code    26  C:\Keil_v5\ARM\ARMCC\Bin\..\lib\armlib\c_p.l(btod.o)(.text)
    _btod_edivd                              0x0001cc67   Thumb Code   124  C:\Keil_v5\ARM\ARMCC\Bin\..\lib\armlib\c_p.l(btod.o)(.text)
    __sig_exit                               0x0001cced   Thumb Code    12  C:\Keil_v5\ARM\ARMCC\Bin\..\lib\armlib\c_p.l(defsig_exit.o)(.text)
    __rt_SIGABRT_inner                       0x0001ccf9   Thumb Code    14  C:\Keil_v5\ARM\ARMCC\Bin\..\lib\armlib\c_p.l(defsig_abrt_inner.o)(.text)
    __default_signal_display                 0x0001cd29   Thumb Code    52  C:\Keil_v5\ARM\ARMCC\Bin\..\lib\armlib\c_p.l(defsig_general.o)(.text)
    main                                     0x0001cd5d   Thumb Code    12  mbed/TARGET_NRF51_DK/TOOLCHAIN_ARM_STD/mbed_sdk_boot.o(i.$Sub$$main)
    GPIOTE_IRQHandler                        0x0001cd69   Thumb Code   306  mbed/TARGET_NRF51_DK/TOOLCHAIN_ARM_STD/nrf_drv_gpiote.o(i.GPIOTE_IRQHandler)
    NVIC_SetVector                           0x0001ceb9   Thumb Code    10  mbed/TARGET_NRF51_DK/TOOLCHAIN_ARM_STD/cmsis_nvic.o(i.NVIC_SetVector)
    RTC1_IRQHandler                          0x0001cec9   Thumb Code    52  mbed/TARGET_NRF51_DK/TOOLCHAIN_ARM_STD/us_ticker.o(i.RTC1_IRQHandler)
    SystemInit                               0x0001cf09   Thumb Code   200  mbed/TARGET_NRF51_DK/TOOLCHAIN_ARM_STD/system_nrf51.o(i.SystemInit)
    UART0_IRQHandler                         0x0001cff1   Thumb Code   312  mbed/TARGET_NRF51_DK/TOOLCHAIN_ARM_STD/serial_api.o(i.UART0_IRQHandler)
    __ARM_common_ll_muluu                    0x0001d13d   Thumb Code    48  C:\Keil_v5\ARM\ARMCC\Bin\..\lib\armlib\c_p.l(btod.o)(i.__ARM_common_ll_muluu)
    __ARM_fpclassify                         0x0001d16d   Thumb Code    40  C:\Keil_v5\ARM\ARMCC\Bin\..\lib\armlib\m_ps.l(fpclassify.o)(i.__ARM_fpclassify)
    __user_setup_stackheap                   0x0001d199   Thumb Code     8  mbed/TARGET_NRF51_DK/TOOLCHAIN_ARM_STD/mbed_retarget.o(i.__user_setup_stackheap)
    _is_digit                                0x0001d1a1   Thumb Code    14  C:\Keil_v5\ARM\ARMCC\Bin\..\lib\armlib\c_p.l(__printf_wp.o)(i._is_digit)
    _mbed_user_setup_stackheap               0x0001d1b1   Thumb Code    10  mbed/TARGET_NRF51_DK/TOOLCHAIN_ARM_STD/mbed_retarget.o(i._mbed_user_setup_stackheap)
    _platform_post_stackheap_init            0x0001d1c1   Thumb Code     8  mbed/TARGET_NRF51_DK/TOOLCHAIN_ARM_STD/mbed_sdk_boot.o(i._platform_post_stackheap_init)
    common_rtc_32bit_ticks_get               0x0001d1c9   Thumb Code    52  mbed/TARGET_NRF51_DK/TOOLCHAIN_ARM_STD/us_ticker.o(i.common_rtc_32bit_ticks_get)
    common_rtc_64bit_us_get                  0x0001d209   Thumb Code    76  mbed/TARGET_NRF51_DK/TOOLCHAIN_ARM_STD/us_ticker.o(i.common_rtc_64bit_us_get)
    common_rtc_init                          0x0001d265   Thumb Code    70  mbed/TARGET_NRF51_DK/TOOLCHAIN_ARM_STD/us_ticker.o(i.common_rtc_init)
    common_rtc_set_interrupt                 0x0001d2cd   Thumb Code   218  mbed/TARGET_NRF51_DK/TOOLCHAIN_ARM_STD/us_ticker.o(i.common_rtc_set_interrupt)
    core_util_critical_section_enter         0x0001d3c5   Thumb Code    90  mbed/TARGET_NRF51_DK/TOOLCHAIN_ARM_STD/nordic_critical.o(i.core_util_critical_section_enter)
    core_util_critical_section_exit          0x0001d449   Thumb Code    70  mbed/TARGET_NRF51_DK/TOOLCHAIN_ARM_STD/nordic_critical.o(i.core_util_critical_section_exit)
    exit                                     0x0001d4b5   Thumb Code    10  mbed/TARGET_NRF51_DK/TOOLCHAIN_ARM_STD/mbed_retarget.o(i.exit)
    fs_erase                                 0x0001d4c1   Thumb Code   154  mbed/TARGET_NRF51_DK/TOOLCHAIN_ARM_STD/fstorage.o(i.fs_erase)
    fs_store                                 0x0001d579   Thumb Code   160  mbed/TARGET_NRF51_DK/TOOLCHAIN_ARM_STD/fstorage.o(i.fs_store)
    get_us_ticker_data                       0x0001d699   Thumb Code     4  mbed/TARGET_NRF51_DK/TOOLCHAIN_ARM_STD/mbed.ar(mbed_us_ticker_api.o)(i.get_us_ticker_data)
    gpio_dir                                 0x0001d759   Thumb Code    86  mbed/TARGET_NRF51_DK/TOOLCHAIN_ARM_STD/gpio_api.o(i.gpio_dir)
    gpio_init                                0x0001d7d5   Thumb Code    52  mbed/TARGET_NRF51_DK/TOOLCHAIN_ARM_STD/gpio_api.o(i.gpio_init)
    gpio_init_out                            0x0001d835   Thumb Code    60  mbed/TARGET_NRF51_DK/TOOLCHAIN_ARM_STD/mbed.ar(mbed_gpio.o)(i.gpio_init_out)
    gpio_init_out_ex                         0x0001d87d   Thumb Code    72  mbed/TARGET_NRF51_DK/TOOLCHAIN_ARM_STD/mbed.ar(mbed_gpio.o)(i.gpio_init_out_ex)
    gpio_mode                                0x0001d8e5   Thumb Code    86  mbed/TARGET_NRF51_DK/TOOLCHAIN_ARM_STD/gpio_api.o(i.gpio_mode)
    lp_ticker_clear_interrupt                0x0001da29   Thumb Code     8  mbed/TARGET_NRF51_DK/TOOLCHAIN_ARM_STD/lp_ticker.o(i.lp_ticker_clear_interrupt)
    lp_ticker_disable_interrupt              0x0001da35   Thumb Code    10  mbed/TARGET_NRF51_DK/TOOLCHAIN_ARM_STD/lp_ticker.o(i.lp_ticker_disable_interrupt)
    lp_ticker_fire_interrupt                 0x0001da45   Thumb Code    26  mbed/TARGET_NRF51_DK/TOOLCHAIN_ARM_STD/lp_ticker.o(i.lp_ticker_fire_interrupt)
    lp_ticker_init                           0x0001da69   Thumb Code     8  mbed/TARGET_NRF51_DK/TOOLCHAIN_ARM_STD/lp_ticker.o(i.lp_ticker_init)
    lp_ticker_irq_handler                    0x0001da71   Thumb Code    10  mbed/TARGET_NRF51_DK/TOOLCHAIN_ARM_STD/mbed.ar(mbed_lp_ticker_api.o)(i.lp_ticker_irq_handler)
    lp_ticker_read                           0x0001da81   Thumb Code     8  mbed/TARGET_NRF51_DK/TOOLCHAIN_ARM_STD/lp_ticker.o(i.lp_ticker_read)
    lp_ticker_set_interrupt                  0x0001da89   Thumb Code    14  mbed/TARGET_NRF51_DK/TOOLCHAIN_ARM_STD/lp_ticker.o(i.lp_ticker_set_interrupt)
    $Super$$main                             0x0001da97   Thumb Code     4  .\build\main.o(i.main)
    mbed_assert_internal                     0x0001da9d   Thumb Code    30  mbed/TARGET_NRF51_DK/TOOLCHAIN_ARM_STD/mbed.ar(mbed_assert.o)(i.mbed_assert_internal)
    mbed_die                                 0x0001daf1   Thumb Code   180  mbed/TARGET_NRF51_DK/TOOLCHAIN_ARM_STD/mbed_board.o(i.mbed_die)
    mbed_error_printf                        0x0001dbc5   Thumb Code    80  mbed/TARGET_NRF51_DK/TOOLCHAIN_ARM_STD/mbed_board.o(i.mbed_error_printf)
    mbed_main                                0x0001dc1d   Thumb Code     2  mbed/TARGET_NRF51_DK/TOOLCHAIN_ARM_STD/mbed_sdk_boot.o(i.mbed_main)
    mbed_sdk_init                            0x0001dc1f   Thumb Code     2  mbed/TARGET_NRF51_DK/TOOLCHAIN_ARM_STD/mbed_sdk_boot.o(i.mbed_sdk_init)
    nrf_drv_common_irq_enable                0x0001dc21   Thumb Code    88  mbed/TARGET_NRF51_DK/TOOLCHAIN_ARM_STD/nrf_drv_common.o(i.nrf_drv_common_irq_enable)
    nrf_drv_gpiote_in_event_enable           0x0001dc89   Thumb Code   140  mbed/TARGET_NRF51_DK/TOOLCHAIN_ARM_STD/nrf_drv_gpiote.o(i.nrf_drv_gpiote_in_event_enable)
    nrf_drv_gpiote_in_init                   0x0001dd2d   Thumb Code   186  mbed/TARGET_NRF51_DK/TOOLCHAIN_ARM_STD/nrf_drv_gpiote.o(i.nrf_drv_gpiote_in_init)
    nrf_drv_gpiote_in_uninit                 0x0001ddf9   Thumb Code   108  mbed/TARGET_NRF51_DK/TOOLCHAIN_ARM_STD/nrf_drv_gpiote.o(i.nrf_drv_gpiote_in_uninit)
    nrf_drv_gpiote_init                      0x0001de75   Thumb Code    78  mbed/TARGET_NRF51_DK/TOOLCHAIN_ARM_STD/nrf_drv_gpiote.o(i.nrf_drv_gpiote_init)
    nrf_drv_gpiote_out_init                  0x0001ded5   Thumb Code   178  mbed/TARGET_NRF51_DK/TOOLCHAIN_ARM_STD/nrf_drv_gpiote.o(i.nrf_drv_gpiote_out_init)
    nrf_drv_gpiote_out_uninit                0x0001df9d   Thumb Code    66  mbed/TARGET_NRF51_DK/TOOLCHAIN_ARM_STD/nrf_drv_gpiote.o(i.nrf_drv_gpiote_out_uninit)
    nrf_reloc_vector_table                   0x0001dfed   Thumb Code    18  mbed/TARGET_NRF51_DK/TOOLCHAIN_ARM_STD/reloc_vector_table.o(i.nrf_reloc_vector_table)
    serial_init                              0x0001e96d   Thumb Code   314  mbed/TARGET_NRF51_DK/TOOLCHAIN_ARM_STD/serial_api.o(i.serial_init)
    serial_putc                              0x0001ead9   Thumb Code    32  mbed/TARGET_NRF51_DK/TOOLCHAIN_ARM_STD/serial_api.o(i.serial_putc)
    ticker_irq_handler                       0x0001eb05   Thumb Code    94  mbed/TARGET_NRF51_DK/TOOLCHAIN_ARM_STD/mbed.ar(mbed_ticker_api.o)(i.ticker_irq_handler)
    ticker_read                              0x0001eb63   Thumb Code    64  mbed/TARGET_NRF51_DK/TOOLCHAIN_ARM_STD/mbed.ar(mbed_ticker_api.o)(i.ticker_read)
    us_ticker_clear_interrupt                0x0001ebd1   Thumb Code     8  mbed/TARGET_NRF51_DK/TOOLCHAIN_ARM_STD/us_ticker.o(i.us_ticker_clear_interrupt)
    us_ticker_disable_interrupt              0x0001ebdd   Thumb Code    10  mbed/TARGET_NRF51_DK/TOOLCHAIN_ARM_STD/us_ticker.o(i.us_ticker_disable_interrupt)
    us_ticker_fire_interrupt                 0x0001ebed   Thumb Code    66  mbed/TARGET_NRF51_DK/TOOLCHAIN_ARM_STD/us_ticker.o(i.us_ticker_fire_interrupt)
    us_ticker_init                           0x0001ec41   Thumb Code    70  mbed/TARGET_NRF51_DK/TOOLCHAIN_ARM_STD/us_ticker.o(i.us_ticker_init)
    us_ticker_irq_handler                    0x0001eca9   Thumb Code    10  mbed/TARGET_NRF51_DK/TOOLCHAIN_ARM_STD/mbed.ar(mbed_us_ticker_api.o)(i.us_ticker_irq_handler)
    us_ticker_read                           0x0001ecb9   Thumb Code   138  mbed/TARGET_NRF51_DK/TOOLCHAIN_ARM_STD/us_ticker.o(i.us_ticker_read)
    us_ticker_set_interrupt                  0x0001ed69   Thumb Code    14  mbed/TARGET_NRF51_DK/TOOLCHAIN_ARM_STD/us_ticker.o(i.us_ticker_set_interrupt)
    wait_ms                                  0x0001ed77   Thumb Code    36  mbed/TARGET_NRF51_DK/TOOLCHAIN_ARM_STD/mbed.ar(mbed_wait_api_no_rtos.o)(i.wait_ms)
    _get_lc_numeric                          0x0001ed9d   Thumb Code    44  C:\Keil_v5\ARM\ARMCC\Bin\..\lib\armlib\c_p.l(lc_numeric_c.o)(locale$$code)
    _get_lc_ctype                            0x0001edc9   Thumb Code    44  C:\Keil_v5\ARM\ARMCC\Bin\..\lib\armlib\c_p.l(lc_ctype_c.o)(locale$$code)
    _printf_fp_dec                           0x0001edf5   Thumb Code    16  C:\Keil_v5\ARM\ARMCC\Bin\..\lib\armlib\fz_ps.l(printf1.o)(x$fpl$printf1)
    _printf_fp_hex                           0x0001ee05   Thumb Code    16  C:\Keil_v5\ARM\ARMCC\Bin\..\lib\armlib\fz_ps.l(printf2.o)(x$fpl$printf2)
    __I$use$fp                               0x0001ee14   Number         0  C:\Keil_v5\ARM\ARMCC\Bin\..\lib\armlib\fz_ps.l(usenofp.o)(x$fpl$usenofp)
    Region$$Table$$Base                      0x0001f07c   Number         0  anon$$obj.o(Region$$Table)
    Region$$Table$$Limit                     0x0001f09c   Number         0  anon$$obj.o(Region$$Table)
    __ctype                                  0x0001f0c5   Data           0  C:\Keil_v5\ARM\ARMCC\Bin\..\lib\armlib\c_p.l(lc_ctype_c.o)(locale$$data)
    nrf_dispatch_vector                      0x20002ef8   Data         192  mbed/TARGET_NRF51_DK/TOOLCHAIN_ARM_STD/reloc_vector_table.o(.bss.noinit)
    Image$$RW_IRAM1$$Base                    0x20002fb8   Number         0  anon$$obj.o ABSOLUTE
    stdio_uart_inited                        0x20002fe8   Data           4  mbed/TARGET_NRF51_DK/TOOLCHAIN_ARM_STD/serial_api.o(.data)
    nrf_nvic_state                           0x20003000   Data           8  mbed/TARGET_NRF51_DK/TOOLCHAIN_ARM_STD/softdevice_handler.o(.data)
    SystemCoreClock                          0x20003008   Data           4  mbed/TARGET_NRF51_DK/TOOLCHAIN_ARM_STD/system_nrf51.o(.data)
    m_common_rtc_enabled                     0x2000300c   Data           1  mbed/TARGET_NRF51_DK/TOOLCHAIN_ARM_STD/us_ticker.o(.data)
    m_common_rtc_overflows                   0x20003010   Data           4  mbed/TARGET_NRF51_DK/TOOLCHAIN_ARM_STD/us_ticker.o(.data)
    fs_data$$Base                            0x20003014   Number         0  mbed/TARGET_NRF51_DK/TOOLCHAIN_ARM_STD/fds.o(fs_data)
    fs_data$$Limit                           0x20003024   Number         0  mbed/TARGET_NRF51_DK/TOOLCHAIN_ARM_STD/fds.o(fs_data)
    stdio_uart                               0x2000327c   Data          40  mbed/TARGET_NRF51_DK/TOOLCHAIN_ARM_STD/serial_api.o(.bss)
    Image$$RW_IRAM1$$ZI$$Limit               0x20003344   Number         0  anon$$obj.o ABSOLUTE



==============================================================================

Memory Map of the image

  Image Entry point : 0x0001b0c1

  Load Region LR_IROM1 (Base: 0x0001b000, Size: 0x00004234, Max: 0x00025000, ABSOLUTE)

    Execution Region ER_IROM1 (Exec base: 0x0001b000, Load base: 0x0001b000, Size: 0x000041c8, Max: 0x00025000, ABSOLUTE)

    Exec Addr    Load Addr    Size         Type   Attr      Idx    E Section Name        Object

    0x0001b000   0x0001b000   0x000000c0   Data   RO          951    RESET               mbed/TARGET_NRF51_DK/TOOLCHAIN_ARM_STD/startup_nRF51822.o
    0x0001b0c0   0x0001b0c0   0x00000008   Code   RO         1128  * !!!main             C:\Keil_v5\ARM\ARMCC\Bin\..\lib\armlib\c_p.l(__main.o)
    0x0001b0c8   0x0001b0c8   0x0000003c   Code   RO         1513    !!!scatter          C:\Keil_v5\ARM\ARMCC\Bin\..\lib\armlib\c_p.l(__scatter.o)
    0x0001b104   0x0001b104   0x0000001a   Code   RO         1514    !!handler_copy      C:\Keil_v5\ARM\ARMCC\Bin\..\lib\armlib\c_p.l(__scatter_copy.o)
    0x0001b11e   0x0001b11e   0x00000002   PAD
    0x0001b120   0x0001b120   0x0000001c   Code   RO         1515    !!handler_zi        C:\Keil_v5\ARM\ARMCC\Bin\..\lib\armlib\c_p.l(__scatter_zi.o)
    0x0001b13c   0x0001b13c   0x00000002   Code   RO         1294    .ARM.Collect$$_printf_percent$$00000000  C:\Keil_v5\ARM\ARMCC\Bin\..\lib\armlib\c_p.l(_printf_percent.o)
    0x0001b13e   0x0001b13e   0x0000000a   Code   RO         1283    .ARM.Collect$$_printf_percent$$00000001  C:\Keil_v5\ARM\ARMCC\Bin\..\lib\armlib\c_p.l(_printf_n.o)
    0x0001b148   0x0001b148   0x0000000a   Code   RO         1285    .ARM.Collect$$_printf_percent$$00000002  C:\Keil_v5\ARM\ARMCC\Bin\..\lib\armlib\c_p.l(_printf_p.o)
    0x0001b152   0x0001b152   0x0000000a   Code   RO         1290    .ARM.Collect$$_printf_percent$$00000003  C:\Keil_v5\ARM\ARMCC\Bin\..\lib\armlib\c_p.l(_printf_f.o)
    0x0001b15c   0x0001b15c   0x0000000a   Code   RO         1291    .ARM.Collect$$_printf_percent$$00000004  C:\Keil_v5\ARM\ARMCC\Bin\..\lib\armlib\c_p.l(_printf_e.o)
    0x0001b166   0x0001b166   0x0000000a   Code   RO         1292    .ARM.Collect$$_printf_percent$$00000005  C:\Keil_v5\ARM\ARMCC\Bin\..\lib\armlib\c_p.l(_printf_g.o)
    0x0001b170   0x0001b170   0x0000000a   Code   RO         1293    .ARM.Collect$$_printf_percent$$00000006  C:\Keil_v5\ARM\ARMCC\Bin\..\lib\armlib\c_p.l(_printf_a.o)
    0x0001b17a   0x0001b17a   0x0000000a   Code   RO         1298    .ARM.Collect$$_printf_percent$$00000007  C:\Keil_v5\ARM\ARMCC\Bin\..\lib\armlib\c_p.l(_printf_ll.o)
    0x0001b184   0x0001b184   0x0000000a   Code   RO         1287    .ARM.Collect$$_printf_percent$$00000008  C:\Keil_v5\ARM\ARMCC\Bin\..\lib\armlib\c_p.l(_printf_i.o)
    0x0001b18e   0x0001b18e   0x0000000a   Code   RO         1288    .ARM.Collect$$_printf_percent$$00000009  C:\Keil_v5\ARM\ARMCC\Bin\..\lib\armlib\c_p.l(_printf_d.o)
    0x0001b198   0x0001b198   0x0000000a   Code   RO         1289    .ARM.Collect$$_printf_percent$$0000000A  C:\Keil_v5\ARM\ARMCC\Bin\..\lib\armlib\c_p.l(_printf_u.o)
    0x0001b1a2   0x0001b1a2   0x0000000a   Code   RO         1286    .ARM.Collect$$_printf_percent$$0000000B  C:\Keil_v5\ARM\ARMCC\Bin\..\lib\armlib\c_p.l(_printf_o.o)
    0x0001b1ac   0x0001b1ac   0x0000000a   Code   RO         1284    .ARM.Collect$$_printf_percent$$0000000C  C:\Keil_v5\ARM\ARMCC\Bin\..\lib\armlib\c_p.l(_printf_x.o)
    0x0001b1b6   0x0001b1b6   0x0000000a   Code   RO         1295    .ARM.Collect$$_printf_percent$$0000000D  C:\Keil_v5\ARM\ARMCC\Bin\..\lib\armlib\c_p.l(_printf_lli.o)
    0x0001b1c0   0x0001b1c0   0x0000000a   Code   RO         1296    .ARM.Collect$$_printf_percent$$0000000E  C:\Keil_v5\ARM\ARMCC\Bin\..\lib\armlib\c_p.l(_printf_lld.o)
    0x0001b1ca   0x0001b1ca   0x0000000a   Code   RO         1297    .ARM.Collect$$_printf_percent$$0000000F  C:\Keil_v5\ARM\ARMCC\Bin\..\lib\armlib\c_p.l(_printf_llu.o)
    0x0001b1d4   0x0001b1d4   0x0000000a   Code   RO         1302    .ARM.Collect$$_printf_percent$$00000010  C:\Keil_v5\ARM\ARMCC\Bin\..\lib\armlib\c_p.l(_printf_llo.o)
    0x0001b1de   0x0001b1de   0x0000000a   Code   RO         1303    .ARM.Collect$$_printf_percent$$00000011  C:\Keil_v5\ARM\ARMCC\Bin\..\lib\armlib\c_p.l(_printf_llx.o)
    0x0001b1e8   0x0001b1e8   0x0000000a   Code   RO         1299    .ARM.Collect$$_printf_percent$$00000012  C:\Keil_v5\ARM\ARMCC\Bin\..\lib\armlib\c_p.l(_printf_l.o)
    0x0001b1f2   0x0001b1f2   0x0000000a   Code   RO         1281    .ARM.Collect$$_printf_percent$$00000013  C:\Keil_v5\ARM\ARMCC\Bin\..\lib\armlib\c_p.l(_printf_c.o)
    0x0001b1fc   0x0001b1fc   0x0000000a   Code   RO         1282    .ARM.Collect$$_printf_percent$$00000014  C:\Keil_v5\ARM\ARMCC\Bin\..\lib\armlib\c_p.l(_printf_s.o)
    0x0001b206   0x0001b206   0x0000000a   Code   RO         1300    .ARM.Collect$$_printf_percent$$00000015  C:\Keil_v5\ARM\ARMCC\Bin\..\lib\armlib\c_p.l(_printf_lc.o)
    0x0001b210   0x0001b210   0x0000000a   Code   RO         1301    .ARM.Collect$$_printf_percent$$00000016  C:\Keil_v5\ARM\ARMCC\Bin\..\lib\armlib\c_p.l(_printf_ls.o)
    0x0001b21a   0x0001b21a   0x00000004   Code   RO         1413    .ARM.Collect$$_printf_percent$$00000017  C:\Keil_v5\ARM\ARMCC\Bin\..\lib\armlib\c_p.l(_printf_percent_end.o)
    0x0001b21e   0x0001b21e   0x00000002   Code   RO         1477    .ARM.Collect$$libinit$$00000000  C:\Keil_v5\ARM\ARMCC\Bin\..\lib\armlib\c_p.l(libinit.o)
    0x0001b220   0x0001b220   0x00000000   Code   RO         1322    .ARM.Collect$$libinit$$00000002  C:\Keil_v5\ARM\ARMCC\Bin\..\lib\armlib\c_p.l(libinit2.o)
    0x0001b220   0x0001b220   0x00000000   Code   RO         1324    .ARM.Collect$$libinit$$00000004  C:\Keil_v5\ARM\ARMCC\Bin\..\lib\armlib\c_p.l(libinit2.o)
    0x0001b220   0x0001b220   0x00000000   Code   RO         1327    .ARM.Collect$$libinit$$0000000A  C:\Keil_v5\ARM\ARMCC\Bin\..\lib\armlib\c_p.l(libinit2.o)
    0x0001b220   0x0001b220   0x00000000   Code   RO         1329    .ARM.Collect$$libinit$$0000000C  C:\Keil_v5\ARM\ARMCC\Bin\..\lib\armlib\c_p.l(libinit2.o)
    0x0001b220   0x0001b220   0x00000000   Code   RO         1331    .ARM.Collect$$libinit$$0000000E  C:\Keil_v5\ARM\ARMCC\Bin\..\lib\armlib\c_p.l(libinit2.o)
    0x0001b220   0x0001b220   0x00000006   Code   RO         1332    .ARM.Collect$$libinit$$0000000F  C:\Keil_v5\ARM\ARMCC\Bin\..\lib\armlib\c_p.l(libinit2.o)
    0x0001b226   0x0001b226   0x00000000   Code   RO         1334    .ARM.Collect$$libinit$$00000011  C:\Keil_v5\ARM\ARMCC\Bin\..\lib\armlib\c_p.l(libinit2.o)
    0x0001b226   0x0001b226   0x0000000c   Code   RO         1335    .ARM.Collect$$libinit$$00000012  C:\Keil_v5\ARM\ARMCC\Bin\..\lib\armlib\c_p.l(libinit2.o)
    0x0001b232   0x0001b232   0x00000000   Code   RO         1336    .ARM.Collect$$libinit$$00000013  C:\Keil_v5\ARM\ARMCC\Bin\..\lib\armlib\c_p.l(libinit2.o)
    0x0001b232   0x0001b232   0x00000000   Code   RO         1338    .ARM.Collect$$libinit$$00000015  C:\Keil_v5\ARM\ARMCC\Bin\..\lib\armlib\c_p.l(libinit2.o)
    0x0001b232   0x0001b232   0x0000000a   Code   RO         1339    .ARM.Collect$$libinit$$00000016  C:\Keil_v5\ARM\ARMCC\Bin\..\lib\armlib\c_p.l(libinit2.o)
    0x0001b23c   0x0001b23c   0x00000000   Code   RO         1340    .ARM.Collect$$libinit$$00000017  C:\Keil_v5\ARM\ARMCC\Bin\..\lib\armlib\c_p.l(libinit2.o)
    0x0001b23c   0x0001b23c   0x00000000   Code   RO         1342    .ARM.Collect$$libinit$$00000019  C:\Keil_v5\ARM\ARMCC\Bin\..\lib\armlib\c_p.l(libinit2.o)
    0x0001b23c   0x0001b23c   0x00000000   Code   RO         1344    .ARM.Collect$$libinit$$0000001B  C:\Keil_v5\ARM\ARMCC\Bin\..\lib\armlib\c_p.l(libinit2.o)
    0x0001b23c   0x0001b23c   0x00000000   Code   RO         1346    .ARM.Collect$$libinit$$0000001D  C:\Keil_v5\ARM\ARMCC\Bin\..\lib\armlib\c_p.l(libinit2.o)
    0x0001b23c   0x0001b23c   0x00000000   Code   RO         1348    .ARM.Collect$$libinit$$0000001F  C:\Keil_v5\ARM\ARMCC\Bin\..\lib\armlib\c_p.l(libinit2.o)
    0x0001b23c   0x0001b23c   0x00000000   Code   RO         1350    .ARM.Collect$$libinit$$00000021  C:\Keil_v5\ARM\ARMCC\Bin\..\lib\armlib\c_p.l(libinit2.o)
    0x0001b23c   0x0001b23c   0x00000000   Code   RO         1352    .ARM.Collect$$libinit$$00000023  C:\Keil_v5\ARM\ARMCC\Bin\..\lib\armlib\c_p.l(libinit2.o)
    0x0001b23c   0x0001b23c   0x00000000   Code   RO         1354    .ARM.Collect$$libinit$$00000025  C:\Keil_v5\ARM\ARMCC\Bin\..\lib\armlib\c_p.l(libinit2.o)
    0x0001b23c   0x0001b23c   0x00000000   Code   RO         1358    .ARM.Collect$$libinit$$0000002C  C:\Keil_v5\ARM\ARMCC\Bin\..\lib\armlib\c_p.l(libinit2.o)
    0x0001b23c   0x0001b23c   0x00000000   Code   RO         1360    .ARM.Collect$$libinit$$0000002E  C:\Keil_v5\ARM\ARMCC\Bin\..\lib\armlib\c_p.l(libinit2.o)
    0x0001b23c   0x0001b23c   0x00000000   Code   RO         1362    .ARM.Collect$$libinit$$00000030  C:\Keil_v5\ARM\ARMCC\Bin\..\lib\armlib\c_p.l(libinit2.o)
    0x0001b23c   0x0001b23c   0x00000000   Code   RO         1364    .ARM.Collect$$libinit$$00000032  C:\Keil_v5\ARM\ARMCC\Bin\..\lib\armlib\c_p.l(libinit2.o)
    0x0001b23c   0x0001b23c   0x00000002   Code   RO         1365    .ARM.Collect$$libinit$$00000033  C:\Keil_v5\ARM\ARMCC\Bin\..\lib\armlib\c_p.l(libinit2.o)
    0x0001b23e   0x0001b23e   0x00000000   Code   RO         1222    .ARM.Collect$$rtentry$$00000000  C:\Keil_v5\ARM\ARMCC\Bin\..\lib\armlib\c_p.l(__rtentry.o)
    0x0001b23e   0x0001b23e   0x00000000   Code   RO         1385    .ARM.Collect$$rtentry$$00000002  C:\Keil_v5\ARM\ARMCC\Bin\..\lib\armlib\c_p.l(__rtentry2.o)
    0x0001b23e   0x0001b23e   0x00000006   Code   RO         1397    .ARM.Collect$$rtentry$$00000004  C:\Keil_v5\ARM\ARMCC\Bin\..\lib\armlib\c_p.l(__rtentry4.o)
    0x0001b244   0x0001b244   0x00000008   Code   RO         1386    .ARM.Collect$$rtentry$$00000008  C:\Keil_v5\ARM\ARMCC\Bin\..\lib\armlib\c_p.l(__rtentry2.o)
    0x0001b24c   0x0001b24c   0x00000004   Code   RO         1388    .ARM.Collect$$rtentry$$0000000A  C:\Keil_v5\ARM\ARMCC\Bin\..\lib\armlib\c_p.l(__rtentry2.o)
    0x0001b250   0x0001b250   0x00000000   Code   RO         1390    .ARM.Collect$$rtentry$$0000000C  C:\Keil_v5\ARM\ARMCC\Bin\..\lib\armlib\c_p.l(__rtentry2.o)
    0x0001b250   0x0001b250   0x00000008   Code   RO         1391    .ARM.Collect$$rtentry$$0000000D  C:\Keil_v5\ARM\ARMCC\Bin\..\lib\armlib\c_p.l(__rtentry2.o)
    0x0001b258   0x0001b258   0x00000038   Code   RO         1120    .emb_text           C:\Keil_v5\ARM\ARMCC\Bin\..\lib\armlib\c_p.l(rt_memcpy.o)
    0x0001b290   0x0001b290   0x00000040   Code   RO          952    .text               mbed/TARGET_NRF51_DK/TOOLCHAIN_ARM_STD/startup_nRF51822.o
    0x0001b2d0   0x0001b2d0   0x00000102   Code   RO         1107    .text               C:\Keil_v5\ARM\ARMCC\Bin\..\lib\armlib\c_p.l(lludiv.o)
    0x0001b3d2   0x0001b3d2   0x00000002   PAD
    0x0001b3d4   0x0001b3d4   0x00000038   Code   RO         1108    .text               C:\Keil_v5\ARM\ARMCC\Bin\..\lib\armlib\c_p.l(vsnprintf.o)
    0x0001b40c   0x0001b40c   0x0000007c   Code   RO         1116    .text               C:\Keil_v5\ARM\ARMCC\Bin\..\lib\armlib\c_p.l(assert.o)
    0x0001b488   0x0001b488   0x00000012   Code   RO         1122    .text               C:\Keil_v5\ARM\ARMCC\Bin\..\lib\armlib\c_p.l(aeabi_memset.o)
    0x0001b49a   0x0001b49a   0x00000040   Code   RO         1123    .text               C:\Keil_v5\ARM\ARMCC\Bin\..\lib\armlib\c_p.l(rt_memclr.o)
    0x0001b4da   0x0001b4da   0x00000002   PAD
    0x0001b4dc   0x0001b4dc   0x000000a0   Code   RO         1125    .text               C:\Keil_v5\ARM\ARMCC\Bin\..\lib\armlib\c_p.l(strcmpv6m.o)
    0x0001b57c   0x0001b57c   0x000001e8   Code   RO         1126    .text               C:\Keil_v5\ARM\ARMCC\Bin\..\lib\armlib\c_p.l(aeabi_sdivfast.o)
    0x0001b764   0x0001b764   0x0000004e   Code   RO         1241    .text               C:\Keil_v5\ARM\ARMCC\Bin\..\lib\armlib\c_p.l(_printf_pad.o)
    0x0001b7b2   0x0001b7b2   0x00000024   Code   RO         1242    .text               C:\Keil_v5\ARM\ARMCC\Bin\..\lib\armlib\c_p.l(_printf_truncate.o)
    0x0001b7d6   0x0001b7d6   0x00000052   Code   RO         1243    .text               C:\Keil_v5\ARM\ARMCC\Bin\..\lib\armlib\c_p.l(_printf_str.o)
    0x0001b828   0x0001b828   0x0000006c   Code   RO         1244    .text               C:\Keil_v5\ARM\ARMCC\Bin\..\lib\armlib\c_p.l(_printf_dec.o)
    0x0001b894   0x0001b894   0x00000026   Code   RO         1245    .text               C:\Keil_v5\ARM\ARMCC\Bin\..\lib\armlib\c_p.l(_printf_charcount.o)
    0x0001b8ba   0x0001b8ba   0x00000002   PAD
    0x0001b8bc   0x0001b8bc   0x00000030   Code   RO         1246    .text               C:\Keil_v5\ARM\ARMCC\Bin\..\lib\armlib\c_p.l(_printf_char_common.o)
    0x0001b8ec   0x0001b8ec   0x0000000a   Code   RO         1247    .text               C:\Keil_v5\ARM\ARMCC\Bin\..\lib\armlib\c_p.l(_sputc.o)
    0x0001b8f6   0x0001b8f6   0x00000010   Code   RO         1248    .text               C:\Keil_v5\ARM\ARMCC\Bin\..\lib\armlib\c_p.l(_snputc.o)
    0x0001b906   0x0001b906   0x00000002   PAD
    0x0001b908   0x0001b908   0x000000bc   Code   RO         1249    .text               C:\Keil_v5\ARM\ARMCC\Bin\..\lib\armlib\c_p.l(_printf_wctomb.o)
    0x0001b9c4   0x0001b9c4   0x00000070   Code   RO         1251    .text               C:\Keil_v5\ARM\ARMCC\Bin\..\lib\armlib\c_p.l(_printf_longlong_dec.o)
    0x0001ba34   0x0001ba34   0x00000070   Code   RO         1254    .text               C:\Keil_v5\ARM\ARMCC\Bin\..\lib\armlib\c_p.l(_printf_oct_int_ll.o)
    0x0001baa4   0x0001baa4   0x00000098   Code   RO         1267    .text               C:\Keil_v5\ARM\ARMCC\Bin\..\lib\armlib\c_p.l(_printf_hex_int_ll_ptr.o)
    0x0001bb3c   0x0001bb3c   0x00000188   Code   RO         1279    .text               C:\Keil_v5\ARM\ARMCC\Bin\..\lib\armlib\c_p.l(__printf_flags_ss_wp.o)
    0x0001bcc4   0x0001bcc4   0x00000014   Code   RO         1318    .text               C:\Keil_v5\ARM\ARMCC\Bin\..\lib\armlib\c_p.l(abort.o)
    0x0001bcd8   0x0001bcd8   0x00000014   Code   RO         1319    .text               C:\Keil_v5\ARM\ARMCC\Bin\..\lib\armlib\c_p.l(assert_puts.o)
    0x0001bcec   0x0001bcec   0x0000000c   Code   RO         1382    .text               C:\Keil_v5\ARM\ARMCC\Bin\..\lib\armlib\c_p.l(sys_wrch.o)
    0x0001bcf8   0x0001bcf8   0x0000000c   Code   RO         1383    .text               C:\Keil_v5\ARM\ARMCC\Bin\..\lib\armlib\c_p.l(sys_exit.o)
    0x0001bd04   0x0001bd04   0x0000007a   Code   RO         1405    .text               C:\Keil_v5\ARM\ARMCC\Bin\..\lib\armlib\c_p.l(lludiv10.o)
    0x0001bd7e   0x0001bd7e   0x000000b0   Code   RO         1406    .text               C:\Keil_v5\ARM\ARMCC\Bin\..\lib\armlib\c_p.l(_printf_intcommon.o)
    0x0001be2e   0x0001be2e   0x00000002   PAD
    0x0001be30   0x0001be30   0x00000418   Code   RO         1407    .text               C:\Keil_v5\ARM\ARMCC\Bin\..\lib\armlib\c_p.l(_printf_fp_dec.o)
    0x0001c248   0x0001c248   0x000002d8   Code   RO         1408    .text               C:\Keil_v5\ARM\ARMCC\Bin\..\lib\armlib\c_p.l(_printf_fp_hex.o)
    0x0001c520   0x0001c520   0x0000002e   Code   RO         1411    .text               C:\Keil_v5\ARM\ARMCC\Bin\..\lib\armlib\c_p.l(_printf_char.o)
    0x0001c54e   0x0001c54e   0x0000002e   Code   RO         1412    .text               C:\Keil_v5\ARM\ARMCC\Bin\..\lib\armlib\c_p.l(_printf_wchar.o)
    0x0001c57c   0x0001c57c   0x00000040   Code   RO         1425    .text               C:\Keil_v5\ARM\ARMCC\Bin\..\lib\armlib\c_p.l(_wcrtomb.o)
    0x0001c5bc   0x0001c5bc   0x0000000c   Code   RO         1426    .text               C:\Keil_v5\ARM\ARMCC\Bin\..\lib\armlib\c_p.l(defsig_abrt_outer.o)
    0x0001c5c8   0x0001c5c8   0x00000028   Code   RO         1430    .text               C:\Keil_v5\ARM\ARMCC\Bin\..\lib\armlib\c_p.l(rtudiv10.o)
    0x0001c5f0   0x0001c5f0   0x00000002   Code   RO         1445    .text               C:\Keil_v5\ARM\ARMCC\Bin\..\lib\armlib\c_p.l(use_no_semi.o)
    0x0001c5f2   0x0001c5f2   0x00000000   Code   RO         1446    .text               C:\Keil_v5\ARM\ARMCC\Bin\..\lib\armlib\c_p.l(indicate_semi.o)
    0x0001c5f2   0x0001c5f2   0x00000002   PAD
    0x0001c5f4   0x0001c5f4   0x00000010   Code   RO         1447    .text               C:\Keil_v5\ARM\ARMCC\Bin\..\lib\armlib\c_p.l(rt_ctype_table.o)
    0x0001c604   0x0001c604   0x00000008   Code   RO         1449    .text               C:\Keil_v5\ARM\ARMCC\Bin\..\lib\armlib\c_p.l(rt_locale.o)
    0x0001c60c   0x0001c60c   0x00000088   Code   RO         1456    .text               C:\Keil_v5\ARM\ARMCC\Bin\..\lib\armlib\c_p.l(_printf_fp_infnan.o)
    0x0001c694   0x0001c694   0x000000d8   Code   RO         1457    .text               C:\Keil_v5\ARM\ARMCC\Bin\..\lib\armlib\c_p.l(bigflt0.o)
    0x0001c76c   0x0001c76c   0x00000580   Code   RO         1459    .text               C:\Keil_v5\ARM\ARMCC\Bin\..\lib\armlib\c_p.l(btod.o)
    0x0001ccec   0x0001ccec   0x0000000c   Code   RO         1466    .text               C:\Keil_v5\ARM\ARMCC\Bin\..\lib\armlib\c_p.l(defsig_exit.o)
    0x0001ccf8   0x0001ccf8   0x00000030   Code   RO         1467    .text               C:\Keil_v5\ARM\ARMCC\Bin\..\lib\armlib\c_p.l(defsig_abrt_inner.o)
    0x0001cd28   0x0001cd28   0x00000034   Code   RO         1503    .text               C:\Keil_v5\ARM\ARMCC\Bin\..\lib\armlib\c_p.l(defsig_general.o)
    0x0001cd5c   0x0001cd5c   0x0000000c   Code   RO          503    i.$Sub$$main        mbed/TARGET_NRF51_DK/TOOLCHAIN_ARM_STD/mbed_sdk_boot.o
    0x0001cd68   0x0001cd68   0x00000150   Code   RO          563    i.GPIOTE_IRQHandler  mbed/TARGET_NRF51_DK/TOOLCHAIN_ARM_STD/nrf_drv_gpiote.o
    0x0001ceb8   0x0001ceb8   0x00000010   Code   RO          157    i.NVIC_SetVector    mbed/TARGET_NRF51_DK/TOOLCHAIN_ARM_STD/cmsis_nvic.o
    0x0001cec8   0x0001cec8   0x00000040   Code   RO          960    i.RTC1_IRQHandler   mbed/TARGET_NRF51_DK/TOOLCHAIN_ARM_STD/us_ticker.o
    0x0001cf08   0x0001cf08   0x000000e8   Code   RO          956    i.SystemInit        mbed/TARGET_NRF51_DK/TOOLCHAIN_ARM_STD/system_nrf51.o
    0x0001cff0   0x0001cff0   0x0000014c   Code   RO          881    i.UART0_IRQHandler  mbed/TARGET_NRF51_DK/TOOLCHAIN_ARM_STD/serial_api.o
    0x0001d13c   0x0001d13c   0x00000030   Code   RO         1461    i.__ARM_common_ll_muluu  C:\Keil_v5\ARM\ARMCC\Bin\..\lib\armlib\c_p.l(btod.o)
    0x0001d16c   0x0001d16c   0x0000002c   Code   RO         1497    i.__ARM_fpclassify  C:\Keil_v5\ARM\ARMCC\Bin\..\lib\armlib\m_ps.l(fpclassify.o)
    0x0001d198   0x0001d198   0x00000008   Code   RO          411    i.__user_setup_stackheap  mbed/TARGET_NRF51_DK/TOOLCHAIN_ARM_STD/mbed_retarget.o
    0x0001d1a0   0x0001d1a0   0x0000000e   Code   RO         1275    i._is_digit         C:\Keil_v5\ARM\ARMCC\Bin\..\lib\armlib\c_p.l(__printf_wp.o)
    0x0001d1ae   0x0001d1ae   0x00000002   PAD
    0x0001d1b0   0x0001d1b0   0x00000010   Code   RO          412    i._mbed_user_setup_stackheap  mbed/TARGET_NRF51_DK/TOOLCHAIN_ARM_STD/mbed_retarget.o
    0x0001d1c0   0x0001d1c0   0x00000008   Code   RO          504    i._platform_post_stackheap_init  mbed/TARGET_NRF51_DK/TOOLCHAIN_ARM_STD/mbed_sdk_boot.o
    0x0001d1c8   0x0001d1c8   0x00000040   Code   RO          961    i.common_rtc_32bit_ticks_get  mbed/TARGET_NRF51_DK/TOOLCHAIN_ARM_STD/us_ticker.o
    0x0001d208   0x0001d208   0x0000005c   Code   RO          962    i.common_rtc_64bit_us_get  mbed/TARGET_NRF51_DK/TOOLCHAIN_ARM_STD/us_ticker.o
    0x0001d264   0x0001d264   0x00000068   Code   RO          963    i.common_rtc_init   mbed/TARGET_NRF51_DK/TOOLCHAIN_ARM_STD/us_ticker.o
    0x0001d2cc   0x0001d2cc   0x000000f8   Code   RO          965    i.common_rtc_set_interrupt  mbed/TARGET_NRF51_DK/TOOLCHAIN_ARM_STD/us_ticker.o
    0x0001d3c4   0x0001d3c4   0x00000084   Code   RO          511    i.core_util_critical_section_enter  mbed/TARGET_NRF51_DK/TOOLCHAIN_ARM_STD/nordic_critical.o
    0x0001d448   0x0001d448   0x0000006c   Code   RO          512    i.core_util_critical_section_exit  mbed/TARGET_NRF51_DK/TOOLCHAIN_ARM_STD/nordic_critical.o
    0x0001d4b4   0x0001d4b4   0x0000000a   Code   RO          424    i.exit              mbed/TARGET_NRF51_DK/TOOLCHAIN_ARM_STD/mbed_retarget.o
    0x0001d4be   0x0001d4be   0x00000002   PAD
    0x0001d4c0   0x0001d4c0   0x000000ac   Code   RO          259    i.fs_erase          mbed/TARGET_NRF51_DK/TOOLCHAIN_ARM_STD/fstorage.o
    0x0001d56c   0x0001d56c   0x0000000a   Code   RO          243    i.fs_event_handler  mbed/TARGET_NRF51_DK/TOOLCHAIN_ARM_STD/fds.o
    0x0001d576   0x0001d576   0x00000002   PAD
    0x0001d578   0x0001d578   0x000000b0   Code   RO          262    i.fs_store          mbed/TARGET_NRF51_DK/TOOLCHAIN_ARM_STD/fstorage.o
    0x0001d628   0x0001d628   0x00000070   Code   RO          244    i.gc_record_find_next  mbed/TARGET_NRF51_DK/TOOLCHAIN_ARM_STD/fds.o
    0x0001d698   0x0001d698   0x00000008   Code   RO         1000    i.get_us_ticker_data  mbed/TARGET_NRF51_DK/TOOLCHAIN_ARM_STD/mbed.ar(mbed_us_ticker_api.o)
    0x0001d6a0   0x0001d6a0   0x000000b8   Code   RO          310    i.gpio_apply_config  mbed/TARGET_NRF51_DK/TOOLCHAIN_ARM_STD/gpio_api.o
    0x0001d758   0x0001d758   0x0000007c   Code   RO          311    i.gpio_dir          mbed/TARGET_NRF51_DK/TOOLCHAIN_ARM_STD/gpio_api.o
    0x0001d7d4   0x0001d7d4   0x00000060   Code   RO          312    i.gpio_init         mbed/TARGET_NRF51_DK/TOOLCHAIN_ARM_STD/gpio_api.o
    0x0001d834   0x0001d834   0x00000048   Code   RO          980    i.gpio_init_out     mbed/TARGET_NRF51_DK/TOOLCHAIN_ARM_STD/mbed.ar(mbed_gpio.o)
    0x0001d87c   0x0001d87c   0x00000068   Code   RO          981    i.gpio_init_out_ex  mbed/TARGET_NRF51_DK/TOOLCHAIN_ARM_STD/mbed.ar(mbed_gpio.o)
    0x0001d8e4   0x0001d8e4   0x0000007c   Code   RO          318    i.gpio_mode         mbed/TARGET_NRF51_DK/TOOLCHAIN_ARM_STD/gpio_api.o
    0x0001d960   0x0001d960   0x00000058   Code   RO          320    i.gpiote_irq_handler  mbed/TARGET_NRF51_DK/TOOLCHAIN_ARM_STD/gpio_api.o
    0x0001d9b8   0x0001d9b8   0x00000070   Code   RO          882    i.internal_set_hwfc  mbed/TARGET_NRF51_DK/TOOLCHAIN_ARM_STD/serial_api.o
    0x0001da28   0x0001da28   0x0000000c   Code   RO          383    i.lp_ticker_clear_interrupt  mbed/TARGET_NRF51_DK/TOOLCHAIN_ARM_STD/lp_ticker.o
    0x0001da34   0x0001da34   0x00000010   Code   RO          384    i.lp_ticker_disable_interrupt  mbed/TARGET_NRF51_DK/TOOLCHAIN_ARM_STD/lp_ticker.o
    0x0001da44   0x0001da44   0x00000024   Code   RO          385    i.lp_ticker_fire_interrupt  mbed/TARGET_NRF51_DK/TOOLCHAIN_ARM_STD/lp_ticker.o
    0x0001da68   0x0001da68   0x00000008   Code   RO          386    i.lp_ticker_init    mbed/TARGET_NRF51_DK/TOOLCHAIN_ARM_STD/lp_ticker.o
    0x0001da70   0x0001da70   0x00000010   Code   RO          986    i.lp_ticker_irq_handler  mbed/TARGET_NRF51_DK/TOOLCHAIN_ARM_STD/mbed.ar(mbed_lp_ticker_api.o)
    0x0001da80   0x0001da80   0x00000008   Code   RO          387    i.lp_ticker_read    mbed/TARGET_NRF51_DK/TOOLCHAIN_ARM_STD/lp_ticker.o
    0x0001da88   0x0001da88   0x0000000e   Code   RO          388    i.lp_ticker_set_interrupt  mbed/TARGET_NRF51_DK/TOOLCHAIN_ARM_STD/lp_ticker.o
    0x0001da96   0x0001da96   0x00000004   Code   RO            3    i.main              .\build\main.o
    0x0001da9a   0x0001da9a   0x00000002   PAD
    0x0001da9c   0x0001da9c   0x00000054   Code   RO         1035    i.mbed_assert_internal  mbed/TARGET_NRF51_DK/TOOLCHAIN_ARM_STD/mbed.ar(mbed_assert.o)
    0x0001daf0   0x0001daf0   0x000000d4   Code   RO          391    i.mbed_die          mbed/TARGET_NRF51_DK/TOOLCHAIN_ARM_STD/mbed_board.o
    0x0001dbc4   0x0001dbc4   0x00000058   Code   RO          392    i.mbed_error_printf  mbed/TARGET_NRF51_DK/TOOLCHAIN_ARM_STD/mbed_board.o
    0x0001dc1c   0x0001dc1c   0x00000002   Code   RO          506    i.mbed_main         mbed/TARGET_NRF51_DK/TOOLCHAIN_ARM_STD/mbed_sdk_boot.o
    0x0001dc1e   0x0001dc1e   0x00000002   Code   RO          507    i.mbed_sdk_init     mbed/TARGET_NRF51_DK/TOOLCHAIN_ARM_STD/mbed_sdk_boot.o
    0x0001dc20   0x0001dc20   0x00000068   Code   RO          557    i.nrf_drv_common_irq_enable  mbed/TARGET_NRF51_DK/TOOLCHAIN_ARM_STD/nrf_drv_common.o
    0x0001dc88   0x0001dc88   0x000000a4   Code   RO          566    i.nrf_drv_gpiote_in_event_enable  mbed/TARGET_NRF51_DK/TOOLCHAIN_ARM_STD/nrf_drv_gpiote.o
    0x0001dd2c   0x0001dd2c   0x000000cc   Code   RO          567    i.nrf_drv_gpiote_in_init  mbed/TARGET_NRF51_DK/TOOLCHAIN_ARM_STD/nrf_drv_gpiote.o
    0x0001ddf8   0x0001ddf8   0x0000007c   Code   RO          569    i.nrf_drv_gpiote_in_uninit  mbed/TARGET_NRF51_DK/TOOLCHAIN_ARM_STD/nrf_drv_gpiote.o
    0x0001de74   0x0001de74   0x00000060   Code   RO          570    i.nrf_drv_gpiote_init  mbed/TARGET_NRF51_DK/TOOLCHAIN_ARM_STD/nrf_drv_gpiote.o
    0x0001ded4   0x0001ded4   0x000000c8   Code   RO          573    i.nrf_drv_gpiote_out_init  mbed/TARGET_NRF51_DK/TOOLCHAIN_ARM_STD/nrf_drv_gpiote.o
    0x0001df9c   0x0001df9c   0x00000050   Code   RO          581    i.nrf_drv_gpiote_out_uninit  mbed/TARGET_NRF51_DK/TOOLCHAIN_ARM_STD/nrf_drv_gpiote.o
    0x0001dfec   0x0001dfec   0x0000001c   Code   RO          835    i.nrf_reloc_vector_table  mbed/TARGET_NRF51_DK/TOOLCHAIN_ARM_STD/reloc_vector_table.o
    0x0001e008   0x0001e008   0x000005b4   Code   RO          246    i.queue_process     mbed/TARGET_NRF51_DK/TOOLCHAIN_ARM_STD/fds.o
    0x0001e5bc   0x0001e5bc   0x000000ac   Code   RO          264    i.queue_process     mbed/TARGET_NRF51_DK/TOOLCHAIN_ARM_STD/fstorage.o
    0x0001e668   0x0001e668   0x00000120   Code   RO          247    i.record_find       mbed/TARGET_NRF51_DK/TOOLCHAIN_ARM_STD/fds.o
    0x0001e788   0x0001e788   0x00000120   Code   RO          248    i.record_find_by_desc  mbed/TARGET_NRF51_DK/TOOLCHAIN_ARM_STD/fds.o
    0x0001e8a8   0x0001e8a8   0x0000005c   Code   RO          249    i.record_find_next  mbed/TARGET_NRF51_DK/TOOLCHAIN_ARM_STD/fds.o
    0x0001e904   0x0001e904   0x00000066   Code   RO         1007    i.schedule_interrupt  mbed/TARGET_NRF51_DK/TOOLCHAIN_ARM_STD/mbed.ar(mbed_ticker_api.o)
    0x0001e96a   0x0001e96a   0x00000002   PAD
    0x0001e96c   0x0001e96c   0x0000016c   Code   RO          890    i.serial_init       mbed/TARGET_NRF51_DK/TOOLCHAIN_ARM_STD/serial_api.o
    0x0001ead8   0x0001ead8   0x0000002c   Code   RO          894    i.serial_putc       mbed/TARGET_NRF51_DK/TOOLCHAIN_ARM_STD/serial_api.o
    0x0001eb04   0x0001eb04   0x0000005e   Code   RO         1011    i.ticker_irq_handler  mbed/TARGET_NRF51_DK/TOOLCHAIN_ARM_STD/mbed.ar(mbed_ticker_api.o)
    0x0001eb62   0x0001eb62   0x00000040   Code   RO         1012    i.ticker_read       mbed/TARGET_NRF51_DK/TOOLCHAIN_ARM_STD/mbed.ar(mbed_ticker_api.o)
    0x0001eba2   0x0001eba2   0x0000002c   Code   RO         1016    i.update_present_time  mbed/TARGET_NRF51_DK/TOOLCHAIN_ARM_STD/mbed.ar(mbed_ticker_api.o)
    0x0001ebce   0x0001ebce   0x00000002   PAD
    0x0001ebd0   0x0001ebd0   0x0000000c   Code   RO          967    i.us_ticker_clear_interrupt  mbed/TARGET_NRF51_DK/TOOLCHAIN_ARM_STD/us_ticker.o
    0x0001ebdc   0x0001ebdc   0x00000010   Code   RO          968    i.us_ticker_disable_interrupt  mbed/TARGET_NRF51_DK/TOOLCHAIN_ARM_STD/us_ticker.o
    0x0001ebec   0x0001ebec   0x00000054   Code   RO          969    i.us_ticker_fire_interrupt  mbed/TARGET_NRF51_DK/TOOLCHAIN_ARM_STD/us_ticker.o
    0x0001ec40   0x0001ec40   0x00000068   Code   RO          970    i.us_ticker_init    mbed/TARGET_NRF51_DK/TOOLCHAIN_ARM_STD/us_ticker.o
    0x0001eca8   0x0001eca8   0x00000010   Code   RO         1001    i.us_ticker_irq_handler  mbed/TARGET_NRF51_DK/TOOLCHAIN_ARM_STD/mbed.ar(mbed_us_ticker_api.o)
    0x0001ecb8   0x0001ecb8   0x000000b0   Code   RO          971    i.us_ticker_read    mbed/TARGET_NRF51_DK/TOOLCHAIN_ARM_STD/us_ticker.o
    0x0001ed68   0x0001ed68   0x0000000e   Code   RO          972    i.us_ticker_set_interrupt  mbed/TARGET_NRF51_DK/TOOLCHAIN_ARM_STD/us_ticker.o
    0x0001ed76   0x0001ed76   0x00000024   Code   RO         1043    i.wait_ms           mbed/TARGET_NRF51_DK/TOOLCHAIN_ARM_STD/mbed.ar(mbed_wait_api_no_rtos.o)
    0x0001ed9a   0x0001ed9a   0x00000002   PAD
    0x0001ed9c   0x0001ed9c   0x0000002c   Code   RO         1465    locale$$code        C:\Keil_v5\ARM\ARMCC\Bin\..\lib\armlib\c_p.l(lc_numeric_c.o)
    0x0001edc8   0x0001edc8   0x0000002c   Code   RO         1501    locale$$code        C:\Keil_v5\ARM\ARMCC\Bin\..\lib\armlib\c_p.l(lc_ctype_c.o)
    0x0001edf4   0x0001edf4   0x00000010   Code   RO         1377    x$fpl$printf1       C:\Keil_v5\ARM\ARMCC\Bin\..\lib\armlib\fz_ps.l(printf1.o)
    0x0001ee04   0x0001ee04   0x00000010   Code   RO         1378    x$fpl$printf2       C:\Keil_v5\ARM\ARMCC\Bin\..\lib\armlib\fz_ps.l(printf2.o)
    0x0001ee14   0x0001ee14   0x00000000   Code   RO         1381    x$fpl$usenofp       C:\Keil_v5\ARM\ARMCC\Bin\..\lib\armlib\fz_ps.l(usenofp.o)
    0x0001ee14   0x0001ee14   0x00000014   Data   RO          252    .constdata          mbed/TARGET_NRF51_DK/TOOLCHAIN_ARM_STD/fds.o
    0x0001ee28   0x0001ee28   0x00000018   Data   RO          988    .constdata          mbed/TARGET_NRF51_DK/TOOLCHAIN_ARM_STD/mbed.ar(mbed_lp_ticker_api.o)
    0x0001ee40   0x0001ee40   0x00000008   Data   RO          989    .constdata          mbed/TARGET_NRF51_DK/TOOLCHAIN_ARM_STD/mbed.ar(mbed_lp_ticker_api.o)
    0x0001ee48   0x0001ee48   0x00000018   Data   RO         1003    .constdata          mbed/TARGET_NRF51_DK/TOOLCHAIN_ARM_STD/mbed.ar(mbed_us_ticker_api.o)
    0x0001ee60   0x0001ee60   0x00000008   Data   RO         1004    .constdata          mbed/TARGET_NRF51_DK/TOOLCHAIN_ARM_STD/mbed.ar(mbed_us_ticker_api.o)
    0x0001ee68   0x0001ee68   0x00000008   Data   RO         1250    .constdata          C:\Keil_v5\ARM\ARMCC\Bin\..\lib\armlib\c_p.l(_printf_wctomb.o)
    0x0001ee70   0x0001ee70   0x00000028   Data   RO         1268    .constdata          C:\Keil_v5\ARM\ARMCC\Bin\..\lib\armlib\c_p.l(_printf_hex_int_ll_ptr.o)
    0x0001ee98   0x0001ee98   0x00000011   Data   RO         1280    .constdata          C:\Keil_v5\ARM\ARMCC\Bin\..\lib\armlib\c_p.l(__printf_flags_ss_wp.o)
    0x0001eea9   0x0001eea9   0x00000026   Data   RO         1409    .constdata          C:\Keil_v5\ARM\ARMCC\Bin\..\lib\armlib\c_p.l(_printf_fp_hex.o)
    0x0001eecf   0x0001eecf   0x00000001   PAD
    0x0001eed0   0x0001eed0   0x00000094   Data   RO         1458    .constdata          C:\Keil_v5\ARM\ARMCC\Bin\..\lib\armlib\c_p.l(bigflt0.o)
    0x0001ef64   0x0001ef64   0x00000052   Data   RO          322    .conststring        mbed/TARGET_NRF51_DK/TOOLCHAIN_ARM_STD/gpio_api.o
    0x0001efb6   0x0001efb6   0x00000002   PAD
    0x0001efb8   0x0001efb8   0x00000068   Data   RO          394    .conststring        mbed/TARGET_NRF51_DK/TOOLCHAIN_ARM_STD/mbed_board.o
    0x0001f020   0x0001f020   0x00000059   Data   RO          513    .conststring        mbed/TARGET_NRF51_DK/TOOLCHAIN_ARM_STD/nordic_critical.o
    0x0001f079   0x0001f079   0x00000003   PAD
    0x0001f07c   0x0001f07c   0x00000020   Data   RO         1512    Region$$Table       anon$$obj.o
    0x0001f09c   0x0001f09c   0x0000001c   Data   RO         1464    locale$$data        C:\Keil_v5\ARM\ARMCC\Bin\..\lib\armlib\c_p.l(lc_numeric_c.o)
    0x0001f0b8   0x0001f0b8   0x00000110   Data   RO         1500    locale$$data        C:\Keil_v5\ARM\ARMCC\Bin\..\lib\armlib\c_p.l(lc_ctype_c.o)


    Execution Region RW_IRAM0 (Exec base: 0x20002ef8, Load base: 0x0001f1c8, Size: 0x000000c0, Max: 0x000000c0, ABSOLUTE, UNINIT)

    Exec Addr    Load Addr    Size         Type   Attr      Idx    E Section Name        Object

    0x20002ef8        -       0x000000c0   Zero   RW          836    .bss.noinit         mbed/TARGET_NRF51_DK/TOOLCHAIN_ARM_STD/reloc_vector_table.o


    Execution Region RW_IRAM1 (Exec base: 0x20002fb8, Load base: 0x0001f1c8, Size: 0x0000038c, Max: 0x00005048, ABSOLUTE)

    Exec Addr    Load Addr    Size         Type   Attr      Idx    E Section Name        Object

    0x20002fb8   0x0001f1c8   0x00000018   Data   RW          253    .data               mbed/TARGET_NRF51_DK/TOOLCHAIN_ARM_STD/fds.o
    0x20002fd0   0x0001f1e0   0x00000002   Data   RW          266    .data               mbed/TARGET_NRF51_DK/TOOLCHAIN_ARM_STD/fstorage.o
    0x20002fd2   0x0001f1e2   0x00000002   PAD
    0x20002fd4   0x0001f1e4   0x0000000c   Data   RW          323    .data               mbed/TARGET_NRF51_DK/TOOLCHAIN_ARM_STD/gpio_api.o
    0x20002fe0   0x0001f1f0   0x00000008   Data   RW          514    .data               mbed/TARGET_NRF51_DK/TOOLCHAIN_ARM_STD/nordic_critical.o
    0x20002fe8   0x0001f1f8   0x00000004   Data   RW          906    .data               mbed/TARGET_NRF51_DK/TOOLCHAIN_ARM_STD/serial_api.o
    0x20002fec   0x0001f1fc   0x0000001c   Data   RW          924    .data               mbed/TARGET_NRF51_DK/TOOLCHAIN_ARM_STD/softdevice_handler.o
    0x20003008   0x0001f218   0x00000004   Data   RW          957    .data               mbed/TARGET_NRF51_DK/TOOLCHAIN_ARM_STD/system_nrf51.o
    0x2000300c   0x0001f21c   0x00000008   Data   RW          973    .data               mbed/TARGET_NRF51_DK/TOOLCHAIN_ARM_STD/us_ticker.o
    0x20003014   0x0001f224   0x00000010   Data   RW          254    fs_data             mbed/TARGET_NRF51_DK/TOOLCHAIN_ARM_STD/fds.o
    0x20003024        -       0x00000108   Zero   RW          251    .bss                mbed/TARGET_NRF51_DK/TOOLCHAIN_ARM_STD/fds.o
    0x2000312c        -       0x00000058   Zero   RW          265    .bss                mbed/TARGET_NRF51_DK/TOOLCHAIN_ARM_STD/fstorage.o
    0x20003184        -       0x0000009b   Zero   RW          321    .bss                mbed/TARGET_NRF51_DK/TOOLCHAIN_ARM_STD/gpio_api.o
    0x2000321f   0x0001f234   0x00000001   PAD
    0x20003220        -       0x0000005c   Zero   RW          583    .bss                mbed/TARGET_NRF51_DK/TOOLCHAIN_ARM_STD/nrf_drv_gpiote.o
    0x2000327c        -       0x00000080   Zero   RW          904    .bss                mbed/TARGET_NRF51_DK/TOOLCHAIN_ARM_STD/serial_api.o
    0x200032fc   0x0001f234   0x00000004   PAD
    0x20003300        -       0x00000018   Zero   RW          987    .bss                mbed/TARGET_NRF51_DK/TOOLCHAIN_ARM_STD/mbed.ar(mbed_lp_ticker_api.o)
    0x20003318        -       0x00000018   Zero   RW         1002    .bss                mbed/TARGET_NRF51_DK/TOOLCHAIN_ARM_STD/mbed.ar(mbed_us_ticker_api.o)
    0x20003330        -       0x00000014   Zero   RW         1450    .bss                C:\Keil_v5\ARM\ARMCC\Bin\..\lib\armlib\c_p.l(rt_locale.o)


==============================================================================

Image component sizes


      Code (inc. data)   RO Data    RW Data    ZI Data      Debug   Object Name

        16          6          0          0          0          0   mbed/TARGET_NRF51_DK/TOOLCHAIN_ARM_STD/cmsis_nvic.o
      2250        190         20         40        264          0   mbed/TARGET_NRF51_DK/TOOLCHAIN_ARM_STD/fds.o
       520         44          0          2         88          0   mbed/TARGET_NRF51_DK/TOOLCHAIN_ARM_STD/fstorage.o
       616        154         82         12        155          0   mbed/TARGET_NRF51_DK/TOOLCHAIN_ARM_STD/gpio_api.o
        94         20          0          0          0          0   mbed/TARGET_NRF51_DK/TOOLCHAIN_ARM_STD/lp_ticker.o
         4          0          0          0          0          0   .\build\main.o
       300         40        104          0          0          0   mbed/TARGET_NRF51_DK/TOOLCHAIN_ARM_STD/mbed_board.o
        34          6          0          0          0          0   mbed/TARGET_NRF51_DK/TOOLCHAIN_ARM_STD/mbed_retarget.o
        24          0          0          0          0          0   mbed/TARGET_NRF51_DK/TOOLCHAIN_ARM_STD/mbed_sdk_boot.o
       240         80         89          8          0          0   mbed/TARGET_NRF51_DK/TOOLCHAIN_ARM_STD/nordic_critical.o
       104         16          0          0          0          0   mbed/TARGET_NRF51_DK/TOOLCHAIN_ARM_STD/nrf_drv_common.o
      1204        142          0          0         92          0   mbed/TARGET_NRF51_DK/TOOLCHAIN_ARM_STD/nrf_drv_gpiote.o
        28         10          0          0        192          0   mbed/TARGET_NRF51_DK/TOOLCHAIN_ARM_STD/reloc_vector_table.o
       852        104          0          4        128          0   mbed/TARGET_NRF51_DK/TOOLCHAIN_ARM_STD/serial_api.o
         0          0          0         28          0          0   mbed/TARGET_NRF51_DK/TOOLCHAIN_ARM_STD/softdevice_handler.o
        64         22        192          0          0          0   mbed/TARGET_NRF51_DK/TOOLCHAIN_ARM_STD/startup_nRF51822.o
       232         32          0          4          0          0   mbed/TARGET_NRF51_DK/TOOLCHAIN_ARM_STD/system_nrf51.o
       978        204          0          8          0          0   mbed/TARGET_NRF51_DK/TOOLCHAIN_ARM_STD/us_ticker.o

    ----------------------------------------------------------------------
      7566       1070        524        108        924          0   Object Totals
         0          0         32          0          0          0   (incl. Generated)
         6          0          5          2          5          0   (incl. Padding)

    ----------------------------------------------------------------------

      Code (inc. data)   RO Data    RW Data    ZI Data      Debug   Library Member Name

         8          0          0          0          0          0   C:\Keil_v5\ARM\ARMCC\Bin\..\lib\armlib\c_p.l(__main.o)
       392          6         17          0          0          0   C:\Keil_v5\ARM\ARMCC\Bin\..\lib\armlib\c_p.l(__printf_flags_ss_wp.o)
        14          0          0          0          0          0   C:\Keil_v5\ARM\ARMCC\Bin\..\lib\armlib\c_p.l(__printf_wp.o)
         0          0          0          0          0          0   C:\Keil_v5\ARM\ARMCC\Bin\..\lib\armlib\c_p.l(__rtentry.o)
        20          0          0          0          0          0   C:\Keil_v5\ARM\ARMCC\Bin\..\lib\armlib\c_p.l(__rtentry2.o)
         6          0          0          0          0          0   C:\Keil_v5\ARM\ARMCC\Bin\..\lib\armlib\c_p.l(__rtentry4.o)
        60          8          0          0          0          0   C:\Keil_v5\ARM\ARMCC\Bin\..\lib\armlib\c_p.l(__scatter.o)
        26          0          0          0          0          0   C:\Keil_v5\ARM\ARMCC\Bin\..\lib\armlib\c_p.l(__scatter_copy.o)
        28          0          0          0          0          0   C:\Keil_v5\ARM\ARMCC\Bin\..\lib\armlib\c_p.l(__scatter_zi.o)
        10          0          0          0          0          0   C:\Keil_v5\ARM\ARMCC\Bin\..\lib\armlib\c_p.l(_printf_a.o)
        10          0          0          0          0          0   C:\Keil_v5\ARM\ARMCC\Bin\..\lib\armlib\c_p.l(_printf_c.o)
        46          0          0          0          0          0   C:\Keil_v5\ARM\ARMCC\Bin\..\lib\armlib\c_p.l(_printf_char.o)
        48          6          0          0          0          0   C:\Keil_v5\ARM\ARMCC\Bin\..\lib\armlib\c_p.l(_printf_char_common.o)
        38          0          0          0          0          0   C:\Keil_v5\ARM\ARMCC\Bin\..\lib\armlib\c_p.l(_printf_charcount.o)
        10          0          0          0          0          0   C:\Keil_v5\ARM\ARMCC\Bin\..\lib\armlib\c_p.l(_printf_d.o)
       108         18          0          0          0          0   C:\Keil_v5\ARM\ARMCC\Bin\..\lib\armlib\c_p.l(_printf_dec.o)
        10          0          0          0          0          0   C:\Keil_v5\ARM\ARMCC\Bin\..\lib\armlib\c_p.l(_printf_e.o)
        10          0          0          0          0          0   C:\Keil_v5\ARM\ARMCC\Bin\..\lib\armlib\c_p.l(_printf_f.o)
      1048         14          0          0          0          0   C:\Keil_v5\ARM\ARMCC\Bin\..\lib\armlib\c_p.l(_printf_fp_dec.o)
       728         10         38          0          0          0   C:\Keil_v5\ARM\ARMCC\Bin\..\lib\armlib\c_p.l(_printf_fp_hex.o)
       136         16          0          0          0          0   C:\Keil_v5\ARM\ARMCC\Bin\..\lib\armlib\c_p.l(_printf_fp_infnan.o)
        10          0          0          0          0          0   C:\Keil_v5\ARM\ARMCC\Bin\..\lib\armlib\c_p.l(_printf_g.o)
       152          4         40          0          0          0   C:\Keil_v5\ARM\ARMCC\Bin\..\lib\armlib\c_p.l(_printf_hex_int_ll_ptr.o)
        10          0          0          0          0          0   C:\Keil_v5\ARM\ARMCC\Bin\..\lib\armlib\c_p.l(_printf_i.o)
       176          0          0          0          0          0   C:\Keil_v5\ARM\ARMCC\Bin\..\lib\armlib\c_p.l(_printf_intcommon.o)
        10          0          0          0          0          0   C:\Keil_v5\ARM\ARMCC\Bin\..\lib\armlib\c_p.l(_printf_l.o)
        10          0          0          0          0          0   C:\Keil_v5\ARM\ARMCC\Bin\..\lib\armlib\c_p.l(_printf_lc.o)
        10          0          0          0          0          0   C:\Keil_v5\ARM\ARMCC\Bin\..\lib\armlib\c_p.l(_printf_ll.o)
        10          0          0          0          0          0   C:\Keil_v5\ARM\ARMCC\Bin\..\lib\armlib\c_p.l(_printf_lld.o)
        10          0          0          0          0          0   C:\Keil_v5\ARM\ARMCC\Bin\..\lib\armlib\c_p.l(_printf_lli.o)
        10          0          0          0          0          0   C:\Keil_v5\ARM\ARMCC\Bin\..\lib\armlib\c_p.l(_printf_llo.o)
        10          0          0          0          0          0   C:\Keil_v5\ARM\ARMCC\Bin\..\lib\armlib\c_p.l(_printf_llu.o)
        10          0          0          0          0          0   C:\Keil_v5\ARM\ARMCC\Bin\..\lib\armlib\c_p.l(_printf_llx.o)
       112         18          0          0          0          0   C:\Keil_v5\ARM\ARMCC\Bin\..\lib\armlib\c_p.l(_printf_longlong_dec.o)
        10          0          0          0          0          0   C:\Keil_v5\ARM\ARMCC\Bin\..\lib\armlib\c_p.l(_printf_ls.o)
        10          0          0          0          0          0   C:\Keil_v5\ARM\ARMCC\Bin\..\lib\armlib\c_p.l(_printf_n.o)
        10          0          0          0          0          0   C:\Keil_v5\ARM\ARMCC\Bin\..\lib\armlib\c_p.l(_printf_o.o)
       112         10          0          0          0          0   C:\Keil_v5\ARM\ARMCC\Bin\..\lib\armlib\c_p.l(_printf_oct_int_ll.o)
        10          0          0          0          0          0   C:\Keil_v5\ARM\ARMCC\Bin\..\lib\armlib\c_p.l(_printf_p.o)
        78          0          0          0          0          0   C:\Keil_v5\ARM\ARMCC\Bin\..\lib\armlib\c_p.l(_printf_pad.o)
         2          0          0          0          0          0   C:\Keil_v5\ARM\ARMCC\Bin\..\lib\armlib\c_p.l(_printf_percent.o)
         4          0          0          0          0          0   C:\Keil_v5\ARM\ARMCC\Bin\..\lib\armlib\c_p.l(_printf_percent_end.o)
        10          0          0          0          0          0   C:\Keil_v5\ARM\ARMCC\Bin\..\lib\armlib\c_p.l(_printf_s.o)
        82          0          0          0          0          0   C:\Keil_v5\ARM\ARMCC\Bin\..\lib\armlib\c_p.l(_printf_str.o)
        36          0          0          0          0          0   C:\Keil_v5\ARM\ARMCC\Bin\..\lib\armlib\c_p.l(_printf_truncate.o)
        10          0          0          0          0          0   C:\Keil_v5\ARM\ARMCC\Bin\..\lib\armlib\c_p.l(_printf_u.o)
        46          0          0          0          0          0   C:\Keil_v5\ARM\ARMCC\Bin\..\lib\armlib\c_p.l(_printf_wchar.o)
       188          6          8          0          0          0   C:\Keil_v5\ARM\ARMCC\Bin\..\lib\armlib\c_p.l(_printf_wctomb.o)
        10          0          0          0          0          0   C:\Keil_v5\ARM\ARMCC\Bin\..\lib\armlib\c_p.l(_printf_x.o)
        16          0          0          0          0          0   C:\Keil_v5\ARM\ARMCC\Bin\..\lib\armlib\c_p.l(_snputc.o)
        10          0          0          0          0          0   C:\Keil_v5\ARM\ARMCC\Bin\..\lib\armlib\c_p.l(_sputc.o)
        64          0          0          0          0          0   C:\Keil_v5\ARM\ARMCC\Bin\..\lib\armlib\c_p.l(_wcrtomb.o)
        20          0          0          0          0          0   C:\Keil_v5\ARM\ARMCC\Bin\..\lib\armlib\c_p.l(abort.o)
        18          0          0          0          0          0   C:\Keil_v5\ARM\ARMCC\Bin\..\lib\armlib\c_p.l(aeabi_memset.o)
       488          0          0          0          0          0   C:\Keil_v5\ARM\ARMCC\Bin\..\lib\armlib\c_p.l(aeabi_sdivfast.o)
       124         42          0          0          0          0   C:\Keil_v5\ARM\ARMCC\Bin\..\lib\armlib\c_p.l(assert.o)
        20          0          0          0          0          0   C:\Keil_v5\ARM\ARMCC\Bin\..\lib\armlib\c_p.l(assert_puts.o)
       216          6        148          0          0          0   C:\Keil_v5\ARM\ARMCC\Bin\..\lib\armlib\c_p.l(bigflt0.o)
      1456         30          0          0          0          0   C:\Keil_v5\ARM\ARMCC\Bin\..\lib\armlib\c_p.l(btod.o)
        48         34          0          0          0          0   C:\Keil_v5\ARM\ARMCC\Bin\..\lib\armlib\c_p.l(defsig_abrt_inner.o)
        12          0          0          0          0          0   C:\Keil_v5\ARM\ARMCC\Bin\..\lib\armlib\c_p.l(defsig_abrt_outer.o)
        12          0          0          0          0          0   C:\Keil_v5\ARM\ARMCC\Bin\..\lib\armlib\c_p.l(defsig_exit.o)
        52          0          0          0          0          0   C:\Keil_v5\ARM\ARMCC\Bin\..\lib\armlib\c_p.l(defsig_general.o)
         0          0          0          0          0          0   C:\Keil_v5\ARM\ARMCC\Bin\..\lib\armlib\c_p.l(indicate_semi.o)
        44         10        272          0          0          0   C:\Keil_v5\ARM\ARMCC\Bin\..\lib\armlib\c_p.l(lc_ctype_c.o)
        44         10         28          0          0          0   C:\Keil_v5\ARM\ARMCC\Bin\..\lib\armlib\c_p.l(lc_numeric_c.o)
         2          0          0          0          0          0   C:\Keil_v5\ARM\ARMCC\Bin\..\lib\armlib\c_p.l(libinit.o)
        30          0          0          0          0          0   C:\Keil_v5\ARM\ARMCC\Bin\..\lib\armlib\c_p.l(libinit2.o)
       258          0          0          0          0          0   C:\Keil_v5\ARM\ARMCC\Bin\..\lib\armlib\c_p.l(lludiv.o)
       122          0          0          0          0          0   C:\Keil_v5\ARM\ARMCC\Bin\..\lib\armlib\c_p.l(lludiv10.o)
        16          4          0          0          0          0   C:\Keil_v5\ARM\ARMCC\Bin\..\lib\armlib\c_p.l(rt_ctype_table.o)
         8          4          0          0         20          0   C:\Keil_v5\ARM\ARMCC\Bin\..\lib\armlib\c_p.l(rt_locale.o)
        64          0          0          0          0          0   C:\Keil_v5\ARM\ARMCC\Bin\..\lib\armlib\c_p.l(rt_memclr.o)
        56          0          0          0          0          0   C:\Keil_v5\ARM\ARMCC\Bin\..\lib\armlib\c_p.l(rt_memcpy.o)
        40          0          0          0          0          0   C:\Keil_v5\ARM\ARMCC\Bin\..\lib\armlib\c_p.l(rtudiv10.o)
       160          4          0          0          0          0   C:\Keil_v5\ARM\ARMCC\Bin\..\lib\armlib\c_p.l(strcmpv6m.o)
        12          4          0          0          0          0   C:\Keil_v5\ARM\ARMCC\Bin\..\lib\armlib\c_p.l(sys_exit.o)
        12          0          0          0          0          0   C:\Keil_v5\ARM\ARMCC\Bin\..\lib\armlib\c_p.l(sys_wrch.o)
         2          0          0          0          0          0   C:\Keil_v5\ARM\ARMCC\Bin\..\lib\armlib\c_p.l(use_no_semi.o)
        56          6          0          0          0          0   C:\Keil_v5\ARM\ARMCC\Bin\..\lib\armlib\c_p.l(vsnprintf.o)
        16          4          0          0          0          0   C:\Keil_v5\ARM\ARMCC\Bin\..\lib\armlib\fz_ps.l(printf1.o)
        16          4          0          0          0          0   C:\Keil_v5\ARM\ARMCC\Bin\..\lib\armlib\fz_ps.l(printf2.o)
         0          0          0          0          0          0   C:\Keil_v5\ARM\ARMCC\Bin\..\lib\armlib\fz_ps.l(usenofp.o)
        44          4          0          0          0          0   C:\Keil_v5\ARM\ARMCC\Bin\..\lib\armlib\m_ps.l(fpclassify.o)
        84         54          0          0          0          0   mbed/TARGET_NRF51_DK/TOOLCHAIN_ARM_STD/mbed.ar(mbed_assert.o)
       176         44          0          0          0          0   mbed/TARGET_NRF51_DK/TOOLCHAIN_ARM_STD/mbed.ar(mbed_gpio.o)
        16          6         32          0         24          0   mbed/TARGET_NRF51_DK/TOOLCHAIN_ARM_STD/mbed.ar(mbed_lp_ticker_api.o)
       304          0          0          0          0          0   mbed/TARGET_NRF51_DK/TOOLCHAIN_ARM_STD/mbed.ar(mbed_ticker_api.o)
        24         10         32          0         24          0   mbed/TARGET_NRF51_DK/TOOLCHAIN_ARM_STD/mbed.ar(mbed_us_ticker_api.o)
        36          0          0          0          0          0   mbed/TARGET_NRF51_DK/TOOLCHAIN_ARM_STD/mbed.ar(mbed_wait_api_no_rtos.o)

    ----------------------------------------------------------------------
      8134        396        616          0         68          0   Library Totals
        22          0          1          0          0          0   (incl. Padding)

    ----------------------------------------------------------------------

      Code (inc. data)   RO Data    RW Data    ZI Data      Debug   Library Name

      7396        270        551          0         20          0   C:\Keil_v5\ARM\ARMCC\Bin\..\lib\armlib\c_p.l
        32          8          0          0          0          0   C:\Keil_v5\ARM\ARMCC\Bin\..\lib\armlib\fz_ps.l
        44          4          0          0          0          0   C:\Keil_v5\ARM\ARMCC\Bin\..\lib\armlib\m_ps.l
       640        114         64          0         48          0   mbed/TARGET_NRF51_DK/TOOLCHAIN_ARM_STD/mbed.ar

    ----------------------------------------------------------------------
      8134        396        616          0         68          0   Library Totals

    ----------------------------------------------------------------------

==============================================================================


      Code (inc. data)   RO Data    RW Data    ZI Data      Debug   

     15700       1466       1140        108        992          0   Grand Totals
     15700       1466       1140        108        992          0   ELF Image Totals
     15700       1466       1140        108          0          0   ROM Totals

==============================================================================

    Total RO  Size (Code + RO Data)                16840 (  16.45kB)
    Total RW  Size (RW Data + ZI Data)              1100 (   1.07kB)
    Total ROM Size (Code + RO Data + RW Data)      16948 (  16.55kB)

==============================================================================

