<!doctype html public "-//w3c//dtd html 4.0 transitional//en">
<html><head>
<title>Static Call Graph - [.\BUILD\uttec518_171218_1730.axf]</title></head>
<body><HR>
<H1>Static Call Graph for image .\BUILD\uttec518_171218_1730.axf</H1><HR>
<BR><P>#&#060CALLGRAPH&#062# ARM Linker, 5060528: Last Updated: Sat Dec 23 11:43:59 2017
<BR><P>
<H3>Maximum Stack Usage =          0 bytes + Unknown(Cycles, Untraceable Function Pointers)</H3><H3>
Call chain for Maximum Stack Depth:</H3>

<P>
<H3>
Mutually Recursive functions
</H3> <LI><a href="#[12]">NMI_Handler</a>&nbsp;&nbsp;&nbsp;&rArr;&nbsp;&nbsp;&nbsp;<a href="#[12]">NMI_Handler</a><BR>
 <LI><a href="#[13]">HardFault_Handler</a>&nbsp;&nbsp;&nbsp;&rArr;&nbsp;&nbsp;&nbsp;<a href="#[13]">HardFault_Handler</a><BR>
 <LI><a href="#[14]">SVC_Handler</a>&nbsp;&nbsp;&nbsp;&rArr;&nbsp;&nbsp;&nbsp;<a href="#[14]">SVC_Handler</a><BR>
 <LI><a href="#[15]">PendSV_Handler</a>&nbsp;&nbsp;&nbsp;&rArr;&nbsp;&nbsp;&nbsp;<a href="#[15]">PendSV_Handler</a><BR>
 <LI><a href="#[16]">SysTick_Handler</a>&nbsp;&nbsp;&nbsp;&rArr;&nbsp;&nbsp;&nbsp;<a href="#[16]">SysTick_Handler</a><BR>
 <LI><a href="#[1d]">ADC_IRQHandler_v</a>&nbsp;&nbsp;&nbsp;&rArr;&nbsp;&nbsp;&nbsp;<a href="#[1d]">ADC_IRQHandler_v</a><BR>
 <LI><a href="#[c6]">queue_process</a>&nbsp;&nbsp;&nbsp;&rArr;&nbsp;&nbsp;&nbsp;<a href="#[c6]">queue_process</a><BR>
 <LI><a href="#[cf]">mbed_assert_internal</a>&nbsp;&nbsp;&nbsp;&rArr;&nbsp;&nbsp;&nbsp;<a href="#[c3]">mbed_die</a><BR>
</UL>
<P>
<H3>
Function Pointers
</H3><UL>
 <LI><a href="#[1d]">ADC_IRQHandler_v</a> from mbed/TARGET_NRF51_DK/TOOLCHAIN_ARM_STD/startup_nRF51822.o(.text) referenced from mbed/TARGET_NRF51_DK/TOOLCHAIN_ARM_STD/startup_nRF51822.o(RESET)
 <LI><a href="#[25]">CCM_AAR_IRQHandler</a> from mbed/TARGET_NRF51_DK/TOOLCHAIN_ARM_STD/startup_nRF51822.o(.text) referenced from mbed/TARGET_NRF51_DK/TOOLCHAIN_ARM_STD/startup_nRF51822.o(RESET)
 <LI><a href="#[24]">ECB_IRQHandler</a> from mbed/TARGET_NRF51_DK/TOOLCHAIN_ARM_STD/startup_nRF51822.o(.text) referenced from mbed/TARGET_NRF51_DK/TOOLCHAIN_ARM_STD/startup_nRF51822.o(RESET)
 <LI><a href="#[38]">GPIOTE_IRQHandler</a> from mbed/TARGET_NRF51_DK/TOOLCHAIN_ARM_STD/nrf_drv_gpiote.o(i.GPIOTE_IRQHandler) referenced from mbed/TARGET_NRF51_DK/TOOLCHAIN_ARM_STD/gpio_api.o(i.gpio_init)
 <LI><a href="#[1c]">GPIOTE_IRQHandler_v</a> from mbed/TARGET_NRF51_DK/TOOLCHAIN_ARM_STD/startup_nRF51822.o(.text) referenced from mbed/TARGET_NRF51_DK/TOOLCHAIN_ARM_STD/startup_nRF51822.o(RESET)
 <LI><a href="#[13]">HardFault_Handler</a> from mbed/TARGET_NRF51_DK/TOOLCHAIN_ARM_STD/startup_nRF51822.o(.text) referenced from mbed/TARGET_NRF51_DK/TOOLCHAIN_ARM_STD/startup_nRF51822.o(RESET)
 <LI><a href="#[29]">LPCOMP_IRQHandler_v</a> from mbed/TARGET_NRF51_DK/TOOLCHAIN_ARM_STD/startup_nRF51822.o(.text) referenced from mbed/TARGET_NRF51_DK/TOOLCHAIN_ARM_STD/startup_nRF51822.o(RESET)
 <LI><a href="#[12]">NMI_Handler</a> from mbed/TARGET_NRF51_DK/TOOLCHAIN_ARM_STD/startup_nRF51822.o(.text) referenced from mbed/TARGET_NRF51_DK/TOOLCHAIN_ARM_STD/startup_nRF51822.o(RESET)
 <LI><a href="#[17]">POWER_CLOCK_IRQHandler</a> from mbed/TARGET_NRF51_DK/TOOLCHAIN_ARM_STD/startup_nRF51822.o(.text) referenced from mbed/TARGET_NRF51_DK/TOOLCHAIN_ARM_STD/startup_nRF51822.o(RESET)
 <LI><a href="#[15]">PendSV_Handler</a> from mbed/TARGET_NRF51_DK/TOOLCHAIN_ARM_STD/startup_nRF51822.o(.text) referenced from mbed/TARGET_NRF51_DK/TOOLCHAIN_ARM_STD/startup_nRF51822.o(RESET)
 <LI><a href="#[28]">QDEC_IRQHandler_v</a> from mbed/TARGET_NRF51_DK/TOOLCHAIN_ARM_STD/startup_nRF51822.o(.text) referenced from mbed/TARGET_NRF51_DK/TOOLCHAIN_ARM_STD/startup_nRF51822.o(RESET)
 <LI><a href="#[18]">RADIO_IRQHandler</a> from mbed/TARGET_NRF51_DK/TOOLCHAIN_ARM_STD/startup_nRF51822.o(.text) referenced from mbed/TARGET_NRF51_DK/TOOLCHAIN_ARM_STD/startup_nRF51822.o(RESET)
 <LI><a href="#[23]">RNG_IRQHandler</a> from mbed/TARGET_NRF51_DK/TOOLCHAIN_ARM_STD/startup_nRF51822.o(.text) referenced from mbed/TARGET_NRF51_DK/TOOLCHAIN_ARM_STD/startup_nRF51822.o(RESET)
 <LI><a href="#[21]">RTC0_IRQHandler</a> from mbed/TARGET_NRF51_DK/TOOLCHAIN_ARM_STD/startup_nRF51822.o(.text) referenced from mbed/TARGET_NRF51_DK/TOOLCHAIN_ARM_STD/startup_nRF51822.o(RESET)
 <LI><a href="#[36]">RTC1_IRQHandler</a> from mbed/TARGET_NRF51_DK/TOOLCHAIN_ARM_STD/us_ticker.o(i.RTC1_IRQHandler) referenced from mbed/TARGET_NRF51_DK/TOOLCHAIN_ARM_STD/us_ticker.o(i.common_rtc_init)
 <LI><a href="#[36]">RTC1_IRQHandler</a> from mbed/TARGET_NRF51_DK/TOOLCHAIN_ARM_STD/us_ticker.o(i.RTC1_IRQHandler) referenced from mbed/TARGET_NRF51_DK/TOOLCHAIN_ARM_STD/us_ticker.o(i.us_ticker_init)
 <LI><a href="#[36]">RTC1_IRQHandler</a> from mbed/TARGET_NRF51_DK/TOOLCHAIN_ARM_STD/us_ticker.o(i.RTC1_IRQHandler) referenced from mbed/TARGET_NRF51_DK/TOOLCHAIN_ARM_STD/us_ticker.o(i.us_ticker_read)
 <LI><a href="#[27]">RTC1_IRQHandler_v</a> from mbed/TARGET_NRF51_DK/TOOLCHAIN_ARM_STD/startup_nRF51822.o(.text) referenced from mbed/TARGET_NRF51_DK/TOOLCHAIN_ARM_STD/startup_nRF51822.o(RESET)
 <LI><a href="#[11]">Reset_Handler</a> from mbed/TARGET_NRF51_DK/TOOLCHAIN_ARM_STD/startup_nRF51822.o(.text) referenced from mbed/TARGET_NRF51_DK/TOOLCHAIN_ARM_STD/startup_nRF51822.o(RESET)
 <LI><a href="#[1a]">SPI0_TWI0_IRQHandler_v</a> from mbed/TARGET_NRF51_DK/TOOLCHAIN_ARM_STD/startup_nRF51822.o(.text) referenced from mbed/TARGET_NRF51_DK/TOOLCHAIN_ARM_STD/startup_nRF51822.o(RESET)
 <LI><a href="#[1b]">SPI1_TWI1_IRQHandler_v</a> from mbed/TARGET_NRF51_DK/TOOLCHAIN_ARM_STD/startup_nRF51822.o(.text) referenced from mbed/TARGET_NRF51_DK/TOOLCHAIN_ARM_STD/startup_nRF51822.o(RESET)
 <LI><a href="#[14]">SVC_Handler</a> from mbed/TARGET_NRF51_DK/TOOLCHAIN_ARM_STD/startup_nRF51822.o(.text) referenced from mbed/TARGET_NRF51_DK/TOOLCHAIN_ARM_STD/startup_nRF51822.o(RESET)
 <LI><a href="#[2a]">SWI0_IRQHandler_v</a> from mbed/TARGET_NRF51_DK/TOOLCHAIN_ARM_STD/startup_nRF51822.o(.text) referenced from mbed/TARGET_NRF51_DK/TOOLCHAIN_ARM_STD/startup_nRF51822.o(RESET)
 <LI><a href="#[2b]">SWI1_IRQHandler_v</a> from mbed/TARGET_NRF51_DK/TOOLCHAIN_ARM_STD/startup_nRF51822.o(.text) referenced from mbed/TARGET_NRF51_DK/TOOLCHAIN_ARM_STD/startup_nRF51822.o(RESET)
 <LI><a href="#[2c]">SWI2_IRQHandler_v</a> from mbed/TARGET_NRF51_DK/TOOLCHAIN_ARM_STD/startup_nRF51822.o(.text) referenced from mbed/TARGET_NRF51_DK/TOOLCHAIN_ARM_STD/startup_nRF51822.o(RESET)
 <LI><a href="#[2d]">SWI3_IRQHandler_v</a> from mbed/TARGET_NRF51_DK/TOOLCHAIN_ARM_STD/startup_nRF51822.o(.text) referenced from mbed/TARGET_NRF51_DK/TOOLCHAIN_ARM_STD/startup_nRF51822.o(RESET)
 <LI><a href="#[2e]">SWI4_IRQHandler</a> from mbed/TARGET_NRF51_DK/TOOLCHAIN_ARM_STD/startup_nRF51822.o(.text) referenced from mbed/TARGET_NRF51_DK/TOOLCHAIN_ARM_STD/startup_nRF51822.o(RESET)
 <LI><a href="#[2f]">SWI5_IRQHandler</a> from mbed/TARGET_NRF51_DK/TOOLCHAIN_ARM_STD/startup_nRF51822.o(.text) referenced from mbed/TARGET_NRF51_DK/TOOLCHAIN_ARM_STD/startup_nRF51822.o(RESET)
 <LI><a href="#[16]">SysTick_Handler</a> from mbed/TARGET_NRF51_DK/TOOLCHAIN_ARM_STD/startup_nRF51822.o(.text) referenced from mbed/TARGET_NRF51_DK/TOOLCHAIN_ARM_STD/startup_nRF51822.o(RESET)
 <LI><a href="#[30]">SystemInit</a> from mbed/TARGET_NRF51_DK/TOOLCHAIN_ARM_STD/system_nrf51.o(i.SystemInit) referenced from mbed/TARGET_NRF51_DK/TOOLCHAIN_ARM_STD/startup_nRF51822.o(.text)
 <LI><a href="#[22]">TEMP_IRQHandler</a> from mbed/TARGET_NRF51_DK/TOOLCHAIN_ARM_STD/startup_nRF51822.o(.text) referenced from mbed/TARGET_NRF51_DK/TOOLCHAIN_ARM_STD/startup_nRF51822.o(RESET)
 <LI><a href="#[1e]">TIMER0_IRQHandler</a> from mbed/TARGET_NRF51_DK/TOOLCHAIN_ARM_STD/startup_nRF51822.o(.text) referenced from mbed/TARGET_NRF51_DK/TOOLCHAIN_ARM_STD/startup_nRF51822.o(RESET)
 <LI><a href="#[1f]">TIMER1_IRQHandler_v</a> from mbed/TARGET_NRF51_DK/TOOLCHAIN_ARM_STD/startup_nRF51822.o(.text) referenced from mbed/TARGET_NRF51_DK/TOOLCHAIN_ARM_STD/startup_nRF51822.o(RESET)
 <LI><a href="#[20]">TIMER2_IRQHandler_v</a> from mbed/TARGET_NRF51_DK/TOOLCHAIN_ARM_STD/startup_nRF51822.o(.text) referenced from mbed/TARGET_NRF51_DK/TOOLCHAIN_ARM_STD/startup_nRF51822.o(RESET)
 <LI><a href="#[39]">UART0_IRQHandler</a> from mbed/TARGET_NRF51_DK/TOOLCHAIN_ARM_STD/serial_api.o(i.UART0_IRQHandler) referenced from mbed/TARGET_NRF51_DK/TOOLCHAIN_ARM_STD/serial_api.o(i.serial_init)
 <LI><a href="#[19]">UART0_IRQHandler_v</a> from mbed/TARGET_NRF51_DK/TOOLCHAIN_ARM_STD/startup_nRF51822.o(.text) referenced from mbed/TARGET_NRF51_DK/TOOLCHAIN_ARM_STD/startup_nRF51822.o(RESET)
 <LI><a href="#[26]">WDT_IRQHandler_v</a> from mbed/TARGET_NRF51_DK/TOOLCHAIN_ARM_STD/startup_nRF51822.o(.text) referenced from mbed/TARGET_NRF51_DK/TOOLCHAIN_ARM_STD/startup_nRF51822.o(RESET)
 <LI><a href="#[49]">__main</a> from C:\Keil_v5\ARM\ARMCC\Bin\..\lib\armlib\c_p.l(__main.o)(!!!main) referenced from mbed/TARGET_NRF51_DK/TOOLCHAIN_ARM_STD/startup_nRF51822.o(.text)
 <LI><a href="#[35]">_get_lc_ctype</a> from C:\Keil_v5\ARM\ARMCC\Bin\..\lib\armlib\c_p.l(lc_ctype_c.o)(locale$$code) referenced from C:\Keil_v5\ARM\ARMCC\Bin\..\lib\armlib\c_p.l(rt_ctype_table.o)(.text)
 <LI><a href="#[3a]">_printf_fp_dec_real</a> from C:\Keil_v5\ARM\ARMCC\Bin\..\lib\armlib\c_p.l(_printf_fp_dec.o)(.text) referenced from C:\Keil_v5\ARM\ARMCC\Bin\..\lib\armlib\fz_ps.l(printf1.o)(x$fpl$printf1)
 <LI><a href="#[3b]">_printf_fp_hex_real</a> from C:\Keil_v5\ARM\ARMCC\Bin\..\lib\armlib\c_p.l(_printf_fp_hex.o)(.text) referenced from C:\Keil_v5\ARM\ARMCC\Bin\..\lib\armlib\fz_ps.l(printf2.o)(x$fpl$printf2)
 <LI><a href="#[34]">_printf_input_char</a> from C:\Keil_v5\ARM\ARMCC\Bin\..\lib\armlib\c_p.l(_printf_char_common.o)(.text) referenced from C:\Keil_v5\ARM\ARMCC\Bin\..\lib\armlib\c_p.l(_printf_char_common.o)(.text)
 <LI><a href="#[33]">_snputc</a> from C:\Keil_v5\ARM\ARMCC\Bin\..\lib\armlib\c_p.l(_snputc.o)(.text) referenced from C:\Keil_v5\ARM\ARMCC\Bin\..\lib\armlib\c_p.l(vsnprintf.o)(.text)
 <LI><a href="#[48]">fs_event_handler</a> from mbed/TARGET_NRF51_DK/TOOLCHAIN_ARM_STD/fds.o(i.fs_event_handler) referenced from mbed/TARGET_NRF51_DK/TOOLCHAIN_ARM_STD/fds.o(fs_data)
 <LI><a href="#[37]">gpiote_irq_handler</a> from mbed/TARGET_NRF51_DK/TOOLCHAIN_ARM_STD/gpio_api.o(i.gpiote_irq_handler) referenced from mbed/TARGET_NRF51_DK/TOOLCHAIN_ARM_STD/gpio_api.o(i.gpio_apply_config)
 <LI><a href="#[3f]">lp_ticker_clear_interrupt</a> from mbed/TARGET_NRF51_DK/TOOLCHAIN_ARM_STD/lp_ticker.o(i.lp_ticker_clear_interrupt) referenced from mbed/TARGET_NRF51_DK/TOOLCHAIN_ARM_STD/mbed.ar(mbed_lp_ticker_api.o)(.constdata)
 <LI><a href="#[3e]">lp_ticker_disable_interrupt</a> from mbed/TARGET_NRF51_DK/TOOLCHAIN_ARM_STD/lp_ticker.o(i.lp_ticker_disable_interrupt) referenced from mbed/TARGET_NRF51_DK/TOOLCHAIN_ARM_STD/mbed.ar(mbed_lp_ticker_api.o)(.constdata)
 <LI><a href="#[41]">lp_ticker_fire_interrupt</a> from mbed/TARGET_NRF51_DK/TOOLCHAIN_ARM_STD/lp_ticker.o(i.lp_ticker_fire_interrupt) referenced from mbed/TARGET_NRF51_DK/TOOLCHAIN_ARM_STD/mbed.ar(mbed_lp_ticker_api.o)(.constdata)
 <LI><a href="#[3c]">lp_ticker_init</a> from mbed/TARGET_NRF51_DK/TOOLCHAIN_ARM_STD/lp_ticker.o(i.lp_ticker_init) referenced from mbed/TARGET_NRF51_DK/TOOLCHAIN_ARM_STD/mbed.ar(mbed_lp_ticker_api.o)(.constdata)
 <LI><a href="#[3d]">lp_ticker_read</a> from mbed/TARGET_NRF51_DK/TOOLCHAIN_ARM_STD/lp_ticker.o(i.lp_ticker_read) referenced from mbed/TARGET_NRF51_DK/TOOLCHAIN_ARM_STD/mbed.ar(mbed_lp_ticker_api.o)(.constdata)
 <LI><a href="#[40]">lp_ticker_set_interrupt</a> from mbed/TARGET_NRF51_DK/TOOLCHAIN_ARM_STD/lp_ticker.o(i.lp_ticker_set_interrupt) referenced from mbed/TARGET_NRF51_DK/TOOLCHAIN_ARM_STD/mbed.ar(mbed_lp_ticker_api.o)(.constdata)
 <LI><a href="#[31]">nrf_reloc_vector_table</a> from mbed/TARGET_NRF51_DK/TOOLCHAIN_ARM_STD/reloc_vector_table.o(i.nrf_reloc_vector_table) referenced from mbed/TARGET_NRF51_DK/TOOLCHAIN_ARM_STD/startup_nRF51822.o(.text)
 <LI><a href="#[45]">us_ticker_clear_interrupt</a> from mbed/TARGET_NRF51_DK/TOOLCHAIN_ARM_STD/us_ticker.o(i.us_ticker_clear_interrupt) referenced from mbed/TARGET_NRF51_DK/TOOLCHAIN_ARM_STD/mbed.ar(mbed_us_ticker_api.o)(.constdata)
 <LI><a href="#[44]">us_ticker_disable_interrupt</a> from mbed/TARGET_NRF51_DK/TOOLCHAIN_ARM_STD/us_ticker.o(i.us_ticker_disable_interrupt) referenced from mbed/TARGET_NRF51_DK/TOOLCHAIN_ARM_STD/mbed.ar(mbed_us_ticker_api.o)(.constdata)
 <LI><a href="#[47]">us_ticker_fire_interrupt</a> from mbed/TARGET_NRF51_DK/TOOLCHAIN_ARM_STD/us_ticker.o(i.us_ticker_fire_interrupt) referenced from mbed/TARGET_NRF51_DK/TOOLCHAIN_ARM_STD/mbed.ar(mbed_us_ticker_api.o)(.constdata)
 <LI><a href="#[42]">us_ticker_init</a> from mbed/TARGET_NRF51_DK/TOOLCHAIN_ARM_STD/us_ticker.o(i.us_ticker_init) referenced from mbed/TARGET_NRF51_DK/TOOLCHAIN_ARM_STD/mbed.ar(mbed_us_ticker_api.o)(.constdata)
 <LI><a href="#[43]">us_ticker_read</a> from mbed/TARGET_NRF51_DK/TOOLCHAIN_ARM_STD/us_ticker.o(i.us_ticker_read) referenced from mbed/TARGET_NRF51_DK/TOOLCHAIN_ARM_STD/mbed.ar(mbed_us_ticker_api.o)(.constdata)
 <LI><a href="#[46]">us_ticker_set_interrupt</a> from mbed/TARGET_NRF51_DK/TOOLCHAIN_ARM_STD/us_ticker.o(i.us_ticker_set_interrupt) referenced from mbed/TARGET_NRF51_DK/TOOLCHAIN_ARM_STD/mbed.ar(mbed_us_ticker_api.o)(.constdata)
</UL>
<P>
<H3>
Global Symbols
</H3>
<P><STRONG><a name="[49]"></a>__main</STRONG> (Thumb, 8 bytes, Stack size 0 bytes, C:\Keil_v5\ARM\ARMCC\Bin\..\lib\armlib\c_p.l(__main.o)(!!!main))
<BR><BR>[Calls]<UL><LI><a href="#[4b]">&gt;&gt;</a>&nbsp;&nbsp;&nbsp;__rt_entry
<LI><a href="#[4a]">&gt;&gt;</a>&nbsp;&nbsp;&nbsp;__scatterload
</UL>

<P><STRONG><a name="[4a]"></a>__scatterload</STRONG> (Thumb, 0 bytes, Stack size 0 bytes, C:\Keil_v5\ARM\ARMCC\Bin\..\lib\armlib\c_p.l(__scatter.o)(!!!scatter))
<BR><BR>[Called By]<UL><LI><a href="#[49]">&gt;&gt;</a>&nbsp;&nbsp;&nbsp;__main
</UL>

<P><STRONG><a name="[4c]"></a>__scatterload_rt2</STRONG> (Thumb, 52 bytes, Stack size 0 bytes, C:\Keil_v5\ARM\ARMCC\Bin\..\lib\armlib\c_p.l(__scatter.o)(!!!scatter), UNUSED)
<BR><BR>[Calls]<UL><LI><a href="#[4b]">&gt;&gt;</a>&nbsp;&nbsp;&nbsp;__rt_entry
</UL>

<P><STRONG><a name="[4d]"></a>__scatterload_copy</STRONG> (Thumb, 26 bytes, Stack size 0 bytes, C:\Keil_v5\ARM\ARMCC\Bin\..\lib\armlib\c_p.l(__scatter_copy.o)(!!handler_copy), UNUSED)
<BR><BR>[Calls]<UL><LI><a href="#[4d]">&gt;&gt;</a>&nbsp;&nbsp;&nbsp;__scatterload_copy
</UL>
<BR>[Called By]<UL><LI><a href="#[4d]">&gt;&gt;</a>&nbsp;&nbsp;&nbsp;__scatterload_copy
</UL>

<P><STRONG><a name="[9b]"></a>_printf_percent</STRONG> (Thumb, 0 bytes, Stack size 0 bytes, C:\Keil_v5\ARM\ARMCC\Bin\..\lib\armlib\c_p.l(_printf_percent.o)(.ARM.Collect$$_printf_percent$$00000000))
<BR><BR>[Called By]<UL><LI><a href="#[94]">&gt;&gt;</a>&nbsp;&nbsp;&nbsp;__printf
</UL>

<P><STRONG><a name="[4e]"></a>_printf_n</STRONG> (Thumb, 0 bytes, Stack size 0 bytes, C:\Keil_v5\ARM\ARMCC\Bin\..\lib\armlib\c_p.l(_printf_n.o)(.ARM.Collect$$_printf_percent$$00000001))
<BR><BR>[Calls]<UL><LI><a href="#[50]">&gt;&gt;</a>&nbsp;&nbsp;&nbsp;_printf_charcount
<LI><a href="#[4f]">&gt;&gt;</a>&nbsp;&nbsp;&nbsp;_printf_p
</UL>

<P><STRONG><a name="[4f]"></a>_printf_p</STRONG> (Thumb, 0 bytes, Stack size 0 bytes, C:\Keil_v5\ARM\ARMCC\Bin\..\lib\armlib\c_p.l(_printf_p.o)(.ARM.Collect$$_printf_percent$$00000002))
<BR><BR>[Calls]<UL><LI><a href="#[52]">&gt;&gt;</a>&nbsp;&nbsp;&nbsp;_printf_hex_ptr
<LI><a href="#[51]">&gt;&gt;</a>&nbsp;&nbsp;&nbsp;_printf_f
</UL>
<BR>[Called By]<UL><LI><a href="#[4e]">&gt;&gt;</a>&nbsp;&nbsp;&nbsp;_printf_n
</UL>

<P><STRONG><a name="[51]"></a>_printf_f</STRONG> (Thumb, 0 bytes, Stack size 0 bytes, C:\Keil_v5\ARM\ARMCC\Bin\..\lib\armlib\c_p.l(_printf_f.o)(.ARM.Collect$$_printf_percent$$00000003))
<BR><BR>[Calls]<UL><LI><a href="#[54]">&gt;&gt;</a>&nbsp;&nbsp;&nbsp;_printf_fp_dec
<LI><a href="#[53]">&gt;&gt;</a>&nbsp;&nbsp;&nbsp;_printf_e
</UL>
<BR>[Called By]<UL><LI><a href="#[4f]">&gt;&gt;</a>&nbsp;&nbsp;&nbsp;_printf_p
</UL>

<P><STRONG><a name="[53]"></a>_printf_e</STRONG> (Thumb, 0 bytes, Stack size 0 bytes, C:\Keil_v5\ARM\ARMCC\Bin\..\lib\armlib\c_p.l(_printf_e.o)(.ARM.Collect$$_printf_percent$$00000004))
<BR><BR>[Calls]<UL><LI><a href="#[54]">&gt;&gt;</a>&nbsp;&nbsp;&nbsp;_printf_fp_dec
<LI><a href="#[55]">&gt;&gt;</a>&nbsp;&nbsp;&nbsp;_printf_g
</UL>
<BR>[Called By]<UL><LI><a href="#[51]">&gt;&gt;</a>&nbsp;&nbsp;&nbsp;_printf_f
</UL>

<P><STRONG><a name="[55]"></a>_printf_g</STRONG> (Thumb, 0 bytes, Stack size 0 bytes, C:\Keil_v5\ARM\ARMCC\Bin\..\lib\armlib\c_p.l(_printf_g.o)(.ARM.Collect$$_printf_percent$$00000005))
<BR><BR>[Calls]<UL><LI><a href="#[54]">&gt;&gt;</a>&nbsp;&nbsp;&nbsp;_printf_fp_dec
<LI><a href="#[56]">&gt;&gt;</a>&nbsp;&nbsp;&nbsp;_printf_a
</UL>
<BR>[Called By]<UL><LI><a href="#[53]">&gt;&gt;</a>&nbsp;&nbsp;&nbsp;_printf_e
</UL>

<P><STRONG><a name="[56]"></a>_printf_a</STRONG> (Thumb, 0 bytes, Stack size 0 bytes, C:\Keil_v5\ARM\ARMCC\Bin\..\lib\armlib\c_p.l(_printf_a.o)(.ARM.Collect$$_printf_percent$$00000006))
<BR><BR>[Calls]<UL><LI><a href="#[58]">&gt;&gt;</a>&nbsp;&nbsp;&nbsp;_printf_fp_hex
<LI><a href="#[57]">&gt;&gt;</a>&nbsp;&nbsp;&nbsp;_printf_ll
</UL>
<BR>[Called By]<UL><LI><a href="#[55]">&gt;&gt;</a>&nbsp;&nbsp;&nbsp;_printf_g
</UL>

<P><STRONG><a name="[57]"></a>_printf_ll</STRONG> (Thumb, 0 bytes, Stack size 0 bytes, C:\Keil_v5\ARM\ARMCC\Bin\..\lib\armlib\c_p.l(_printf_ll.o)(.ARM.Collect$$_printf_percent$$00000007))
<BR><BR>[Calls]<UL><LI><a href="#[59]">&gt;&gt;</a>&nbsp;&nbsp;&nbsp;_printf_i
</UL>
<BR>[Called By]<UL><LI><a href="#[56]">&gt;&gt;</a>&nbsp;&nbsp;&nbsp;_printf_a
</UL>

<P><STRONG><a name="[59]"></a>_printf_i</STRONG> (Thumb, 0 bytes, Stack size 0 bytes, C:\Keil_v5\ARM\ARMCC\Bin\..\lib\armlib\c_p.l(_printf_i.o)(.ARM.Collect$$_printf_percent$$00000008))
<BR><BR>[Calls]<UL><LI><a href="#[5b]">&gt;&gt;</a>&nbsp;&nbsp;&nbsp;_printf_int_dec
<LI><a href="#[5a]">&gt;&gt;</a>&nbsp;&nbsp;&nbsp;_printf_d
</UL>
<BR>[Called By]<UL><LI><a href="#[57]">&gt;&gt;</a>&nbsp;&nbsp;&nbsp;_printf_ll
</UL>

<P><STRONG><a name="[5a]"></a>_printf_d</STRONG> (Thumb, 0 bytes, Stack size 0 bytes, C:\Keil_v5\ARM\ARMCC\Bin\..\lib\armlib\c_p.l(_printf_d.o)(.ARM.Collect$$_printf_percent$$00000009))
<BR><BR>[Calls]<UL><LI><a href="#[5b]">&gt;&gt;</a>&nbsp;&nbsp;&nbsp;_printf_int_dec
<LI><a href="#[5c]">&gt;&gt;</a>&nbsp;&nbsp;&nbsp;_printf_u
</UL>
<BR>[Called By]<UL><LI><a href="#[59]">&gt;&gt;</a>&nbsp;&nbsp;&nbsp;_printf_i
</UL>

<P><STRONG><a name="[5c]"></a>_printf_u</STRONG> (Thumb, 0 bytes, Stack size 0 bytes, C:\Keil_v5\ARM\ARMCC\Bin\..\lib\armlib\c_p.l(_printf_u.o)(.ARM.Collect$$_printf_percent$$0000000A))
<BR><BR>[Calls]<UL><LI><a href="#[5b]">&gt;&gt;</a>&nbsp;&nbsp;&nbsp;_printf_int_dec
<LI><a href="#[5d]">&gt;&gt;</a>&nbsp;&nbsp;&nbsp;_printf_o
</UL>
<BR>[Called By]<UL><LI><a href="#[5a]">&gt;&gt;</a>&nbsp;&nbsp;&nbsp;_printf_d
</UL>

<P><STRONG><a name="[5d]"></a>_printf_o</STRONG> (Thumb, 0 bytes, Stack size 0 bytes, C:\Keil_v5\ARM\ARMCC\Bin\..\lib\armlib\c_p.l(_printf_o.o)(.ARM.Collect$$_printf_percent$$0000000B))
<BR><BR>[Calls]<UL><LI><a href="#[5f]">&gt;&gt;</a>&nbsp;&nbsp;&nbsp;_printf_int_oct
<LI><a href="#[5e]">&gt;&gt;</a>&nbsp;&nbsp;&nbsp;_printf_x
</UL>
<BR>[Called By]<UL><LI><a href="#[5c]">&gt;&gt;</a>&nbsp;&nbsp;&nbsp;_printf_u
</UL>

<P><STRONG><a name="[5e]"></a>_printf_x</STRONG> (Thumb, 0 bytes, Stack size 0 bytes, C:\Keil_v5\ARM\ARMCC\Bin\..\lib\armlib\c_p.l(_printf_x.o)(.ARM.Collect$$_printf_percent$$0000000C))
<BR><BR>[Calls]<UL><LI><a href="#[61]">&gt;&gt;</a>&nbsp;&nbsp;&nbsp;_printf_int_hex
<LI><a href="#[60]">&gt;&gt;</a>&nbsp;&nbsp;&nbsp;_printf_lli
</UL>
<BR>[Called By]<UL><LI><a href="#[5d]">&gt;&gt;</a>&nbsp;&nbsp;&nbsp;_printf_o
</UL>

<P><STRONG><a name="[60]"></a>_printf_lli</STRONG> (Thumb, 0 bytes, Stack size 0 bytes, C:\Keil_v5\ARM\ARMCC\Bin\..\lib\armlib\c_p.l(_printf_lli.o)(.ARM.Collect$$_printf_percent$$0000000D))
<BR><BR>[Calls]<UL><LI><a href="#[63]">&gt;&gt;</a>&nbsp;&nbsp;&nbsp;_printf_longlong_dec
<LI><a href="#[62]">&gt;&gt;</a>&nbsp;&nbsp;&nbsp;_printf_lld
</UL>
<BR>[Called By]<UL><LI><a href="#[5e]">&gt;&gt;</a>&nbsp;&nbsp;&nbsp;_printf_x
</UL>

<P><STRONG><a name="[62]"></a>_printf_lld</STRONG> (Thumb, 0 bytes, Stack size 0 bytes, C:\Keil_v5\ARM\ARMCC\Bin\..\lib\armlib\c_p.l(_printf_lld.o)(.ARM.Collect$$_printf_percent$$0000000E))
<BR><BR>[Calls]<UL><LI><a href="#[63]">&gt;&gt;</a>&nbsp;&nbsp;&nbsp;_printf_longlong_dec
<LI><a href="#[64]">&gt;&gt;</a>&nbsp;&nbsp;&nbsp;_printf_llu
</UL>
<BR>[Called By]<UL><LI><a href="#[60]">&gt;&gt;</a>&nbsp;&nbsp;&nbsp;_printf_lli
</UL>

<P><STRONG><a name="[64]"></a>_printf_llu</STRONG> (Thumb, 0 bytes, Stack size 0 bytes, C:\Keil_v5\ARM\ARMCC\Bin\..\lib\armlib\c_p.l(_printf_llu.o)(.ARM.Collect$$_printf_percent$$0000000F))
<BR><BR>[Calls]<UL><LI><a href="#[63]">&gt;&gt;</a>&nbsp;&nbsp;&nbsp;_printf_longlong_dec
<LI><a href="#[65]">&gt;&gt;</a>&nbsp;&nbsp;&nbsp;_printf_llo
</UL>
<BR>[Called By]<UL><LI><a href="#[62]">&gt;&gt;</a>&nbsp;&nbsp;&nbsp;_printf_lld
</UL>

<P><STRONG><a name="[65]"></a>_printf_llo</STRONG> (Thumb, 0 bytes, Stack size 0 bytes, C:\Keil_v5\ARM\ARMCC\Bin\..\lib\armlib\c_p.l(_printf_llo.o)(.ARM.Collect$$_printf_percent$$00000010))
<BR><BR>[Calls]<UL><LI><a href="#[67]">&gt;&gt;</a>&nbsp;&nbsp;&nbsp;_printf_ll_oct
<LI><a href="#[66]">&gt;&gt;</a>&nbsp;&nbsp;&nbsp;_printf_llx
</UL>
<BR>[Called By]<UL><LI><a href="#[64]">&gt;&gt;</a>&nbsp;&nbsp;&nbsp;_printf_llu
</UL>

<P><STRONG><a name="[66]"></a>_printf_llx</STRONG> (Thumb, 0 bytes, Stack size 0 bytes, C:\Keil_v5\ARM\ARMCC\Bin\..\lib\armlib\c_p.l(_printf_llx.o)(.ARM.Collect$$_printf_percent$$00000011))
<BR><BR>[Calls]<UL><LI><a href="#[69]">&gt;&gt;</a>&nbsp;&nbsp;&nbsp;_printf_ll_hex
<LI><a href="#[68]">&gt;&gt;</a>&nbsp;&nbsp;&nbsp;_printf_l
</UL>
<BR>[Called By]<UL><LI><a href="#[65]">&gt;&gt;</a>&nbsp;&nbsp;&nbsp;_printf_llo
</UL>

<P><STRONG><a name="[68]"></a>_printf_l</STRONG> (Thumb, 0 bytes, Stack size 0 bytes, C:\Keil_v5\ARM\ARMCC\Bin\..\lib\armlib\c_p.l(_printf_l.o)(.ARM.Collect$$_printf_percent$$00000012))
<BR><BR>[Calls]<UL><LI><a href="#[6a]">&gt;&gt;</a>&nbsp;&nbsp;&nbsp;_printf_c
</UL>
<BR>[Called By]<UL><LI><a href="#[66]">&gt;&gt;</a>&nbsp;&nbsp;&nbsp;_printf_llx
</UL>

<P><STRONG><a name="[6a]"></a>_printf_c</STRONG> (Thumb, 0 bytes, Stack size 0 bytes, C:\Keil_v5\ARM\ARMCC\Bin\..\lib\armlib\c_p.l(_printf_c.o)(.ARM.Collect$$_printf_percent$$00000013))
<BR><BR>[Calls]<UL><LI><a href="#[6c]">&gt;&gt;</a>&nbsp;&nbsp;&nbsp;_printf_char
<LI><a href="#[6b]">&gt;&gt;</a>&nbsp;&nbsp;&nbsp;_printf_s
</UL>
<BR>[Called By]<UL><LI><a href="#[68]">&gt;&gt;</a>&nbsp;&nbsp;&nbsp;_printf_l
</UL>

<P><STRONG><a name="[6b]"></a>_printf_s</STRONG> (Thumb, 0 bytes, Stack size 0 bytes, C:\Keil_v5\ARM\ARMCC\Bin\..\lib\armlib\c_p.l(_printf_s.o)(.ARM.Collect$$_printf_percent$$00000014))
<BR><BR>[Calls]<UL><LI><a href="#[6e]">&gt;&gt;</a>&nbsp;&nbsp;&nbsp;_printf_string
<LI><a href="#[6d]">&gt;&gt;</a>&nbsp;&nbsp;&nbsp;_printf_lc
</UL>
<BR>[Called By]<UL><LI><a href="#[6a]">&gt;&gt;</a>&nbsp;&nbsp;&nbsp;_printf_c
</UL>

<P><STRONG><a name="[6d]"></a>_printf_lc</STRONG> (Thumb, 0 bytes, Stack size 0 bytes, C:\Keil_v5\ARM\ARMCC\Bin\..\lib\armlib\c_p.l(_printf_lc.o)(.ARM.Collect$$_printf_percent$$00000015))
<BR><BR>[Calls]<UL><LI><a href="#[70]">&gt;&gt;</a>&nbsp;&nbsp;&nbsp;_printf_wchar
<LI><a href="#[6f]">&gt;&gt;</a>&nbsp;&nbsp;&nbsp;_printf_ls
</UL>
<BR>[Called By]<UL><LI><a href="#[6b]">&gt;&gt;</a>&nbsp;&nbsp;&nbsp;_printf_s
</UL>

<P><STRONG><a name="[6f]"></a>_printf_ls</STRONG> (Thumb, 0 bytes, Stack size 0 bytes, C:\Keil_v5\ARM\ARMCC\Bin\..\lib\armlib\c_p.l(_printf_ls.o)(.ARM.Collect$$_printf_percent$$00000016))
<BR><BR>[Calls]<UL><LI><a href="#[71]">&gt;&gt;</a>&nbsp;&nbsp;&nbsp;_printf_percent_end
<LI><a href="#[72]">&gt;&gt;</a>&nbsp;&nbsp;&nbsp;_printf_wstring
</UL>
<BR>[Called By]<UL><LI><a href="#[6d]">&gt;&gt;</a>&nbsp;&nbsp;&nbsp;_printf_lc
</UL>

<P><STRONG><a name="[71]"></a>_printf_percent_end</STRONG> (Thumb, 0 bytes, Stack size 0 bytes, C:\Keil_v5\ARM\ARMCC\Bin\..\lib\armlib\c_p.l(_printf_percent_end.o)(.ARM.Collect$$_printf_percent$$00000017))
<BR><BR>[Called By]<UL><LI><a href="#[6f]">&gt;&gt;</a>&nbsp;&nbsp;&nbsp;_printf_ls
</UL>

<P><STRONG><a name="[7d]"></a>__rt_lib_init</STRONG> (Thumb, 0 bytes, Stack size 0 bytes, C:\Keil_v5\ARM\ARMCC\Bin\..\lib\armlib\c_p.l(libinit.o)(.ARM.Collect$$libinit$$00000000))
<BR><BR>[Called By]<UL><LI><a href="#[7c]">&gt;&gt;</a>&nbsp;&nbsp;&nbsp;__rt_entry_li
</UL>

<P><STRONG><a name="[73]"></a>__rt_lib_init_lc_common</STRONG> (Thumb, 0 bytes, Stack size 0 bytes, C:\Keil_v5\ARM\ARMCC\Bin\..\lib\armlib\c_p.l(libinit2.o)(.ARM.Collect$$libinit$$0000000F))
<BR><BR>[Calls]<UL><LI><a href="#[74]">&gt;&gt;</a>&nbsp;&nbsp;&nbsp;__rt_locale
</UL>

<P><STRONG><a name="[75]"></a>__rt_lib_init_lc_ctype_2</STRONG> (Thumb, 0 bytes, Stack size 0 bytes, C:\Keil_v5\ARM\ARMCC\Bin\..\lib\armlib\c_p.l(libinit2.o)(.ARM.Collect$$libinit$$00000012))
<BR><BR>[Calls]<UL><LI><a href="#[35]">&gt;&gt;</a>&nbsp;&nbsp;&nbsp;_get_lc_ctype
</UL>

<P><STRONG><a name="[76]"></a>__rt_lib_init_lc_numeric_2</STRONG> (Thumb, 0 bytes, Stack size 0 bytes, C:\Keil_v5\ARM\ARMCC\Bin\..\lib\armlib\c_p.l(libinit2.o)(.ARM.Collect$$libinit$$00000016))
<BR><BR>[Calls]<UL><LI><a href="#[77]">&gt;&gt;</a>&nbsp;&nbsp;&nbsp;_get_lc_numeric
</UL>

<P><STRONG><a name="[4b]"></a>__rt_entry</STRONG> (Thumb, 0 bytes, Stack size 0 bytes, C:\Keil_v5\ARM\ARMCC\Bin\..\lib\armlib\c_p.l(__rtentry.o)(.ARM.Collect$$rtentry$$00000000))
<BR><BR>[Called By]<UL><LI><a href="#[49]">&gt;&gt;</a>&nbsp;&nbsp;&nbsp;__main
<LI><a href="#[4c]">&gt;&gt;</a>&nbsp;&nbsp;&nbsp;__scatterload_rt2
</UL>

<P><STRONG><a name="[78]"></a>__rt_entry_sh</STRONG> (Thumb, 0 bytes, Stack size 0 bytes, C:\Keil_v5\ARM\ARMCC\Bin\..\lib\armlib\c_p.l(__rtentry4.o)(.ARM.Collect$$rtentry$$00000004))
<BR><BR>[Calls]<UL><LI><a href="#[79]">&gt;&gt;</a>&nbsp;&nbsp;&nbsp;__user_setup_stackheap
</UL>

<P><STRONG><a name="[7a]"></a>__rt_entry_postsh_1</STRONG> (Thumb, 0 bytes, Stack size 0 bytes, C:\Keil_v5\ARM\ARMCC\Bin\..\lib\armlib\c_p.l(__rtentry2.o)(.ARM.Collect$$rtentry$$00000008))
<BR><BR>[Calls]<UL><LI><a href="#[7b]">&gt;&gt;</a>&nbsp;&nbsp;&nbsp;_platform_post_stackheap_init
</UL>

<P><STRONG><a name="[7c]"></a>__rt_entry_li</STRONG> (Thumb, 0 bytes, Stack size 0 bytes, C:\Keil_v5\ARM\ARMCC\Bin\..\lib\armlib\c_p.l(__rtentry2.o)(.ARM.Collect$$rtentry$$0000000A))
<BR><BR>[Calls]<UL><LI><a href="#[7d]">&gt;&gt;</a>&nbsp;&nbsp;&nbsp;__rt_lib_init
</UL>

<P><STRONG><a name="[7e]"></a>__rt_entry_main</STRONG> (Thumb, 0 bytes, Stack size 0 bytes, C:\Keil_v5\ARM\ARMCC\Bin\..\lib\armlib\c_p.l(__rtentry2.o)(.ARM.Collect$$rtentry$$0000000D))
<BR><BR>[Calls]<UL><LI><a href="#[7f]">&gt;&gt;</a>&nbsp;&nbsp;&nbsp;main
<LI><a href="#[80]">&gt;&gt;</a>&nbsp;&nbsp;&nbsp;exit
</UL>

<P><STRONG><a name="[dc]"></a>__aeabi_memcpy4</STRONG> (Thumb, 56 bytes, Stack size 0 bytes, C:\Keil_v5\ARM\ARMCC\Bin\..\lib\armlib\c_p.l(rt_memcpy.o)(.emb_text))
<BR><BR>[Called By]<UL><LI><a href="#[31]">&gt;&gt;</a>&nbsp;&nbsp;&nbsp;nrf_reloc_vector_table
</UL>

<P><STRONG><a name="[11]"></a>Reset_Handler</STRONG> (Thumb, 30 bytes, Stack size 0 bytes, mbed/TARGET_NRF51_DK/TOOLCHAIN_ARM_STD/startup_nRF51822.o(.text))
<BR>[Address Reference Count : 1]<UL><LI> startup_nRF51822.o(RESET)
</UL>
<P><STRONG><a name="[12]"></a>NMI_Handler</STRONG> (Thumb, 2 bytes, Stack size 0 bytes, mbed/TARGET_NRF51_DK/TOOLCHAIN_ARM_STD/startup_nRF51822.o(.text))
<BR><BR>[Calls]<UL><LI><a href="#[12]">&gt;&gt;</a>&nbsp;&nbsp;&nbsp;NMI_Handler
</UL>
<BR>[Called By]<UL><LI><a href="#[12]">&gt;&gt;</a>&nbsp;&nbsp;&nbsp;NMI_Handler
</UL>
<BR>[Address Reference Count : 1]<UL><LI> startup_nRF51822.o(RESET)
</UL>
<P><STRONG><a name="[13]"></a>HardFault_Handler</STRONG> (Thumb, 2 bytes, Stack size 0 bytes, mbed/TARGET_NRF51_DK/TOOLCHAIN_ARM_STD/startup_nRF51822.o(.text))
<BR><BR>[Calls]<UL><LI><a href="#[13]">&gt;&gt;</a>&nbsp;&nbsp;&nbsp;HardFault_Handler
</UL>
<BR>[Called By]<UL><LI><a href="#[13]">&gt;&gt;</a>&nbsp;&nbsp;&nbsp;HardFault_Handler
</UL>
<BR>[Address Reference Count : 1]<UL><LI> startup_nRF51822.o(RESET)
</UL>
<P><STRONG><a name="[14]"></a>SVC_Handler</STRONG> (Thumb, 2 bytes, Stack size 0 bytes, mbed/TARGET_NRF51_DK/TOOLCHAIN_ARM_STD/startup_nRF51822.o(.text))
<BR><BR>[Calls]<UL><LI><a href="#[14]">&gt;&gt;</a>&nbsp;&nbsp;&nbsp;SVC_Handler
</UL>
<BR>[Called By]<UL><LI><a href="#[14]">&gt;&gt;</a>&nbsp;&nbsp;&nbsp;SVC_Handler
</UL>
<BR>[Address Reference Count : 1]<UL><LI> startup_nRF51822.o(RESET)
</UL>
<P><STRONG><a name="[15]"></a>PendSV_Handler</STRONG> (Thumb, 2 bytes, Stack size 0 bytes, mbed/TARGET_NRF51_DK/TOOLCHAIN_ARM_STD/startup_nRF51822.o(.text))
<BR><BR>[Calls]<UL><LI><a href="#[15]">&gt;&gt;</a>&nbsp;&nbsp;&nbsp;PendSV_Handler
</UL>
<BR>[Called By]<UL><LI><a href="#[15]">&gt;&gt;</a>&nbsp;&nbsp;&nbsp;PendSV_Handler
</UL>
<BR>[Address Reference Count : 1]<UL><LI> startup_nRF51822.o(RESET)
</UL>
<P><STRONG><a name="[16]"></a>SysTick_Handler</STRONG> (Thumb, 2 bytes, Stack size 0 bytes, mbed/TARGET_NRF51_DK/TOOLCHAIN_ARM_STD/startup_nRF51822.o(.text))
<BR><BR>[Calls]<UL><LI><a href="#[16]">&gt;&gt;</a>&nbsp;&nbsp;&nbsp;SysTick_Handler
</UL>
<BR>[Called By]<UL><LI><a href="#[16]">&gt;&gt;</a>&nbsp;&nbsp;&nbsp;SysTick_Handler
</UL>
<BR>[Address Reference Count : 1]<UL><LI> startup_nRF51822.o(RESET)
</UL>
<P><STRONG><a name="[1d]"></a>ADC_IRQHandler_v</STRONG> (Thumb, 0 bytes, Stack size 0 bytes, mbed/TARGET_NRF51_DK/TOOLCHAIN_ARM_STD/startup_nRF51822.o(.text))
<BR><BR>[Calls]<UL><LI><a href="#[1d]">&gt;&gt;</a>&nbsp;&nbsp;&nbsp;ADC_IRQHandler_v
</UL>
<BR>[Called By]<UL><LI><a href="#[1d]">&gt;&gt;</a>&nbsp;&nbsp;&nbsp;ADC_IRQHandler_v
</UL>
<BR>[Address Reference Count : 1]<UL><LI> startup_nRF51822.o(RESET)
</UL>
<P><STRONG><a name="[25]"></a>CCM_AAR_IRQHandler</STRONG> (Thumb, 0 bytes, Stack size 0 bytes, mbed/TARGET_NRF51_DK/TOOLCHAIN_ARM_STD/startup_nRF51822.o(.text))
<BR>[Address Reference Count : 1]<UL><LI> startup_nRF51822.o(RESET)
</UL>
<P><STRONG><a name="[24]"></a>ECB_IRQHandler</STRONG> (Thumb, 0 bytes, Stack size 0 bytes, mbed/TARGET_NRF51_DK/TOOLCHAIN_ARM_STD/startup_nRF51822.o(.text))
<BR>[Address Reference Count : 1]<UL><LI> startup_nRF51822.o(RESET)
</UL>
<P><STRONG><a name="[1c]"></a>GPIOTE_IRQHandler_v</STRONG> (Thumb, 0 bytes, Stack size 0 bytes, mbed/TARGET_NRF51_DK/TOOLCHAIN_ARM_STD/startup_nRF51822.o(.text))
<BR>[Address Reference Count : 1]<UL><LI> startup_nRF51822.o(RESET)
</UL>
<P><STRONG><a name="[29]"></a>LPCOMP_IRQHandler_v</STRONG> (Thumb, 0 bytes, Stack size 0 bytes, mbed/TARGET_NRF51_DK/TOOLCHAIN_ARM_STD/startup_nRF51822.o(.text))
<BR>[Address Reference Count : 1]<UL><LI> startup_nRF51822.o(RESET)
</UL>
<P><STRONG><a name="[17]"></a>POWER_CLOCK_IRQHandler</STRONG> (Thumb, 0 bytes, Stack size 0 bytes, mbed/TARGET_NRF51_DK/TOOLCHAIN_ARM_STD/startup_nRF51822.o(.text))
<BR>[Address Reference Count : 1]<UL><LI> startup_nRF51822.o(RESET)
</UL>
<P><STRONG><a name="[28]"></a>QDEC_IRQHandler_v</STRONG> (Thumb, 0 bytes, Stack size 0 bytes, mbed/TARGET_NRF51_DK/TOOLCHAIN_ARM_STD/startup_nRF51822.o(.text))
<BR>[Address Reference Count : 1]<UL><LI> startup_nRF51822.o(RESET)
</UL>
<P><STRONG><a name="[18]"></a>RADIO_IRQHandler</STRONG> (Thumb, 0 bytes, Stack size 0 bytes, mbed/TARGET_NRF51_DK/TOOLCHAIN_ARM_STD/startup_nRF51822.o(.text))
<BR>[Address Reference Count : 1]<UL><LI> startup_nRF51822.o(RESET)
</UL>
<P><STRONG><a name="[23]"></a>RNG_IRQHandler</STRONG> (Thumb, 0 bytes, Stack size 0 bytes, mbed/TARGET_NRF51_DK/TOOLCHAIN_ARM_STD/startup_nRF51822.o(.text))
<BR>[Address Reference Count : 1]<UL><LI> startup_nRF51822.o(RESET)
</UL>
<P><STRONG><a name="[21]"></a>RTC0_IRQHandler</STRONG> (Thumb, 0 bytes, Stack size 0 bytes, mbed/TARGET_NRF51_DK/TOOLCHAIN_ARM_STD/startup_nRF51822.o(.text))
<BR>[Address Reference Count : 1]<UL><LI> startup_nRF51822.o(RESET)
</UL>
<P><STRONG><a name="[27]"></a>RTC1_IRQHandler_v</STRONG> (Thumb, 0 bytes, Stack size 0 bytes, mbed/TARGET_NRF51_DK/TOOLCHAIN_ARM_STD/startup_nRF51822.o(.text))
<BR>[Address Reference Count : 1]<UL><LI> startup_nRF51822.o(RESET)
</UL>
<P><STRONG><a name="[1a]"></a>SPI0_TWI0_IRQHandler_v</STRONG> (Thumb, 0 bytes, Stack size 0 bytes, mbed/TARGET_NRF51_DK/TOOLCHAIN_ARM_STD/startup_nRF51822.o(.text))
<BR>[Address Reference Count : 1]<UL><LI> startup_nRF51822.o(RESET)
</UL>
<P><STRONG><a name="[1b]"></a>SPI1_TWI1_IRQHandler_v</STRONG> (Thumb, 0 bytes, Stack size 0 bytes, mbed/TARGET_NRF51_DK/TOOLCHAIN_ARM_STD/startup_nRF51822.o(.text))
<BR>[Address Reference Count : 1]<UL><LI> startup_nRF51822.o(RESET)
</UL>
<P><STRONG><a name="[2a]"></a>SWI0_IRQHandler_v</STRONG> (Thumb, 0 bytes, Stack size 0 bytes, mbed/TARGET_NRF51_DK/TOOLCHAIN_ARM_STD/startup_nRF51822.o(.text))
<BR>[Address Reference Count : 1]<UL><LI> startup_nRF51822.o(RESET)
</UL>
<P><STRONG><a name="[2b]"></a>SWI1_IRQHandler_v</STRONG> (Thumb, 0 bytes, Stack size 0 bytes, mbed/TARGET_NRF51_DK/TOOLCHAIN_ARM_STD/startup_nRF51822.o(.text))
<BR>[Address Reference Count : 1]<UL><LI> startup_nRF51822.o(RESET)
</UL>
<P><STRONG><a name="[2c]"></a>SWI2_IRQHandler_v</STRONG> (Thumb, 0 bytes, Stack size 0 bytes, mbed/TARGET_NRF51_DK/TOOLCHAIN_ARM_STD/startup_nRF51822.o(.text))
<BR>[Address Reference Count : 1]<UL><LI> startup_nRF51822.o(RESET)
</UL>
<P><STRONG><a name="[2d]"></a>SWI3_IRQHandler_v</STRONG> (Thumb, 0 bytes, Stack size 0 bytes, mbed/TARGET_NRF51_DK/TOOLCHAIN_ARM_STD/startup_nRF51822.o(.text))
<BR>[Address Reference Count : 1]<UL><LI> startup_nRF51822.o(RESET)
</UL>
<P><STRONG><a name="[2e]"></a>SWI4_IRQHandler</STRONG> (Thumb, 0 bytes, Stack size 0 bytes, mbed/TARGET_NRF51_DK/TOOLCHAIN_ARM_STD/startup_nRF51822.o(.text))
<BR>[Address Reference Count : 1]<UL><LI> startup_nRF51822.o(RESET)
</UL>
<P><STRONG><a name="[2f]"></a>SWI5_IRQHandler</STRONG> (Thumb, 0 bytes, Stack size 0 bytes, mbed/TARGET_NRF51_DK/TOOLCHAIN_ARM_STD/startup_nRF51822.o(.text))
<BR>[Address Reference Count : 1]<UL><LI> startup_nRF51822.o(RESET)
</UL>
<P><STRONG><a name="[22]"></a>TEMP_IRQHandler</STRONG> (Thumb, 0 bytes, Stack size 0 bytes, mbed/TARGET_NRF51_DK/TOOLCHAIN_ARM_STD/startup_nRF51822.o(.text))
<BR>[Address Reference Count : 1]<UL><LI> startup_nRF51822.o(RESET)
</UL>
<P><STRONG><a name="[1e]"></a>TIMER0_IRQHandler</STRONG> (Thumb, 0 bytes, Stack size 0 bytes, mbed/TARGET_NRF51_DK/TOOLCHAIN_ARM_STD/startup_nRF51822.o(.text))
<BR>[Address Reference Count : 1]<UL><LI> startup_nRF51822.o(RESET)
</UL>
<P><STRONG><a name="[1f]"></a>TIMER1_IRQHandler_v</STRONG> (Thumb, 0 bytes, Stack size 0 bytes, mbed/TARGET_NRF51_DK/TOOLCHAIN_ARM_STD/startup_nRF51822.o(.text))
<BR>[Address Reference Count : 1]<UL><LI> startup_nRF51822.o(RESET)
</UL>
<P><STRONG><a name="[20]"></a>TIMER2_IRQHandler_v</STRONG> (Thumb, 0 bytes, Stack size 0 bytes, mbed/TARGET_NRF51_DK/TOOLCHAIN_ARM_STD/startup_nRF51822.o(.text))
<BR>[Address Reference Count : 1]<UL><LI> startup_nRF51822.o(RESET)
</UL>
<P><STRONG><a name="[19]"></a>UART0_IRQHandler_v</STRONG> (Thumb, 0 bytes, Stack size 0 bytes, mbed/TARGET_NRF51_DK/TOOLCHAIN_ARM_STD/startup_nRF51822.o(.text))
<BR>[Address Reference Count : 1]<UL><LI> startup_nRF51822.o(RESET)
</UL>
<P><STRONG><a name="[26]"></a>WDT_IRQHandler_v</STRONG> (Thumb, 0 bytes, Stack size 0 bytes, mbed/TARGET_NRF51_DK/TOOLCHAIN_ARM_STD/startup_nRF51822.o(.text))
<BR>[Address Reference Count : 1]<UL><LI> startup_nRF51822.o(RESET)
</UL>
<P><STRONG><a name="[c2]"></a>__aeabi_uldivmod</STRONG> (Thumb, 258 bytes, Stack size 0 bytes, C:\Keil_v5\ARM\ARMCC\Bin\..\lib\armlib\c_p.l(lludiv.o)(.text))
<BR><BR>[Called By]<UL><LI><a href="#[c1]">&gt;&gt;</a>&nbsp;&nbsp;&nbsp;common_rtc_set_interrupt
</UL>

<P><STRONG><a name="[81]"></a>vsnprintf</STRONG> (Thumb, 50 bytes, Stack size 0 bytes, C:\Keil_v5\ARM\ARMCC\Bin\..\lib\armlib\c_p.l(vsnprintf.o)(.text))
<BR><BR>[Calls]<UL><LI><a href="#[83]">&gt;&gt;</a>&nbsp;&nbsp;&nbsp;_sputc
<LI><a href="#[82]">&gt;&gt;</a>&nbsp;&nbsp;&nbsp;_printf_char_common
</UL>
<BR>[Called By]<UL><LI><a href="#[d8]">&gt;&gt;</a>&nbsp;&nbsp;&nbsp;mbed_error_printf
</UL>

<P><STRONG><a name="[84]"></a>__aeabi_assert</STRONG> (Thumb, 82 bytes, Stack size 0 bytes, C:\Keil_v5\ARM\ARMCC\Bin\..\lib\armlib\c_p.l(assert.o)(.text))
<BR><BR>[Calls]<UL><LI><a href="#[86]">&gt;&gt;</a>&nbsp;&nbsp;&nbsp;__aeabi_idivmod
<LI><a href="#[85]">&gt;&gt;</a>&nbsp;&nbsp;&nbsp;__assert_puts
<LI><a href="#[87]">&gt;&gt;</a>&nbsp;&nbsp;&nbsp;abort
</UL>
<BR>[Called By]<UL><LI><a href="#[bc]">&gt;&gt;</a>&nbsp;&nbsp;&nbsp;core_util_critical_section_exit
<LI><a href="#[bb]">&gt;&gt;</a>&nbsp;&nbsp;&nbsp;core_util_critical_section_enter
</UL>

<P><STRONG><a name="[88]"></a>__aeabi_memset</STRONG> (Thumb, 18 bytes, Stack size 0 bytes, C:\Keil_v5\ARM\ARMCC\Bin\..\lib\armlib\c_p.l(aeabi_memset.o)(.text))
<BR><BR>[Calls]<UL><LI><a href="#[89]">&gt;&gt;</a>&nbsp;&nbsp;&nbsp;_memset
</UL>
<BR>[Called By]<UL><LI><a href="#[d3]">&gt;&gt;</a>&nbsp;&nbsp;&nbsp;nrf_drv_gpiote_init
</UL>

<P><STRONG><a name="[8a]"></a>_memset_w</STRONG> (Thumb, 26 bytes, Stack size 0 bytes, C:\Keil_v5\ARM\ARMCC\Bin\..\lib\armlib\c_p.l(rt_memclr.o)(.text))
<BR><BR>[Called By]<UL><LI><a href="#[8c]">&gt;&gt;</a>&nbsp;&nbsp;&nbsp;__rt_memclr_w
<LI><a href="#[89]">&gt;&gt;</a>&nbsp;&nbsp;&nbsp;_memset
</UL>

<P><STRONG><a name="[89]"></a>_memset</STRONG> (Thumb, 30 bytes, Stack size 0 bytes, C:\Keil_v5\ARM\ARMCC\Bin\..\lib\armlib\c_p.l(rt_memclr.o)(.text))
<BR><BR>[Calls]<UL><LI><a href="#[8a]">&gt;&gt;</a>&nbsp;&nbsp;&nbsp;_memset_w
</UL>
<BR>[Called By]<UL><LI><a href="#[8b]">&gt;&gt;</a>&nbsp;&nbsp;&nbsp;__aeabi_memclr
<LI><a href="#[88]">&gt;&gt;</a>&nbsp;&nbsp;&nbsp;__aeabi_memset
</UL>

<P><STRONG><a name="[8b]"></a>__aeabi_memclr</STRONG> (Thumb, 4 bytes, Stack size 0 bytes, C:\Keil_v5\ARM\ARMCC\Bin\..\lib\armlib\c_p.l(rt_memclr.o)(.text), UNUSED)
<BR><BR>[Calls]<UL><LI><a href="#[89]">&gt;&gt;</a>&nbsp;&nbsp;&nbsp;_memset
</UL>

<P><STRONG><a name="[8c]"></a>__rt_memclr_w</STRONG> (Thumb, 4 bytes, Stack size 0 bytes, C:\Keil_v5\ARM\ARMCC\Bin\..\lib\armlib\c_p.l(rt_memclr.o)(.text), UNUSED)
<BR><BR>[Calls]<UL><LI><a href="#[8a]">&gt;&gt;</a>&nbsp;&nbsp;&nbsp;_memset_w
</UL>

<P><STRONG><a name="[e4]"></a>strcmp</STRONG> (Thumb, 160 bytes, Stack size 0 bytes, C:\Keil_v5\ARM\ARMCC\Bin\..\lib\armlib\c_p.l(strcmpv6m.o)(.text))
<BR><BR>[Called By]<UL><LI><a href="#[35]">&gt;&gt;</a>&nbsp;&nbsp;&nbsp;_get_lc_ctype
<LI><a href="#[77]">&gt;&gt;</a>&nbsp;&nbsp;&nbsp;_get_lc_numeric
</UL>

<P><STRONG><a name="[86]"></a>__aeabi_idivmod</STRONG> (Thumb, 460 bytes, Stack size 0 bytes, C:\Keil_v5\ARM\ARMCC\Bin\..\lib\armlib\c_p.l(aeabi_sdivfast.o)(.text))
<BR><BR>[Called By]<UL><LI><a href="#[84]">&gt;&gt;</a>&nbsp;&nbsp;&nbsp;__aeabi_assert
<LI><a href="#[a1]">&gt;&gt;</a>&nbsp;&nbsp;&nbsp;_btod_etento
<LI><a href="#[3b]">&gt;&gt;</a>&nbsp;&nbsp;&nbsp;_printf_fp_hex_real
</UL>

<P><STRONG><a name="[8e]"></a>_printf_pre_padding</STRONG> (Thumb, 44 bytes, Stack size 0 bytes, C:\Keil_v5\ARM\ARMCC\Bin\..\lib\armlib\c_p.l(_printf_pad.o)(.text))
<BR><BR>[Called By]<UL><LI><a href="#[95]">&gt;&gt;</a>&nbsp;&nbsp;&nbsp;_printf_wctomb
<LI><a href="#[8d]">&gt;&gt;</a>&nbsp;&nbsp;&nbsp;_printf_str
<LI><a href="#[a6]">&gt;&gt;</a>&nbsp;&nbsp;&nbsp;_printf_fp_infnan
<LI><a href="#[3b]">&gt;&gt;</a>&nbsp;&nbsp;&nbsp;_printf_fp_hex_real
<LI><a href="#[3a]">&gt;&gt;</a>&nbsp;&nbsp;&nbsp;_printf_fp_dec_real
<LI><a href="#[93]">&gt;&gt;</a>&nbsp;&nbsp;&nbsp;_printf_int_common
</UL>

<P><STRONG><a name="[8f]"></a>_printf_post_padding</STRONG> (Thumb, 34 bytes, Stack size 0 bytes, C:\Keil_v5\ARM\ARMCC\Bin\..\lib\armlib\c_p.l(_printf_pad.o)(.text))
<BR><BR>[Called By]<UL><LI><a href="#[95]">&gt;&gt;</a>&nbsp;&nbsp;&nbsp;_printf_wctomb
<LI><a href="#[8d]">&gt;&gt;</a>&nbsp;&nbsp;&nbsp;_printf_str
<LI><a href="#[a6]">&gt;&gt;</a>&nbsp;&nbsp;&nbsp;_printf_fp_infnan
<LI><a href="#[3b]">&gt;&gt;</a>&nbsp;&nbsp;&nbsp;_printf_fp_hex_real
<LI><a href="#[3a]">&gt;&gt;</a>&nbsp;&nbsp;&nbsp;_printf_fp_dec_real
<LI><a href="#[93]">&gt;&gt;</a>&nbsp;&nbsp;&nbsp;_printf_int_common
</UL>

<P><STRONG><a name="[90]"></a>_printf_truncate_signed</STRONG> (Thumb, 18 bytes, Stack size 0 bytes, C:\Keil_v5\ARM\ARMCC\Bin\..\lib\armlib\c_p.l(_printf_truncate.o)(.text))
<BR><BR>[Called By]<UL><LI><a href="#[5b]">&gt;&gt;</a>&nbsp;&nbsp;&nbsp;_printf_int_dec
</UL>

<P><STRONG><a name="[91]"></a>_printf_truncate_unsigned</STRONG> (Thumb, 18 bytes, Stack size 0 bytes, C:\Keil_v5\ARM\ARMCC\Bin\..\lib\armlib\c_p.l(_printf_truncate.o)(.text))
<BR><BR>[Called By]<UL><LI><a href="#[61]">&gt;&gt;</a>&nbsp;&nbsp;&nbsp;_printf_int_hex
<LI><a href="#[5f]">&gt;&gt;</a>&nbsp;&nbsp;&nbsp;_printf_int_oct
<LI><a href="#[5b]">&gt;&gt;</a>&nbsp;&nbsp;&nbsp;_printf_int_dec
</UL>

<P><STRONG><a name="[8d]"></a>_printf_str</STRONG> (Thumb, 82 bytes, Stack size 0 bytes, C:\Keil_v5\ARM\ARMCC\Bin\..\lib\armlib\c_p.l(_printf_str.o)(.text))
<BR><BR>[Calls]<UL><LI><a href="#[8f]">&gt;&gt;</a>&nbsp;&nbsp;&nbsp;_printf_post_padding
<LI><a href="#[8e]">&gt;&gt;</a>&nbsp;&nbsp;&nbsp;_printf_pre_padding
</UL>
<BR>[Called By]<UL><LI><a href="#[a7]">&gt;&gt;</a>&nbsp;&nbsp;&nbsp;_printf_cs_common
</UL>

<P><STRONG><a name="[5b]"></a>_printf_int_dec</STRONG> (Thumb, 90 bytes, Stack size 0 bytes, C:\Keil_v5\ARM\ARMCC\Bin\..\lib\armlib\c_p.l(_printf_dec.o)(.text))
<BR><BR>[Calls]<UL><LI><a href="#[91]">&gt;&gt;</a>&nbsp;&nbsp;&nbsp;_printf_truncate_unsigned
<LI><a href="#[90]">&gt;&gt;</a>&nbsp;&nbsp;&nbsp;_printf_truncate_signed
<LI><a href="#[92]">&gt;&gt;</a>&nbsp;&nbsp;&nbsp;__rt_udiv10
<LI><a href="#[93]">&gt;&gt;</a>&nbsp;&nbsp;&nbsp;_printf_int_common
</UL>
<BR>[Called By]<UL><LI><a href="#[5c]">&gt;&gt;</a>&nbsp;&nbsp;&nbsp;_printf_u
<LI><a href="#[5a]">&gt;&gt;</a>&nbsp;&nbsp;&nbsp;_printf_d
<LI><a href="#[59]">&gt;&gt;</a>&nbsp;&nbsp;&nbsp;_printf_i
</UL>

<P><STRONG><a name="[50]"></a>_printf_charcount</STRONG> (Thumb, 38 bytes, Stack size 0 bytes, C:\Keil_v5\ARM\ARMCC\Bin\..\lib\armlib\c_p.l(_printf_charcount.o)(.text))
<BR><BR>[Called By]<UL><LI><a href="#[4e]">&gt;&gt;</a>&nbsp;&nbsp;&nbsp;_printf_n
</UL>

<P><STRONG><a name="[82]"></a>_printf_char_common</STRONG> (Thumb, 32 bytes, Stack size 0 bytes, C:\Keil_v5\ARM\ARMCC\Bin\..\lib\armlib\c_p.l(_printf_char_common.o)(.text))
<BR><BR>[Calls]<UL><LI><a href="#[94]">&gt;&gt;</a>&nbsp;&nbsp;&nbsp;__printf
</UL>
<BR>[Called By]<UL><LI><a href="#[81]">&gt;&gt;</a>&nbsp;&nbsp;&nbsp;vsnprintf
</UL>

<P><STRONG><a name="[83]"></a>_sputc</STRONG> (Thumb, 10 bytes, Stack size 0 bytes, C:\Keil_v5\ARM\ARMCC\Bin\..\lib\armlib\c_p.l(_sputc.o)(.text))
<BR><BR>[Called By]<UL><LI><a href="#[81]">&gt;&gt;</a>&nbsp;&nbsp;&nbsp;vsnprintf
</UL>

<P><STRONG><a name="[33]"></a>_snputc</STRONG> (Thumb, 16 bytes, Stack size 0 bytes, C:\Keil_v5\ARM\ARMCC\Bin\..\lib\armlib\c_p.l(_snputc.o)(.text))
<BR>[Address Reference Count : 1]<UL><LI> vsnprintf.o(.text)
</UL>
<P><STRONG><a name="[95]"></a>_printf_wctomb</STRONG> (Thumb, 182 bytes, Stack size 0 bytes, C:\Keil_v5\ARM\ARMCC\Bin\..\lib\armlib\c_p.l(_printf_wctomb.o)(.text))
<BR><BR>[Calls]<UL><LI><a href="#[8f]">&gt;&gt;</a>&nbsp;&nbsp;&nbsp;_printf_post_padding
<LI><a href="#[8e]">&gt;&gt;</a>&nbsp;&nbsp;&nbsp;_printf_pre_padding
<LI><a href="#[96]">&gt;&gt;</a>&nbsp;&nbsp;&nbsp;_wcrtomb
</UL>
<BR>[Called By]<UL><LI><a href="#[a9]">&gt;&gt;</a>&nbsp;&nbsp;&nbsp;_printf_lcs_common
</UL>

<P><STRONG><a name="[63]"></a>_printf_longlong_dec</STRONG> (Thumb, 94 bytes, Stack size 0 bytes, C:\Keil_v5\ARM\ARMCC\Bin\..\lib\armlib\c_p.l(_printf_longlong_dec.o)(.text))
<BR><BR>[Calls]<UL><LI><a href="#[93]">&gt;&gt;</a>&nbsp;&nbsp;&nbsp;_printf_int_common
<LI><a href="#[97]">&gt;&gt;</a>&nbsp;&nbsp;&nbsp;_ll_udiv10
</UL>
<BR>[Called By]<UL><LI><a href="#[64]">&gt;&gt;</a>&nbsp;&nbsp;&nbsp;_printf_llu
<LI><a href="#[62]">&gt;&gt;</a>&nbsp;&nbsp;&nbsp;_printf_lld
<LI><a href="#[60]">&gt;&gt;</a>&nbsp;&nbsp;&nbsp;_printf_lli
</UL>

<P><STRONG><a name="[98]"></a>_printf_longlong_oct</STRONG> (Thumb, 68 bytes, Stack size 0 bytes, C:\Keil_v5\ARM\ARMCC\Bin\..\lib\armlib\c_p.l(_printf_oct_int_ll.o)(.text))
<BR><BR>[Calls]<UL><LI><a href="#[93]">&gt;&gt;</a>&nbsp;&nbsp;&nbsp;_printf_int_common
</UL>
<BR>[Called By]<UL><LI><a href="#[67]">&gt;&gt;</a>&nbsp;&nbsp;&nbsp;_printf_ll_oct
<LI><a href="#[5f]">&gt;&gt;</a>&nbsp;&nbsp;&nbsp;_printf_int_oct
</UL>

<P><STRONG><a name="[5f]"></a>_printf_int_oct</STRONG> (Thumb, 24 bytes, Stack size 0 bytes, C:\Keil_v5\ARM\ARMCC\Bin\..\lib\armlib\c_p.l(_printf_oct_int_ll.o)(.text))
<BR><BR>[Calls]<UL><LI><a href="#[98]">&gt;&gt;</a>&nbsp;&nbsp;&nbsp;_printf_longlong_oct
<LI><a href="#[91]">&gt;&gt;</a>&nbsp;&nbsp;&nbsp;_printf_truncate_unsigned
</UL>
<BR>[Called By]<UL><LI><a href="#[5d]">&gt;&gt;</a>&nbsp;&nbsp;&nbsp;_printf_o
</UL>

<P><STRONG><a name="[67]"></a>_printf_ll_oct</STRONG> (Thumb, 10 bytes, Stack size 0 bytes, C:\Keil_v5\ARM\ARMCC\Bin\..\lib\armlib\c_p.l(_printf_oct_int_ll.o)(.text))
<BR><BR>[Calls]<UL><LI><a href="#[98]">&gt;&gt;</a>&nbsp;&nbsp;&nbsp;_printf_longlong_oct
</UL>
<BR>[Called By]<UL><LI><a href="#[65]">&gt;&gt;</a>&nbsp;&nbsp;&nbsp;_printf_llo
</UL>

<P><STRONG><a name="[99]"></a>_printf_longlong_hex</STRONG> (Thumb, 88 bytes, Stack size 0 bytes, C:\Keil_v5\ARM\ARMCC\Bin\..\lib\armlib\c_p.l(_printf_hex_int_ll_ptr.o)(.text))
<BR><BR>[Calls]<UL><LI><a href="#[93]">&gt;&gt;</a>&nbsp;&nbsp;&nbsp;_printf_int_common
</UL>
<BR>[Called By]<UL><LI><a href="#[52]">&gt;&gt;</a>&nbsp;&nbsp;&nbsp;_printf_hex_ptr
<LI><a href="#[69]">&gt;&gt;</a>&nbsp;&nbsp;&nbsp;_printf_ll_hex
<LI><a href="#[61]">&gt;&gt;</a>&nbsp;&nbsp;&nbsp;_printf_int_hex
</UL>

<P><STRONG><a name="[61]"></a>_printf_int_hex</STRONG> (Thumb, 28 bytes, Stack size 0 bytes, C:\Keil_v5\ARM\ARMCC\Bin\..\lib\armlib\c_p.l(_printf_hex_int_ll_ptr.o)(.text))
<BR><BR>[Calls]<UL><LI><a href="#[99]">&gt;&gt;</a>&nbsp;&nbsp;&nbsp;_printf_longlong_hex
<LI><a href="#[91]">&gt;&gt;</a>&nbsp;&nbsp;&nbsp;_printf_truncate_unsigned
</UL>
<BR>[Called By]<UL><LI><a href="#[5e]">&gt;&gt;</a>&nbsp;&nbsp;&nbsp;_printf_x
</UL>

<P><STRONG><a name="[69]"></a>_printf_ll_hex</STRONG> (Thumb, 10 bytes, Stack size 0 bytes, C:\Keil_v5\ARM\ARMCC\Bin\..\lib\armlib\c_p.l(_printf_hex_int_ll_ptr.o)(.text))
<BR><BR>[Calls]<UL><LI><a href="#[99]">&gt;&gt;</a>&nbsp;&nbsp;&nbsp;_printf_longlong_hex
</UL>
<BR>[Called By]<UL><LI><a href="#[66]">&gt;&gt;</a>&nbsp;&nbsp;&nbsp;_printf_llx
</UL>

<P><STRONG><a name="[52]"></a>_printf_hex_ptr</STRONG> (Thumb, 22 bytes, Stack size 0 bytes, C:\Keil_v5\ARM\ARMCC\Bin\..\lib\armlib\c_p.l(_printf_hex_int_ll_ptr.o)(.text))
<BR><BR>[Calls]<UL><LI><a href="#[99]">&gt;&gt;</a>&nbsp;&nbsp;&nbsp;_printf_longlong_hex
</UL>
<BR>[Called By]<UL><LI><a href="#[4f]">&gt;&gt;</a>&nbsp;&nbsp;&nbsp;_printf_p
</UL>

<P><STRONG><a name="[94]"></a>__printf</STRONG> (Thumb, 386 bytes, Stack size 0 bytes, C:\Keil_v5\ARM\ARMCC\Bin\..\lib\armlib\c_p.l(__printf_flags_ss_wp.o)(.text))
<BR><BR>[Calls]<UL><LI><a href="#[9a]">&gt;&gt;</a>&nbsp;&nbsp;&nbsp;_is_digit
<LI><a href="#[9b]">&gt;&gt;</a>&nbsp;&nbsp;&nbsp;_printf_percent
</UL>
<BR>[Called By]<UL><LI><a href="#[82]">&gt;&gt;</a>&nbsp;&nbsp;&nbsp;_printf_char_common
</UL>

<P><STRONG><a name="[87]"></a>abort</STRONG> (Thumb, 20 bytes, Stack size 0 bytes, C:\Keil_v5\ARM\ARMCC\Bin\..\lib\armlib\c_p.l(abort.o)(.text))
<BR><BR>[Calls]<UL><LI><a href="#[9c]">&gt;&gt;</a>&nbsp;&nbsp;&nbsp;__rt_SIGABRT
<LI><a href="#[9e]">&gt;&gt;</a>&nbsp;&nbsp;&nbsp;_sys_exit
<LI><a href="#[9d]">&gt;&gt;</a>&nbsp;&nbsp;&nbsp;__rt_lib_shutdown (Weak Reference)
</UL>
<BR>[Called By]<UL><LI><a href="#[84]">&gt;&gt;</a>&nbsp;&nbsp;&nbsp;__aeabi_assert
</UL>

<P><STRONG><a name="[85]"></a>__assert_puts</STRONG> (Thumb, 20 bytes, Stack size 0 bytes, C:\Keil_v5\ARM\ARMCC\Bin\..\lib\armlib\c_p.l(assert_puts.o)(.text))
<BR><BR>[Calls]<UL><LI><a href="#[9f]">&gt;&gt;</a>&nbsp;&nbsp;&nbsp;_ttywrch
</UL>
<BR>[Called By]<UL><LI><a href="#[84]">&gt;&gt;</a>&nbsp;&nbsp;&nbsp;__aeabi_assert
</UL>

<P><STRONG><a name="[9f]"></a>_ttywrch</STRONG> (Thumb, 12 bytes, Stack size 0 bytes, C:\Keil_v5\ARM\ARMCC\Bin\..\lib\armlib\c_p.l(sys_wrch.o)(.text))
<BR><BR>[Called By]<UL><LI><a href="#[b3]">&gt;&gt;</a>&nbsp;&nbsp;&nbsp;__default_signal_display
<LI><a href="#[85]">&gt;&gt;</a>&nbsp;&nbsp;&nbsp;__assert_puts
</UL>

<P><STRONG><a name="[9e]"></a>_sys_exit</STRONG> (Thumb, 8 bytes, Stack size 0 bytes, C:\Keil_v5\ARM\ARMCC\Bin\..\lib\armlib\c_p.l(sys_exit.o)(.text))
<BR><BR>[Called By]<UL><LI><a href="#[ad]">&gt;&gt;</a>&nbsp;&nbsp;&nbsp;__sig_exit
<LI><a href="#[87]">&gt;&gt;</a>&nbsp;&nbsp;&nbsp;abort
</UL>

<P><STRONG><a name="[97]"></a>_ll_udiv10</STRONG> (Thumb, 122 bytes, Stack size 0 bytes, C:\Keil_v5\ARM\ARMCC\Bin\..\lib\armlib\c_p.l(lludiv10.o)(.text))
<BR><BR>[Called By]<UL><LI><a href="#[63]">&gt;&gt;</a>&nbsp;&nbsp;&nbsp;_printf_longlong_dec
<LI><a href="#[a0]">&gt;&gt;</a>&nbsp;&nbsp;&nbsp;_fp_digits
</UL>

<P><STRONG><a name="[93]"></a>_printf_int_common</STRONG> (Thumb, 176 bytes, Stack size 0 bytes, C:\Keil_v5\ARM\ARMCC\Bin\..\lib\armlib\c_p.l(_printf_intcommon.o)(.text))
<BR><BR>[Calls]<UL><LI><a href="#[8f]">&gt;&gt;</a>&nbsp;&nbsp;&nbsp;_printf_post_padding
<LI><a href="#[8e]">&gt;&gt;</a>&nbsp;&nbsp;&nbsp;_printf_pre_padding
</UL>
<BR>[Called By]<UL><LI><a href="#[99]">&gt;&gt;</a>&nbsp;&nbsp;&nbsp;_printf_longlong_hex
<LI><a href="#[98]">&gt;&gt;</a>&nbsp;&nbsp;&nbsp;_printf_longlong_oct
<LI><a href="#[63]">&gt;&gt;</a>&nbsp;&nbsp;&nbsp;_printf_longlong_dec
<LI><a href="#[5b]">&gt;&gt;</a>&nbsp;&nbsp;&nbsp;_printf_int_dec
</UL>

<P><STRONG><a name="[3a]"></a>_printf_fp_dec_real</STRONG> (Thumb, 620 bytes, Stack size 0 bytes, C:\Keil_v5\ARM\ARMCC\Bin\..\lib\armlib\c_p.l(_printf_fp_dec.o)(.text))
<BR><BR>[Calls]<UL><LI><a href="#[8f]">&gt;&gt;</a>&nbsp;&nbsp;&nbsp;_printf_post_padding
<LI><a href="#[8e]">&gt;&gt;</a>&nbsp;&nbsp;&nbsp;_printf_pre_padding
<LI><a href="#[a5]">&gt;&gt;</a>&nbsp;&nbsp;&nbsp;__ARM_fpclassify
<LI><a href="#[a6]">&gt;&gt;</a>&nbsp;&nbsp;&nbsp;_printf_fp_infnan
<LI><a href="#[74]">&gt;&gt;</a>&nbsp;&nbsp;&nbsp;__rt_locale
<LI><a href="#[92]">&gt;&gt;</a>&nbsp;&nbsp;&nbsp;__rt_udiv10
<LI><a href="#[a0]">&gt;&gt;</a>&nbsp;&nbsp;&nbsp;_fp_digits
</UL>
<BR>[Address Reference Count : 1]<UL><LI> printf1.o(x$fpl$printf1)
</UL>
<P><STRONG><a name="[3b]"></a>_printf_fp_hex_real</STRONG> (Thumb, 718 bytes, Stack size 0 bytes, C:\Keil_v5\ARM\ARMCC\Bin\..\lib\armlib\c_p.l(_printf_fp_hex.o)(.text))
<BR><BR>[Calls]<UL><LI><a href="#[8f]">&gt;&gt;</a>&nbsp;&nbsp;&nbsp;_printf_post_padding
<LI><a href="#[8e]">&gt;&gt;</a>&nbsp;&nbsp;&nbsp;_printf_pre_padding
<LI><a href="#[86]">&gt;&gt;</a>&nbsp;&nbsp;&nbsp;__aeabi_idivmod
<LI><a href="#[a5]">&gt;&gt;</a>&nbsp;&nbsp;&nbsp;__ARM_fpclassify
<LI><a href="#[a6]">&gt;&gt;</a>&nbsp;&nbsp;&nbsp;_printf_fp_infnan
</UL>
<BR>[Address Reference Count : 1]<UL><LI> printf2.o(x$fpl$printf2)
</UL>
<P><STRONG><a name="[a7]"></a>_printf_cs_common</STRONG> (Thumb, 22 bytes, Stack size 0 bytes, C:\Keil_v5\ARM\ARMCC\Bin\..\lib\armlib\c_p.l(_printf_char.o)(.text))
<BR><BR>[Calls]<UL><LI><a href="#[8d]">&gt;&gt;</a>&nbsp;&nbsp;&nbsp;_printf_str
<LI><a href="#[a8]">&gt;&gt;</a>&nbsp;&nbsp;&nbsp;_printf_mbtowc (Weak Reference)
</UL>
<BR>[Called By]<UL><LI><a href="#[6e]">&gt;&gt;</a>&nbsp;&nbsp;&nbsp;_printf_string
<LI><a href="#[6c]">&gt;&gt;</a>&nbsp;&nbsp;&nbsp;_printf_char
</UL>

<P><STRONG><a name="[6c]"></a>_printf_char</STRONG> (Thumb, 16 bytes, Stack size 0 bytes, C:\Keil_v5\ARM\ARMCC\Bin\..\lib\armlib\c_p.l(_printf_char.o)(.text))
<BR><BR>[Calls]<UL><LI><a href="#[a7]">&gt;&gt;</a>&nbsp;&nbsp;&nbsp;_printf_cs_common
</UL>
<BR>[Called By]<UL><LI><a href="#[6a]">&gt;&gt;</a>&nbsp;&nbsp;&nbsp;_printf_c
</UL>

<P><STRONG><a name="[6e]"></a>_printf_string</STRONG> (Thumb, 8 bytes, Stack size 0 bytes, C:\Keil_v5\ARM\ARMCC\Bin\..\lib\armlib\c_p.l(_printf_char.o)(.text))
<BR><BR>[Calls]<UL><LI><a href="#[a7]">&gt;&gt;</a>&nbsp;&nbsp;&nbsp;_printf_cs_common
</UL>
<BR>[Called By]<UL><LI><a href="#[6b]">&gt;&gt;</a>&nbsp;&nbsp;&nbsp;_printf_s
</UL>

<P><STRONG><a name="[a9]"></a>_printf_lcs_common</STRONG> (Thumb, 22 bytes, Stack size 0 bytes, C:\Keil_v5\ARM\ARMCC\Bin\..\lib\armlib\c_p.l(_printf_wchar.o)(.text))
<BR><BR>[Calls]<UL><LI><a href="#[95]">&gt;&gt;</a>&nbsp;&nbsp;&nbsp;_printf_wctomb
<LI><a href="#[aa]">&gt;&gt;</a>&nbsp;&nbsp;&nbsp;_printf_wc (Weak Reference)
</UL>
<BR>[Called By]<UL><LI><a href="#[72]">&gt;&gt;</a>&nbsp;&nbsp;&nbsp;_printf_wstring
<LI><a href="#[70]">&gt;&gt;</a>&nbsp;&nbsp;&nbsp;_printf_wchar
</UL>

<P><STRONG><a name="[70]"></a>_printf_wchar</STRONG> (Thumb, 16 bytes, Stack size 0 bytes, C:\Keil_v5\ARM\ARMCC\Bin\..\lib\armlib\c_p.l(_printf_wchar.o)(.text))
<BR><BR>[Calls]<UL><LI><a href="#[a9]">&gt;&gt;</a>&nbsp;&nbsp;&nbsp;_printf_lcs_common
</UL>
<BR>[Called By]<UL><LI><a href="#[6d]">&gt;&gt;</a>&nbsp;&nbsp;&nbsp;_printf_lc
</UL>

<P><STRONG><a name="[72]"></a>_printf_wstring</STRONG> (Thumb, 8 bytes, Stack size 0 bytes, C:\Keil_v5\ARM\ARMCC\Bin\..\lib\armlib\c_p.l(_printf_wchar.o)(.text))
<BR><BR>[Calls]<UL><LI><a href="#[a9]">&gt;&gt;</a>&nbsp;&nbsp;&nbsp;_printf_lcs_common
</UL>
<BR>[Called By]<UL><LI><a href="#[6f]">&gt;&gt;</a>&nbsp;&nbsp;&nbsp;_printf_ls
</UL>

<P><STRONG><a name="[96]"></a>_wcrtomb</STRONG> (Thumb, 64 bytes, Stack size 0 bytes, C:\Keil_v5\ARM\ARMCC\Bin\..\lib\armlib\c_p.l(_wcrtomb.o)(.text))
<BR><BR>[Calls]<UL><LI><a href="#[ab]">&gt;&gt;</a>&nbsp;&nbsp;&nbsp;__rt_ctype_table
</UL>
<BR>[Called By]<UL><LI><a href="#[95]">&gt;&gt;</a>&nbsp;&nbsp;&nbsp;_printf_wctomb
</UL>

<P><STRONG><a name="[9c]"></a>__rt_SIGABRT</STRONG> (Thumb, 12 bytes, Stack size 0 bytes, C:\Keil_v5\ARM\ARMCC\Bin\..\lib\armlib\c_p.l(defsig_abrt_outer.o)(.text))
<BR><BR>[Calls]<UL><LI><a href="#[ac]">&gt;&gt;</a>&nbsp;&nbsp;&nbsp;__rt_SIGABRT_inner
<LI><a href="#[ad]">&gt;&gt;</a>&nbsp;&nbsp;&nbsp;__sig_exit
</UL>
<BR>[Called By]<UL><LI><a href="#[87]">&gt;&gt;</a>&nbsp;&nbsp;&nbsp;abort
</UL>

<P><STRONG><a name="[92]"></a>__rt_udiv10</STRONG> (Thumb, 40 bytes, Stack size 0 bytes, C:\Keil_v5\ARM\ARMCC\Bin\..\lib\armlib\c_p.l(rtudiv10.o)(.text))
<BR><BR>[Called By]<UL><LI><a href="#[5b]">&gt;&gt;</a>&nbsp;&nbsp;&nbsp;_printf_int_dec
<LI><a href="#[3a]">&gt;&gt;</a>&nbsp;&nbsp;&nbsp;_printf_fp_dec_real
</UL>

<P><STRONG><a name="[ab]"></a>__rt_ctype_table</STRONG> (Thumb, 16 bytes, Stack size 0 bytes, C:\Keil_v5\ARM\ARMCC\Bin\..\lib\armlib\c_p.l(rt_ctype_table.o)(.text))
<BR><BR>[Calls]<UL><LI><a href="#[74]">&gt;&gt;</a>&nbsp;&nbsp;&nbsp;__rt_locale
</UL>
<BR>[Called By]<UL><LI><a href="#[96]">&gt;&gt;</a>&nbsp;&nbsp;&nbsp;_wcrtomb
</UL>

<P><STRONG><a name="[74]"></a>__rt_locale</STRONG> (Thumb, 8 bytes, Stack size 0 bytes, C:\Keil_v5\ARM\ARMCC\Bin\..\lib\armlib\c_p.l(rt_locale.o)(.text))
<BR><BR>[Called By]<UL><LI><a href="#[ab]">&gt;&gt;</a>&nbsp;&nbsp;&nbsp;__rt_ctype_table
<LI><a href="#[3a]">&gt;&gt;</a>&nbsp;&nbsp;&nbsp;_printf_fp_dec_real
<LI><a href="#[73]">&gt;&gt;</a>&nbsp;&nbsp;&nbsp;__rt_lib_init_lc_common
</UL>

<P><STRONG><a name="[a6]"></a>_printf_fp_infnan</STRONG> (Thumb, 120 bytes, Stack size 0 bytes, C:\Keil_v5\ARM\ARMCC\Bin\..\lib\armlib\c_p.l(_printf_fp_infnan.o)(.text))
<BR><BR>[Calls]<UL><LI><a href="#[8f]">&gt;&gt;</a>&nbsp;&nbsp;&nbsp;_printf_post_padding
<LI><a href="#[8e]">&gt;&gt;</a>&nbsp;&nbsp;&nbsp;_printf_pre_padding
</UL>
<BR>[Called By]<UL><LI><a href="#[3b]">&gt;&gt;</a>&nbsp;&nbsp;&nbsp;_printf_fp_hex_real
<LI><a href="#[3a]">&gt;&gt;</a>&nbsp;&nbsp;&nbsp;_printf_fp_dec_real
</UL>

<P><STRONG><a name="[a1]"></a>_btod_etento</STRONG> (Thumb, 210 bytes, Stack size 0 bytes, C:\Keil_v5\ARM\ARMCC\Bin\..\lib\armlib\c_p.l(bigflt0.o)(.text))
<BR><BR>[Calls]<UL><LI><a href="#[86]">&gt;&gt;</a>&nbsp;&nbsp;&nbsp;__aeabi_idivmod
<LI><a href="#[a3]">&gt;&gt;</a>&nbsp;&nbsp;&nbsp;_btod_ediv
<LI><a href="#[a4]">&gt;&gt;</a>&nbsp;&nbsp;&nbsp;_btod_emul
</UL>
<BR>[Called By]<UL><LI><a href="#[a0]">&gt;&gt;</a>&nbsp;&nbsp;&nbsp;_fp_digits
</UL>

<P><STRONG><a name="[a2]"></a>_btod_d2e</STRONG> (Thumb, 64 bytes, Stack size 0 bytes, C:\Keil_v5\ARM\ARMCC\Bin\..\lib\armlib\c_p.l(btod.o)(.text))
<BR><BR>[Called By]<UL><LI><a href="#[a0]">&gt;&gt;</a>&nbsp;&nbsp;&nbsp;_fp_digits
</UL>

<P><STRONG><a name="[a4]"></a>_btod_emul</STRONG> (Thumb, 28 bytes, Stack size 0 bytes, C:\Keil_v5\ARM\ARMCC\Bin\..\lib\armlib\c_p.l(btod.o)(.text))
<BR><BR>[Calls]<UL><LI><a href="#[ae]">&gt;&gt;</a>&nbsp;&nbsp;&nbsp;btod_internal_mul
</UL>
<BR>[Called By]<UL><LI><a href="#[a1]">&gt;&gt;</a>&nbsp;&nbsp;&nbsp;_btod_etento
<LI><a href="#[a0]">&gt;&gt;</a>&nbsp;&nbsp;&nbsp;_fp_digits
</UL>

<P><STRONG><a name="[b0]"></a>_btod_emuld</STRONG> (Thumb, 144 bytes, Stack size 0 bytes, C:\Keil_v5\ARM\ARMCC\Bin\..\lib\armlib\c_p.l(btod.o)(.text), UNUSED)
<BR><BR>[Calls]<UL><LI><a href="#[ae]">&gt;&gt;</a>&nbsp;&nbsp;&nbsp;btod_internal_mul
</UL>

<P><STRONG><a name="[a3]"></a>_btod_ediv</STRONG> (Thumb, 26 bytes, Stack size 0 bytes, C:\Keil_v5\ARM\ARMCC\Bin\..\lib\armlib\c_p.l(btod.o)(.text))
<BR><BR>[Calls]<UL><LI><a href="#[b1]">&gt;&gt;</a>&nbsp;&nbsp;&nbsp;btod_internal_div
</UL>
<BR>[Called By]<UL><LI><a href="#[a1]">&gt;&gt;</a>&nbsp;&nbsp;&nbsp;_btod_etento
<LI><a href="#[a0]">&gt;&gt;</a>&nbsp;&nbsp;&nbsp;_fp_digits
</UL>

<P><STRONG><a name="[b2]"></a>_btod_edivd</STRONG> (Thumb, 124 bytes, Stack size 0 bytes, C:\Keil_v5\ARM\ARMCC\Bin\..\lib\armlib\c_p.l(btod.o)(.text), UNUSED)
<BR><BR>[Calls]<UL><LI><a href="#[b1]">&gt;&gt;</a>&nbsp;&nbsp;&nbsp;btod_internal_div
</UL>

<P><STRONG><a name="[ad]"></a>__sig_exit</STRONG> (Thumb, 12 bytes, Stack size 0 bytes, C:\Keil_v5\ARM\ARMCC\Bin\..\lib\armlib\c_p.l(defsig_exit.o)(.text))
<BR><BR>[Calls]<UL><LI><a href="#[9e]">&gt;&gt;</a>&nbsp;&nbsp;&nbsp;_sys_exit
</UL>
<BR>[Called By]<UL><LI><a href="#[9c]">&gt;&gt;</a>&nbsp;&nbsp;&nbsp;__rt_SIGABRT
</UL>

<P><STRONG><a name="[ac]"></a>__rt_SIGABRT_inner</STRONG> (Thumb, 14 bytes, Stack size 0 bytes, C:\Keil_v5\ARM\ARMCC\Bin\..\lib\armlib\c_p.l(defsig_abrt_inner.o)(.text))
<BR><BR>[Calls]<UL><LI><a href="#[b3]">&gt;&gt;</a>&nbsp;&nbsp;&nbsp;__default_signal_display
</UL>
<BR>[Called By]<UL><LI><a href="#[9c]">&gt;&gt;</a>&nbsp;&nbsp;&nbsp;__rt_SIGABRT
</UL>

<P><STRONG><a name="[b3]"></a>__default_signal_display</STRONG> (Thumb, 52 bytes, Stack size 0 bytes, C:\Keil_v5\ARM\ARMCC\Bin\..\lib\armlib\c_p.l(defsig_general.o)(.text))
<BR><BR>[Calls]<UL><LI><a href="#[9f]">&gt;&gt;</a>&nbsp;&nbsp;&nbsp;_ttywrch
</UL>
<BR>[Called By]<UL><LI><a href="#[ac]">&gt;&gt;</a>&nbsp;&nbsp;&nbsp;__rt_SIGABRT_inner
</UL>

<P><STRONG><a name="[7f]"></a>main</STRONG> (Thumb, 12 bytes, Stack size 0 bytes, mbed/TARGET_NRF51_DK/TOOLCHAIN_ARM_STD/mbed_sdk_boot.o(i.$Sub$$main))
<BR><BR>[Calls]<UL><LI><a href="#[b4]">&gt;&gt;</a>&nbsp;&nbsp;&nbsp;mbed_main
<LI><a href="#[b5]">&gt;&gt;</a>&nbsp;&nbsp;&nbsp;$Super$$main
</UL>
<BR>[Called By]<UL><LI><a href="#[7e]">&gt;&gt;</a>&nbsp;&nbsp;&nbsp;__rt_entry_main
</UL>

<P><STRONG><a name="[38]"></a>GPIOTE_IRQHandler</STRONG> (Thumb, 306 bytes, Stack size 0 bytes, mbed/TARGET_NRF51_DK/TOOLCHAIN_ARM_STD/nrf_drv_gpiote.o(i.GPIOTE_IRQHandler))
<BR>[Address Reference Count : 1]<UL><LI> gpio_api.o(i.gpio_init)
</UL>
<P><STRONG><a name="[bf]"></a>NVIC_SetVector</STRONG> (Thumb, 10 bytes, Stack size 0 bytes, mbed/TARGET_NRF51_DK/TOOLCHAIN_ARM_STD/cmsis_nvic.o(i.NVIC_SetVector))
<BR><BR>[Called By]<UL><LI><a href="#[d2]">&gt;&gt;</a>&nbsp;&nbsp;&nbsp;gpio_init
<LI><a href="#[da]">&gt;&gt;</a>&nbsp;&nbsp;&nbsp;serial_init
<LI><a href="#[be]">&gt;&gt;</a>&nbsp;&nbsp;&nbsp;common_rtc_init
<LI><a href="#[43]">&gt;&gt;</a>&nbsp;&nbsp;&nbsp;us_ticker_read
<LI><a href="#[42]">&gt;&gt;</a>&nbsp;&nbsp;&nbsp;us_ticker_init
</UL>

<P><STRONG><a name="[36]"></a>RTC1_IRQHandler</STRONG> (Thumb, 52 bytes, Stack size 0 bytes, mbed/TARGET_NRF51_DK/TOOLCHAIN_ARM_STD/us_ticker.o(i.RTC1_IRQHandler))
<BR><BR>[Calls]<UL><LI><a href="#[b6]">&gt;&gt;</a>&nbsp;&nbsp;&nbsp;us_ticker_irq_handler
<LI><a href="#[b7]">&gt;&gt;</a>&nbsp;&nbsp;&nbsp;lp_ticker_irq_handler
</UL>
<BR>[Address Reference Count : 3]<UL><LI> us_ticker.o(i.common_rtc_init)
<LI> us_ticker.o(i.us_ticker_init)
<LI> us_ticker.o(i.us_ticker_read)
</UL>
<P><STRONG><a name="[30]"></a>SystemInit</STRONG> (Thumb, 200 bytes, Stack size 0 bytes, mbed/TARGET_NRF51_DK/TOOLCHAIN_ARM_STD/system_nrf51.o(i.SystemInit))
<BR>[Address Reference Count : 1]<UL><LI> startup_nRF51822.o(.text)
</UL>
<P><STRONG><a name="[39]"></a>UART0_IRQHandler</STRONG> (Thumb, 312 bytes, Stack size 0 bytes, mbed/TARGET_NRF51_DK/TOOLCHAIN_ARM_STD/serial_api.o(i.UART0_IRQHandler))
<BR>[Address Reference Count : 1]<UL><LI> serial_api.o(i.serial_init)
</UL>
<P><STRONG><a name="[af]"></a>__ARM_common_ll_muluu</STRONG> (Thumb, 48 bytes, Stack size 0 bytes, C:\Keil_v5\ARM\ARMCC\Bin\..\lib\armlib\c_p.l(btod.o)(i.__ARM_common_ll_muluu))
<BR><BR>[Called By]<UL><LI><a href="#[c1]">&gt;&gt;</a>&nbsp;&nbsp;&nbsp;common_rtc_set_interrupt
<LI><a href="#[bd]">&gt;&gt;</a>&nbsp;&nbsp;&nbsp;common_rtc_64bit_us_get
<LI><a href="#[43]">&gt;&gt;</a>&nbsp;&nbsp;&nbsp;us_ticker_read
<LI><a href="#[ae]">&gt;&gt;</a>&nbsp;&nbsp;&nbsp;btod_internal_mul
</UL>

<P><STRONG><a name="[a5]"></a>__ARM_fpclassify</STRONG> (Thumb, 40 bytes, Stack size 0 bytes, C:\Keil_v5\ARM\ARMCC\Bin\..\lib\armlib\m_ps.l(fpclassify.o)(i.__ARM_fpclassify))
<BR><BR>[Called By]<UL><LI><a href="#[3b]">&gt;&gt;</a>&nbsp;&nbsp;&nbsp;_printf_fp_hex_real
<LI><a href="#[3a]">&gt;&gt;</a>&nbsp;&nbsp;&nbsp;_printf_fp_dec_real
</UL>

<P><STRONG><a name="[79]"></a>__user_setup_stackheap</STRONG> (Thumb, 8 bytes, Stack size 0 bytes, mbed/TARGET_NRF51_DK/TOOLCHAIN_ARM_STD/mbed_retarget.o(i.__user_setup_stackheap))
<BR><BR>[Calls]<UL><LI><a href="#[b8]">&gt;&gt;</a>&nbsp;&nbsp;&nbsp;_mbed_user_setup_stackheap
</UL>
<BR>[Called By]<UL><LI><a href="#[78]">&gt;&gt;</a>&nbsp;&nbsp;&nbsp;__rt_entry_sh
</UL>

<P><STRONG><a name="[9a]"></a>_is_digit</STRONG> (Thumb, 14 bytes, Stack size 0 bytes, C:\Keil_v5\ARM\ARMCC\Bin\..\lib\armlib\c_p.l(__printf_wp.o)(i._is_digit))
<BR><BR>[Called By]<UL><LI><a href="#[94]">&gt;&gt;</a>&nbsp;&nbsp;&nbsp;__printf
</UL>

<P><STRONG><a name="[b8]"></a>_mbed_user_setup_stackheap</STRONG> (Thumb, 10 bytes, Stack size 0 bytes, mbed/TARGET_NRF51_DK/TOOLCHAIN_ARM_STD/mbed_retarget.o(i._mbed_user_setup_stackheap))
<BR><BR>[Called By]<UL><LI><a href="#[79]">&gt;&gt;</a>&nbsp;&nbsp;&nbsp;__user_setup_stackheap
</UL>

<P><STRONG><a name="[7b]"></a>_platform_post_stackheap_init</STRONG> (Thumb, 8 bytes, Stack size 0 bytes, mbed/TARGET_NRF51_DK/TOOLCHAIN_ARM_STD/mbed_sdk_boot.o(i._platform_post_stackheap_init))
<BR><BR>[Calls]<UL><LI><a href="#[b9]">&gt;&gt;</a>&nbsp;&nbsp;&nbsp;mbed_sdk_init
</UL>
<BR>[Called By]<UL><LI><a href="#[7a]">&gt;&gt;</a>&nbsp;&nbsp;&nbsp;__rt_entry_postsh_1
</UL>

<P><STRONG><a name="[ba]"></a>common_rtc_32bit_ticks_get</STRONG> (Thumb, 52 bytes, Stack size 0 bytes, mbed/TARGET_NRF51_DK/TOOLCHAIN_ARM_STD/us_ticker.o(i.common_rtc_32bit_ticks_get))
<BR><BR>[Calls]<UL><LI><a href="#[bc]">&gt;&gt;</a>&nbsp;&nbsp;&nbsp;core_util_critical_section_exit
<LI><a href="#[bb]">&gt;&gt;</a>&nbsp;&nbsp;&nbsp;core_util_critical_section_enter
</UL>
<BR>[Called By]<UL><LI><a href="#[41]">&gt;&gt;</a>&nbsp;&nbsp;&nbsp;lp_ticker_fire_interrupt
</UL>

<P><STRONG><a name="[bd]"></a>common_rtc_64bit_us_get</STRONG> (Thumb, 76 bytes, Stack size 0 bytes, mbed/TARGET_NRF51_DK/TOOLCHAIN_ARM_STD/us_ticker.o(i.common_rtc_64bit_us_get))
<BR><BR>[Calls]<UL><LI><a href="#[bc]">&gt;&gt;</a>&nbsp;&nbsp;&nbsp;core_util_critical_section_exit
<LI><a href="#[bb]">&gt;&gt;</a>&nbsp;&nbsp;&nbsp;core_util_critical_section_enter
<LI><a href="#[af]">&gt;&gt;</a>&nbsp;&nbsp;&nbsp;__ARM_common_ll_muluu
</UL>
<BR>[Called By]<UL><LI><a href="#[3d]">&gt;&gt;</a>&nbsp;&nbsp;&nbsp;lp_ticker_read
</UL>

<P><STRONG><a name="[be]"></a>common_rtc_init</STRONG> (Thumb, 70 bytes, Stack size 0 bytes, mbed/TARGET_NRF51_DK/TOOLCHAIN_ARM_STD/us_ticker.o(i.common_rtc_init))
<BR><BR>[Calls]<UL><LI><a href="#[c0]">&gt;&gt;</a>&nbsp;&nbsp;&nbsp;nrf_drv_common_irq_enable
<LI><a href="#[bf]">&gt;&gt;</a>&nbsp;&nbsp;&nbsp;NVIC_SetVector
</UL>
<BR>[Called By]<UL><LI><a href="#[3c]">&gt;&gt;</a>&nbsp;&nbsp;&nbsp;lp_ticker_init
</UL>

<P><STRONG><a name="[c1]"></a>common_rtc_set_interrupt</STRONG> (Thumb, 218 bytes, Stack size 0 bytes, mbed/TARGET_NRF51_DK/TOOLCHAIN_ARM_STD/us_ticker.o(i.common_rtc_set_interrupt))
<BR><BR>[Calls]<UL><LI><a href="#[bc]">&gt;&gt;</a>&nbsp;&nbsp;&nbsp;core_util_critical_section_exit
<LI><a href="#[bb]">&gt;&gt;</a>&nbsp;&nbsp;&nbsp;core_util_critical_section_enter
<LI><a href="#[c2]">&gt;&gt;</a>&nbsp;&nbsp;&nbsp;__aeabi_uldivmod
<LI><a href="#[af]">&gt;&gt;</a>&nbsp;&nbsp;&nbsp;__ARM_common_ll_muluu
</UL>
<BR>[Called By]<UL><LI><a href="#[40]">&gt;&gt;</a>&nbsp;&nbsp;&nbsp;lp_ticker_set_interrupt
<LI><a href="#[46]">&gt;&gt;</a>&nbsp;&nbsp;&nbsp;us_ticker_set_interrupt
</UL>

<P><STRONG><a name="[bb]"></a>core_util_critical_section_enter</STRONG> (Thumb, 90 bytes, Stack size 0 bytes, mbed/TARGET_NRF51_DK/TOOLCHAIN_ARM_STD/nordic_critical.o(i.core_util_critical_section_enter))
<BR><BR>[Calls]<UL><LI><a href="#[84]">&gt;&gt;</a>&nbsp;&nbsp;&nbsp;__aeabi_assert
</UL>
<BR>[Called By]<UL><LI><a href="#[cf]">&gt;&gt;</a>&nbsp;&nbsp;&nbsp;mbed_assert_internal
<LI><a href="#[d8]">&gt;&gt;</a>&nbsp;&nbsp;&nbsp;mbed_error_printf
<LI><a href="#[c1]">&gt;&gt;</a>&nbsp;&nbsp;&nbsp;common_rtc_set_interrupt
<LI><a href="#[bd]">&gt;&gt;</a>&nbsp;&nbsp;&nbsp;common_rtc_64bit_us_get
<LI><a href="#[ba]">&gt;&gt;</a>&nbsp;&nbsp;&nbsp;common_rtc_32bit_ticks_get
<LI><a href="#[43]">&gt;&gt;</a>&nbsp;&nbsp;&nbsp;us_ticker_read
<LI><a href="#[47]">&gt;&gt;</a>&nbsp;&nbsp;&nbsp;us_ticker_fire_interrupt
</UL>

<P><STRONG><a name="[bc]"></a>core_util_critical_section_exit</STRONG> (Thumb, 70 bytes, Stack size 0 bytes, mbed/TARGET_NRF51_DK/TOOLCHAIN_ARM_STD/nordic_critical.o(i.core_util_critical_section_exit))
<BR><BR>[Calls]<UL><LI><a href="#[84]">&gt;&gt;</a>&nbsp;&nbsp;&nbsp;__aeabi_assert
</UL>
<BR>[Called By]<UL><LI><a href="#[d8]">&gt;&gt;</a>&nbsp;&nbsp;&nbsp;mbed_error_printf
<LI><a href="#[c1]">&gt;&gt;</a>&nbsp;&nbsp;&nbsp;common_rtc_set_interrupt
<LI><a href="#[bd]">&gt;&gt;</a>&nbsp;&nbsp;&nbsp;common_rtc_64bit_us_get
<LI><a href="#[ba]">&gt;&gt;</a>&nbsp;&nbsp;&nbsp;common_rtc_32bit_ticks_get
<LI><a href="#[43]">&gt;&gt;</a>&nbsp;&nbsp;&nbsp;us_ticker_read
<LI><a href="#[47]">&gt;&gt;</a>&nbsp;&nbsp;&nbsp;us_ticker_fire_interrupt
</UL>

<P><STRONG><a name="[80]"></a>exit</STRONG> (Thumb, 10 bytes, Stack size 0 bytes, mbed/TARGET_NRF51_DK/TOOLCHAIN_ARM_STD/mbed_retarget.o(i.exit))
<BR><BR>[Calls]<UL><LI><a href="#[c3]">&gt;&gt;</a>&nbsp;&nbsp;&nbsp;mbed_die
</UL>
<BR>[Called By]<UL><LI><a href="#[7e]">&gt;&gt;</a>&nbsp;&nbsp;&nbsp;__rt_entry_main
</UL>

<P><STRONG><a name="[c4]"></a>fs_erase</STRONG> (Thumb, 154 bytes, Stack size 0 bytes, mbed/TARGET_NRF51_DK/TOOLCHAIN_ARM_STD/fstorage.o(i.fs_erase))
<BR><BR>[Calls]<UL><LI><a href="#[c5]">&gt;&gt;</a>&nbsp;&nbsp;&nbsp;queue_process
</UL>
<BR>[Called By]<UL><LI><a href="#[c6]">&gt;&gt;</a>&nbsp;&nbsp;&nbsp;queue_process
<LI><a href="#[c8]">&gt;&gt;</a>&nbsp;&nbsp;&nbsp;gc_record_find_next
</UL>

<P><STRONG><a name="[c7]"></a>fs_store</STRONG> (Thumb, 160 bytes, Stack size 0 bytes, mbed/TARGET_NRF51_DK/TOOLCHAIN_ARM_STD/fstorage.o(i.fs_store))
<BR><BR>[Calls]<UL><LI><a href="#[c5]">&gt;&gt;</a>&nbsp;&nbsp;&nbsp;queue_process
</UL>
<BR>[Called By]<UL><LI><a href="#[c6]">&gt;&gt;</a>&nbsp;&nbsp;&nbsp;queue_process
<LI><a href="#[c8]">&gt;&gt;</a>&nbsp;&nbsp;&nbsp;gc_record_find_next
</UL>

<P><STRONG><a name="[e3]"></a>get_us_ticker_data</STRONG> (Thumb, 4 bytes, Stack size 0 bytes, mbed/TARGET_NRF51_DK/TOOLCHAIN_ARM_STD/mbed.ar(mbed_us_ticker_api.o)(i.get_us_ticker_data))
<BR><BR>[Called By]<UL><LI><a href="#[d9]">&gt;&gt;</a>&nbsp;&nbsp;&nbsp;wait_ms
</UL>

<P><STRONG><a name="[ce]"></a>gpio_dir</STRONG> (Thumb, 86 bytes, Stack size 0 bytes, mbed/TARGET_NRF51_DK/TOOLCHAIN_ARM_STD/gpio_api.o(i.gpio_dir))
<BR><BR>[Calls]<UL><LI><a href="#[d1]">&gt;&gt;</a>&nbsp;&nbsp;&nbsp;nrf_drv_gpiote_in_uninit
<LI><a href="#[ca]">&gt;&gt;</a>&nbsp;&nbsp;&nbsp;gpio_apply_config
<LI><a href="#[d0]">&gt;&gt;</a>&nbsp;&nbsp;&nbsp;nrf_drv_gpiote_out_uninit
<LI><a href="#[cf]">&gt;&gt;</a>&nbsp;&nbsp;&nbsp;mbed_assert_internal
</UL>
<BR>[Called By]<UL><LI><a href="#[d4]">&gt;&gt;</a>&nbsp;&nbsp;&nbsp;gpio_init_out
<LI><a href="#[d6]">&gt;&gt;</a>&nbsp;&nbsp;&nbsp;gpio_init_out_ex
</UL>

<P><STRONG><a name="[d2]"></a>gpio_init</STRONG> (Thumb, 52 bytes, Stack size 0 bytes, mbed/TARGET_NRF51_DK/TOOLCHAIN_ARM_STD/gpio_api.o(i.gpio_init))
<BR><BR>[Calls]<UL><LI><a href="#[d3]">&gt;&gt;</a>&nbsp;&nbsp;&nbsp;nrf_drv_gpiote_init
<LI><a href="#[cf]">&gt;&gt;</a>&nbsp;&nbsp;&nbsp;mbed_assert_internal
<LI><a href="#[bf]">&gt;&gt;</a>&nbsp;&nbsp;&nbsp;NVIC_SetVector
</UL>
<BR>[Called By]<UL><LI><a href="#[d4]">&gt;&gt;</a>&nbsp;&nbsp;&nbsp;gpio_init_out
<LI><a href="#[d6]">&gt;&gt;</a>&nbsp;&nbsp;&nbsp;gpio_init_out_ex
</UL>

<P><STRONG><a name="[d4]"></a>gpio_init_out</STRONG> (Thumb, 60 bytes, Stack size 0 bytes, mbed/TARGET_NRF51_DK/TOOLCHAIN_ARM_STD/mbed.ar(mbed_gpio.o)(i.gpio_init_out))
<BR><BR>[Calls]<UL><LI><a href="#[d5]">&gt;&gt;</a>&nbsp;&nbsp;&nbsp;gpio_mode
<LI><a href="#[d2]">&gt;&gt;</a>&nbsp;&nbsp;&nbsp;gpio_init
<LI><a href="#[ce]">&gt;&gt;</a>&nbsp;&nbsp;&nbsp;gpio_dir
<LI><a href="#[cf]">&gt;&gt;</a>&nbsp;&nbsp;&nbsp;mbed_assert_internal
</UL>
<BR>[Called By]<UL><LI><a href="#[c3]">&gt;&gt;</a>&nbsp;&nbsp;&nbsp;mbed_die
</UL>

<P><STRONG><a name="[d6]"></a>gpio_init_out_ex</STRONG> (Thumb, 72 bytes, Stack size 0 bytes, mbed/TARGET_NRF51_DK/TOOLCHAIN_ARM_STD/mbed.ar(mbed_gpio.o)(i.gpio_init_out_ex), UNUSED)
<BR><BR>[Calls]<UL><LI><a href="#[d5]">&gt;&gt;</a>&nbsp;&nbsp;&nbsp;gpio_mode
<LI><a href="#[d2]">&gt;&gt;</a>&nbsp;&nbsp;&nbsp;gpio_init
<LI><a href="#[ce]">&gt;&gt;</a>&nbsp;&nbsp;&nbsp;gpio_dir
<LI><a href="#[cf]">&gt;&gt;</a>&nbsp;&nbsp;&nbsp;mbed_assert_internal
</UL>

<P><STRONG><a name="[d5]"></a>gpio_mode</STRONG> (Thumb, 86 bytes, Stack size 0 bytes, mbed/TARGET_NRF51_DK/TOOLCHAIN_ARM_STD/gpio_api.o(i.gpio_mode))
<BR><BR>[Calls]<UL><LI><a href="#[d1]">&gt;&gt;</a>&nbsp;&nbsp;&nbsp;nrf_drv_gpiote_in_uninit
<LI><a href="#[ca]">&gt;&gt;</a>&nbsp;&nbsp;&nbsp;gpio_apply_config
<LI><a href="#[d0]">&gt;&gt;</a>&nbsp;&nbsp;&nbsp;nrf_drv_gpiote_out_uninit
<LI><a href="#[cf]">&gt;&gt;</a>&nbsp;&nbsp;&nbsp;mbed_assert_internal
</UL>
<BR>[Called By]<UL><LI><a href="#[d4]">&gt;&gt;</a>&nbsp;&nbsp;&nbsp;gpio_init_out
<LI><a href="#[d6]">&gt;&gt;</a>&nbsp;&nbsp;&nbsp;gpio_init_out_ex
</UL>

<P><STRONG><a name="[3f]"></a>lp_ticker_clear_interrupt</STRONG> (Thumb, 8 bytes, Stack size 0 bytes, mbed/TARGET_NRF51_DK/TOOLCHAIN_ARM_STD/lp_ticker.o(i.lp_ticker_clear_interrupt))
<BR>[Address Reference Count : 1]<UL><LI> mbed_lp_ticker_api.o(.constdata)
</UL>
<P><STRONG><a name="[3e]"></a>lp_ticker_disable_interrupt</STRONG> (Thumb, 10 bytes, Stack size 0 bytes, mbed/TARGET_NRF51_DK/TOOLCHAIN_ARM_STD/lp_ticker.o(i.lp_ticker_disable_interrupt))
<BR>[Address Reference Count : 1]<UL><LI> mbed_lp_ticker_api.o(.constdata)
</UL>
<P><STRONG><a name="[41]"></a>lp_ticker_fire_interrupt</STRONG> (Thumb, 26 bytes, Stack size 0 bytes, mbed/TARGET_NRF51_DK/TOOLCHAIN_ARM_STD/lp_ticker.o(i.lp_ticker_fire_interrupt))
<BR><BR>[Calls]<UL><LI><a href="#[ba]">&gt;&gt;</a>&nbsp;&nbsp;&nbsp;common_rtc_32bit_ticks_get
</UL>
<BR>[Address Reference Count : 1]<UL><LI> mbed_lp_ticker_api.o(.constdata)
</UL>
<P><STRONG><a name="[3c]"></a>lp_ticker_init</STRONG> (Thumb, 8 bytes, Stack size 0 bytes, mbed/TARGET_NRF51_DK/TOOLCHAIN_ARM_STD/lp_ticker.o(i.lp_ticker_init))
<BR><BR>[Calls]<UL><LI><a href="#[be]">&gt;&gt;</a>&nbsp;&nbsp;&nbsp;common_rtc_init
</UL>
<BR>[Address Reference Count : 1]<UL><LI> mbed_lp_ticker_api.o(.constdata)
</UL>
<P><STRONG><a name="[b7]"></a>lp_ticker_irq_handler</STRONG> (Thumb, 10 bytes, Stack size 0 bytes, mbed/TARGET_NRF51_DK/TOOLCHAIN_ARM_STD/mbed.ar(mbed_lp_ticker_api.o)(i.lp_ticker_irq_handler))
<BR><BR>[Calls]<UL><LI><a href="#[d7]">&gt;&gt;</a>&nbsp;&nbsp;&nbsp;ticker_irq_handler
</UL>
<BR>[Called By]<UL><LI><a href="#[36]">&gt;&gt;</a>&nbsp;&nbsp;&nbsp;RTC1_IRQHandler
</UL>

<P><STRONG><a name="[3d]"></a>lp_ticker_read</STRONG> (Thumb, 8 bytes, Stack size 0 bytes, mbed/TARGET_NRF51_DK/TOOLCHAIN_ARM_STD/lp_ticker.o(i.lp_ticker_read))
<BR><BR>[Calls]<UL><LI><a href="#[bd]">&gt;&gt;</a>&nbsp;&nbsp;&nbsp;common_rtc_64bit_us_get
</UL>
<BR>[Address Reference Count : 1]<UL><LI> mbed_lp_ticker_api.o(.constdata)
</UL>
<P><STRONG><a name="[40]"></a>lp_ticker_set_interrupt</STRONG> (Thumb, 14 bytes, Stack size 0 bytes, mbed/TARGET_NRF51_DK/TOOLCHAIN_ARM_STD/lp_ticker.o(i.lp_ticker_set_interrupt))
<BR><BR>[Calls]<UL><LI><a href="#[c1]">&gt;&gt;</a>&nbsp;&nbsp;&nbsp;common_rtc_set_interrupt
</UL>
<BR>[Address Reference Count : 1]<UL><LI> mbed_lp_ticker_api.o(.constdata)
</UL>
<P><STRONG><a name="[b5]"></a>$Super$$main</STRONG> (Thumb, 4 bytes, Stack size 0 bytes, .\build\main.o(i.main))
<BR><BR>[Called By]<UL><LI><a href="#[7f]">&gt;&gt;</a>&nbsp;&nbsp;&nbsp;main
</UL>

<P><STRONG><a name="[cf]"></a>mbed_assert_internal</STRONG> (Thumb, 30 bytes, Stack size 0 bytes, mbed/TARGET_NRF51_DK/TOOLCHAIN_ARM_STD/mbed.ar(mbed_assert.o)(i.mbed_assert_internal))
<BR><BR>[Calls]<UL><LI><a href="#[c3]">&gt;&gt;</a>&nbsp;&nbsp;&nbsp;mbed_die
<LI><a href="#[bb]">&gt;&gt;</a>&nbsp;&nbsp;&nbsp;core_util_critical_section_enter
<LI><a href="#[d8]">&gt;&gt;</a>&nbsp;&nbsp;&nbsp;mbed_error_printf
</UL>
<BR>[Called By]<UL><LI><a href="#[d5]">&gt;&gt;</a>&nbsp;&nbsp;&nbsp;gpio_mode
<LI><a href="#[d2]">&gt;&gt;</a>&nbsp;&nbsp;&nbsp;gpio_init
<LI><a href="#[ce]">&gt;&gt;</a>&nbsp;&nbsp;&nbsp;gpio_dir
<LI><a href="#[c3]">&gt;&gt;</a>&nbsp;&nbsp;&nbsp;mbed_die
<LI><a href="#[d4]">&gt;&gt;</a>&nbsp;&nbsp;&nbsp;gpio_init_out
<LI><a href="#[d6]">&gt;&gt;</a>&nbsp;&nbsp;&nbsp;gpio_init_out_ex
</UL>

<P><STRONG><a name="[c3]"></a>mbed_die</STRONG> (Thumb, 180 bytes, Stack size 0 bytes, mbed/TARGET_NRF51_DK/TOOLCHAIN_ARM_STD/mbed_board.o(i.mbed_die))
<BR><BR>[Calls]<UL><LI><a href="#[cf]">&gt;&gt;</a>&nbsp;&nbsp;&nbsp;mbed_assert_internal
<LI><a href="#[d9]">&gt;&gt;</a>&nbsp;&nbsp;&nbsp;wait_ms
<LI><a href="#[d4]">&gt;&gt;</a>&nbsp;&nbsp;&nbsp;gpio_init_out
</UL>
<BR>[Called By]<UL><LI><a href="#[cf]">&gt;&gt;</a>&nbsp;&nbsp;&nbsp;mbed_assert_internal
<LI><a href="#[80]">&gt;&gt;</a>&nbsp;&nbsp;&nbsp;exit
</UL>

<P><STRONG><a name="[d8]"></a>mbed_error_printf</STRONG> (Thumb, 80 bytes, Stack size 0 bytes, mbed/TARGET_NRF51_DK/TOOLCHAIN_ARM_STD/mbed_board.o(i.mbed_error_printf))
<BR><BR>[Calls]<UL><LI><a href="#[db]">&gt;&gt;</a>&nbsp;&nbsp;&nbsp;serial_putc
<LI><a href="#[da]">&gt;&gt;</a>&nbsp;&nbsp;&nbsp;serial_init
<LI><a href="#[bc]">&gt;&gt;</a>&nbsp;&nbsp;&nbsp;core_util_critical_section_exit
<LI><a href="#[bb]">&gt;&gt;</a>&nbsp;&nbsp;&nbsp;core_util_critical_section_enter
<LI><a href="#[81]">&gt;&gt;</a>&nbsp;&nbsp;&nbsp;vsnprintf
</UL>
<BR>[Called By]<UL><LI><a href="#[cf]">&gt;&gt;</a>&nbsp;&nbsp;&nbsp;mbed_assert_internal
</UL>

<P><STRONG><a name="[b4]"></a>mbed_main</STRONG> (Thumb, 2 bytes, Stack size 0 bytes, mbed/TARGET_NRF51_DK/TOOLCHAIN_ARM_STD/mbed_sdk_boot.o(i.mbed_main))
<BR><BR>[Called By]<UL><LI><a href="#[7f]">&gt;&gt;</a>&nbsp;&nbsp;&nbsp;main
</UL>

<P><STRONG><a name="[b9]"></a>mbed_sdk_init</STRONG> (Thumb, 2 bytes, Stack size 0 bytes, mbed/TARGET_NRF51_DK/TOOLCHAIN_ARM_STD/mbed_sdk_boot.o(i.mbed_sdk_init))
<BR><BR>[Called By]<UL><LI><a href="#[7b]">&gt;&gt;</a>&nbsp;&nbsp;&nbsp;_platform_post_stackheap_init
</UL>

<P><STRONG><a name="[c0]"></a>nrf_drv_common_irq_enable</STRONG> (Thumb, 88 bytes, Stack size 0 bytes, mbed/TARGET_NRF51_DK/TOOLCHAIN_ARM_STD/nrf_drv_common.o(i.nrf_drv_common_irq_enable))
<BR><BR>[Called By]<UL><LI><a href="#[d3]">&gt;&gt;</a>&nbsp;&nbsp;&nbsp;nrf_drv_gpiote_init
<LI><a href="#[da]">&gt;&gt;</a>&nbsp;&nbsp;&nbsp;serial_init
<LI><a href="#[be]">&gt;&gt;</a>&nbsp;&nbsp;&nbsp;common_rtc_init
<LI><a href="#[43]">&gt;&gt;</a>&nbsp;&nbsp;&nbsp;us_ticker_read
<LI><a href="#[42]">&gt;&gt;</a>&nbsp;&nbsp;&nbsp;us_ticker_init
</UL>

<P><STRONG><a name="[cc]"></a>nrf_drv_gpiote_in_event_enable</STRONG> (Thumb, 140 bytes, Stack size 0 bytes, mbed/TARGET_NRF51_DK/TOOLCHAIN_ARM_STD/nrf_drv_gpiote.o(i.nrf_drv_gpiote_in_event_enable))
<BR><BR>[Called By]<UL><LI><a href="#[ca]">&gt;&gt;</a>&nbsp;&nbsp;&nbsp;gpio_apply_config
</UL>

<P><STRONG><a name="[cb]"></a>nrf_drv_gpiote_in_init</STRONG> (Thumb, 186 bytes, Stack size 0 bytes, mbed/TARGET_NRF51_DK/TOOLCHAIN_ARM_STD/nrf_drv_gpiote.o(i.nrf_drv_gpiote_in_init))
<BR><BR>[Called By]<UL><LI><a href="#[ca]">&gt;&gt;</a>&nbsp;&nbsp;&nbsp;gpio_apply_config
</UL>

<P><STRONG><a name="[d1]"></a>nrf_drv_gpiote_in_uninit</STRONG> (Thumb, 108 bytes, Stack size 0 bytes, mbed/TARGET_NRF51_DK/TOOLCHAIN_ARM_STD/nrf_drv_gpiote.o(i.nrf_drv_gpiote_in_uninit))
<BR><BR>[Called By]<UL><LI><a href="#[d5]">&gt;&gt;</a>&nbsp;&nbsp;&nbsp;gpio_mode
<LI><a href="#[ce]">&gt;&gt;</a>&nbsp;&nbsp;&nbsp;gpio_dir
</UL>

<P><STRONG><a name="[d3]"></a>nrf_drv_gpiote_init</STRONG> (Thumb, 78 bytes, Stack size 0 bytes, mbed/TARGET_NRF51_DK/TOOLCHAIN_ARM_STD/nrf_drv_gpiote.o(i.nrf_drv_gpiote_init))
<BR><BR>[Calls]<UL><LI><a href="#[c0]">&gt;&gt;</a>&nbsp;&nbsp;&nbsp;nrf_drv_common_irq_enable
<LI><a href="#[88]">&gt;&gt;</a>&nbsp;&nbsp;&nbsp;__aeabi_memset
</UL>
<BR>[Called By]<UL><LI><a href="#[d2]">&gt;&gt;</a>&nbsp;&nbsp;&nbsp;gpio_init
</UL>

<P><STRONG><a name="[cd]"></a>nrf_drv_gpiote_out_init</STRONG> (Thumb, 178 bytes, Stack size 0 bytes, mbed/TARGET_NRF51_DK/TOOLCHAIN_ARM_STD/nrf_drv_gpiote.o(i.nrf_drv_gpiote_out_init))
<BR><BR>[Called By]<UL><LI><a href="#[ca]">&gt;&gt;</a>&nbsp;&nbsp;&nbsp;gpio_apply_config
</UL>

<P><STRONG><a name="[d0]"></a>nrf_drv_gpiote_out_uninit</STRONG> (Thumb, 66 bytes, Stack size 0 bytes, mbed/TARGET_NRF51_DK/TOOLCHAIN_ARM_STD/nrf_drv_gpiote.o(i.nrf_drv_gpiote_out_uninit))
<BR><BR>[Called By]<UL><LI><a href="#[d5]">&gt;&gt;</a>&nbsp;&nbsp;&nbsp;gpio_mode
<LI><a href="#[ce]">&gt;&gt;</a>&nbsp;&nbsp;&nbsp;gpio_dir
</UL>

<P><STRONG><a name="[31]"></a>nrf_reloc_vector_table</STRONG> (Thumb, 18 bytes, Stack size 0 bytes, mbed/TARGET_NRF51_DK/TOOLCHAIN_ARM_STD/reloc_vector_table.o(i.nrf_reloc_vector_table))
<BR><BR>[Calls]<UL><LI><a href="#[dc]">&gt;&gt;</a>&nbsp;&nbsp;&nbsp;__aeabi_memcpy4
</UL>
<BR>[Address Reference Count : 1]<UL><LI> startup_nRF51822.o(.text)
</UL>
<P><STRONG><a name="[da]"></a>serial_init</STRONG> (Thumb, 314 bytes, Stack size 0 bytes, mbed/TARGET_NRF51_DK/TOOLCHAIN_ARM_STD/serial_api.o(i.serial_init))
<BR><BR>[Calls]<UL><LI><a href="#[c0]">&gt;&gt;</a>&nbsp;&nbsp;&nbsp;nrf_drv_common_irq_enable
<LI><a href="#[bf]">&gt;&gt;</a>&nbsp;&nbsp;&nbsp;NVIC_SetVector
<LI><a href="#[e1]">&gt;&gt;</a>&nbsp;&nbsp;&nbsp;internal_set_hwfc
</UL>
<BR>[Called By]<UL><LI><a href="#[d8]">&gt;&gt;</a>&nbsp;&nbsp;&nbsp;mbed_error_printf
</UL>

<P><STRONG><a name="[db]"></a>serial_putc</STRONG> (Thumb, 32 bytes, Stack size 0 bytes, mbed/TARGET_NRF51_DK/TOOLCHAIN_ARM_STD/serial_api.o(i.serial_putc))
<BR><BR>[Called By]<UL><LI><a href="#[d8]">&gt;&gt;</a>&nbsp;&nbsp;&nbsp;mbed_error_printf
</UL>

<P><STRONG><a name="[d7]"></a>ticker_irq_handler</STRONG> (Thumb, 94 bytes, Stack size 0 bytes, mbed/TARGET_NRF51_DK/TOOLCHAIN_ARM_STD/mbed.ar(mbed_ticker_api.o)(i.ticker_irq_handler))
<BR><BR>[Calls]<UL><LI><a href="#[df]">&gt;&gt;</a>&nbsp;&nbsp;&nbsp;schedule_interrupt
</UL>
<BR>[Called By]<UL><LI><a href="#[b6]">&gt;&gt;</a>&nbsp;&nbsp;&nbsp;us_ticker_irq_handler
<LI><a href="#[b7]">&gt;&gt;</a>&nbsp;&nbsp;&nbsp;lp_ticker_irq_handler
</UL>

<P><STRONG><a name="[e2]"></a>ticker_read</STRONG> (Thumb, 64 bytes, Stack size 0 bytes, mbed/TARGET_NRF51_DK/TOOLCHAIN_ARM_STD/mbed.ar(mbed_ticker_api.o)(i.ticker_read))
<BR><BR>[Calls]<UL><LI><a href="#[e0]">&gt;&gt;</a>&nbsp;&nbsp;&nbsp;update_present_time
<LI><a href="#[df]">&gt;&gt;</a>&nbsp;&nbsp;&nbsp;schedule_interrupt
</UL>
<BR>[Called By]<UL><LI><a href="#[d9]">&gt;&gt;</a>&nbsp;&nbsp;&nbsp;wait_ms
</UL>

<P><STRONG><a name="[45]"></a>us_ticker_clear_interrupt</STRONG> (Thumb, 8 bytes, Stack size 0 bytes, mbed/TARGET_NRF51_DK/TOOLCHAIN_ARM_STD/us_ticker.o(i.us_ticker_clear_interrupt))
<BR>[Address Reference Count : 1]<UL><LI> mbed_us_ticker_api.o(.constdata)
</UL>
<P><STRONG><a name="[44]"></a>us_ticker_disable_interrupt</STRONG> (Thumb, 10 bytes, Stack size 0 bytes, mbed/TARGET_NRF51_DK/TOOLCHAIN_ARM_STD/us_ticker.o(i.us_ticker_disable_interrupt))
<BR>[Address Reference Count : 1]<UL><LI> mbed_us_ticker_api.o(.constdata)
</UL>
<P><STRONG><a name="[47]"></a>us_ticker_fire_interrupt</STRONG> (Thumb, 66 bytes, Stack size 0 bytes, mbed/TARGET_NRF51_DK/TOOLCHAIN_ARM_STD/us_ticker.o(i.us_ticker_fire_interrupt))
<BR><BR>[Calls]<UL><LI><a href="#[bc]">&gt;&gt;</a>&nbsp;&nbsp;&nbsp;core_util_critical_section_exit
<LI><a href="#[bb]">&gt;&gt;</a>&nbsp;&nbsp;&nbsp;core_util_critical_section_enter
</UL>
<BR>[Address Reference Count : 1]<UL><LI> mbed_us_ticker_api.o(.constdata)
</UL>
<P><STRONG><a name="[42]"></a>us_ticker_init</STRONG> (Thumb, 70 bytes, Stack size 0 bytes, mbed/TARGET_NRF51_DK/TOOLCHAIN_ARM_STD/us_ticker.o(i.us_ticker_init))
<BR><BR>[Calls]<UL><LI><a href="#[c0]">&gt;&gt;</a>&nbsp;&nbsp;&nbsp;nrf_drv_common_irq_enable
<LI><a href="#[bf]">&gt;&gt;</a>&nbsp;&nbsp;&nbsp;NVIC_SetVector
</UL>
<BR>[Address Reference Count : 1]<UL><LI> mbed_us_ticker_api.o(.constdata)
</UL>
<P><STRONG><a name="[b6]"></a>us_ticker_irq_handler</STRONG> (Thumb, 10 bytes, Stack size 0 bytes, mbed/TARGET_NRF51_DK/TOOLCHAIN_ARM_STD/mbed.ar(mbed_us_ticker_api.o)(i.us_ticker_irq_handler))
<BR><BR>[Calls]<UL><LI><a href="#[d7]">&gt;&gt;</a>&nbsp;&nbsp;&nbsp;ticker_irq_handler
</UL>
<BR>[Called By]<UL><LI><a href="#[36]">&gt;&gt;</a>&nbsp;&nbsp;&nbsp;RTC1_IRQHandler
</UL>

<P><STRONG><a name="[43]"></a>us_ticker_read</STRONG> (Thumb, 138 bytes, Stack size 0 bytes, mbed/TARGET_NRF51_DK/TOOLCHAIN_ARM_STD/us_ticker.o(i.us_ticker_read))
<BR><BR>[Calls]<UL><LI><a href="#[c0]">&gt;&gt;</a>&nbsp;&nbsp;&nbsp;nrf_drv_common_irq_enable
<LI><a href="#[bf]">&gt;&gt;</a>&nbsp;&nbsp;&nbsp;NVIC_SetVector
<LI><a href="#[bc]">&gt;&gt;</a>&nbsp;&nbsp;&nbsp;core_util_critical_section_exit
<LI><a href="#[bb]">&gt;&gt;</a>&nbsp;&nbsp;&nbsp;core_util_critical_section_enter
<LI><a href="#[af]">&gt;&gt;</a>&nbsp;&nbsp;&nbsp;__ARM_common_ll_muluu
</UL>
<BR>[Address Reference Count : 1]<UL><LI> mbed_us_ticker_api.o(.constdata)
</UL>
<P><STRONG><a name="[46]"></a>us_ticker_set_interrupt</STRONG> (Thumb, 14 bytes, Stack size 0 bytes, mbed/TARGET_NRF51_DK/TOOLCHAIN_ARM_STD/us_ticker.o(i.us_ticker_set_interrupt))
<BR><BR>[Calls]<UL><LI><a href="#[c1]">&gt;&gt;</a>&nbsp;&nbsp;&nbsp;common_rtc_set_interrupt
</UL>
<BR>[Address Reference Count : 1]<UL><LI> mbed_us_ticker_api.o(.constdata)
</UL>
<P><STRONG><a name="[d9]"></a>wait_ms</STRONG> (Thumb, 36 bytes, Stack size 0 bytes, mbed/TARGET_NRF51_DK/TOOLCHAIN_ARM_STD/mbed.ar(mbed_wait_api_no_rtos.o)(i.wait_ms))
<BR><BR>[Calls]<UL><LI><a href="#[e2]">&gt;&gt;</a>&nbsp;&nbsp;&nbsp;ticker_read
<LI><a href="#[e3]">&gt;&gt;</a>&nbsp;&nbsp;&nbsp;get_us_ticker_data
</UL>
<BR>[Called By]<UL><LI><a href="#[c3]">&gt;&gt;</a>&nbsp;&nbsp;&nbsp;mbed_die
</UL>

<P><STRONG><a name="[77]"></a>_get_lc_numeric</STRONG> (Thumb, 44 bytes, Stack size 0 bytes, C:\Keil_v5\ARM\ARMCC\Bin\..\lib\armlib\c_p.l(lc_numeric_c.o)(locale$$code))
<BR><BR>[Calls]<UL><LI><a href="#[e4]">&gt;&gt;</a>&nbsp;&nbsp;&nbsp;strcmp
</UL>
<BR>[Called By]<UL><LI><a href="#[76]">&gt;&gt;</a>&nbsp;&nbsp;&nbsp;__rt_lib_init_lc_numeric_2
</UL>

<P><STRONG><a name="[35]"></a>_get_lc_ctype</STRONG> (Thumb, 44 bytes, Stack size 0 bytes, C:\Keil_v5\ARM\ARMCC\Bin\..\lib\armlib\c_p.l(lc_ctype_c.o)(locale$$code))
<BR><BR>[Calls]<UL><LI><a href="#[e4]">&gt;&gt;</a>&nbsp;&nbsp;&nbsp;strcmp
</UL>
<BR>[Called By]<UL><LI><a href="#[75]">&gt;&gt;</a>&nbsp;&nbsp;&nbsp;__rt_lib_init_lc_ctype_2
</UL>
<BR>[Address Reference Count : 1]<UL><LI> rt_ctype_table.o(.text)
</UL>
<P><STRONG><a name="[54]"></a>_printf_fp_dec</STRONG> (Thumb, 16 bytes, Stack size 0 bytes, C:\Keil_v5\ARM\ARMCC\Bin\..\lib\armlib\fz_ps.l(printf1.o)(x$fpl$printf1))
<BR><BR>[Called By]<UL><LI><a href="#[55]">&gt;&gt;</a>&nbsp;&nbsp;&nbsp;_printf_g
<LI><a href="#[53]">&gt;&gt;</a>&nbsp;&nbsp;&nbsp;_printf_e
<LI><a href="#[51]">&gt;&gt;</a>&nbsp;&nbsp;&nbsp;_printf_f
</UL>

<P><STRONG><a name="[58]"></a>_printf_fp_hex</STRONG> (Thumb, 16 bytes, Stack size 0 bytes, C:\Keil_v5\ARM\ARMCC\Bin\..\lib\armlib\fz_ps.l(printf2.o)(x$fpl$printf2))
<BR><BR>[Called By]<UL><LI><a href="#[56]">&gt;&gt;</a>&nbsp;&nbsp;&nbsp;_printf_a
</UL>
<P>
<H3>
Local Symbols
</H3>
<P><STRONG><a name="[48]"></a>fs_event_handler</STRONG> (Thumb, 10 bytes, Stack size 0 bytes, mbed/TARGET_NRF51_DK/TOOLCHAIN_ARM_STD/fds.o(i.fs_event_handler))
<BR><BR>[Calls]<UL><LI><a href="#[c6]">&gt;&gt;</a>&nbsp;&nbsp;&nbsp;queue_process
</UL>
<BR>[Address Reference Count : 1]<UL><LI> fds.o(fs_data)
</UL>
<P><STRONG><a name="[c8]"></a>gc_record_find_next</STRONG> (Thumb, 96 bytes, Stack size 0 bytes, mbed/TARGET_NRF51_DK/TOOLCHAIN_ARM_STD/fds.o(i.gc_record_find_next))
<BR><BR>[Calls]<UL><LI><a href="#[c7]">&gt;&gt;</a>&nbsp;&nbsp;&nbsp;fs_store
<LI><a href="#[c4]">&gt;&gt;</a>&nbsp;&nbsp;&nbsp;fs_erase
<LI><a href="#[c9]">&gt;&gt;</a>&nbsp;&nbsp;&nbsp;record_find_next
</UL>
<BR>[Called By]<UL><LI><a href="#[c6]">&gt;&gt;</a>&nbsp;&nbsp;&nbsp;queue_process
</UL>

<P><STRONG><a name="[c6]"></a>queue_process</STRONG> (Thumb, 1424 bytes, Stack size 0 bytes, mbed/TARGET_NRF51_DK/TOOLCHAIN_ARM_STD/fds.o(i.queue_process))
<BR><BR>[Calls]<UL><LI><a href="#[c7]">&gt;&gt;</a>&nbsp;&nbsp;&nbsp;fs_store
<LI><a href="#[c4]">&gt;&gt;</a>&nbsp;&nbsp;&nbsp;fs_erase
<LI><a href="#[dd]">&gt;&gt;</a>&nbsp;&nbsp;&nbsp;record_find_by_desc
<LI><a href="#[de]">&gt;&gt;</a>&nbsp;&nbsp;&nbsp;record_find
<LI><a href="#[c6]">&gt;&gt;</a>&nbsp;&nbsp;&nbsp;queue_process
<LI><a href="#[c8]">&gt;&gt;</a>&nbsp;&nbsp;&nbsp;gc_record_find_next
</UL>
<BR>[Called By]<UL><LI><a href="#[c6]">&gt;&gt;</a>&nbsp;&nbsp;&nbsp;queue_process
<LI><a href="#[48]">&gt;&gt;</a>&nbsp;&nbsp;&nbsp;fs_event_handler
</UL>

<P><STRONG><a name="[de]"></a>record_find</STRONG> (Thumb, 270 bytes, Stack size 0 bytes, mbed/TARGET_NRF51_DK/TOOLCHAIN_ARM_STD/fds.o(i.record_find))
<BR><BR>[Called By]<UL><LI><a href="#[c6]">&gt;&gt;</a>&nbsp;&nbsp;&nbsp;queue_process
</UL>

<P><STRONG><a name="[dd]"></a>record_find_by_desc</STRONG> (Thumb, 270 bytes, Stack size 0 bytes, mbed/TARGET_NRF51_DK/TOOLCHAIN_ARM_STD/fds.o(i.record_find_by_desc))
<BR><BR>[Called By]<UL><LI><a href="#[c6]">&gt;&gt;</a>&nbsp;&nbsp;&nbsp;queue_process
</UL>

<P><STRONG><a name="[c9]"></a>record_find_next</STRONG> (Thumb, 84 bytes, Stack size 0 bytes, mbed/TARGET_NRF51_DK/TOOLCHAIN_ARM_STD/fds.o(i.record_find_next))
<BR><BR>[Called By]<UL><LI><a href="#[c8]">&gt;&gt;</a>&nbsp;&nbsp;&nbsp;gc_record_find_next
</UL>

<P><STRONG><a name="[c5]"></a>queue_process</STRONG> (Thumb, 162 bytes, Stack size 0 bytes, mbed/TARGET_NRF51_DK/TOOLCHAIN_ARM_STD/fstorage.o(i.queue_process))
<BR><BR>[Called By]<UL><LI><a href="#[c7]">&gt;&gt;</a>&nbsp;&nbsp;&nbsp;fs_store
<LI><a href="#[c4]">&gt;&gt;</a>&nbsp;&nbsp;&nbsp;fs_erase
</UL>

<P><STRONG><a name="[ca]"></a>gpio_apply_config</STRONG> (Thumb, 166 bytes, Stack size 0 bytes, mbed/TARGET_NRF51_DK/TOOLCHAIN_ARM_STD/gpio_api.o(i.gpio_apply_config))
<BR><BR>[Calls]<UL><LI><a href="#[cb]">&gt;&gt;</a>&nbsp;&nbsp;&nbsp;nrf_drv_gpiote_in_init
<LI><a href="#[cc]">&gt;&gt;</a>&nbsp;&nbsp;&nbsp;nrf_drv_gpiote_in_event_enable
<LI><a href="#[cd]">&gt;&gt;</a>&nbsp;&nbsp;&nbsp;nrf_drv_gpiote_out_init
</UL>
<BR>[Called By]<UL><LI><a href="#[d5]">&gt;&gt;</a>&nbsp;&nbsp;&nbsp;gpio_mode
<LI><a href="#[ce]">&gt;&gt;</a>&nbsp;&nbsp;&nbsp;gpio_dir
</UL>

<P><STRONG><a name="[37]"></a>gpiote_irq_handler</STRONG> (Thumb, 72 bytes, Stack size 0 bytes, mbed/TARGET_NRF51_DK/TOOLCHAIN_ARM_STD/gpio_api.o(i.gpiote_irq_handler))
<BR>[Address Reference Count : 1]<UL><LI> gpio_api.o(i.gpio_apply_config)
</UL>
<P><STRONG><a name="[e1]"></a>internal_set_hwfc</STRONG> (Thumb, 90 bytes, Stack size 0 bytes, mbed/TARGET_NRF51_DK/TOOLCHAIN_ARM_STD/serial_api.o(i.internal_set_hwfc))
<BR><BR>[Called By]<UL><LI><a href="#[da]">&gt;&gt;</a>&nbsp;&nbsp;&nbsp;serial_init
</UL>

<P><STRONG><a name="[df]"></a>schedule_interrupt</STRONG> (Thumb, 102 bytes, Stack size 0 bytes, mbed/TARGET_NRF51_DK/TOOLCHAIN_ARM_STD/mbed.ar(mbed_ticker_api.o)(i.schedule_interrupt))
<BR><BR>[Calls]<UL><LI><a href="#[e0]">&gt;&gt;</a>&nbsp;&nbsp;&nbsp;update_present_time
</UL>
<BR>[Called By]<UL><LI><a href="#[e2]">&gt;&gt;</a>&nbsp;&nbsp;&nbsp;ticker_read
<LI><a href="#[d7]">&gt;&gt;</a>&nbsp;&nbsp;&nbsp;ticker_irq_handler
</UL>

<P><STRONG><a name="[e0]"></a>update_present_time</STRONG> (Thumb, 44 bytes, Stack size 0 bytes, mbed/TARGET_NRF51_DK/TOOLCHAIN_ARM_STD/mbed.ar(mbed_ticker_api.o)(i.update_present_time))
<BR><BR>[Called By]<UL><LI><a href="#[e2]">&gt;&gt;</a>&nbsp;&nbsp;&nbsp;ticker_read
<LI><a href="#[df]">&gt;&gt;</a>&nbsp;&nbsp;&nbsp;schedule_interrupt
</UL>

<P><STRONG><a name="[34]"></a>_printf_input_char</STRONG> (Thumb, 10 bytes, Stack size 0 bytes, C:\Keil_v5\ARM\ARMCC\Bin\..\lib\armlib\c_p.l(_printf_char_common.o)(.text))
<BR>[Address Reference Count : 1]<UL><LI> _printf_char_common.o(.text)
</UL>
<P><STRONG><a name="[a0]"></a>_fp_digits</STRONG> (Thumb, 412 bytes, Stack size 0 bytes, C:\Keil_v5\ARM\ARMCC\Bin\..\lib\armlib\c_p.l(_printf_fp_dec.o)(.text))
<BR><BR>[Calls]<UL><LI><a href="#[a3]">&gt;&gt;</a>&nbsp;&nbsp;&nbsp;_btod_ediv
<LI><a href="#[a4]">&gt;&gt;</a>&nbsp;&nbsp;&nbsp;_btod_emul
<LI><a href="#[a2]">&gt;&gt;</a>&nbsp;&nbsp;&nbsp;_btod_d2e
<LI><a href="#[a1]">&gt;&gt;</a>&nbsp;&nbsp;&nbsp;_btod_etento
<LI><a href="#[97]">&gt;&gt;</a>&nbsp;&nbsp;&nbsp;_ll_udiv10
</UL>
<BR>[Called By]<UL><LI><a href="#[3a]">&gt;&gt;</a>&nbsp;&nbsp;&nbsp;_printf_fp_dec_real
</UL>

<P><STRONG><a name="[ae]"></a>btod_internal_mul</STRONG> (Thumb, 492 bytes, Stack size 0 bytes, C:\Keil_v5\ARM\ARMCC\Bin\..\lib\armlib\c_p.l(btod.o)(.text))
<BR><BR>[Calls]<UL><LI><a href="#[af]">&gt;&gt;</a>&nbsp;&nbsp;&nbsp;__ARM_common_ll_muluu
</UL>
<BR>[Called By]<UL><LI><a href="#[b0]">&gt;&gt;</a>&nbsp;&nbsp;&nbsp;_btod_emuld
<LI><a href="#[a4]">&gt;&gt;</a>&nbsp;&nbsp;&nbsp;_btod_emul
</UL>

<P><STRONG><a name="[b1]"></a>btod_internal_div</STRONG> (Thumb, 520 bytes, Stack size 0 bytes, C:\Keil_v5\ARM\ARMCC\Bin\..\lib\armlib\c_p.l(btod.o)(.text))
<BR><BR>[Called By]<UL><LI><a href="#[b2]">&gt;&gt;</a>&nbsp;&nbsp;&nbsp;_btod_edivd
<LI><a href="#[a3]">&gt;&gt;</a>&nbsp;&nbsp;&nbsp;_btod_ediv
</UL>
<P>
<H3>
Undefined Global Symbols
</H3>
<P><STRONG><a name="[9d]"></a>__rt_lib_shutdown</STRONG> (ARM, 0 bytes, Stack size 0 bytes, UNDEFINED)
<BR><BR>[Called By]<UL><LI><a href="#[87]">&gt;&gt;</a>&nbsp;&nbsp;&nbsp;abort
</UL>

<P><STRONG><a name="[a8]"></a>_printf_mbtowc</STRONG> (ARM, 0 bytes, Stack size 0 bytes, UNDEFINED)
<BR><BR>[Called By]<UL><LI><a href="#[a7]">&gt;&gt;</a>&nbsp;&nbsp;&nbsp;_printf_cs_common
</UL>

<P><STRONG><a name="[aa]"></a>_printf_wc</STRONG> (ARM, 0 bytes, Stack size 0 bytes, UNDEFINED)
<BR><BR>[Called By]<UL><LI><a href="#[a9]">&gt;&gt;</a>&nbsp;&nbsp;&nbsp;_printf_lcs_common
</UL>
<HR></body></html>
