<!doctype html public "-//w3c//dtd html 4.0 transitional//en">
<html><head>
<title>Static Call Graph - [.\BUILD\BLE_LED.axf]</title></head>
<body><HR>
<H1>Static Call Graph for image .\BUILD\BLE_LED.axf</H1><HR>
<BR><P>#&#060CALLGRAPH&#062# ARM Linker, 5060528: Last Updated: Sat Dec 30 07:48:08 2017
<BR><P>
<H3>Maximum Stack Usage =          0 bytes + Unknown(Cycles, Untraceable Function Pointers)</H3><H3>
Call chain for Maximum Stack Depth:</H3>

<P>
<H3>
Mutually Recursive functions
</H3> <LI><a href="#[13]">NMI_Handler</a>&nbsp;&nbsp;&nbsp;&rArr;&nbsp;&nbsp;&nbsp;<a href="#[13]">NMI_Handler</a><BR>
 <LI><a href="#[14]">HardFault_Handler</a>&nbsp;&nbsp;&nbsp;&rArr;&nbsp;&nbsp;&nbsp;<a href="#[14]">HardFault_Handler</a><BR>
 <LI><a href="#[15]">MemoryManagement_Handler</a>&nbsp;&nbsp;&nbsp;&rArr;&nbsp;&nbsp;&nbsp;<a href="#[15]">MemoryManagement_Handler</a><BR>
 <LI><a href="#[16]">BusFault_Handler</a>&nbsp;&nbsp;&nbsp;&rArr;&nbsp;&nbsp;&nbsp;<a href="#[16]">BusFault_Handler</a><BR>
 <LI><a href="#[17]">UsageFault_Handler</a>&nbsp;&nbsp;&nbsp;&rArr;&nbsp;&nbsp;&nbsp;<a href="#[17]">UsageFault_Handler</a><BR>
 <LI><a href="#[18]">SVC_Handler</a>&nbsp;&nbsp;&nbsp;&rArr;&nbsp;&nbsp;&nbsp;<a href="#[18]">SVC_Handler</a><BR>
 <LI><a href="#[19]">DebugMonitor_Handler</a>&nbsp;&nbsp;&nbsp;&rArr;&nbsp;&nbsp;&nbsp;<a href="#[19]">DebugMonitor_Handler</a><BR>
 <LI><a href="#[1a]">PendSV_Handler</a>&nbsp;&nbsp;&nbsp;&rArr;&nbsp;&nbsp;&nbsp;<a href="#[1a]">PendSV_Handler</a><BR>
 <LI><a href="#[1b]">SysTick_Handler</a>&nbsp;&nbsp;&nbsp;&rArr;&nbsp;&nbsp;&nbsp;<a href="#[1b]">SysTick_Handler</a><BR>
 <LI><a href="#[2b]">CCM_AAR_IRQHandler</a>&nbsp;&nbsp;&nbsp;&rArr;&nbsp;&nbsp;&nbsp;<a href="#[2b]">CCM_AAR_IRQHandler</a><BR>
 <LI><a href="#[135]">mbed_assert_internal</a>&nbsp;&nbsp;&nbsp;&rArr;&nbsp;&nbsp;&nbsp;<a href="#[1c5]">mbed_die</a><BR>
 <LI><a href="#[1ca]">queue_process</a>&nbsp;&nbsp;&nbsp;&rArr;&nbsp;&nbsp;&nbsp;<a href="#[1ca]">queue_process</a><BR>
</UL>
<P>
<H3>
Function Pointers
</H3><UL>
 <LI><a href="#[4a]">&lang;Func3&rang;</a> from mbed/TARGET_NRF52_DK/TOOLCHAIN_ARM_STD/mbed.ar(SerialBase.o)(i.<Func3>) referenced from mbed/TARGET_NRF52_DK/TOOLCHAIN_ARM_STD/mbed.ar(SerialBase.o)(i._ZN4mbed10SerialBaseC1E7PinNameS1_i)
 <LI><a href="#[16]">BusFault_Handler</a> from mbed/TARGET_NRF52_DK/TOOLCHAIN_ARM_STD/startup_nrf52832.o(.text) referenced from mbed/TARGET_NRF52_DK/TOOLCHAIN_ARM_STD/startup_nrf52832.o(RESET)
 <LI><a href="#[2b]">CCM_AAR_IRQHandler</a> from mbed/TARGET_NRF52_DK/TOOLCHAIN_ARM_STD/startup_nrf52832.o(.text) referenced from mbed/TARGET_NRF52_DK/TOOLCHAIN_ARM_STD/startup_nrf52832.o(RESET)
 <LI><a href="#[2f]">COMP_LPCOMP_IRQHandler_v</a> from mbed/TARGET_NRF52_DK/TOOLCHAIN_ARM_STD/startup_nrf52832.o(.text) referenced from mbed/TARGET_NRF52_DK/TOOLCHAIN_ARM_STD/startup_nrf52832.o(RESET)
 <LI><a href="#[19]">DebugMonitor_Handler</a> from mbed/TARGET_NRF52_DK/TOOLCHAIN_ARM_STD/startup_nrf52832.o(.text) referenced from mbed/TARGET_NRF52_DK/TOOLCHAIN_ARM_STD/startup_nrf52832.o(RESET)
 <LI><a href="#[2a]">ECB_IRQHandler</a> from mbed/TARGET_NRF52_DK/TOOLCHAIN_ARM_STD/startup_nrf52832.o(.text) referenced from mbed/TARGET_NRF52_DK/TOOLCHAIN_ARM_STD/startup_nrf52832.o(RESET)
 <LI><a href="#[40]">FPU_IRQHandler_v</a> from mbed/TARGET_NRF52_DK/TOOLCHAIN_ARM_STD/startup_nrf52832.o(.text) referenced from mbed/TARGET_NRF52_DK/TOOLCHAIN_ARM_STD/startup_nrf52832.o(RESET)
 <LI><a href="#[58]">GPIOTE_IRQHandler</a> from mbed/TARGET_NRF52_DK/TOOLCHAIN_ARM_STD/nrf_drv_gpiote.o(i.GPIOTE_IRQHandler) referenced from mbed/TARGET_NRF52_DK/TOOLCHAIN_ARM_STD/gpio_api.o(i.gpio_init)
 <LI><a href="#[22]">GPIOTE_IRQHandler_v</a> from mbed/TARGET_NRF52_DK/TOOLCHAIN_ARM_STD/startup_nrf52832.o(.text) referenced from mbed/TARGET_NRF52_DK/TOOLCHAIN_ARM_STD/startup_nrf52832.o(RESET)
 <LI><a href="#[14]">HardFault_Handler</a> from mbed/TARGET_NRF52_DK/TOOLCHAIN_ARM_STD/startup_nrf52832.o(.text) referenced from mbed/TARGET_NRF52_DK/TOOLCHAIN_ARM_STD/startup_nrf52832.o(RESET)
 <LI><a href="#[3f]">I2S_IRQHandler_v</a> from mbed/TARGET_NRF52_DK/TOOLCHAIN_ARM_STD/startup_nrf52832.o(.text) referenced from mbed/TARGET_NRF52_DK/TOOLCHAIN_ARM_STD/startup_nrf52832.o(RESET)
 <LI><a href="#[3a]">MWU_IRQHandler</a> from mbed/TARGET_NRF52_DK/TOOLCHAIN_ARM_STD/startup_nrf52832.o(.text) referenced from mbed/TARGET_NRF52_DK/TOOLCHAIN_ARM_STD/startup_nrf52832.o(RESET)
 <LI><a href="#[15]">MemoryManagement_Handler</a> from mbed/TARGET_NRF52_DK/TOOLCHAIN_ARM_STD/startup_nrf52832.o(.text) referenced from mbed/TARGET_NRF52_DK/TOOLCHAIN_ARM_STD/startup_nrf52832.o(RESET)
 <LI><a href="#[21]">NFCT_IRQHandler_v</a> from mbed/TARGET_NRF52_DK/TOOLCHAIN_ARM_STD/startup_nrf52832.o(.text) referenced from mbed/TARGET_NRF52_DK/TOOLCHAIN_ARM_STD/startup_nrf52832.o(RESET)
 <LI><a href="#[13]">NMI_Handler</a> from mbed/TARGET_NRF52_DK/TOOLCHAIN_ARM_STD/startup_nrf52832.o(.text) referenced from mbed/TARGET_NRF52_DK/TOOLCHAIN_ARM_STD/startup_nrf52832.o(RESET)
 <LI><a href="#[39]">PDM_IRQHandler_v</a> from mbed/TARGET_NRF52_DK/TOOLCHAIN_ARM_STD/startup_nrf52832.o(.text) referenced from mbed/TARGET_NRF52_DK/TOOLCHAIN_ARM_STD/startup_nrf52832.o(RESET)
 <LI><a href="#[1c]">POWER_CLOCK_IRQHandler</a> from mbed/TARGET_NRF52_DK/TOOLCHAIN_ARM_STD/startup_nrf52832.o(.text) referenced from mbed/TARGET_NRF52_DK/TOOLCHAIN_ARM_STD/startup_nrf52832.o(RESET)
 <LI><a href="#[5c]">PWM0_IRQHandler</a> from mbed/TARGET_NRF52_DK/TOOLCHAIN_ARM_STD/nrf_drv_pwm.o(i.PWM0_IRQHandler) referenced from mbed/TARGET_NRF52_DK/TOOLCHAIN_ARM_STD/pwmout_api.o(.constdata)
 <LI><a href="#[38]">PWM0_IRQHandler_v</a> from mbed/TARGET_NRF52_DK/TOOLCHAIN_ARM_STD/startup_nrf52832.o(.text) referenced from mbed/TARGET_NRF52_DK/TOOLCHAIN_ARM_STD/startup_nrf52832.o(RESET)
 <LI><a href="#[5d]">PWM1_IRQHandler</a> from mbed/TARGET_NRF52_DK/TOOLCHAIN_ARM_STD/nrf_drv_pwm.o(i.PWM1_IRQHandler) referenced from mbed/TARGET_NRF52_DK/TOOLCHAIN_ARM_STD/pwmout_api.o(.constdata)
 <LI><a href="#[3b]">PWM1_IRQHandler_v</a> from mbed/TARGET_NRF52_DK/TOOLCHAIN_ARM_STD/startup_nrf52832.o(.text) referenced from mbed/TARGET_NRF52_DK/TOOLCHAIN_ARM_STD/startup_nrf52832.o(RESET)
 <LI><a href="#[5e]">PWM2_IRQHandler</a> from mbed/TARGET_NRF52_DK/TOOLCHAIN_ARM_STD/nrf_drv_pwm.o(i.PWM2_IRQHandler) referenced from mbed/TARGET_NRF52_DK/TOOLCHAIN_ARM_STD/pwmout_api.o(.constdata)
 <LI><a href="#[3c]">PWM2_IRQHandler_v</a> from mbed/TARGET_NRF52_DK/TOOLCHAIN_ARM_STD/startup_nrf52832.o(.text) referenced from mbed/TARGET_NRF52_DK/TOOLCHAIN_ARM_STD/startup_nrf52832.o(RESET)
 <LI><a href="#[1a]">PendSV_Handler</a> from mbed/TARGET_NRF52_DK/TOOLCHAIN_ARM_STD/startup_nrf52832.o(.text) referenced from mbed/TARGET_NRF52_DK/TOOLCHAIN_ARM_STD/startup_nrf52832.o(RESET)
 <LI><a href="#[2e]">QDEC_IRQHandler_v</a> from mbed/TARGET_NRF52_DK/TOOLCHAIN_ARM_STD/startup_nrf52832.o(.text) referenced from mbed/TARGET_NRF52_DK/TOOLCHAIN_ARM_STD/startup_nrf52832.o(RESET)
 <LI><a href="#[1d]">RADIO_IRQHandler</a> from mbed/TARGET_NRF52_DK/TOOLCHAIN_ARM_STD/startup_nrf52832.o(.text) referenced from mbed/TARGET_NRF52_DK/TOOLCHAIN_ARM_STD/startup_nrf52832.o(RESET)
 <LI><a href="#[29]">RNG_IRQHandler</a> from mbed/TARGET_NRF52_DK/TOOLCHAIN_ARM_STD/startup_nrf52832.o(.text) referenced from mbed/TARGET_NRF52_DK/TOOLCHAIN_ARM_STD/startup_nrf52832.o(RESET)
 <LI><a href="#[27]">RTC0_IRQHandler</a> from mbed/TARGET_NRF52_DK/TOOLCHAIN_ARM_STD/startup_nrf52832.o(.text) referenced from mbed/TARGET_NRF52_DK/TOOLCHAIN_ARM_STD/startup_nrf52832.o(RESET)
 <LI><a href="#[56]">RTC1_IRQHandler</a> from mbed/TARGET_NRF52_DK/TOOLCHAIN_ARM_STD/us_ticker.o(i.RTC1_IRQHandler) referenced from mbed/TARGET_NRF52_DK/TOOLCHAIN_ARM_STD/us_ticker.o(i.common_rtc_init)
 <LI><a href="#[56]">RTC1_IRQHandler</a> from mbed/TARGET_NRF52_DK/TOOLCHAIN_ARM_STD/us_ticker.o(i.RTC1_IRQHandler) referenced from mbed/TARGET_NRF52_DK/TOOLCHAIN_ARM_STD/us_ticker.o(i.us_ticker_init)
 <LI><a href="#[56]">RTC1_IRQHandler</a> from mbed/TARGET_NRF52_DK/TOOLCHAIN_ARM_STD/us_ticker.o(i.RTC1_IRQHandler) referenced from mbed/TARGET_NRF52_DK/TOOLCHAIN_ARM_STD/us_ticker.o(i.us_ticker_read)
 <LI><a href="#[2d]">RTC1_IRQHandler_v</a> from mbed/TARGET_NRF52_DK/TOOLCHAIN_ARM_STD/startup_nrf52832.o(.text) referenced from mbed/TARGET_NRF52_DK/TOOLCHAIN_ARM_STD/startup_nrf52832.o(RESET)
 <LI><a href="#[3e]">RTC2_IRQHandler_v</a> from mbed/TARGET_NRF52_DK/TOOLCHAIN_ARM_STD/startup_nrf52832.o(.text) referenced from mbed/TARGET_NRF52_DK/TOOLCHAIN_ARM_STD/startup_nrf52832.o(RESET)
 <LI><a href="#[12]">Reset_Handler</a> from mbed/TARGET_NRF52_DK/TOOLCHAIN_ARM_STD/startup_nrf52832.o(.text) referenced from mbed/TARGET_NRF52_DK/TOOLCHAIN_ARM_STD/startup_nrf52832.o(RESET)
 <LI><a href="#[54]">SAADC_IRQHandler</a> from mbed/TARGET_NRF52_DK/TOOLCHAIN_ARM_STD/nrf_drv_saadc.o(i.SAADC_IRQHandler) referenced from mbed/TARGET_NRF52_DK/TOOLCHAIN_ARM_STD/analogin_api.o(i.analogin_init)
 <LI><a href="#[23]">SAADC_IRQHandler_v</a> from mbed/TARGET_NRF52_DK/TOOLCHAIN_ARM_STD/startup_nrf52832.o(.text) referenced from mbed/TARGET_NRF52_DK/TOOLCHAIN_ARM_STD/startup_nrf52832.o(RESET)
 <LI><a href="#[1f]">SPIM0_SPIS0_TWIM0_TWIS0_SPI0_TWI0_IRQHandler_v</a> from mbed/TARGET_NRF52_DK/TOOLCHAIN_ARM_STD/startup_nrf52832.o(.text) referenced from mbed/TARGET_NRF52_DK/TOOLCHAIN_ARM_STD/startup_nrf52832.o(RESET)
 <LI><a href="#[20]">SPIM1_SPIS1_TWIM1_TWIS1_SPI1_TWI1_IRQHandler_v</a> from mbed/TARGET_NRF52_DK/TOOLCHAIN_ARM_STD/startup_nrf52832.o(.text) referenced from mbed/TARGET_NRF52_DK/TOOLCHAIN_ARM_STD/startup_nrf52832.o(RESET)
 <LI><a href="#[3d]">SPIM2_SPIS2_SPI2_IRQHandler_v</a> from mbed/TARGET_NRF52_DK/TOOLCHAIN_ARM_STD/startup_nrf52832.o(.text) referenced from mbed/TARGET_NRF52_DK/TOOLCHAIN_ARM_STD/startup_nrf52832.o(RESET)
 <LI><a href="#[18]">SVC_Handler</a> from mbed/TARGET_NRF52_DK/TOOLCHAIN_ARM_STD/startup_nrf52832.o(.text) referenced from mbed/TARGET_NRF52_DK/TOOLCHAIN_ARM_STD/startup_nrf52832.o(RESET)
 <LI><a href="#[30]">SWI0_EGU0_IRQHandler_v</a> from mbed/TARGET_NRF52_DK/TOOLCHAIN_ARM_STD/startup_nrf52832.o(.text) referenced from mbed/TARGET_NRF52_DK/TOOLCHAIN_ARM_STD/startup_nrf52832.o(RESET)
 <LI><a href="#[31]">SWI1_EGU1_IRQHandler_v</a> from mbed/TARGET_NRF52_DK/TOOLCHAIN_ARM_STD/startup_nrf52832.o(.text) referenced from mbed/TARGET_NRF52_DK/TOOLCHAIN_ARM_STD/startup_nrf52832.o(RESET)
 <LI><a href="#[32]">SWI2_EGU2_IRQHandler_v</a> from mbed/TARGET_NRF52_DK/TOOLCHAIN_ARM_STD/startup_nrf52832.o(.text) referenced from mbed/TARGET_NRF52_DK/TOOLCHAIN_ARM_STD/startup_nrf52832.o(RESET)
 <LI><a href="#[33]">SWI3_EGU3_IRQHandler_v</a> from mbed/TARGET_NRF52_DK/TOOLCHAIN_ARM_STD/startup_nrf52832.o(.text) referenced from mbed/TARGET_NRF52_DK/TOOLCHAIN_ARM_STD/startup_nrf52832.o(RESET)
 <LI><a href="#[34]">SWI4_EGU4_IRQHandler</a> from mbed/TARGET_NRF52_DK/TOOLCHAIN_ARM_STD/startup_nrf52832.o(.text) referenced from mbed/TARGET_NRF52_DK/TOOLCHAIN_ARM_STD/startup_nrf52832.o(RESET)
 <LI><a href="#[35]">SWI5_EGU5_IRQHandler</a> from mbed/TARGET_NRF52_DK/TOOLCHAIN_ARM_STD/startup_nrf52832.o(.text) referenced from mbed/TARGET_NRF52_DK/TOOLCHAIN_ARM_STD/startup_nrf52832.o(RESET)
 <LI><a href="#[1b]">SysTick_Handler</a> from mbed/TARGET_NRF52_DK/TOOLCHAIN_ARM_STD/startup_nrf52832.o(.text) referenced from mbed/TARGET_NRF52_DK/TOOLCHAIN_ARM_STD/startup_nrf52832.o(RESET)
 <LI><a href="#[41]">SystemInit</a> from mbed/TARGET_NRF52_DK/TOOLCHAIN_ARM_STD/system_nrf52.o(i.SystemInit) referenced from mbed/TARGET_NRF52_DK/TOOLCHAIN_ARM_STD/startup_nrf52832.o(.text)
 <LI><a href="#[28]">TEMP_IRQHandler_v</a> from mbed/TARGET_NRF52_DK/TOOLCHAIN_ARM_STD/startup_nrf52832.o(.text) referenced from mbed/TARGET_NRF52_DK/TOOLCHAIN_ARM_STD/startup_nrf52832.o(RESET)
 <LI><a href="#[24]">TIMER0_IRQHandler_v</a> from mbed/TARGET_NRF52_DK/TOOLCHAIN_ARM_STD/startup_nrf52832.o(.text) referenced from mbed/TARGET_NRF52_DK/TOOLCHAIN_ARM_STD/startup_nrf52832.o(RESET)
 <LI><a href="#[25]">TIMER1_IRQHandler_v</a> from mbed/TARGET_NRF52_DK/TOOLCHAIN_ARM_STD/startup_nrf52832.o(.text) referenced from mbed/TARGET_NRF52_DK/TOOLCHAIN_ARM_STD/startup_nrf52832.o(RESET)
 <LI><a href="#[26]">TIMER2_IRQHandler_v</a> from mbed/TARGET_NRF52_DK/TOOLCHAIN_ARM_STD/startup_nrf52832.o(.text) referenced from mbed/TARGET_NRF52_DK/TOOLCHAIN_ARM_STD/startup_nrf52832.o(RESET)
 <LI><a href="#[36]">TIMER3_IRQHandler_v</a> from mbed/TARGET_NRF52_DK/TOOLCHAIN_ARM_STD/startup_nrf52832.o(.text) referenced from mbed/TARGET_NRF52_DK/TOOLCHAIN_ARM_STD/startup_nrf52832.o(RESET)
 <LI><a href="#[37]">TIMER4_IRQHandler_v</a> from mbed/TARGET_NRF52_DK/TOOLCHAIN_ARM_STD/startup_nrf52832.o(.text) referenced from mbed/TARGET_NRF52_DK/TOOLCHAIN_ARM_STD/startup_nrf52832.o(RESET)
 <LI><a href="#[5b]">UARTE0_UART0_IRQHandler</a> from mbed/TARGET_NRF52_DK/TOOLCHAIN_ARM_STD/serial_api.o(i.UARTE0_UART0_IRQHandler) referenced from mbed/TARGET_NRF52_DK/TOOLCHAIN_ARM_STD/serial_api.o(i.serial_init)
 <LI><a href="#[1e]">UARTE0_UART0_IRQHandler_v</a> from mbed/TARGET_NRF52_DK/TOOLCHAIN_ARM_STD/startup_nrf52832.o(.text) referenced from mbed/TARGET_NRF52_DK/TOOLCHAIN_ARM_STD/startup_nrf52832.o(RESET)
 <LI><a href="#[17]">UsageFault_Handler</a> from mbed/TARGET_NRF52_DK/TOOLCHAIN_ARM_STD/startup_nrf52832.o(.text) referenced from mbed/TARGET_NRF52_DK/TOOLCHAIN_ARM_STD/startup_nrf52832.o(RESET)
 <LI><a href="#[2c]">WDT_IRQHandler_v</a> from mbed/TARGET_NRF52_DK/TOOLCHAIN_ARM_STD/startup_nrf52832.o(.text) referenced from mbed/TARGET_NRF52_DK/TOOLCHAIN_ARM_STD/startup_nrf52832.o(RESET)
 <LI><a href="#[59]">tickSec()</a> from .\build\mainforsx1276.o(i._Z7tickSecv) referenced from .\build\mainforsx1276.o(i.main)
 <LI><a href="#[5a]">tickmSec()</a> from .\build\mainforsx1276.o(i._Z8tickmSecv) referenced from .\build\mainforsx1276.o(i.main)
 <LI><a href="#[4e]">attimeout()</a> from .\build\uttecutil.o(i._Z9attimeoutv) referenced from .\build\uttecutil.o(i._ZN9UttecUtil12setWdtReloadEv)
 <LI><a href="#[4e]">attimeout()</a> from .\build\uttecutil.o(i._Z9attimeoutv) referenced from .\build\uttecutil.o(i._ZN9UttecUtil6setWdtEh)
 <LI><a href="#[6e]">mbed::FileHandle::size()</a> from mbed/TARGET_NRF52_DK/TOOLCHAIN_ARM_STD/mbed.ar(FileHandle.o)(i._ZN4mbed10FileHandle4sizeEv) referenced from mbed/TARGET_NRF52_DK/TOOLCHAIN_ARM_STD/mbed.ar(FileHandle.o)(.constdata__ZTVN4mbed10FileHandleE)
 <LI><a href="#[6d]">mbed::FileHandle::isatty()</a> from mbed/TARGET_NRF52_DK/TOOLCHAIN_ARM_STD/mbed.ar(FileHandle.o)(i._ZN4mbed10FileHandle6isattyEv) referenced from mbed/TARGET_NRF52_DK/TOOLCHAIN_ARM_STD/mbed.ar(FileHandle.o)(.constdata__ZTVN4mbed10FileHandleE)
 <LI><a href="#[4b]">mbed::SerialBase::_irq_handler(unsigned, SerialIrq)</a> from mbed/TARGET_NRF52_DK/TOOLCHAIN_ARM_STD/mbed.ar(SerialBase.o)(i._ZN4mbed10SerialBase12_irq_handlerEj9SerialIrq) referenced from mbed/TARGET_NRF52_DK/TOOLCHAIN_ARM_STD/mbed.ar(SerialBase.o)(i._ZN4mbed10SerialBaseC1E7PinNameS1_i)
 <LI><a href="#[5f]">mbed::SerialBase::interrupt_handler_asynch()</a> from mbed/TARGET_NRF52_DK/TOOLCHAIN_ARM_STD/mbed.ar(SerialBase.o)(i._ZN4mbed10SerialBase24interrupt_handler_asynchEv) referenced from mbed/TARGET_NRF52_DK/TOOLCHAIN_ARM_STD/mbed.ar(SerialBase.o)(.constdata)
 <LI><a href="#[6f]">mbed::SerialBase::lock()</a> from mbed/TARGET_NRF52_DK/TOOLCHAIN_ARM_STD/mbed.ar(SerialBase.o)(i._ZN4mbed10SerialBase4lockEv) referenced from mbed/TARGET_NRF52_DK/TOOLCHAIN_ARM_STD/mbed.ar(SerialBase.o)(.constdata__ZTVN4mbed10SerialBaseE)
 <LI><a href="#[70]">mbed::SerialBase::unlock()</a> from mbed/TARGET_NRF52_DK/TOOLCHAIN_ARM_STD/mbed.ar(SerialBase.o)(i._ZN4mbed10SerialBase6unlockEv) referenced from mbed/TARGET_NRF52_DK/TOOLCHAIN_ARM_STD/mbed.ar(SerialBase.o)(.constdata__ZTVN4mbed10SerialBaseE)
 <LI><a href="#[71]">mbed::SerialBase::~SerialBase()</a> from mbed/TARGET_NRF52_DK/TOOLCHAIN_ARM_STD/mbed.ar(SerialBase.o)(i._ZN4mbed10SerialBaseD1Ev) referenced from mbed/TARGET_NRF52_DK/TOOLCHAIN_ARM_STD/mbed.ar(SerialBase.o)(.constdata__ZTVN4mbed10SerialBaseE)
 <LI><a href="#[4d]">mbed::TimerEvent::irq(unsigned)</a> from mbed/TARGET_NRF52_DK/TOOLCHAIN_ARM_STD/mbed.ar(TimerEvent.o)(i._ZN4mbed10TimerEvent3irqEj) referenced from mbed/TARGET_NRF52_DK/TOOLCHAIN_ARM_STD/mbed.ar(TimerEvent.o)(i._ZN4mbed10TimerEventC2Ev)
 <LI><a href="#[72]">mbed::TimerEvent::~TimerEvent__sub_object()</a> from mbed/TARGET_NRF52_DK/TOOLCHAIN_ARM_STD/mbed.ar(TimerEvent.o)(i._ZN4mbed10TimerEventD2Ev) referenced from mbed/TARGET_NRF52_DK/TOOLCHAIN_ARM_STD/mbed.ar(TimerEvent.o)(.constdata__ZTVN4mbed10TimerEventE)
 <LI><a href="#[50]">mbed::PwmOut::~PwmOut()</a> from .\build\mainforsx1276.o(i._ZN4mbed6PwmOutD1Ev) referenced from .\build\msecexe.o(i.__sti___11_mSecExe_cpp_pir)
 <LI><a href="#[50]">mbed::PwmOut::~PwmOut()</a> from .\build\mainforsx1276.o(i._ZN4mbed6PwmOutD1Ev) referenced from .\build\mainforsx1276.o(i.__sti___17_mainForSx1276_cpp_Uart)
 <LI><a href="#[73]">mbed::Serial::lock()</a> from mbed/TARGET_NRF52_DK/TOOLCHAIN_ARM_STD/mbed.ar(Serial.o)(i._ZN4mbed6Serial4lockEv) referenced from mbed/TARGET_NRF52_DK/TOOLCHAIN_ARM_STD/mbed.ar(Serial.o)(.constdata__ZTVN4mbed6SerialE)
 <LI><a href="#[74]">mbed::Serial::unlock()</a> from mbed/TARGET_NRF52_DK/TOOLCHAIN_ARM_STD/mbed.ar(Serial.o)(i._ZN4mbed6Serial6unlockEv) referenced from mbed/TARGET_NRF52_DK/TOOLCHAIN_ARM_STD/mbed.ar(Serial.o)(.constdata__ZTVN4mbed6SerialE)
 <LI><a href="#[52]">mbed::Serial::~Serial()</a> from mbed/TARGET_NRF52_DK/TOOLCHAIN_ARM_STD/mbed.ar(Serial.o)(i._ZN4mbed6SerialD1Ev) referenced from mbed/TARGET_NRF52_DK/TOOLCHAIN_ARM_STD/mbed.ar(Serial.o)(.constdata__ZTVN4mbed6SerialE)
 <LI><a href="#[52]">mbed::Serial::~Serial()</a> from mbed/TARGET_NRF52_DK/TOOLCHAIN_ARM_STD/mbed.ar(Serial.o)(i._ZN4mbed6SerialD1Ev) referenced from .\build\mainforsx1276.o(i.__sti___17_mainForSx1276_cpp_Uart)
 <LI><a href="#[80]">mbed::Stream::lock()</a> from mbed/TARGET_NRF52_DK/TOOLCHAIN_ARM_STD/mbed.ar(Stream.o)(i._ZN4mbed6Stream4lockEv) referenced from mbed/TARGET_NRF52_DK/TOOLCHAIN_ARM_STD/mbed.ar(Stream.o)(.constdata__ZTVN4mbed6StreamE)
 <LI><a href="#[75]">mbed::Stream::read(void*, unsigned)</a> from mbed/TARGET_NRF52_DK/TOOLCHAIN_ARM_STD/mbed.ar(Stream.o)(i._ZN4mbed6Stream4readEPvj) referenced from mbed/TARGET_NRF52_DK/TOOLCHAIN_ARM_STD/mbed.ar(Serial.o)(.constdata__ZTVN4mbed6SerialE)
 <LI><a href="#[75]">mbed::Stream::read(void*, unsigned)</a> from mbed/TARGET_NRF52_DK/TOOLCHAIN_ARM_STD/mbed.ar(Stream.o)(i._ZN4mbed6Stream4readEPvj) referenced from mbed/TARGET_NRF52_DK/TOOLCHAIN_ARM_STD/mbed.ar(Stream.o)(.constdata__ZTVN4mbed6StreamE)
 <LI><a href="#[77]">mbed::Stream::seek(long, int)</a> from mbed/TARGET_NRF52_DK/TOOLCHAIN_ARM_STD/mbed.ar(Stream.o)(i._ZN4mbed6Stream4seekEli) referenced from mbed/TARGET_NRF52_DK/TOOLCHAIN_ARM_STD/mbed.ar(Serial.o)(.constdata__ZTVN4mbed6SerialE)
 <LI><a href="#[77]">mbed::Stream::seek(long, int)</a> from mbed/TARGET_NRF52_DK/TOOLCHAIN_ARM_STD/mbed.ar(Stream.o)(i._ZN4mbed6Stream4seekEli) referenced from mbed/TARGET_NRF52_DK/TOOLCHAIN_ARM_STD/mbed.ar(Stream.o)(.constdata__ZTVN4mbed6StreamE)
 <LI><a href="#[7a]">mbed::Stream::size()</a> from mbed/TARGET_NRF52_DK/TOOLCHAIN_ARM_STD/mbed.ar(Stream.o)(i._ZN4mbed6Stream4sizeEv) referenced from mbed/TARGET_NRF52_DK/TOOLCHAIN_ARM_STD/mbed.ar(Serial.o)(.constdata__ZTVN4mbed6SerialE)
 <LI><a href="#[7a]">mbed::Stream::size()</a> from mbed/TARGET_NRF52_DK/TOOLCHAIN_ARM_STD/mbed.ar(Stream.o)(i._ZN4mbed6Stream4sizeEv) referenced from mbed/TARGET_NRF52_DK/TOOLCHAIN_ARM_STD/mbed.ar(Stream.o)(.constdata__ZTVN4mbed6StreamE)
 <LI><a href="#[78]">mbed::Stream::close()</a> from mbed/TARGET_NRF52_DK/TOOLCHAIN_ARM_STD/mbed.ar(Stream.o)(i._ZN4mbed6Stream5closeEv) referenced from mbed/TARGET_NRF52_DK/TOOLCHAIN_ARM_STD/mbed.ar(Serial.o)(.constdata__ZTVN4mbed6SerialE)
 <LI><a href="#[78]">mbed::Stream::close()</a> from mbed/TARGET_NRF52_DK/TOOLCHAIN_ARM_STD/mbed.ar(Stream.o)(i._ZN4mbed6Stream5closeEv) referenced from mbed/TARGET_NRF52_DK/TOOLCHAIN_ARM_STD/mbed.ar(Stream.o)(.constdata__ZTVN4mbed6StreamE)
 <LI><a href="#[76]">mbed::Stream::write(const void*, unsigned)</a> from mbed/TARGET_NRF52_DK/TOOLCHAIN_ARM_STD/mbed.ar(Stream.o)(i._ZN4mbed6Stream5writeEPKvj) referenced from mbed/TARGET_NRF52_DK/TOOLCHAIN_ARM_STD/mbed.ar(Serial.o)(.constdata__ZTVN4mbed6SerialE)
 <LI><a href="#[76]">mbed::Stream::write(const void*, unsigned)</a> from mbed/TARGET_NRF52_DK/TOOLCHAIN_ARM_STD/mbed.ar(Stream.o)(i._ZN4mbed6Stream5writeEPKvj) referenced from mbed/TARGET_NRF52_DK/TOOLCHAIN_ARM_STD/mbed.ar(Stream.o)(.constdata__ZTVN4mbed6StreamE)
 <LI><a href="#[79]">mbed::Stream::isatty()</a> from mbed/TARGET_NRF52_DK/TOOLCHAIN_ARM_STD/mbed.ar(Stream.o)(i._ZN4mbed6Stream6isattyEv) referenced from mbed/TARGET_NRF52_DK/TOOLCHAIN_ARM_STD/mbed.ar(Serial.o)(.constdata__ZTVN4mbed6SerialE)
 <LI><a href="#[79]">mbed::Stream::isatty()</a> from mbed/TARGET_NRF52_DK/TOOLCHAIN_ARM_STD/mbed.ar(Stream.o)(i._ZN4mbed6Stream6isattyEv) referenced from mbed/TARGET_NRF52_DK/TOOLCHAIN_ARM_STD/mbed.ar(Stream.o)(.constdata__ZTVN4mbed6StreamE)
 <LI><a href="#[81]">mbed::Stream::unlock()</a> from mbed/TARGET_NRF52_DK/TOOLCHAIN_ARM_STD/mbed.ar(Stream.o)(i._ZN4mbed6Stream6unlockEv) referenced from mbed/TARGET_NRF52_DK/TOOLCHAIN_ARM_STD/mbed.ar(Stream.o)(.constdata__ZTVN4mbed6StreamE)
 <LI><a href="#[7f]">mbed::Stream::~Stream__sub_object()</a> from mbed/TARGET_NRF52_DK/TOOLCHAIN_ARM_STD/mbed.ar(Stream.o)(i._ZN4mbed6StreamD2Ev) referenced from mbed/TARGET_NRF52_DK/TOOLCHAIN_ARM_STD/mbed.ar(Stream.o)(.constdata__ZTVN4mbed6StreamE)
 <LI><a href="#[82]">mbed::Ticker::handler()</a> from mbed/TARGET_NRF52_DK/TOOLCHAIN_ARM_STD/mbed.ar(Ticker.o)(i._ZN4mbed6Ticker7handlerEv) referenced from mbed/TARGET_NRF52_DK/TOOLCHAIN_ARM_STD/mbed.ar(Ticker.o)(.constdata__ZTVN4mbed6TickerE)
 <LI><a href="#[53]">mbed::Ticker::~Ticker()</a> from mbed/TARGET_NRF52_DK/TOOLCHAIN_ARM_STD/mbed.ar(Ticker.o)(i._ZN4mbed6TickerD1Ev) referenced from mbed/TARGET_NRF52_DK/TOOLCHAIN_ARM_STD/mbed.ar(Ticker.o)(.constdata__ZTVN4mbed6TickerE)
 <LI><a href="#[53]">mbed::Ticker::~Ticker()</a> from mbed/TARGET_NRF52_DK/TOOLCHAIN_ARM_STD/mbed.ar(Ticker.o)(i._ZN4mbed6TickerD1Ev) referenced from .\build\mainforsx1276.o(i.__sti___17_mainForSx1276_cpp_Uart)
 <LI><a href="#[83]">mbed::Timeout::handler()</a> from mbed/TARGET_NRF52_DK/TOOLCHAIN_ARM_STD/mbed.ar(Timeout.o)(i._ZN4mbed7Timeout7handlerEv) referenced from mbed/TARGET_NRF52_DK/TOOLCHAIN_ARM_STD/mbed.ar(Timeout.o)(.constdata__ZTVN4mbed7TimeoutE)
 <LI><a href="#[51]">mbed::Timeout::~Timeout()</a> from mbed/TARGET_NRF52_DK/TOOLCHAIN_ARM_STD/mbed.ar(Timeout.o)(i._ZN4mbed7TimeoutD1Ev) referenced from mbed/TARGET_NRF52_DK/TOOLCHAIN_ARM_STD/mbed.ar(Timeout.o)(.constdata__ZTVN4mbed7TimeoutE)
 <LI><a href="#[51]">mbed::Timeout::~Timeout()</a> from mbed/TARGET_NRF52_DK/TOOLCHAIN_ARM_STD/mbed.ar(Timeout.o)(i._ZN4mbed7TimeoutD1Ev) referenced from .\build\uttecutil.o(i.__sti___13_UttecUtil_cpp_380f9fb9)
 <LI><a href="#[84]">mbed::AnalogIn::lock()</a> from .\build\msecexe.o(i._ZN4mbed8AnalogIn4lockEv) referenced from .\build\msecexe.o(.constdata__ZTVN4mbed8AnalogInE)
 <LI><a href="#[85]">mbed::AnalogIn::unlock()</a> from .\build\msecexe.o(i._ZN4mbed8AnalogIn6unlockEv) referenced from .\build\msecexe.o(.constdata__ZTVN4mbed8AnalogInE)
 <LI><a href="#[4f]">mbed::AnalogIn::~AnalogIn()</a> from .\build\msecexe.o(i._ZN4mbed8AnalogInD1Ev) referenced from .\build\msecexe.o(.constdata__ZTVN4mbed8AnalogInE)
 <LI><a href="#[4f]">mbed::AnalogIn::~AnalogIn()</a> from .\build\msecexe.o(i._ZN4mbed8AnalogInD1Ev) referenced from .\build\msecexe.o(i.__sti___11_mSecExe_cpp_pir)
 <LI><a href="#[87]">void mbed::Callback&lang;void()&rang;::function_call&lang;void(*)()&rang;(const void*)</a> from .\build\mainforsx1276.o(t._ZN4mbed8CallbackIFvvEE13function_callIPS1_EEvPKv) referenced from .\build\mainforsx1276.o(.constdata__ZZN4mbed8CallbackIFvvEE8generateIPS1_EEvRKT_E3ops)
 <LI><a href="#[89]">void mbed::Callback&lang;void()&rang;::function_dtor&lang;void(*)()&rang;(void*)</a> from .\build\mainforsx1276.o(t._ZN4mbed8CallbackIFvvEE13function_dtorIPS1_EEvPv) referenced from .\build\mainforsx1276.o(.constdata__ZZN4mbed8CallbackIFvvEE8generateIPS1_EEvRKT_E3ops)
 <LI><a href="#[88]">void mbed::Callback&lang;void()&rang;::function_move&lang;void(*)()&rang;(void*, const void*)</a> from .\build\mainforsx1276.o(t._ZN4mbed8CallbackIFvvEE13function_moveIPS1_EEvPvPKv) referenced from .\build\mainforsx1276.o(.constdata__ZZN4mbed8CallbackIFvvEE8generateIPS1_EEvRKT_E3ops)
 <LI><a href="#[4c]">mbed::Callback&lang;void()&rang;::~Callback()</a> from mbed/TARGET_NRF52_DK/TOOLCHAIN_ARM_STD/mbed.ar(SerialBase.o)(t._ZN4mbed8CallbackIFvvEED1Ev) referenced from mbed/TARGET_NRF52_DK/TOOLCHAIN_ARM_STD/mbed.ar(SerialBase.o)(i._ZN4mbed10SerialBaseD1Ev)
 <LI><a href="#[86]">mbed::FileBase::~FileBase()</a> from mbed/TARGET_NRF52_DK/TOOLCHAIN_ARM_STD/mbed.ar(FileBase.o)(i._ZN4mbed8FileBaseD1Ev) referenced from mbed/TARGET_NRF52_DK/TOOLCHAIN_ARM_STD/mbed.ar(FileBase.o)(.constdata__ZTVN4mbed8FileBaseE)
 <LI><a href="#[49]">CThunk&lang;mbed::SerialBase&rang;::trampoline(mbed::SerialBase*, void*, void(mbed::SerialBase::**)(void*))</a> from mbed/TARGET_NRF52_DK/TOOLCHAIN_ARM_STD/mbed.ar(SerialBase.o)(t._ZN6CThunkIN4mbed10SerialBaseEE10trampolineEPS1_PvPMS1_FvS4_E) referenced from mbed/TARGET_NRF52_DK/TOOLCHAIN_ARM_STD/mbed.ar(SerialBase.o)(i._ZN4mbed10SerialBaseC1E7PinNameS1_i)
 <LI><a href="#[7d]">thunk{-152} to mbed::Serial::lock()</a> from mbed/TARGET_NRF52_DK/TOOLCHAIN_ARM_STD/mbed.ar(Serial.o)(i._ZThn152_N4mbed6Serial4lockEv) referenced from mbed/TARGET_NRF52_DK/TOOLCHAIN_ARM_STD/mbed.ar(Serial.o)(.constdata__ZTVN4mbed6SerialE)
 <LI><a href="#[7c]">thunk{-152} to mbed::Serial::_getc()</a> from mbed/TARGET_NRF52_DK/TOOLCHAIN_ARM_STD/mbed.ar(Serial.o)(i._ZThn152_N4mbed6Serial5_getcEv) referenced from mbed/TARGET_NRF52_DK/TOOLCHAIN_ARM_STD/mbed.ar(Serial.o)(.constdata__ZTVN4mbed6SerialE)
 <LI><a href="#[7b]">thunk{-152} to mbed::Serial::_putc(int)</a> from mbed/TARGET_NRF52_DK/TOOLCHAIN_ARM_STD/mbed.ar(Serial.o)(i._ZThn152_N4mbed6Serial5_putcEi) referenced from mbed/TARGET_NRF52_DK/TOOLCHAIN_ARM_STD/mbed.ar(Serial.o)(.constdata__ZTVN4mbed6SerialE)
 <LI><a href="#[7e]">thunk{-152} to mbed::Serial::unlock()</a> from mbed/TARGET_NRF52_DK/TOOLCHAIN_ARM_STD/mbed.ar(Serial.o)(i._ZThn152_N4mbed6Serial6unlockEv) referenced from mbed/TARGET_NRF52_DK/TOOLCHAIN_ARM_STD/mbed.ar(Serial.o)(.constdata__ZTVN4mbed6SerialE)
 <LI><a href="#[6c]">__cxa_pure_virtual</a> from C:\Keil_v5\ARM\ARMCC\Bin\..\lib\cpplib\cpprt_w.l(pure_virt.o)(i.__cxa_pure_virtual) referenced 4 times from mbed/TARGET_NRF52_DK/TOOLCHAIN_ARM_STD/mbed.ar(FileHandle.o)(.constdata__ZTVN4mbed10FileHandleE)
 <LI><a href="#[6c]">__cxa_pure_virtual</a> from C:\Keil_v5\ARM\ARMCC\Bin\..\lib\cpplib\cpprt_w.l(pure_virt.o)(i.__cxa_pure_virtual) referenced from mbed/TARGET_NRF52_DK/TOOLCHAIN_ARM_STD/mbed.ar(TimerEvent.o)(.constdata__ZTVN4mbed10TimerEventE)
 <LI><a href="#[6c]">__cxa_pure_virtual</a> from C:\Keil_v5\ARM\ARMCC\Bin\..\lib\cpplib\cpprt_w.l(pure_virt.o)(i.__cxa_pure_virtual) referenced 2 times from mbed/TARGET_NRF52_DK/TOOLCHAIN_ARM_STD/mbed.ar(Stream.o)(.constdata__ZTVN4mbed6StreamE)
 <LI><a href="#[8e]">__main</a> from C:\Keil_v5\ARM\ARMCC\Bin\..\lib\armlib\c_w.l(__main.o)(!!!main) referenced from mbed/TARGET_NRF52_DK/TOOLCHAIN_ARM_STD/startup_nrf52832.o(.text)
 <LI><a href="#[8c]">__sti___11_mSecExe_cpp_pir</a> from .\build\msecexe.o(i.__sti___11_mSecExe_cpp_pir) referenced from .\build\msecexe.o(.init_array)
 <LI><a href="#[8b]">__sti___12_UttecLed_cpp_66a161ca</a> from .\build\uttecled.o(i.__sti___12_UttecLed_cpp_66a161ca) referenced from .\build\uttecled.o(.init_array)
 <LI><a href="#[8d]">__sti___13_UttecUtil_cpp_380f9fb9</a> from .\build\uttecutil.o(i.__sti___13_UttecUtil_cpp_380f9fb9) referenced from .\build\uttecutil.o(.init_array)
 <LI><a href="#[8a]">__sti___17_mainForSx1276_cpp_Uart</a> from .\build\mainforsx1276.o(i.__sti___17_mainForSx1276_cpp_Uart) referenced from .\build\mainforsx1276.o(.init_array)
 <LI><a href="#[48]">_get_lc_ctype</a> from C:\Keil_v5\ARM\ARMCC\Bin\..\lib\armlib\c_w.l(lc_ctype_c.o)(locale$$code) referenced from C:\Keil_v5\ARM\ARMCC\Bin\..\lib\armlib\c_w.l(rt_ctype_table.o)(.text)
 <LI><a href="#[46]">_printf_input_char</a> from C:\Keil_v5\ARM\ARMCC\Bin\..\lib\armlib\c_w.l(_printf_char_common.o)(.text) referenced from C:\Keil_v5\ARM\ARMCC\Bin\..\lib\armlib\c_w.l(_printf_char_common.o)(.text)
 <LI><a href="#[44]">_snputc</a> from C:\Keil_v5\ARM\ARMCC\Bin\..\lib\armlib\c_w.l(_snputc.o)(.text) referenced from C:\Keil_v5\ARM\ARMCC\Bin\..\lib\armlib\c_w.l(vsnprintf.o)(.text)
 <LI><a href="#[45]">_sputc</a> from C:\Keil_v5\ARM\ARMCC\Bin\..\lib\armlib\c_w.l(_sputc.o)(.text) referenced from C:\Keil_v5\ARM\ARMCC\Bin\..\lib\armlib\c_w.l(__2sprintf.o)(.text)
 <LI><a href="#[55]">analog_in_event_handler</a> from mbed/TARGET_NRF52_DK/TOOLCHAIN_ARM_STD/analogin_api.o(i.analog_in_event_handler) referenced from mbed/TARGET_NRF52_DK/TOOLCHAIN_ARM_STD/analogin_api.o(i.analogin_init)
 <LI><a href="#[47]">fputc</a> from C:\Keil_v5\ARM\ARMCC\Bin\..\lib\armlib\c_w.l(fputc.o)(i.fputc) referenced from C:\Keil_v5\ARM\ARMCC\Bin\..\lib\armlib\c_w.l(_printf_char_file.o)(.text)
 <LI><a href="#[11]">fs_event_handler</a> from mbed/TARGET_NRF52_DK/TOOLCHAIN_ARM_STD/fds.o(i.fs_event_handler) referenced 2 times from mbed/TARGET_NRF52_DK/TOOLCHAIN_ARM_STD/fds.o(fs_data)
 <LI><a href="#[57]">gpiote_irq_handler</a> from mbed/TARGET_NRF52_DK/TOOLCHAIN_ARM_STD/gpio_api.o(i.gpiote_irq_handler) referenced from mbed/TARGET_NRF52_DK/TOOLCHAIN_ARM_STD/gpio_api.o(i.gpio_apply_config)
 <LI><a href="#[63]">lp_ticker_clear_interrupt</a> from mbed/TARGET_NRF52_DK/TOOLCHAIN_ARM_STD/lp_ticker.o(i.lp_ticker_clear_interrupt) referenced from mbed/TARGET_NRF52_DK/TOOLCHAIN_ARM_STD/mbed.ar(mbed_lp_ticker_api.o)(.constdata)
 <LI><a href="#[62]">lp_ticker_disable_interrupt</a> from mbed/TARGET_NRF52_DK/TOOLCHAIN_ARM_STD/lp_ticker.o(i.lp_ticker_disable_interrupt) referenced from mbed/TARGET_NRF52_DK/TOOLCHAIN_ARM_STD/mbed.ar(mbed_lp_ticker_api.o)(.constdata)
 <LI><a href="#[65]">lp_ticker_fire_interrupt</a> from mbed/TARGET_NRF52_DK/TOOLCHAIN_ARM_STD/lp_ticker.o(i.lp_ticker_fire_interrupt) referenced from mbed/TARGET_NRF52_DK/TOOLCHAIN_ARM_STD/mbed.ar(mbed_lp_ticker_api.o)(.constdata)
 <LI><a href="#[60]">lp_ticker_init</a> from mbed/TARGET_NRF52_DK/TOOLCHAIN_ARM_STD/lp_ticker.o(i.lp_ticker_init) referenced from mbed/TARGET_NRF52_DK/TOOLCHAIN_ARM_STD/mbed.ar(mbed_lp_ticker_api.o)(.constdata)
 <LI><a href="#[61]">lp_ticker_read</a> from mbed/TARGET_NRF52_DK/TOOLCHAIN_ARM_STD/lp_ticker.o(i.lp_ticker_read) referenced from mbed/TARGET_NRF52_DK/TOOLCHAIN_ARM_STD/mbed.ar(mbed_lp_ticker_api.o)(.constdata)
 <LI><a href="#[64]">lp_ticker_set_interrupt</a> from mbed/TARGET_NRF52_DK/TOOLCHAIN_ARM_STD/lp_ticker.o(i.lp_ticker_set_interrupt) referenced from mbed/TARGET_NRF52_DK/TOOLCHAIN_ARM_STD/mbed.ar(mbed_lp_ticker_api.o)(.constdata)
 <LI><a href="#[42]">nrf_reloc_vector_table</a> from mbed/TARGET_NRF52_DK/TOOLCHAIN_ARM_STD/reloc_vector_table.o(i.nrf_reloc_vector_table) referenced from mbed/TARGET_NRF52_DK/TOOLCHAIN_ARM_STD/startup_nrf52832.o(.text)
 <LI><a href="#[69]">us_ticker_clear_interrupt</a> from mbed/TARGET_NRF52_DK/TOOLCHAIN_ARM_STD/us_ticker.o(i.us_ticker_clear_interrupt) referenced from mbed/TARGET_NRF52_DK/TOOLCHAIN_ARM_STD/mbed.ar(mbed_us_ticker_api.o)(.constdata)
 <LI><a href="#[68]">us_ticker_disable_interrupt</a> from mbed/TARGET_NRF52_DK/TOOLCHAIN_ARM_STD/us_ticker.o(i.us_ticker_disable_interrupt) referenced from mbed/TARGET_NRF52_DK/TOOLCHAIN_ARM_STD/mbed.ar(mbed_us_ticker_api.o)(.constdata)
 <LI><a href="#[6b]">us_ticker_fire_interrupt</a> from mbed/TARGET_NRF52_DK/TOOLCHAIN_ARM_STD/us_ticker.o(i.us_ticker_fire_interrupt) referenced from mbed/TARGET_NRF52_DK/TOOLCHAIN_ARM_STD/mbed.ar(mbed_us_ticker_api.o)(.constdata)
 <LI><a href="#[66]">us_ticker_init</a> from mbed/TARGET_NRF52_DK/TOOLCHAIN_ARM_STD/us_ticker.o(i.us_ticker_init) referenced from mbed/TARGET_NRF52_DK/TOOLCHAIN_ARM_STD/mbed.ar(mbed_us_ticker_api.o)(.constdata)
 <LI><a href="#[67]">us_ticker_read</a> from mbed/TARGET_NRF52_DK/TOOLCHAIN_ARM_STD/us_ticker.o(i.us_ticker_read) referenced from mbed/TARGET_NRF52_DK/TOOLCHAIN_ARM_STD/mbed.ar(mbed_us_ticker_api.o)(.constdata)
 <LI><a href="#[6a]">us_ticker_set_interrupt</a> from mbed/TARGET_NRF52_DK/TOOLCHAIN_ARM_STD/us_ticker.o(i.us_ticker_set_interrupt) referenced from mbed/TARGET_NRF52_DK/TOOLCHAIN_ARM_STD/mbed.ar(mbed_us_ticker_api.o)(.constdata)
</UL>
<P>
<H3>
Global Symbols
</H3>
<P><STRONG><a name="[8e]"></a>__main</STRONG> (Thumb, 8 bytes, Stack size 0 bytes, C:\Keil_v5\ARM\ARMCC\Bin\..\lib\armlib\c_w.l(__main.o)(!!!main))
<BR><BR>[Calls]<UL><LI><a href="#[91]">&gt;&gt;</a>&nbsp;&nbsp;&nbsp;__rt_entry
<LI><a href="#[90]">&gt;&gt;</a>&nbsp;&nbsp;&nbsp;__scatterload
</UL>

<P><STRONG><a name="[90]"></a>__scatterload</STRONG> (Thumb, 0 bytes, Stack size 0 bytes, C:\Keil_v5\ARM\ARMCC\Bin\..\lib\armlib\c_w.l(__scatter.o)(!!!scatter))
<BR><BR>[Called By]<UL><LI><a href="#[8e]">&gt;&gt;</a>&nbsp;&nbsp;&nbsp;__main
</UL>

<P><STRONG><a name="[92]"></a>__scatterload_rt2</STRONG> (Thumb, 44 bytes, Stack size 0 bytes, C:\Keil_v5\ARM\ARMCC\Bin\..\lib\armlib\c_w.l(__scatter.o)(!!!scatter), UNUSED)
<BR><BR>[Calls]<UL><LI><a href="#[91]">&gt;&gt;</a>&nbsp;&nbsp;&nbsp;__rt_entry
</UL>

<P><STRONG><a name="[93]"></a>_printf_n</STRONG> (Thumb, 0 bytes, Stack size 0 bytes, C:\Keil_v5\ARM\ARMCC\Bin\..\lib\armlib\c_w.l(_printf_n.o)(.ARM.Collect$$_printf_percent$$00000001))
<BR><BR>[Calls]<UL><LI><a href="#[94]">&gt;&gt;</a>&nbsp;&nbsp;&nbsp;_printf_charcount
</UL>

<P><STRONG><a name="[dc]"></a>_printf_percent</STRONG> (Thumb, 0 bytes, Stack size 0 bytes, C:\Keil_v5\ARM\ARMCC\Bin\..\lib\armlib\c_w.l(_printf_percent.o)(.ARM.Collect$$_printf_percent$$00000000))
<BR><BR>[Called By]<UL><LI><a href="#[da]">&gt;&gt;</a>&nbsp;&nbsp;&nbsp;__printf
</UL>

<P><STRONG><a name="[95]"></a>_printf_p</STRONG> (Thumb, 0 bytes, Stack size 0 bytes, C:\Keil_v5\ARM\ARMCC\Bin\..\lib\armlib\c_w.l(_printf_p.o)(.ARM.Collect$$_printf_percent$$00000002))
<BR><BR>[Calls]<UL><LI><a href="#[96]">&gt;&gt;</a>&nbsp;&nbsp;&nbsp;_printf_hex_ptr
</UL>

<P><STRONG><a name="[97]"></a>_printf_f</STRONG> (Thumb, 0 bytes, Stack size 0 bytes, C:\Keil_v5\ARM\ARMCC\Bin\..\lib\armlib\c_w.l(_printf_f.o)(.ARM.Collect$$_printf_percent$$00000003))
<BR><BR>[Calls]<UL><LI><a href="#[98]">&gt;&gt;</a>&nbsp;&nbsp;&nbsp;_printf_fp_dec
</UL>

<P><STRONG><a name="[99]"></a>_printf_e</STRONG> (Thumb, 0 bytes, Stack size 0 bytes, C:\Keil_v5\ARM\ARMCC\Bin\..\lib\armlib\c_w.l(_printf_e.o)(.ARM.Collect$$_printf_percent$$00000004))
<BR><BR>[Calls]<UL><LI><a href="#[98]">&gt;&gt;</a>&nbsp;&nbsp;&nbsp;_printf_fp_dec
</UL>

<P><STRONG><a name="[9a]"></a>_printf_g</STRONG> (Thumb, 0 bytes, Stack size 0 bytes, C:\Keil_v5\ARM\ARMCC\Bin\..\lib\armlib\c_w.l(_printf_g.o)(.ARM.Collect$$_printf_percent$$00000005))
<BR><BR>[Calls]<UL><LI><a href="#[98]">&gt;&gt;</a>&nbsp;&nbsp;&nbsp;_printf_fp_dec
</UL>

<P><STRONG><a name="[9b]"></a>_printf_a</STRONG> (Thumb, 0 bytes, Stack size 0 bytes, C:\Keil_v5\ARM\ARMCC\Bin\..\lib\armlib\c_w.l(_printf_a.o)(.ARM.Collect$$_printf_percent$$00000006))
<BR><BR>[Calls]<UL><LI><a href="#[9c]">&gt;&gt;</a>&nbsp;&nbsp;&nbsp;_printf_fp_hex
</UL>

<P><STRONG><a name="[9d]"></a>_printf_i</STRONG> (Thumb, 0 bytes, Stack size 0 bytes, C:\Keil_v5\ARM\ARMCC\Bin\..\lib\armlib\c_w.l(_printf_i.o)(.ARM.Collect$$_printf_percent$$00000008))
<BR><BR>[Calls]<UL><LI><a href="#[9e]">&gt;&gt;</a>&nbsp;&nbsp;&nbsp;_printf_int_dec
</UL>

<P><STRONG><a name="[9f]"></a>_printf_d</STRONG> (Thumb, 0 bytes, Stack size 0 bytes, C:\Keil_v5\ARM\ARMCC\Bin\..\lib\armlib\c_w.l(_printf_d.o)(.ARM.Collect$$_printf_percent$$00000009))
<BR><BR>[Calls]<UL><LI><a href="#[9e]">&gt;&gt;</a>&nbsp;&nbsp;&nbsp;_printf_int_dec
</UL>

<P><STRONG><a name="[a0]"></a>_printf_u</STRONG> (Thumb, 0 bytes, Stack size 0 bytes, C:\Keil_v5\ARM\ARMCC\Bin\..\lib\armlib\c_w.l(_printf_u.o)(.ARM.Collect$$_printf_percent$$0000000A))
<BR><BR>[Calls]<UL><LI><a href="#[9e]">&gt;&gt;</a>&nbsp;&nbsp;&nbsp;_printf_int_dec
</UL>

<P><STRONG><a name="[a1]"></a>_printf_o</STRONG> (Thumb, 0 bytes, Stack size 0 bytes, C:\Keil_v5\ARM\ARMCC\Bin\..\lib\armlib\c_w.l(_printf_o.o)(.ARM.Collect$$_printf_percent$$0000000B))
<BR><BR>[Calls]<UL><LI><a href="#[a2]">&gt;&gt;</a>&nbsp;&nbsp;&nbsp;_printf_int_oct
</UL>

<P><STRONG><a name="[a3]"></a>_printf_x</STRONG> (Thumb, 0 bytes, Stack size 0 bytes, C:\Keil_v5\ARM\ARMCC\Bin\..\lib\armlib\c_w.l(_printf_x.o)(.ARM.Collect$$_printf_percent$$0000000C))
<BR><BR>[Calls]<UL><LI><a href="#[a4]">&gt;&gt;</a>&nbsp;&nbsp;&nbsp;_printf_int_hex
</UL>

<P><STRONG><a name="[a5]"></a>_printf_lli</STRONG> (Thumb, 0 bytes, Stack size 0 bytes, C:\Keil_v5\ARM\ARMCC\Bin\..\lib\armlib\c_w.l(_printf_lli.o)(.ARM.Collect$$_printf_percent$$0000000D))
<BR><BR>[Calls]<UL><LI><a href="#[a6]">&gt;&gt;</a>&nbsp;&nbsp;&nbsp;_printf_longlong_dec
</UL>

<P><STRONG><a name="[a7]"></a>_printf_lld</STRONG> (Thumb, 0 bytes, Stack size 0 bytes, C:\Keil_v5\ARM\ARMCC\Bin\..\lib\armlib\c_w.l(_printf_lld.o)(.ARM.Collect$$_printf_percent$$0000000E))
<BR><BR>[Calls]<UL><LI><a href="#[a6]">&gt;&gt;</a>&nbsp;&nbsp;&nbsp;_printf_longlong_dec
</UL>

<P><STRONG><a name="[a8]"></a>_printf_llu</STRONG> (Thumb, 0 bytes, Stack size 0 bytes, C:\Keil_v5\ARM\ARMCC\Bin\..\lib\armlib\c_w.l(_printf_llu.o)(.ARM.Collect$$_printf_percent$$0000000F))
<BR><BR>[Calls]<UL><LI><a href="#[a6]">&gt;&gt;</a>&nbsp;&nbsp;&nbsp;_printf_longlong_dec
</UL>

<P><STRONG><a name="[a9]"></a>_printf_llo</STRONG> (Thumb, 0 bytes, Stack size 0 bytes, C:\Keil_v5\ARM\ARMCC\Bin\..\lib\armlib\c_w.l(_printf_llo.o)(.ARM.Collect$$_printf_percent$$00000010))
<BR><BR>[Calls]<UL><LI><a href="#[aa]">&gt;&gt;</a>&nbsp;&nbsp;&nbsp;_printf_ll_oct
</UL>

<P><STRONG><a name="[ab]"></a>_printf_llx</STRONG> (Thumb, 0 bytes, Stack size 0 bytes, C:\Keil_v5\ARM\ARMCC\Bin\..\lib\armlib\c_w.l(_printf_llx.o)(.ARM.Collect$$_printf_percent$$00000011))
<BR><BR>[Calls]<UL><LI><a href="#[ac]">&gt;&gt;</a>&nbsp;&nbsp;&nbsp;_printf_ll_hex
</UL>

<P><STRONG><a name="[ad]"></a>_printf_c</STRONG> (Thumb, 0 bytes, Stack size 0 bytes, C:\Keil_v5\ARM\ARMCC\Bin\..\lib\armlib\c_w.l(_printf_c.o)(.ARM.Collect$$_printf_percent$$00000013))
<BR><BR>[Calls]<UL><LI><a href="#[ae]">&gt;&gt;</a>&nbsp;&nbsp;&nbsp;_printf_char
</UL>

<P><STRONG><a name="[af]"></a>_printf_s</STRONG> (Thumb, 0 bytes, Stack size 0 bytes, C:\Keil_v5\ARM\ARMCC\Bin\..\lib\armlib\c_w.l(_printf_s.o)(.ARM.Collect$$_printf_percent$$00000014))
<BR><BR>[Calls]<UL><LI><a href="#[b0]">&gt;&gt;</a>&nbsp;&nbsp;&nbsp;_printf_string
</UL>

<P><STRONG><a name="[b1]"></a>_printf_lc</STRONG> (Thumb, 0 bytes, Stack size 0 bytes, C:\Keil_v5\ARM\ARMCC\Bin\..\lib\armlib\c_w.l(_printf_lc.o)(.ARM.Collect$$_printf_percent$$00000015))
<BR><BR>[Calls]<UL><LI><a href="#[b2]">&gt;&gt;</a>&nbsp;&nbsp;&nbsp;_printf_wchar
</UL>

<P><STRONG><a name="[b3]"></a>_printf_ls</STRONG> (Thumb, 0 bytes, Stack size 0 bytes, C:\Keil_v5\ARM\ARMCC\Bin\..\lib\armlib\c_w.l(_printf_ls.o)(.ARM.Collect$$_printf_percent$$00000016))
<BR><BR>[Calls]<UL><LI><a href="#[b4]">&gt;&gt;</a>&nbsp;&nbsp;&nbsp;_printf_wstring
</UL>

<P><STRONG><a name="[c6]"></a>__rt_lib_init</STRONG> (Thumb, 0 bytes, Stack size 0 bytes, C:\Keil_v5\ARM\ARMCC\Bin\..\lib\armlib\c_w.l(libinit.o)(.ARM.Collect$$libinit$$00000000))
<BR><BR>[Called By]<UL><LI><a href="#[c5]">&gt;&gt;</a>&nbsp;&nbsp;&nbsp;__rt_entry_li
</UL>

<P><STRONG><a name="[b5]"></a>__rt_lib_init_fp_1</STRONG> (Thumb, 0 bytes, Stack size 0 bytes, C:\Keil_v5\ARM\ARMCC\Bin\..\lib\armlib\c_w.l(libinit2.o)(.ARM.Collect$$libinit$$00000001))
<BR><BR>[Calls]<UL><LI><a href="#[b6]">&gt;&gt;</a>&nbsp;&nbsp;&nbsp;_fp_init
</UL>

<P><STRONG><a name="[b7]"></a>__rt_lib_init_heap_2</STRONG> (Thumb, 0 bytes, Stack size 0 bytes, C:\Keil_v5\ARM\ARMCC\Bin\..\lib\armlib\c_w.l(libinit2.o)(.ARM.Collect$$libinit$$00000005))
<BR><BR>[Calls]<UL><LI><a href="#[b8]">&gt;&gt;</a>&nbsp;&nbsp;&nbsp;_init_alloc
</UL>

<P><STRONG><a name="[b9]"></a>__rt_lib_init_lc_common</STRONG> (Thumb, 0 bytes, Stack size 0 bytes, C:\Keil_v5\ARM\ARMCC\Bin\..\lib\armlib\c_w.l(libinit2.o)(.ARM.Collect$$libinit$$0000000F))
<BR><BR>[Calls]<UL><LI><a href="#[ba]">&gt;&gt;</a>&nbsp;&nbsp;&nbsp;__rt_locale
</UL>

<P><STRONG><a name="[bb]"></a>__rt_lib_init_lc_ctype_2</STRONG> (Thumb, 0 bytes, Stack size 0 bytes, C:\Keil_v5\ARM\ARMCC\Bin\..\lib\armlib\c_w.l(libinit2.o)(.ARM.Collect$$libinit$$00000012))
<BR><BR>[Calls]<UL><LI><a href="#[48]">&gt;&gt;</a>&nbsp;&nbsp;&nbsp;_get_lc_ctype
</UL>

<P><STRONG><a name="[bc]"></a>__rt_lib_init_lc_numeric_2</STRONG> (Thumb, 0 bytes, Stack size 0 bytes, C:\Keil_v5\ARM\ARMCC\Bin\..\lib\armlib\c_w.l(libinit2.o)(.ARM.Collect$$libinit$$00000016))
<BR><BR>[Calls]<UL><LI><a href="#[bd]">&gt;&gt;</a>&nbsp;&nbsp;&nbsp;_get_lc_numeric
</UL>

<P><STRONG><a name="[be]"></a>__rt_lib_init_stdio_2</STRONG> (Thumb, 0 bytes, Stack size 0 bytes, C:\Keil_v5\ARM\ARMCC\Bin\..\lib\armlib\c_w.l(libinit2.o)(.ARM.Collect$$libinit$$00000024))
<BR><BR>[Calls]<UL><LI><a href="#[bf]">&gt;&gt;</a>&nbsp;&nbsp;&nbsp;_initio
</UL>

<P><STRONG><a name="[c0]"></a>__rt_lib_init_cpp_2</STRONG> (Thumb, 0 bytes, Stack size 0 bytes, C:\Keil_v5\ARM\ARMCC\Bin\..\lib\armlib\c_w.l(libinit2.o)(.ARM.Collect$$libinit$$00000031))
<BR><BR>[Calls]<UL><LI><a href="#[8f]">&gt;&gt;</a>&nbsp;&nbsp;&nbsp;__cpp_initialize__aeabi_
</UL>

<P><STRONG><a name="[91]"></a>__rt_entry</STRONG> (Thumb, 0 bytes, Stack size 0 bytes, C:\Keil_v5\ARM\ARMCC\Bin\..\lib\armlib\c_w.l(__rtentry.o)(.ARM.Collect$$rtentry$$00000000))
<BR><BR>[Called By]<UL><LI><a href="#[8e]">&gt;&gt;</a>&nbsp;&nbsp;&nbsp;__main
<LI><a href="#[92]">&gt;&gt;</a>&nbsp;&nbsp;&nbsp;__scatterload_rt2
</UL>

<P><STRONG><a name="[c1]"></a>__rt_entry_sh</STRONG> (Thumb, 0 bytes, Stack size 0 bytes, C:\Keil_v5\ARM\ARMCC\Bin\..\lib\armlib\c_w.l(__rtentry4.o)(.ARM.Collect$$rtentry$$00000004))
<BR><BR>[Calls]<UL><LI><a href="#[c2]">&gt;&gt;</a>&nbsp;&nbsp;&nbsp;__user_setup_stackheap
</UL>

<P><STRONG><a name="[c3]"></a>__rt_entry_postsh_1</STRONG> (Thumb, 0 bytes, Stack size 0 bytes, C:\Keil_v5\ARM\ARMCC\Bin\..\lib\armlib\c_w.l(__rtentry2.o)(.ARM.Collect$$rtentry$$00000008))
<BR><BR>[Calls]<UL><LI><a href="#[c4]">&gt;&gt;</a>&nbsp;&nbsp;&nbsp;_platform_post_stackheap_init
</UL>

<P><STRONG><a name="[c5]"></a>__rt_entry_li</STRONG> (Thumb, 0 bytes, Stack size 0 bytes, C:\Keil_v5\ARM\ARMCC\Bin\..\lib\armlib\c_w.l(__rtentry2.o)(.ARM.Collect$$rtentry$$0000000A))
<BR><BR>[Calls]<UL><LI><a href="#[c6]">&gt;&gt;</a>&nbsp;&nbsp;&nbsp;__rt_lib_init
</UL>

<P><STRONG><a name="[c7]"></a>__rt_entry_main</STRONG> (Thumb, 0 bytes, Stack size 0 bytes, C:\Keil_v5\ARM\ARMCC\Bin\..\lib\armlib\c_w.l(__rtentry2.o)(.ARM.Collect$$rtentry$$0000000D))
<BR><BR>[Calls]<UL><LI><a href="#[c8]">&gt;&gt;</a>&nbsp;&nbsp;&nbsp;main
<LI><a href="#[c9]">&gt;&gt;</a>&nbsp;&nbsp;&nbsp;exit
</UL>

<P><STRONG><a name="[12]"></a>Reset_Handler</STRONG> (Thumb, 12 bytes, Stack size 0 bytes, mbed/TARGET_NRF52_DK/TOOLCHAIN_ARM_STD/startup_nrf52832.o(.text))
<BR>[Address Reference Count : 1]<UL><LI> startup_nrf52832.o(RESET)
</UL>
<P><STRONG><a name="[13]"></a>NMI_Handler</STRONG> (Thumb, 2 bytes, Stack size 0 bytes, mbed/TARGET_NRF52_DK/TOOLCHAIN_ARM_STD/startup_nrf52832.o(.text))
<BR><BR>[Calls]<UL><LI><a href="#[13]">&gt;&gt;</a>&nbsp;&nbsp;&nbsp;NMI_Handler
</UL>
<BR>[Called By]<UL><LI><a href="#[13]">&gt;&gt;</a>&nbsp;&nbsp;&nbsp;NMI_Handler
</UL>
<BR>[Address Reference Count : 1]<UL><LI> startup_nrf52832.o(RESET)
</UL>
<P><STRONG><a name="[14]"></a>HardFault_Handler</STRONG> (Thumb, 2 bytes, Stack size 0 bytes, mbed/TARGET_NRF52_DK/TOOLCHAIN_ARM_STD/startup_nrf52832.o(.text))
<BR><BR>[Calls]<UL><LI><a href="#[14]">&gt;&gt;</a>&nbsp;&nbsp;&nbsp;HardFault_Handler
</UL>
<BR>[Called By]<UL><LI><a href="#[14]">&gt;&gt;</a>&nbsp;&nbsp;&nbsp;HardFault_Handler
</UL>
<BR>[Address Reference Count : 1]<UL><LI> startup_nrf52832.o(RESET)
</UL>
<P><STRONG><a name="[15]"></a>MemoryManagement_Handler</STRONG> (Thumb, 2 bytes, Stack size 0 bytes, mbed/TARGET_NRF52_DK/TOOLCHAIN_ARM_STD/startup_nrf52832.o(.text))
<BR><BR>[Calls]<UL><LI><a href="#[15]">&gt;&gt;</a>&nbsp;&nbsp;&nbsp;MemoryManagement_Handler
</UL>
<BR>[Called By]<UL><LI><a href="#[15]">&gt;&gt;</a>&nbsp;&nbsp;&nbsp;MemoryManagement_Handler
</UL>
<BR>[Address Reference Count : 1]<UL><LI> startup_nrf52832.o(RESET)
</UL>
<P><STRONG><a name="[16]"></a>BusFault_Handler</STRONG> (Thumb, 2 bytes, Stack size 0 bytes, mbed/TARGET_NRF52_DK/TOOLCHAIN_ARM_STD/startup_nrf52832.o(.text))
<BR><BR>[Calls]<UL><LI><a href="#[16]">&gt;&gt;</a>&nbsp;&nbsp;&nbsp;BusFault_Handler
</UL>
<BR>[Called By]<UL><LI><a href="#[16]">&gt;&gt;</a>&nbsp;&nbsp;&nbsp;BusFault_Handler
</UL>
<BR>[Address Reference Count : 1]<UL><LI> startup_nrf52832.o(RESET)
</UL>
<P><STRONG><a name="[17]"></a>UsageFault_Handler</STRONG> (Thumb, 2 bytes, Stack size 0 bytes, mbed/TARGET_NRF52_DK/TOOLCHAIN_ARM_STD/startup_nrf52832.o(.text))
<BR><BR>[Calls]<UL><LI><a href="#[17]">&gt;&gt;</a>&nbsp;&nbsp;&nbsp;UsageFault_Handler
</UL>
<BR>[Called By]<UL><LI><a href="#[17]">&gt;&gt;</a>&nbsp;&nbsp;&nbsp;UsageFault_Handler
</UL>
<BR>[Address Reference Count : 1]<UL><LI> startup_nrf52832.o(RESET)
</UL>
<P><STRONG><a name="[18]"></a>SVC_Handler</STRONG> (Thumb, 2 bytes, Stack size 0 bytes, mbed/TARGET_NRF52_DK/TOOLCHAIN_ARM_STD/startup_nrf52832.o(.text))
<BR><BR>[Calls]<UL><LI><a href="#[18]">&gt;&gt;</a>&nbsp;&nbsp;&nbsp;SVC_Handler
</UL>
<BR>[Called By]<UL><LI><a href="#[18]">&gt;&gt;</a>&nbsp;&nbsp;&nbsp;SVC_Handler
</UL>
<BR>[Address Reference Count : 1]<UL><LI> startup_nrf52832.o(RESET)
</UL>
<P><STRONG><a name="[19]"></a>DebugMonitor_Handler</STRONG> (Thumb, 2 bytes, Stack size 0 bytes, mbed/TARGET_NRF52_DK/TOOLCHAIN_ARM_STD/startup_nrf52832.o(.text))
<BR><BR>[Calls]<UL><LI><a href="#[19]">&gt;&gt;</a>&nbsp;&nbsp;&nbsp;DebugMonitor_Handler
</UL>
<BR>[Called By]<UL><LI><a href="#[19]">&gt;&gt;</a>&nbsp;&nbsp;&nbsp;DebugMonitor_Handler
</UL>
<BR>[Address Reference Count : 1]<UL><LI> startup_nrf52832.o(RESET)
</UL>
<P><STRONG><a name="[1a]"></a>PendSV_Handler</STRONG> (Thumb, 2 bytes, Stack size 0 bytes, mbed/TARGET_NRF52_DK/TOOLCHAIN_ARM_STD/startup_nrf52832.o(.text))
<BR><BR>[Calls]<UL><LI><a href="#[1a]">&gt;&gt;</a>&nbsp;&nbsp;&nbsp;PendSV_Handler
</UL>
<BR>[Called By]<UL><LI><a href="#[1a]">&gt;&gt;</a>&nbsp;&nbsp;&nbsp;PendSV_Handler
</UL>
<BR>[Address Reference Count : 1]<UL><LI> startup_nrf52832.o(RESET)
</UL>
<P><STRONG><a name="[1b]"></a>SysTick_Handler</STRONG> (Thumb, 2 bytes, Stack size 0 bytes, mbed/TARGET_NRF52_DK/TOOLCHAIN_ARM_STD/startup_nrf52832.o(.text))
<BR><BR>[Calls]<UL><LI><a href="#[1b]">&gt;&gt;</a>&nbsp;&nbsp;&nbsp;SysTick_Handler
</UL>
<BR>[Called By]<UL><LI><a href="#[1b]">&gt;&gt;</a>&nbsp;&nbsp;&nbsp;SysTick_Handler
</UL>
<BR>[Address Reference Count : 1]<UL><LI> startup_nrf52832.o(RESET)
</UL>
<P><STRONG><a name="[2b]"></a>CCM_AAR_IRQHandler</STRONG> (Thumb, 0 bytes, Stack size 0 bytes, mbed/TARGET_NRF52_DK/TOOLCHAIN_ARM_STD/startup_nrf52832.o(.text))
<BR><BR>[Calls]<UL><LI><a href="#[2b]">&gt;&gt;</a>&nbsp;&nbsp;&nbsp;CCM_AAR_IRQHandler
</UL>
<BR>[Called By]<UL><LI><a href="#[2b]">&gt;&gt;</a>&nbsp;&nbsp;&nbsp;CCM_AAR_IRQHandler
</UL>
<BR>[Address Reference Count : 1]<UL><LI> startup_nrf52832.o(RESET)
</UL>
<P><STRONG><a name="[2f]"></a>COMP_LPCOMP_IRQHandler_v</STRONG> (Thumb, 0 bytes, Stack size 0 bytes, mbed/TARGET_NRF52_DK/TOOLCHAIN_ARM_STD/startup_nrf52832.o(.text))
<BR>[Address Reference Count : 1]<UL><LI> startup_nrf52832.o(RESET)
</UL>
<P><STRONG><a name="[2a]"></a>ECB_IRQHandler</STRONG> (Thumb, 0 bytes, Stack size 0 bytes, mbed/TARGET_NRF52_DK/TOOLCHAIN_ARM_STD/startup_nrf52832.o(.text))
<BR>[Address Reference Count : 1]<UL><LI> startup_nrf52832.o(RESET)
</UL>
<P><STRONG><a name="[40]"></a>FPU_IRQHandler_v</STRONG> (Thumb, 0 bytes, Stack size 0 bytes, mbed/TARGET_NRF52_DK/TOOLCHAIN_ARM_STD/startup_nrf52832.o(.text))
<BR>[Address Reference Count : 1]<UL><LI> startup_nrf52832.o(RESET)
</UL>
<P><STRONG><a name="[22]"></a>GPIOTE_IRQHandler_v</STRONG> (Thumb, 0 bytes, Stack size 0 bytes, mbed/TARGET_NRF52_DK/TOOLCHAIN_ARM_STD/startup_nrf52832.o(.text))
<BR>[Address Reference Count : 1]<UL><LI> startup_nrf52832.o(RESET)
</UL>
<P><STRONG><a name="[3f]"></a>I2S_IRQHandler_v</STRONG> (Thumb, 0 bytes, Stack size 0 bytes, mbed/TARGET_NRF52_DK/TOOLCHAIN_ARM_STD/startup_nrf52832.o(.text))
<BR>[Address Reference Count : 1]<UL><LI> startup_nrf52832.o(RESET)
</UL>
<P><STRONG><a name="[3a]"></a>MWU_IRQHandler</STRONG> (Thumb, 0 bytes, Stack size 0 bytes, mbed/TARGET_NRF52_DK/TOOLCHAIN_ARM_STD/startup_nrf52832.o(.text))
<BR>[Address Reference Count : 1]<UL><LI> startup_nrf52832.o(RESET)
</UL>
<P><STRONG><a name="[21]"></a>NFCT_IRQHandler_v</STRONG> (Thumb, 0 bytes, Stack size 0 bytes, mbed/TARGET_NRF52_DK/TOOLCHAIN_ARM_STD/startup_nrf52832.o(.text))
<BR>[Address Reference Count : 1]<UL><LI> startup_nrf52832.o(RESET)
</UL>
<P><STRONG><a name="[39]"></a>PDM_IRQHandler_v</STRONG> (Thumb, 0 bytes, Stack size 0 bytes, mbed/TARGET_NRF52_DK/TOOLCHAIN_ARM_STD/startup_nrf52832.o(.text))
<BR>[Address Reference Count : 1]<UL><LI> startup_nrf52832.o(RESET)
</UL>
<P><STRONG><a name="[1c]"></a>POWER_CLOCK_IRQHandler</STRONG> (Thumb, 0 bytes, Stack size 0 bytes, mbed/TARGET_NRF52_DK/TOOLCHAIN_ARM_STD/startup_nrf52832.o(.text))
<BR>[Address Reference Count : 1]<UL><LI> startup_nrf52832.o(RESET)
</UL>
<P><STRONG><a name="[38]"></a>PWM0_IRQHandler_v</STRONG> (Thumb, 0 bytes, Stack size 0 bytes, mbed/TARGET_NRF52_DK/TOOLCHAIN_ARM_STD/startup_nrf52832.o(.text))
<BR>[Address Reference Count : 1]<UL><LI> startup_nrf52832.o(RESET)
</UL>
<P><STRONG><a name="[3b]"></a>PWM1_IRQHandler_v</STRONG> (Thumb, 0 bytes, Stack size 0 bytes, mbed/TARGET_NRF52_DK/TOOLCHAIN_ARM_STD/startup_nrf52832.o(.text))
<BR>[Address Reference Count : 1]<UL><LI> startup_nrf52832.o(RESET)
</UL>
<P><STRONG><a name="[3c]"></a>PWM2_IRQHandler_v</STRONG> (Thumb, 0 bytes, Stack size 0 bytes, mbed/TARGET_NRF52_DK/TOOLCHAIN_ARM_STD/startup_nrf52832.o(.text))
<BR>[Address Reference Count : 1]<UL><LI> startup_nrf52832.o(RESET)
</UL>
<P><STRONG><a name="[2e]"></a>QDEC_IRQHandler_v</STRONG> (Thumb, 0 bytes, Stack size 0 bytes, mbed/TARGET_NRF52_DK/TOOLCHAIN_ARM_STD/startup_nrf52832.o(.text))
<BR>[Address Reference Count : 1]<UL><LI> startup_nrf52832.o(RESET)
</UL>
<P><STRONG><a name="[1d]"></a>RADIO_IRQHandler</STRONG> (Thumb, 0 bytes, Stack size 0 bytes, mbed/TARGET_NRF52_DK/TOOLCHAIN_ARM_STD/startup_nrf52832.o(.text))
<BR>[Address Reference Count : 1]<UL><LI> startup_nrf52832.o(RESET)
</UL>
<P><STRONG><a name="[29]"></a>RNG_IRQHandler</STRONG> (Thumb, 0 bytes, Stack size 0 bytes, mbed/TARGET_NRF52_DK/TOOLCHAIN_ARM_STD/startup_nrf52832.o(.text))
<BR>[Address Reference Count : 1]<UL><LI> startup_nrf52832.o(RESET)
</UL>
<P><STRONG><a name="[27]"></a>RTC0_IRQHandler</STRONG> (Thumb, 0 bytes, Stack size 0 bytes, mbed/TARGET_NRF52_DK/TOOLCHAIN_ARM_STD/startup_nrf52832.o(.text))
<BR>[Address Reference Count : 1]<UL><LI> startup_nrf52832.o(RESET)
</UL>
<P><STRONG><a name="[2d]"></a>RTC1_IRQHandler_v</STRONG> (Thumb, 0 bytes, Stack size 0 bytes, mbed/TARGET_NRF52_DK/TOOLCHAIN_ARM_STD/startup_nrf52832.o(.text))
<BR>[Address Reference Count : 1]<UL><LI> startup_nrf52832.o(RESET)
</UL>
<P><STRONG><a name="[3e]"></a>RTC2_IRQHandler_v</STRONG> (Thumb, 0 bytes, Stack size 0 bytes, mbed/TARGET_NRF52_DK/TOOLCHAIN_ARM_STD/startup_nrf52832.o(.text))
<BR>[Address Reference Count : 1]<UL><LI> startup_nrf52832.o(RESET)
</UL>
<P><STRONG><a name="[23]"></a>SAADC_IRQHandler_v</STRONG> (Thumb, 0 bytes, Stack size 0 bytes, mbed/TARGET_NRF52_DK/TOOLCHAIN_ARM_STD/startup_nrf52832.o(.text))
<BR>[Address Reference Count : 1]<UL><LI> startup_nrf52832.o(RESET)
</UL>
<P><STRONG><a name="[1f]"></a>SPIM0_SPIS0_TWIM0_TWIS0_SPI0_TWI0_IRQHandler_v</STRONG> (Thumb, 0 bytes, Stack size 0 bytes, mbed/TARGET_NRF52_DK/TOOLCHAIN_ARM_STD/startup_nrf52832.o(.text))
<BR>[Address Reference Count : 1]<UL><LI> startup_nrf52832.o(RESET)
</UL>
<P><STRONG><a name="[20]"></a>SPIM1_SPIS1_TWIM1_TWIS1_SPI1_TWI1_IRQHandler_v</STRONG> (Thumb, 0 bytes, Stack size 0 bytes, mbed/TARGET_NRF52_DK/TOOLCHAIN_ARM_STD/startup_nrf52832.o(.text))
<BR>[Address Reference Count : 1]<UL><LI> startup_nrf52832.o(RESET)
</UL>
<P><STRONG><a name="[3d]"></a>SPIM2_SPIS2_SPI2_IRQHandler_v</STRONG> (Thumb, 0 bytes, Stack size 0 bytes, mbed/TARGET_NRF52_DK/TOOLCHAIN_ARM_STD/startup_nrf52832.o(.text))
<BR>[Address Reference Count : 1]<UL><LI> startup_nrf52832.o(RESET)
</UL>
<P><STRONG><a name="[30]"></a>SWI0_EGU0_IRQHandler_v</STRONG> (Thumb, 0 bytes, Stack size 0 bytes, mbed/TARGET_NRF52_DK/TOOLCHAIN_ARM_STD/startup_nrf52832.o(.text))
<BR>[Address Reference Count : 1]<UL><LI> startup_nrf52832.o(RESET)
</UL>
<P><STRONG><a name="[31]"></a>SWI1_EGU1_IRQHandler_v</STRONG> (Thumb, 0 bytes, Stack size 0 bytes, mbed/TARGET_NRF52_DK/TOOLCHAIN_ARM_STD/startup_nrf52832.o(.text))
<BR>[Address Reference Count : 1]<UL><LI> startup_nrf52832.o(RESET)
</UL>
<P><STRONG><a name="[32]"></a>SWI2_EGU2_IRQHandler_v</STRONG> (Thumb, 0 bytes, Stack size 0 bytes, mbed/TARGET_NRF52_DK/TOOLCHAIN_ARM_STD/startup_nrf52832.o(.text))
<BR>[Address Reference Count : 1]<UL><LI> startup_nrf52832.o(RESET)
</UL>
<P><STRONG><a name="[33]"></a>SWI3_EGU3_IRQHandler_v</STRONG> (Thumb, 0 bytes, Stack size 0 bytes, mbed/TARGET_NRF52_DK/TOOLCHAIN_ARM_STD/startup_nrf52832.o(.text))
<BR>[Address Reference Count : 1]<UL><LI> startup_nrf52832.o(RESET)
</UL>
<P><STRONG><a name="[34]"></a>SWI4_EGU4_IRQHandler</STRONG> (Thumb, 0 bytes, Stack size 0 bytes, mbed/TARGET_NRF52_DK/TOOLCHAIN_ARM_STD/startup_nrf52832.o(.text))
<BR>[Address Reference Count : 1]<UL><LI> startup_nrf52832.o(RESET)
</UL>
<P><STRONG><a name="[35]"></a>SWI5_EGU5_IRQHandler</STRONG> (Thumb, 0 bytes, Stack size 0 bytes, mbed/TARGET_NRF52_DK/TOOLCHAIN_ARM_STD/startup_nrf52832.o(.text))
<BR>[Address Reference Count : 1]<UL><LI> startup_nrf52832.o(RESET)
</UL>
<P><STRONG><a name="[28]"></a>TEMP_IRQHandler_v</STRONG> (Thumb, 0 bytes, Stack size 0 bytes, mbed/TARGET_NRF52_DK/TOOLCHAIN_ARM_STD/startup_nrf52832.o(.text))
<BR>[Address Reference Count : 1]<UL><LI> startup_nrf52832.o(RESET)
</UL>
<P><STRONG><a name="[24]"></a>TIMER0_IRQHandler_v</STRONG> (Thumb, 0 bytes, Stack size 0 bytes, mbed/TARGET_NRF52_DK/TOOLCHAIN_ARM_STD/startup_nrf52832.o(.text))
<BR>[Address Reference Count : 1]<UL><LI> startup_nrf52832.o(RESET)
</UL>
<P><STRONG><a name="[25]"></a>TIMER1_IRQHandler_v</STRONG> (Thumb, 0 bytes, Stack size 0 bytes, mbed/TARGET_NRF52_DK/TOOLCHAIN_ARM_STD/startup_nrf52832.o(.text))
<BR>[Address Reference Count : 1]<UL><LI> startup_nrf52832.o(RESET)
</UL>
<P><STRONG><a name="[26]"></a>TIMER2_IRQHandler_v</STRONG> (Thumb, 0 bytes, Stack size 0 bytes, mbed/TARGET_NRF52_DK/TOOLCHAIN_ARM_STD/startup_nrf52832.o(.text))
<BR>[Address Reference Count : 1]<UL><LI> startup_nrf52832.o(RESET)
</UL>
<P><STRONG><a name="[36]"></a>TIMER3_IRQHandler_v</STRONG> (Thumb, 0 bytes, Stack size 0 bytes, mbed/TARGET_NRF52_DK/TOOLCHAIN_ARM_STD/startup_nrf52832.o(.text))
<BR>[Address Reference Count : 1]<UL><LI> startup_nrf52832.o(RESET)
</UL>
<P><STRONG><a name="[37]"></a>TIMER4_IRQHandler_v</STRONG> (Thumb, 0 bytes, Stack size 0 bytes, mbed/TARGET_NRF52_DK/TOOLCHAIN_ARM_STD/startup_nrf52832.o(.text))
<BR>[Address Reference Count : 1]<UL><LI> startup_nrf52832.o(RESET)
</UL>
<P><STRONG><a name="[1e]"></a>UARTE0_UART0_IRQHandler_v</STRONG> (Thumb, 0 bytes, Stack size 0 bytes, mbed/TARGET_NRF52_DK/TOOLCHAIN_ARM_STD/startup_nrf52832.o(.text))
<BR>[Address Reference Count : 1]<UL><LI> startup_nrf52832.o(RESET)
</UL>
<P><STRONG><a name="[2c]"></a>WDT_IRQHandler_v</STRONG> (Thumb, 0 bytes, Stack size 0 bytes, mbed/TARGET_NRF52_DK/TOOLCHAIN_ARM_STD/startup_nrf52832.o(.text))
<BR>[Address Reference Count : 1]<UL><LI> startup_nrf52832.o(RESET)
</UL>
<P><STRONG><a name="[121]"></a>__aeabi_errno_addr</STRONG> (Thumb, 8 bytes, Stack size 0 bytes, C:\Keil_v5\ARM\ARMCC\Bin\..\lib\armlib\c_w.l(rt_errno_addr.o)(.text))
<BR><BR>[Called By]<UL><LI><a href="#[117]">&gt;&gt;</a>&nbsp;&nbsp;&nbsp;_sys_write
<LI><a href="#[10f]">&gt;&gt;</a>&nbsp;&nbsp;&nbsp;_sys_seek
<LI><a href="#[10b]">&gt;&gt;</a>&nbsp;&nbsp;&nbsp;_sys_read
<LI><a href="#[e7]">&gt;&gt;</a>&nbsp;&nbsp;&nbsp;_sys_open
<LI><a href="#[114]">&gt;&gt;</a>&nbsp;&nbsp;&nbsp;_sys_istty
<LI><a href="#[113]">&gt;&gt;</a>&nbsp;&nbsp;&nbsp;_sys_flen
<LI><a href="#[ec]">&gt;&gt;</a>&nbsp;&nbsp;&nbsp;_sys_close
<LI><a href="#[16e]">&gt;&gt;</a>&nbsp;&nbsp;&nbsp;mbed::Stream::Stream__sub_object(const char*)
<LI><a href="#[116]">&gt;&gt;</a>&nbsp;&nbsp;&nbsp;_ftell_internal
</UL>

<P><STRONG><a name="[ca]"></a>malloc</STRONG> (Thumb, 94 bytes, Stack size 0 bytes, C:\Keil_v5\ARM\ARMCC\Bin\..\lib\armlib\c_w.l(h1_alloc.o)(.text))
<BR><BR>[Calls]<UL><LI><a href="#[cc]">&gt;&gt;</a>&nbsp;&nbsp;&nbsp;__Heap_Full
<LI><a href="#[cb]">&gt;&gt;</a>&nbsp;&nbsp;&nbsp;__rt_heap_descriptor
</UL>
<BR>[Called By]<UL><LI><a href="#[112]">&gt;&gt;</a>&nbsp;&nbsp;&nbsp;__flsbuf
<LI><a href="#[10d]">&gt;&gt;</a>&nbsp;&nbsp;&nbsp;__filbuf
<LI><a href="#[e8]">&gt;&gt;</a>&nbsp;&nbsp;&nbsp;fopen
</UL>

<P><STRONG><a name="[cd]"></a>free</STRONG> (Thumb, 78 bytes, Stack size 0 bytes, C:\Keil_v5\ARM\ARMCC\Bin\..\lib\armlib\c_w.l(h1_free.o)(.text))
<BR><BR>[Calls]<UL><LI><a href="#[cb]">&gt;&gt;</a>&nbsp;&nbsp;&nbsp;__rt_heap_descriptor
</UL>
<BR>[Called By]<UL><LI><a href="#[119]">&gt;&gt;</a>&nbsp;&nbsp;&nbsp;_terminateio
<LI><a href="#[e6]">&gt;&gt;</a>&nbsp;&nbsp;&nbsp;_fclose_internal
<LI><a href="#[f7]">&gt;&gt;</a>&nbsp;&nbsp;&nbsp;__Heap_ProvideMemory
</UL>

<P><STRONG><a name="[1c1]"></a>__aeabi_uldivmod</STRONG> (Thumb, 0 bytes, Stack size 0 bytes, C:\Keil_v5\ARM\ARMCC\Bin\..\lib\armlib\c_w.l(lludivv7m.o)(.text))
<BR><BR>[Called By]<UL><LI><a href="#[1c0]">&gt;&gt;</a>&nbsp;&nbsp;&nbsp;common_rtc_set_interrupt
</UL>

<P><STRONG><a name="[ce]"></a>vsnprintf</STRONG> (Thumb, 48 bytes, Stack size 0 bytes, C:\Keil_v5\ARM\ARMCC\Bin\..\lib\armlib\c_w.l(vsnprintf.o)(.text))
<BR><BR>[Calls]<UL><LI><a href="#[45]">&gt;&gt;</a>&nbsp;&nbsp;&nbsp;_sputc
<LI><a href="#[cf]">&gt;&gt;</a>&nbsp;&nbsp;&nbsp;_printf_char_common
</UL>
<BR>[Called By]<UL><LI><a href="#[1c4]">&gt;&gt;</a>&nbsp;&nbsp;&nbsp;mbed_error_vfprintf
<LI><a href="#[1ea]">&gt;&gt;</a>&nbsp;&nbsp;&nbsp;mbed_error_printf
</UL>

<P><STRONG><a name="[d0]"></a>__2printf</STRONG> (Thumb, 20 bytes, Stack size 0 bytes, C:\Keil_v5\ARM\ARMCC\Bin\..\lib\armlib\c_w.l(__2printf.o)(.text))
<BR><BR>[Calls]<UL><LI><a href="#[d1]">&gt;&gt;</a>&nbsp;&nbsp;&nbsp;_printf_char_file
</UL>
<BR>[Called By]<UL><LI><a href="#[1aa]">&gt;&gt;</a>&nbsp;&nbsp;&nbsp;UttecUtil::setWdt(unsigned char)
<LI><a href="#[1a3]">&gt;&gt;</a>&nbsp;&nbsp;&nbsp;procSec::secTask(rfFrame_t*)
<LI><a href="#[1a2]">&gt;&gt;</a>&nbsp;&nbsp;&nbsp;procBle::bleTask(unsigned char*)
<LI><a href="#[19b]">&gt;&gt;</a>&nbsp;&nbsp;&nbsp;procRf::taskRf(rfFrame_t*)
<LI><a href="#[18a]">&gt;&gt;</a>&nbsp;&nbsp;&nbsp;Flash::isFactoryMode()
<LI><a href="#[12e]">&gt;&gt;</a>&nbsp;&nbsp;&nbsp;$Super$$main
<LI><a href="#[1a7]">&gt;&gt;</a>&nbsp;&nbsp;&nbsp;DimmerRf::dispRfFactor(rfFrame_t*)
<LI><a href="#[18b]">&gt;&gt;</a>&nbsp;&nbsp;&nbsp;rs485::parse485Data(unsigned char)
<LI><a href="#[188]">&gt;&gt;</a>&nbsp;&nbsp;&nbsp;Flash::ReadAllFlash()
<LI><a href="#[185]">&gt;&gt;</a>&nbsp;&nbsp;&nbsp;Flash::writeFlash()
<LI><a href="#[14a]">&gt;&gt;</a>&nbsp;&nbsp;&nbsp;Rf::Rf()
<LI><a href="#[141]">&gt;&gt;</a>&nbsp;&nbsp;&nbsp;Rf::setRadio(channel_t)
<LI><a href="#[143]">&gt;&gt;</a>&nbsp;&nbsp;&nbsp;Rf::sendRf(const rfFrame_t*)
<LI><a href="#[13b]">&gt;&gt;</a>&nbsp;&nbsp;&nbsp;Rf::sendInternal()
<LI><a href="#[19a]">&gt;&gt;</a>&nbsp;&nbsp;&nbsp;procRf::procVolumeCmd(rfFrame_t*)
<LI><a href="#[192]">&gt;&gt;</a>&nbsp;&nbsp;&nbsp;procRf::procRepeatCmd(rfFrame_t*)
<LI><a href="#[18e]">&gt;&gt;</a>&nbsp;&nbsp;&nbsp;procRf::conflictTx()
<LI><a href="#[1a0]">&gt;&gt;</a>&nbsp;&nbsp;&nbsp;UttecUtil::dispSec(rfFrame_t*)
<LI><a href="#[137]">&gt;&gt;</a>&nbsp;&nbsp;&nbsp;dispRxTx(char*, unsigned char)
<LI><a href="#[136]">&gt;&gt;</a>&nbsp;&nbsp;&nbsp;disTime()
<LI><a href="#[133]">&gt;&gt;</a>&nbsp;&nbsp;&nbsp;dispSensor(char*, unsigned char)
</UL>

<P><STRONG><a name="[d2]"></a>__2sprintf</STRONG> (Thumb, 38 bytes, Stack size 0 bytes, C:\Keil_v5\ARM\ARMCC\Bin\..\lib\armlib\c_w.l(__2sprintf.o)(.text))
<BR><BR>[Calls]<UL><LI><a href="#[45]">&gt;&gt;</a>&nbsp;&nbsp;&nbsp;_sputc
<LI><a href="#[cf]">&gt;&gt;</a>&nbsp;&nbsp;&nbsp;_printf_char_common
</UL>
<BR>[Called By]<UL><LI><a href="#[137]">&gt;&gt;</a>&nbsp;&nbsp;&nbsp;dispRxTx(char*, unsigned char)
<LI><a href="#[133]">&gt;&gt;</a>&nbsp;&nbsp;&nbsp;dispSensor(char*, unsigned char)
<LI><a href="#[132]">&gt;&gt;</a>&nbsp;&nbsp;&nbsp;dispForced(char*, bool)
</UL>

<P><STRONG><a name="[d4]"></a>_printf_pre_padding</STRONG> (Thumb, 44 bytes, Stack size 0 bytes, C:\Keil_v5\ARM\ARMCC\Bin\..\lib\armlib\c_w.l(_printf_pad.o)(.text))
<BR><BR>[Called By]<UL><LI><a href="#[107]">&gt;&gt;</a>&nbsp;&nbsp;&nbsp;_printf_wctomb
<LI><a href="#[102]">&gt;&gt;</a>&nbsp;&nbsp;&nbsp;_printf_fp_dec_real
<LI><a href="#[d8]">&gt;&gt;</a>&nbsp;&nbsp;&nbsp;_printf_int_common
<LI><a href="#[d3]">&gt;&gt;</a>&nbsp;&nbsp;&nbsp;_printf_str
<LI><a href="#[104]">&gt;&gt;</a>&nbsp;&nbsp;&nbsp;_printf_fp_infnan
<LI><a href="#[11f]">&gt;&gt;</a>&nbsp;&nbsp;&nbsp;_printf_fp_hex_real
</UL>

<P><STRONG><a name="[d5]"></a>_printf_post_padding</STRONG> (Thumb, 34 bytes, Stack size 0 bytes, C:\Keil_v5\ARM\ARMCC\Bin\..\lib\armlib\c_w.l(_printf_pad.o)(.text))
<BR><BR>[Called By]<UL><LI><a href="#[107]">&gt;&gt;</a>&nbsp;&nbsp;&nbsp;_printf_wctomb
<LI><a href="#[102]">&gt;&gt;</a>&nbsp;&nbsp;&nbsp;_printf_fp_dec_real
<LI><a href="#[d8]">&gt;&gt;</a>&nbsp;&nbsp;&nbsp;_printf_int_common
<LI><a href="#[d3]">&gt;&gt;</a>&nbsp;&nbsp;&nbsp;_printf_str
<LI><a href="#[104]">&gt;&gt;</a>&nbsp;&nbsp;&nbsp;_printf_fp_infnan
<LI><a href="#[11f]">&gt;&gt;</a>&nbsp;&nbsp;&nbsp;_printf_fp_hex_real
</UL>

<P><STRONG><a name="[d3]"></a>_printf_str</STRONG> (Thumb, 82 bytes, Stack size 0 bytes, C:\Keil_v5\ARM\ARMCC\Bin\..\lib\armlib\c_w.l(_printf_str.o)(.text))
<BR><BR>[Calls]<UL><LI><a href="#[d5]">&gt;&gt;</a>&nbsp;&nbsp;&nbsp;_printf_post_padding
<LI><a href="#[d4]">&gt;&gt;</a>&nbsp;&nbsp;&nbsp;_printf_pre_padding
</UL>
<BR>[Called By]<UL><LI><a href="#[105]">&gt;&gt;</a>&nbsp;&nbsp;&nbsp;_printf_cs_common
</UL>

<P><STRONG><a name="[9e]"></a>_printf_int_dec</STRONG> (Thumb, 104 bytes, Stack size 0 bytes, C:\Keil_v5\ARM\ARMCC\Bin\..\lib\armlib\c_w.l(_printf_dec.o)(.text))
<BR><BR>[Calls]<UL><LI><a href="#[d8]">&gt;&gt;</a>&nbsp;&nbsp;&nbsp;_printf_int_common
<LI><a href="#[d7]">&gt;&gt;</a>&nbsp;&nbsp;&nbsp;_printf_truncate_unsigned
<LI><a href="#[d6]">&gt;&gt;</a>&nbsp;&nbsp;&nbsp;_printf_truncate_signed
</UL>
<BR>[Called By]<UL><LI><a href="#[a0]">&gt;&gt;</a>&nbsp;&nbsp;&nbsp;_printf_u
<LI><a href="#[9d]">&gt;&gt;</a>&nbsp;&nbsp;&nbsp;_printf_i
<LI><a href="#[9f]">&gt;&gt;</a>&nbsp;&nbsp;&nbsp;_printf_d
</UL>

<P><STRONG><a name="[d9]"></a>_printf_longlong_hex</STRONG> (Thumb, 86 bytes, Stack size 0 bytes, C:\Keil_v5\ARM\ARMCC\Bin\..\lib\armlib\c_w.l(_printf_hex_int_ll_ptr.o)(.text))
<BR><BR>[Calls]<UL><LI><a href="#[d8]">&gt;&gt;</a>&nbsp;&nbsp;&nbsp;_printf_int_common
</UL>
<BR>[Called By]<UL><LI><a href="#[96]">&gt;&gt;</a>&nbsp;&nbsp;&nbsp;_printf_hex_ptr
<LI><a href="#[ac]">&gt;&gt;</a>&nbsp;&nbsp;&nbsp;_printf_ll_hex
<LI><a href="#[a4]">&gt;&gt;</a>&nbsp;&nbsp;&nbsp;_printf_int_hex
</UL>

<P><STRONG><a name="[a4]"></a>_printf_int_hex</STRONG> (Thumb, 28 bytes, Stack size 0 bytes, C:\Keil_v5\ARM\ARMCC\Bin\..\lib\armlib\c_w.l(_printf_hex_int_ll_ptr.o)(.text))
<BR><BR>[Calls]<UL><LI><a href="#[d7]">&gt;&gt;</a>&nbsp;&nbsp;&nbsp;_printf_truncate_unsigned
<LI><a href="#[d9]">&gt;&gt;</a>&nbsp;&nbsp;&nbsp;_printf_longlong_hex
</UL>
<BR>[Called By]<UL><LI><a href="#[a3]">&gt;&gt;</a>&nbsp;&nbsp;&nbsp;_printf_x
</UL>

<P><STRONG><a name="[ac]"></a>_printf_ll_hex</STRONG> (Thumb, 12 bytes, Stack size 0 bytes, C:\Keil_v5\ARM\ARMCC\Bin\..\lib\armlib\c_w.l(_printf_hex_int_ll_ptr.o)(.text))
<BR><BR>[Calls]<UL><LI><a href="#[d9]">&gt;&gt;</a>&nbsp;&nbsp;&nbsp;_printf_longlong_hex
</UL>
<BR>[Called By]<UL><LI><a href="#[ab]">&gt;&gt;</a>&nbsp;&nbsp;&nbsp;_printf_llx
</UL>

<P><STRONG><a name="[96]"></a>_printf_hex_ptr</STRONG> (Thumb, 18 bytes, Stack size 0 bytes, C:\Keil_v5\ARM\ARMCC\Bin\..\lib\armlib\c_w.l(_printf_hex_int_ll_ptr.o)(.text))
<BR><BR>[Calls]<UL><LI><a href="#[d9]">&gt;&gt;</a>&nbsp;&nbsp;&nbsp;_printf_longlong_hex
</UL>
<BR>[Called By]<UL><LI><a href="#[95]">&gt;&gt;</a>&nbsp;&nbsp;&nbsp;_printf_p
</UL>

<P><STRONG><a name="[da]"></a>__printf</STRONG> (Thumb, 388 bytes, Stack size 0 bytes, C:\Keil_v5\ARM\ARMCC\Bin\..\lib\armlib\c_w.l(__printf_flags_ss_wp.o)(.text))
<BR><BR>[Calls]<UL><LI><a href="#[dc]">&gt;&gt;</a>&nbsp;&nbsp;&nbsp;_printf_percent
<LI><a href="#[db]">&gt;&gt;</a>&nbsp;&nbsp;&nbsp;_is_digit
</UL>
<BR>[Called By]<UL><LI><a href="#[cf]">&gt;&gt;</a>&nbsp;&nbsp;&nbsp;_printf_char_common
</UL>

<P><STRONG><a name="[dd]"></a>_do_fflush</STRONG> (Thumb, 54 bytes, Stack size 0 bytes, C:\Keil_v5\ARM\ARMCC\Bin\..\lib\armlib\c_w.l(fflush.o)(.text))
<BR><BR>[Calls]<UL><LI><a href="#[de]">&gt;&gt;</a>&nbsp;&nbsp;&nbsp;_fflush
<LI><a href="#[df]">&gt;&gt;</a>&nbsp;&nbsp;&nbsp;_fseek
</UL>
<BR>[Called By]<UL><LI><a href="#[e0]">&gt;&gt;</a>&nbsp;&nbsp;&nbsp;fflush
<LI><a href="#[110]">&gt;&gt;</a>&nbsp;&nbsp;&nbsp;_flushlinebuffered
</UL>

<P><STRONG><a name="[e0]"></a>fflush</STRONG> (Thumb, 42 bytes, Stack size 0 bytes, C:\Keil_v5\ARM\ARMCC\Bin\..\lib\armlib\c_w.l(fflush.o)(.text))
<BR><BR>[Calls]<UL><LI><a href="#[dd]">&gt;&gt;</a>&nbsp;&nbsp;&nbsp;_do_fflush
</UL>
<BR>[Called By]<UL><LI><a href="#[ee]">&gt;&gt;</a>&nbsp;&nbsp;&nbsp;__assert_puts
</UL>

<P><STRONG><a name="[e1]"></a>fputs</STRONG> (Thumb, 34 bytes, Stack size 0 bytes, C:\Keil_v5\ARM\ARMCC\Bin\..\lib\armlib\c_w.l(fputs.o)(.text))
<BR><BR>[Calls]<UL><LI><a href="#[47]">&gt;&gt;</a>&nbsp;&nbsp;&nbsp;fputc
</UL>
<BR>[Called By]<UL><LI><a href="#[ee]">&gt;&gt;</a>&nbsp;&nbsp;&nbsp;__assert_puts
</UL>

<P><STRONG><a name="[e2]"></a>getc</STRONG> (Thumb, 4 bytes, Stack size 0 bytes, C:\Keil_v5\ARM\ARMCC\Bin\..\lib\armlib\c_w.l(getc.o)(.text))
<BR><BR>[Calls]<UL><LI><a href="#[e3]">&gt;&gt;</a>&nbsp;&nbsp;&nbsp;fgetc
</UL>
<BR>[Called By]<UL><LI><a href="#[18d]">&gt;&gt;</a>&nbsp;&nbsp;&nbsp;rs485::is485Done()
</UL>

<P><STRONG><a name="[e4]"></a>putc</STRONG> (Thumb, 4 bytes, Stack size 0 bytes, C:\Keil_v5\ARM\ARMCC\Bin\..\lib\armlib\c_w.l(putc.o)(.text))
<BR><BR>[Calls]<UL><LI><a href="#[47]">&gt;&gt;</a>&nbsp;&nbsp;&nbsp;fputc
</UL>
<BR>[Called By]<UL><LI><a href="#[18c]">&gt;&gt;</a>&nbsp;&nbsp;&nbsp;putchar
</UL>

<P><STRONG><a name="[e5]"></a>freopen</STRONG> (Thumb, 158 bytes, Stack size 0 bytes, C:\Keil_v5\ARM\ARMCC\Bin\..\lib\armlib\c_w.l(fopen.o)(.text))
<BR><BR>[Calls]<UL><LI><a href="#[e7]">&gt;&gt;</a>&nbsp;&nbsp;&nbsp;_sys_open
<LI><a href="#[df]">&gt;&gt;</a>&nbsp;&nbsp;&nbsp;_fseek
<LI><a href="#[e6]">&gt;&gt;</a>&nbsp;&nbsp;&nbsp;_fclose_internal
</UL>
<BR>[Called By]<UL><LI><a href="#[bf]">&gt;&gt;</a>&nbsp;&nbsp;&nbsp;_initio
<LI><a href="#[e8]">&gt;&gt;</a>&nbsp;&nbsp;&nbsp;fopen
</UL>

<P><STRONG><a name="[e8]"></a>fopen</STRONG> (Thumb, 74 bytes, Stack size 0 bytes, C:\Keil_v5\ARM\ARMCC\Bin\..\lib\armlib\c_w.l(fopen.o)(.text))
<BR><BR>[Calls]<UL><LI><a href="#[ca]">&gt;&gt;</a>&nbsp;&nbsp;&nbsp;malloc
<LI><a href="#[e9]">&gt;&gt;</a>&nbsp;&nbsp;&nbsp;__aeabi_memclr4
<LI><a href="#[e5]">&gt;&gt;</a>&nbsp;&nbsp;&nbsp;freopen
</UL>
<BR>[Called By]<UL><LI><a href="#[168]">&gt;&gt;</a>&nbsp;&nbsp;&nbsp;mbed::mbed_fdopen(mbed::FileHandle*, const char*)
</UL>

<P><STRONG><a name="[ea]"></a>setbuf</STRONG> (Thumb, 20 bytes, Stack size 0 bytes, C:\Keil_v5\ARM\ARMCC\Bin\..\lib\armlib\c_w.l(setbuf.o)(.text))
<BR><BR>[Calls]<UL><LI><a href="#[eb]">&gt;&gt;</a>&nbsp;&nbsp;&nbsp;setvbuf
</UL>
<BR>[Called By]<UL><LI><a href="#[16a]">&gt;&gt;</a>&nbsp;&nbsp;&nbsp;mbed::mbed_set_unbuffered_stream(std::__FILE*)
<LI><a href="#[168]">&gt;&gt;</a>&nbsp;&nbsp;&nbsp;mbed::mbed_fdopen(mbed::FileHandle*, const char*)
</UL>

<P><STRONG><a name="[e6]"></a>_fclose_internal</STRONG> (Thumb, 76 bytes, Stack size 0 bytes, C:\Keil_v5\ARM\ARMCC\Bin\..\lib\armlib\c_w.l(fclose.o)(.text))
<BR><BR>[Calls]<UL><LI><a href="#[ec]">&gt;&gt;</a>&nbsp;&nbsp;&nbsp;_sys_close
<LI><a href="#[cd]">&gt;&gt;</a>&nbsp;&nbsp;&nbsp;free
<LI><a href="#[de]">&gt;&gt;</a>&nbsp;&nbsp;&nbsp;_fflush
<LI><a href="#[e9]">&gt;&gt;</a>&nbsp;&nbsp;&nbsp;__aeabi_memclr4
</UL>
<BR>[Called By]<UL><LI><a href="#[119]">&gt;&gt;</a>&nbsp;&nbsp;&nbsp;_terminateio
<LI><a href="#[e5]">&gt;&gt;</a>&nbsp;&nbsp;&nbsp;freopen
</UL>

<P><STRONG><a name="[172]"></a>fclose</STRONG> (Thumb, 0 bytes, Stack size 0 bytes, C:\Keil_v5\ARM\ARMCC\Bin\..\lib\armlib\c_w.l(fclose.o)(.text))
<BR><BR>[Called By]<UL><LI><a href="#[7f]">&gt;&gt;</a>&nbsp;&nbsp;&nbsp;mbed::Stream::~Stream__sub_object()
</UL>

<P><STRONG><a name="[ed]"></a>__aeabi_assert</STRONG> (Thumb, 86 bytes, Stack size 0 bytes, C:\Keil_v5\ARM\ARMCC\Bin\..\lib\armlib\c_w.l(assert.o)(.text))
<BR><BR>[Calls]<UL><LI><a href="#[ef]">&gt;&gt;</a>&nbsp;&nbsp;&nbsp;abort
<LI><a href="#[ee]">&gt;&gt;</a>&nbsp;&nbsp;&nbsp;__assert_puts
</UL>
<BR>[Called By]<UL><LI><a href="#[15f]">&gt;&gt;</a>&nbsp;&nbsp;&nbsp;core_util_critical_section_exit
<LI><a href="#[15c]">&gt;&gt;</a>&nbsp;&nbsp;&nbsp;core_util_critical_section_enter
</UL>

<P><STRONG><a name="[17f]"></a>strlen</STRONG> (Thumb, 62 bytes, Stack size 0 bytes, C:\Keil_v5\ARM\ARMCC\Bin\..\lib\armlib\c_w.l(strlen.o)(.text))
<BR><BR>[Called By]<UL><LI><a href="#[17d]">&gt;&gt;</a>&nbsp;&nbsp;&nbsp;mbed::FileBase::lookup(const char*, unsigned)
</UL>

<P><STRONG><a name="[17e]"></a>strncmp</STRONG> (Thumb, 150 bytes, Stack size 0 bytes, C:\Keil_v5\ARM\ARMCC\Bin\..\lib\armlib\c_w.l(strncmp.o)(.text))
<BR><BR>[Called By]<UL><LI><a href="#[17d]">&gt;&gt;</a>&nbsp;&nbsp;&nbsp;mbed::FileBase::lookup(const char*, unsigned)
</UL>

<P><STRONG><a name="[145]"></a>__aeabi_memcpy</STRONG> (Thumb, 0 bytes, Stack size 0 bytes, C:\Keil_v5\ARM\ARMCC\Bin\..\lib\armlib\c_w.l(rt_memcpy_v6.o)(.text))
<BR><BR>[Called By]<UL><LI><a href="#[143]">&gt;&gt;</a>&nbsp;&nbsp;&nbsp;Rf::sendRf(const rfFrame_t*)
</UL>

<P><STRONG><a name="[f0]"></a>__rt_memcpy</STRONG> (Thumb, 138 bytes, Stack size 0 bytes, C:\Keil_v5\ARM\ARMCC\Bin\..\lib\armlib\c_w.l(rt_memcpy_v6.o)(.text), UNUSED)
<BR><BR>[Calls]<UL><LI><a href="#[f1]">&gt;&gt;</a>&nbsp;&nbsp;&nbsp;__aeabi_memcpy4
</UL>

<P><STRONG><a name="[f1]"></a>__aeabi_memcpy4</STRONG> (Thumb, 0 bytes, Stack size 0 bytes, C:\Keil_v5\ARM\ARMCC\Bin\..\lib\armlib\c_w.l(rt_memcpy_w.o)(.text))
<BR><BR>[Called By]<UL><LI><a href="#[189]">&gt;&gt;</a>&nbsp;&nbsp;&nbsp;Flash::initOrgFlash()
<LI><a href="#[42]">&gt;&gt;</a>&nbsp;&nbsp;&nbsp;nrf_reloc_vector_table
<LI><a href="#[f0]">&gt;&gt;</a>&nbsp;&nbsp;&nbsp;__rt_memcpy
</UL>

<P><STRONG><a name="[f2]"></a>__aeabi_memset</STRONG> (Thumb, 16 bytes, Stack size 0 bytes, C:\Keil_v5\ARM\ARMCC\Bin\..\lib\armlib\c_w.l(aeabi_memset.o)(.text))
<BR><BR>[Calls]<UL><LI><a href="#[f3]">&gt;&gt;</a>&nbsp;&nbsp;&nbsp;_memset
</UL>
<BR>[Called By]<UL><LI><a href="#[1d5]">&gt;&gt;</a>&nbsp;&nbsp;&nbsp;nrf_drv_gpiote_init
</UL>

<P><STRONG><a name="[f4]"></a>__rt_memclr</STRONG> (Thumb, 68 bytes, Stack size 0 bytes, C:\Keil_v5\ARM\ARMCC\Bin\..\lib\armlib\c_w.l(rt_memclr.o)(.text), UNUSED)
<BR><BR>[Calls]<UL><LI><a href="#[f5]">&gt;&gt;</a>&nbsp;&nbsp;&nbsp;_memset_w
</UL>

<P><STRONG><a name="[f3]"></a>_memset</STRONG> (Thumb, 0 bytes, Stack size 0 bytes, C:\Keil_v5\ARM\ARMCC\Bin\..\lib\armlib\c_w.l(rt_memclr.o)(.text))
<BR><BR>[Called By]<UL><LI><a href="#[f2]">&gt;&gt;</a>&nbsp;&nbsp;&nbsp;__aeabi_memset
</UL>

<P><STRONG><a name="[e9]"></a>__aeabi_memclr4</STRONG> (Thumb, 0 bytes, Stack size 0 bytes, C:\Keil_v5\ARM\ARMCC\Bin\..\lib\armlib\c_w.l(rt_memclr_w.o)(.text))
<BR><BR>[Called By]<UL><LI><a href="#[bf]">&gt;&gt;</a>&nbsp;&nbsp;&nbsp;_initio
<LI><a href="#[e6]">&gt;&gt;</a>&nbsp;&nbsp;&nbsp;_fclose_internal
<LI><a href="#[e8]">&gt;&gt;</a>&nbsp;&nbsp;&nbsp;fopen
</UL>

<P><STRONG><a name="[f5]"></a>_memset_w</STRONG> (Thumb, 0 bytes, Stack size 0 bytes, C:\Keil_v5\ARM\ARMCC\Bin\..\lib\armlib\c_w.l(rt_memclr_w.o)(.text), UNUSED)
<BR><BR>[Called By]<UL><LI><a href="#[f4]">&gt;&gt;</a>&nbsp;&nbsp;&nbsp;__rt_memclr
</UL>

<P><STRONG><a name="[1b4]"></a>strcmp</STRONG> (Thumb, 128 bytes, Stack size 0 bytes, C:\Keil_v5\ARM\ARMCC\Bin\..\lib\armlib\c_w.l(strcmpv7m.o)(.text))
<BR><BR>[Called By]<UL><LI><a href="#[e7]">&gt;&gt;</a>&nbsp;&nbsp;&nbsp;_sys_open
<LI><a href="#[48]">&gt;&gt;</a>&nbsp;&nbsp;&nbsp;_get_lc_ctype
<LI><a href="#[bd]">&gt;&gt;</a>&nbsp;&nbsp;&nbsp;_get_lc_numeric
</UL>

<P><STRONG><a name="[8f]"></a>__cpp_initialize__aeabi_</STRONG> (Thumb, 26 bytes, Stack size 0 bytes, C:\Keil_v5\ARM\ARMCC\Bin\..\lib\armlib\c_w.l(init_aeabi.o)(.text))
<BR><BR>[Called By]<UL><LI><a href="#[c0]">&gt;&gt;</a>&nbsp;&nbsp;&nbsp;__rt_lib_init_cpp_2
</UL>

<P><STRONG><a name="[160]"></a>__aeabi_vec_dtor</STRONG> (Thumb, 34 bytes, Stack size 0 bytes, C:\Keil_v5\ARM\ARMCC\Bin\..\lib\cpplib\cpprt_w.l(aeabi_vec_dtor_noexceptions.o)(.text))
<BR><BR>[Called By]<UL><LI><a href="#[71]">&gt;&gt;</a>&nbsp;&nbsp;&nbsp;mbed::SerialBase::~SerialBase()
</UL>

<P><STRONG><a name="[cb]"></a>__rt_heap_descriptor</STRONG> (Thumb, 8 bytes, Stack size 0 bytes, C:\Keil_v5\ARM\ARMCC\Bin\..\lib\armlib\c_w.l(rt_heap_descriptor.o)(.text))
<BR><BR>[Called By]<UL><LI><a href="#[cd]">&gt;&gt;</a>&nbsp;&nbsp;&nbsp;free
<LI><a href="#[ca]">&gt;&gt;</a>&nbsp;&nbsp;&nbsp;malloc
<LI><a href="#[b8]">&gt;&gt;</a>&nbsp;&nbsp;&nbsp;_init_alloc
</UL>

<P><STRONG><a name="[c]"></a>_terminate_user_alloc</STRONG> (Thumb, 2 bytes, Stack size 0 bytes, C:\Keil_v5\ARM\ARMCC\Bin\..\lib\armlib\c_w.l(init_alloc.o)(.text), UNUSED)

<P><STRONG><a name="[8]"></a>_init_user_alloc</STRONG> (Thumb, 2 bytes, Stack size 0 bytes, C:\Keil_v5\ARM\ARMCC\Bin\..\lib\armlib\c_w.l(init_alloc.o)(.text), UNUSED)

<P><STRONG><a name="[cc]"></a>__Heap_Full</STRONG> (Thumb, 34 bytes, Stack size 0 bytes, C:\Keil_v5\ARM\ARMCC\Bin\..\lib\armlib\c_w.l(init_alloc.o)(.text))
<BR><BR>[Calls]<UL><LI><a href="#[f6]">&gt;&gt;</a>&nbsp;&nbsp;&nbsp;__rt_heap_expand
<LI><a href="#[f7]">&gt;&gt;</a>&nbsp;&nbsp;&nbsp;__Heap_ProvideMemory
</UL>
<BR>[Called By]<UL><LI><a href="#[ca]">&gt;&gt;</a>&nbsp;&nbsp;&nbsp;malloc
</UL>

<P><STRONG><a name="[f8]"></a>__Heap_Broken</STRONG> (Thumb, 6 bytes, Stack size 0 bytes, C:\Keil_v5\ARM\ARMCC\Bin\..\lib\armlib\c_w.l(init_alloc.o)(.text), UNUSED)
<BR><BR>[Calls]<UL><LI><a href="#[f9]">&gt;&gt;</a>&nbsp;&nbsp;&nbsp;__rt_SIGRTMEM
</UL>

<P><STRONG><a name="[b8]"></a>_init_alloc</STRONG> (Thumb, 94 bytes, Stack size 0 bytes, C:\Keil_v5\ARM\ARMCC\Bin\..\lib\armlib\c_w.l(init_alloc.o)(.text))
<BR><BR>[Calls]<UL><LI><a href="#[fb]">&gt;&gt;</a>&nbsp;&nbsp;&nbsp;__Heap_Initialize
<LI><a href="#[cb]">&gt;&gt;</a>&nbsp;&nbsp;&nbsp;__rt_heap_descriptor
<LI><a href="#[f6]">&gt;&gt;</a>&nbsp;&nbsp;&nbsp;__rt_heap_expand
<LI><a href="#[fa]">&gt;&gt;</a>&nbsp;&nbsp;&nbsp;__rt_heap_escrow
<LI><a href="#[f9]">&gt;&gt;</a>&nbsp;&nbsp;&nbsp;__rt_SIGRTMEM
<LI><a href="#[f7]">&gt;&gt;</a>&nbsp;&nbsp;&nbsp;__Heap_ProvideMemory
</UL>
<BR>[Called By]<UL><LI><a href="#[b7]">&gt;&gt;</a>&nbsp;&nbsp;&nbsp;__rt_lib_init_heap_2
</UL>

<P><STRONG><a name="[fb]"></a>__Heap_Initialize</STRONG> (Thumb, 10 bytes, Stack size 0 bytes, C:\Keil_v5\ARM\ARMCC\Bin\..\lib\armlib\c_w.l(h1_init.o)(.text))
<BR><BR>[Called By]<UL><LI><a href="#[b8]">&gt;&gt;</a>&nbsp;&nbsp;&nbsp;_init_alloc
</UL>

<P><STRONG><a name="[6]"></a>__Heap_DescSize</STRONG> (Thumb, 4 bytes, Stack size 0 bytes, C:\Keil_v5\ARM\ARMCC\Bin\..\lib\armlib\c_w.l(h1_init.o)(.text), UNUSED)

<P><STRONG><a name="[d6]"></a>_printf_truncate_signed</STRONG> (Thumb, 18 bytes, Stack size 0 bytes, C:\Keil_v5\ARM\ARMCC\Bin\..\lib\armlib\c_w.l(_printf_truncate.o)(.text))
<BR><BR>[Called By]<UL><LI><a href="#[9e]">&gt;&gt;</a>&nbsp;&nbsp;&nbsp;_printf_int_dec
</UL>

<P><STRONG><a name="[d7]"></a>_printf_truncate_unsigned</STRONG> (Thumb, 18 bytes, Stack size 0 bytes, C:\Keil_v5\ARM\ARMCC\Bin\..\lib\armlib\c_w.l(_printf_truncate.o)(.text))
<BR><BR>[Called By]<UL><LI><a href="#[a2]">&gt;&gt;</a>&nbsp;&nbsp;&nbsp;_printf_int_oct
<LI><a href="#[a4]">&gt;&gt;</a>&nbsp;&nbsp;&nbsp;_printf_int_hex
<LI><a href="#[9e]">&gt;&gt;</a>&nbsp;&nbsp;&nbsp;_printf_int_dec
</UL>

<P><STRONG><a name="[d8]"></a>_printf_int_common</STRONG> (Thumb, 178 bytes, Stack size 0 bytes, C:\Keil_v5\ARM\ARMCC\Bin\..\lib\armlib\c_w.l(_printf_intcommon.o)(.text))
<BR><BR>[Calls]<UL><LI><a href="#[d5]">&gt;&gt;</a>&nbsp;&nbsp;&nbsp;_printf_post_padding
<LI><a href="#[d4]">&gt;&gt;</a>&nbsp;&nbsp;&nbsp;_printf_pre_padding
</UL>
<BR>[Called By]<UL><LI><a href="#[109]">&gt;&gt;</a>&nbsp;&nbsp;&nbsp;_printf_longlong_oct
<LI><a href="#[a6]">&gt;&gt;</a>&nbsp;&nbsp;&nbsp;_printf_longlong_dec
<LI><a href="#[d9]">&gt;&gt;</a>&nbsp;&nbsp;&nbsp;_printf_longlong_hex
<LI><a href="#[9e]">&gt;&gt;</a>&nbsp;&nbsp;&nbsp;_printf_int_dec
</UL>

<P><STRONG><a name="[94]"></a>_printf_charcount</STRONG> (Thumb, 40 bytes, Stack size 0 bytes, C:\Keil_v5\ARM\ARMCC\Bin\..\lib\armlib\c_w.l(_printf_charcount.o)(.text))
<BR><BR>[Called By]<UL><LI><a href="#[93]">&gt;&gt;</a>&nbsp;&nbsp;&nbsp;_printf_n
</UL>

<P><STRONG><a name="[102]"></a>_printf_fp_dec_real</STRONG> (Thumb, 620 bytes, Stack size 0 bytes, C:\Keil_v5\ARM\ARMCC\Bin\..\lib\armlib\c_w.l(_printf_fp_dec.o)(.text))
<BR><BR>[Calls]<UL><LI><a href="#[fc]">&gt;&gt;</a>&nbsp;&nbsp;&nbsp;_fp_digits
<LI><a href="#[d5]">&gt;&gt;</a>&nbsp;&nbsp;&nbsp;_printf_post_padding
<LI><a href="#[d4]">&gt;&gt;</a>&nbsp;&nbsp;&nbsp;_printf_pre_padding
<LI><a href="#[103]">&gt;&gt;</a>&nbsp;&nbsp;&nbsp;__ARM_fpclassify
<LI><a href="#[104]">&gt;&gt;</a>&nbsp;&nbsp;&nbsp;_printf_fp_infnan
<LI><a href="#[ba]">&gt;&gt;</a>&nbsp;&nbsp;&nbsp;__rt_locale
</UL>
<BR>[Called By]<UL><LI><a href="#[98]">&gt;&gt;</a>&nbsp;&nbsp;&nbsp;_printf_fp_dec
</UL>

<P><STRONG><a name="[cf]"></a>_printf_char_common</STRONG> (Thumb, 32 bytes, Stack size 0 bytes, C:\Keil_v5\ARM\ARMCC\Bin\..\lib\armlib\c_w.l(_printf_char_common.o)(.text))
<BR><BR>[Calls]<UL><LI><a href="#[da]">&gt;&gt;</a>&nbsp;&nbsp;&nbsp;__printf
</UL>
<BR>[Called By]<UL><LI><a href="#[d1]">&gt;&gt;</a>&nbsp;&nbsp;&nbsp;_printf_char_file
<LI><a href="#[d2]">&gt;&gt;</a>&nbsp;&nbsp;&nbsp;__2sprintf
<LI><a href="#[ce]">&gt;&gt;</a>&nbsp;&nbsp;&nbsp;vsnprintf
</UL>

<P><STRONG><a name="[45]"></a>_sputc</STRONG> (Thumb, 10 bytes, Stack size 0 bytes, C:\Keil_v5\ARM\ARMCC\Bin\..\lib\armlib\c_w.l(_sputc.o)(.text))
<BR><BR>[Called By]<UL><LI><a href="#[d2]">&gt;&gt;</a>&nbsp;&nbsp;&nbsp;__2sprintf
<LI><a href="#[ce]">&gt;&gt;</a>&nbsp;&nbsp;&nbsp;vsnprintf
</UL>
<BR>[Address Reference Count : 1]<UL><LI> __2sprintf.o(.text)
</UL>
<P><STRONG><a name="[44]"></a>_snputc</STRONG> (Thumb, 16 bytes, Stack size 0 bytes, C:\Keil_v5\ARM\ARMCC\Bin\..\lib\armlib\c_w.l(_snputc.o)(.text))
<BR>[Address Reference Count : 1]<UL><LI> vsnprintf.o(.text)
</UL>
<P><STRONG><a name="[105]"></a>_printf_cs_common</STRONG> (Thumb, 20 bytes, Stack size 0 bytes, C:\Keil_v5\ARM\ARMCC\Bin\..\lib\armlib\c_w.l(_printf_char.o)(.text))
<BR><BR>[Calls]<UL><LI><a href="#[d3]">&gt;&gt;</a>&nbsp;&nbsp;&nbsp;_printf_str
</UL>
<BR>[Called By]<UL><LI><a href="#[b0]">&gt;&gt;</a>&nbsp;&nbsp;&nbsp;_printf_string
<LI><a href="#[ae]">&gt;&gt;</a>&nbsp;&nbsp;&nbsp;_printf_char
</UL>

<P><STRONG><a name="[ae]"></a>_printf_char</STRONG> (Thumb, 16 bytes, Stack size 0 bytes, C:\Keil_v5\ARM\ARMCC\Bin\..\lib\armlib\c_w.l(_printf_char.o)(.text))
<BR><BR>[Calls]<UL><LI><a href="#[105]">&gt;&gt;</a>&nbsp;&nbsp;&nbsp;_printf_cs_common
</UL>
<BR>[Called By]<UL><LI><a href="#[ad]">&gt;&gt;</a>&nbsp;&nbsp;&nbsp;_printf_c
[...]
<BR>[Address Reference Count : 1]<UL><LI> mainforsx1276.o(.constdata__ZZN4mbed8CallbackIFvvEE8generateIPS1_EEvRKT_E3ops)
</UL>
<P><STRONG><a name="[89]"></a>void mbed::Callback&lang;void()&rang;::function_dtor&lang;void(*)()&rang;(void*)</STRONG> (Thumb, 2 bytes, Stack size 0 bytes, .\build\mainforsx1276.o(t._ZN4mbed8CallbackIFvvEE13function_dtorIPS1_EEvPv))
<BR>[Address Reference Count : 1]<UL><LI> mainforsx1276.o(.constdata__ZZN4mbed8CallbackIFvvEE8generateIPS1_EEvRKT_E3ops)
</UL>
<P><STRONG><a name="[88]"></a>void mbed::Callback&lang;void()&rang;::function_move&lang;void(*)()&rang;(void*, const void*)</STRONG> (Thumb, 14 bytes, Stack size 0 bytes, .\build\mainforsx1276.o(t._ZN4mbed8CallbackIFvvEE13function_moveIPS1_EEvPvPKv))
<BR>[Address Reference Count : 1]<UL><LI> mainforsx1276.o(.constdata__ZZN4mbed8CallbackIFvvEE8generateIPS1_EEvRKT_E3ops)
</UL>
<P><STRONG><a name="[17b]"></a>mbed::Callback&lang;void()&rang;::Callback(void(*)())</STRONG> (Thumb, 50 bytes, Stack size 0 bytes, .\build\mainforsx1276.o(t._ZN4mbed8CallbackIFvvEEC1EPS1_))
<BR><BR>[Called By]<UL><LI><a href="#[17a]">&gt;&gt;</a>&nbsp;&nbsp;&nbsp;mbed::Ticker::Ticker()
<LI><a href="#[1aa]">&gt;&gt;</a>&nbsp;&nbsp;&nbsp;UttecUtil::setWdt(unsigned char)
<LI><a href="#[1a9]">&gt;&gt;</a>&nbsp;&nbsp;&nbsp;UttecUtil::setWdtReload()
<LI><a href="#[12e]">&gt;&gt;</a>&nbsp;&nbsp;&nbsp;$Super$$main
<LI><a href="#[8d]">&gt;&gt;</a>&nbsp;&nbsp;&nbsp;__sti___13_UttecUtil_cpp_380f9fb9
</UL>

<P><STRONG><a name="[177]"></a>mbed::Callback&lang;void()&rang;::Callback(const mbed::Callback&lang;void()&rang;&)</STRONG> (Thumb, 28 bytes, Stack size 0 bytes, .\build\mainforsx1276.o(t._ZN4mbed8CallbackIFvvEEC1ERKS2_))
<BR><BR>[Called By]<UL><LI><a href="#[178]">&gt;&gt;</a>&nbsp;&nbsp;&nbsp;mbed::Ticker::attach_us(mbed::Callback&lang;void()&rang;, unsigned long long)
<LI><a href="#[175]">&gt;&gt;</a>&nbsp;&nbsp;&nbsp;mbed::Ticker::attach(mbed::Callback&lang;void()&rang;, float)
</UL>

<P><STRONG><a name="[4c]"></a>mbed::Callback&lang;void()&rang;::~Callback()</STRONG> (Thumb, 18 bytes, Stack size 0 bytes, mbed/TARGET_NRF52_DK/TOOLCHAIN_ARM_STD/mbed.ar(SerialBase.o)(t._ZN4mbed8CallbackIFvvEED1Ev))
<BR><BR>[Called By]<UL><LI><a href="#[178]">&gt;&gt;</a>&nbsp;&nbsp;&nbsp;mbed::Ticker::attach_us(mbed::Callback&lang;void()&rang;, unsigned long long)
<LI><a href="#[175]">&gt;&gt;</a>&nbsp;&nbsp;&nbsp;mbed::Ticker::attach(mbed::Callback&lang;void()&rang;, float)
<LI><a href="#[1aa]">&gt;&gt;</a>&nbsp;&nbsp;&nbsp;UttecUtil::setWdt(unsigned char)
<LI><a href="#[1a9]">&gt;&gt;</a>&nbsp;&nbsp;&nbsp;UttecUtil::setWdtReload()
<LI><a href="#[12e]">&gt;&gt;</a>&nbsp;&nbsp;&nbsp;$Super$$main
</UL>
<BR>[Address Reference Count : 1]<UL><LI> SerialBase.o(i._ZN4mbed10SerialBaseD1Ev)
</UL>
<P><STRONG><a name="[49]"></a>CThunk&lang;mbed::SerialBase&rang;::trampoline(mbed::SerialBase*, void*, void(mbed::SerialBase::**)(void*))</STRONG> (Thumb, 54 bytes, Stack size 0 bytes, mbed/TARGET_NRF52_DK/TOOLCHAIN_ARM_STD/mbed.ar(SerialBase.o)(t._ZN6CThunkIN4mbed10SerialBaseEE10trampolineEPS1_PvPMS1_FvS4_E))
<BR>[Address Reference Count : 1]<UL><LI> SerialBase.o(i._ZN4mbed10SerialBaseC1E7PinNameS1_i)
</UL>
<P><STRONG><a name="[199]"></a>__aeabi_d2f</STRONG> (Thumb, 0 bytes, Stack size 0 bytes, C:\Keil_v5\ARM\ARMCC\Bin\..\lib\armlib\fz_wm.l(d2f.o)(x$fpl$d2f))
<BR><BR>[Called By]<UL><LI><a href="#[12e]">&gt;&gt;</a>&nbsp;&nbsp;&nbsp;$Super$$main
<LI><a href="#[19a]">&gt;&gt;</a>&nbsp;&nbsp;&nbsp;procRf::procVolumeCmd(rfFrame_t*)
<LI><a href="#[196]">&gt;&gt;</a>&nbsp;&nbsp;&nbsp;procRf::procSensorCmd(rfFrame_t*)
</UL>

<P><STRONG><a name="[1f3]"></a>_d2f</STRONG> (Thumb, 98 bytes, Stack size 0 bytes, C:\Keil_v5\ARM\ARMCC\Bin\..\lib\armlib\fz_wm.l(d2f.o)(x$fpl$d2f), UNUSED)
<BR><BR>[Calls]<UL><LI><a href="#[1f4]">&gt;&gt;</a>&nbsp;&nbsp;&nbsp;__fpl_fretinf
<LI><a href="#[1f5]">&gt;&gt;</a>&nbsp;&nbsp;&nbsp;__fpl_dnaninf
</UL>

<P><STRONG><a name="[198]"></a>__aeabi_ddiv</STRONG> (Thumb, 0 bytes, Stack size 0 bytes, C:\Keil_v5\ARM\ARMCC\Bin\..\lib\armlib\fz_wm.l(ddiv.o)(x$fpl$ddiv))
<BR><BR>[Called By]<UL><LI><a href="#[12e]">&gt;&gt;</a>&nbsp;&nbsp;&nbsp;$Super$$main
<LI><a href="#[19a]">&gt;&gt;</a>&nbsp;&nbsp;&nbsp;procRf::procVolumeCmd(rfFrame_t*)
<LI><a href="#[196]">&gt;&gt;</a>&nbsp;&nbsp;&nbsp;procRf::procSensorCmd(rfFrame_t*)
</UL>

<P><STRONG><a name="[1f6]"></a>_ddiv</STRONG> (Thumb, 552 bytes, Stack size 0 bytes, C:\Keil_v5\ARM\ARMCC\Bin\..\lib\armlib\fz_wm.l(ddiv.o)(x$fpl$ddiv), UNUSED)
<BR><BR>[Calls]<UL><LI><a href="#[1f7]">&gt;&gt;</a>&nbsp;&nbsp;&nbsp;__fpl_dretinf
<LI><a href="#[1f5]">&gt;&gt;</a>&nbsp;&nbsp;&nbsp;__fpl_dnaninf
</UL>

<P><STRONG><a name="[197]"></a>__aeabi_ui2d</STRONG> (Thumb, 0 bytes, Stack size 0 bytes, C:\Keil_v5\ARM\ARMCC\Bin\..\lib\armlib\fz_wm.l(dflt_clz.o)(x$fpl$dfltu))
<BR><BR>[Called By]<UL><LI><a href="#[12e]">&gt;&gt;</a>&nbsp;&nbsp;&nbsp;$Super$$main
<LI><a href="#[19a]">&gt;&gt;</a>&nbsp;&nbsp;&nbsp;procRf::procVolumeCmd(rfFrame_t*)
<LI><a href="#[196]">&gt;&gt;</a>&nbsp;&nbsp;&nbsp;procRf::procSensorCmd(rfFrame_t*)
</UL>

<P><STRONG><a name="[1f5]"></a>__fpl_dnaninf</STRONG> (Thumb, 156 bytes, Stack size 0 bytes, C:\Keil_v5\ARM\ARMCC\Bin\..\lib\armlib\fz_wm.l(dnaninf.o)(x$fpl$dnaninf), UNUSED)
<BR><BR>[Called By]<UL><LI><a href="#[1f6]">&gt;&gt;</a>&nbsp;&nbsp;&nbsp;_ddiv
<LI><a href="#[1f3]">&gt;&gt;</a>&nbsp;&nbsp;&nbsp;_d2f
</UL>

<P><STRONG><a name="[1f7]"></a>__fpl_dretinf</STRONG> (Thumb, 12 bytes, Stack size 0 bytes, C:\Keil_v5\ARM\ARMCC\Bin\..\lib\armlib\fz_wm.l(dretinf.o)(x$fpl$dretinf), UNUSED)
<BR><BR>[Called By]<UL><LI><a href="#[1f8]">&gt;&gt;</a>&nbsp;&nbsp;&nbsp;_f2d
<LI><a href="#[1f6]">&gt;&gt;</a>&nbsp;&nbsp;&nbsp;_ddiv
</UL>

<P><STRONG><a name="[1ab]"></a>__aeabi_f2d</STRONG> (Thumb, 0 bytes, Stack size 0 bytes, C:\Keil_v5\ARM\ARMCC\Bin\..\lib\armlib\fz_wm.l(f2d.o)(x$fpl$f2d))
<BR><BR>[Called By]<UL><LI><a href="#[1a0]">&gt;&gt;</a>&nbsp;&nbsp;&nbsp;UttecUtil::dispSec(rfFrame_t*)
</UL>

<P><STRONG><a name="[1f8]"></a>_f2d</STRONG> (Thumb, 86 bytes, Stack size 0 bytes, C:\Keil_v5\ARM\ARMCC\Bin\..\lib\armlib\fz_wm.l(f2d.o)(x$fpl$f2d), UNUSED)
<BR><BR>[Calls]<UL><LI><a href="#[1f9]">&gt;&gt;</a>&nbsp;&nbsp;&nbsp;__fpl_fnaninf
<LI><a href="#[1f7]">&gt;&gt;</a>&nbsp;&nbsp;&nbsp;__fpl_dretinf
</UL>

<P><STRONG><a name="[1f9]"></a>__fpl_fnaninf</STRONG> (Thumb, 140 bytes, Stack size 0 bytes, C:\Keil_v5\ARM\ARMCC\Bin\..\lib\armlib\fz_wm.l(fnaninf.o)(x$fpl$fnaninf), UNUSED)
<BR><BR>[Called By]<UL><LI><a href="#[1fa]">&gt;&gt;</a>&nbsp;&nbsp;&nbsp;_ll_ufrom_f
<LI><a href="#[1f8]">&gt;&gt;</a>&nbsp;&nbsp;&nbsp;_f2d
</UL>

<P><STRONG><a name="[b6]"></a>_fp_init</STRONG> (Thumb, 10 bytes, Stack size 0 bytes, C:\Keil_v5\ARM\ARMCC\Bin\..\lib\armlib\fz_wm.l(fpinit.o)(x$fpl$fpinit))
<BR><BR>[Called By]<UL><LI><a href="#[b5]">&gt;&gt;</a>&nbsp;&nbsp;&nbsp;__rt_lib_init_fp_1
</UL>

<P><STRONG><a name="[1f4]"></a>__fpl_fretinf</STRONG> (Thumb, 10 bytes, Stack size 0 bytes, C:\Keil_v5\ARM\ARMCC\Bin\..\lib\armlib\fz_wm.l(fretinf.o)(x$fpl$fretinf), UNUSED)
<BR><BR>[Called By]<UL><LI><a href="#[1f3]">&gt;&gt;</a>&nbsp;&nbsp;&nbsp;_d2f
</UL>

<P><STRONG><a name="[176]"></a>__aeabi_f2ulz</STRONG> (Thumb, 0 bytes, Stack size 0 bytes, C:\Keil_v5\ARM\ARMCC\Bin\..\lib\armlib\fz_wm.l(ffixull.o)(x$fpl$llufromf))
<BR><BR>[Called By]<UL><LI><a href="#[175]">&gt;&gt;</a>&nbsp;&nbsp;&nbsp;mbed::Ticker::attach(mbed::Callback&lang;void()&rang;, float)
</UL>

<P><STRONG><a name="[1fa]"></a>_ll_ufrom_f</STRONG> (Thumb, 92 bytes, Stack size 0 bytes, C:\Keil_v5\ARM\ARMCC\Bin\..\lib\armlib\fz_wm.l(ffixull.o)(x$fpl$llufromf), UNUSED)
<BR><BR>[Calls]<UL><LI><a href="#[1f9]">&gt;&gt;</a>&nbsp;&nbsp;&nbsp;__fpl_fnaninf
</UL>

<P><STRONG><a name="[98]"></a>_printf_fp_dec</STRONG> (Thumb, 4 bytes, Stack size 0 bytes, C:\Keil_v5\ARM\ARMCC\Bin\..\lib\armlib\fz_wm.l(printf1.o)(x$fpl$printf1))
<BR><BR>[Calls]<UL><LI><a href="#[102]">&gt;&gt;</a>&nbsp;&nbsp;&nbsp;_printf_fp_dec_real
</UL>
<BR>[Called By]<UL><LI><a href="#[9a]">&gt;&gt;</a>&nbsp;&nbsp;&nbsp;_printf_g
<LI><a href="#[99]">&gt;&gt;</a>&nbsp;&nbsp;&nbsp;_printf_e
<LI><a href="#[97]">&gt;&gt;</a>&nbsp;&nbsp;&nbsp;_printf_f
</UL>

<P><STRONG><a name="[9c]"></a>_printf_fp_hex</STRONG> (Thumb, 4 bytes, Stack size 0 bytes, C:\Keil_v5\ARM\ARMCC\Bin\..\lib\armlib\fz_wm.l(printf2.o)(x$fpl$printf2))
<BR><BR>[Calls]<UL><LI><a href="#[11f]">&gt;&gt;</a>&nbsp;&nbsp;&nbsp;_printf_fp_hex_real
</UL>
<BR>[Called By]<UL><LI><a href="#[9b]">&gt;&gt;</a>&nbsp;&nbsp;&nbsp;_printf_a
</UL>
<P>
<H3>
Local Symbols
</H3>
<P><STRONG><a name="[8a]"></a>__sti___17_mainForSx1276_cpp_Uart</STRONG> (Thumb, 120 bytes, Stack size 0 bytes, .\build\mainforsx1276.o(i.__sti___17_mainForSx1276_cpp_Uart))
<BR><BR>[Calls]<UL><LI><a href="#[17a]">&gt;&gt;</a>&nbsp;&nbsp;&nbsp;mbed::Ticker::Ticker()
<LI><a href="#[1ae]">&gt;&gt;</a>&nbsp;&nbsp;&nbsp;pwmout_init
<LI><a href="#[15f]">&gt;&gt;</a>&nbsp;&nbsp;&nbsp;core_util_critical_section_exit
<LI><a href="#[15c]">&gt;&gt;</a>&nbsp;&nbsp;&nbsp;core_util_critical_section_enter
<LI><a href="#[1ad]">&gt;&gt;</a>&nbsp;&nbsp;&nbsp;__aeabi_atexit
<LI><a href="#[1b1]">&gt;&gt;</a>&nbsp;&nbsp;&nbsp;sx1276Exe::sx1276Exe()
<LI><a href="#[1b0]">&gt;&gt;</a>&nbsp;&nbsp;&nbsp;UttecBle::UttecBle()
<LI><a href="#[1af]">&gt;&gt;</a>&nbsp;&nbsp;&nbsp;Flash::Flash()
<LI><a href="#[16d]">&gt;&gt;</a>&nbsp;&nbsp;&nbsp;mbed::Serial::Serial(PinName, PinName, const char*, int)
</UL>
<BR>[Address Reference Count : 1]<UL><LI> mainforsx1276.o(.init_array)
</UL>
<P><STRONG><a name="[55]"></a>analog_in_event_handler</STRONG> (Thumb, 2 bytes, Stack size 0 bytes, mbed/TARGET_NRF52_DK/TOOLCHAIN_ARM_STD/analogin_api.o(i.analog_in_event_handler))
<BR>[Address Reference Count : 1]<UL><LI> analogin_api.o(i.analogin_init)
</UL>
<P><STRONG><a name="[11]"></a>fs_event_handler</STRONG> (Thumb, 6 bytes, Stack size 0 bytes, mbed/TARGET_NRF52_DK/TOOLCHAIN_ARM_STD/fds.o(i.fs_event_handler))
<BR><BR>[Calls]<UL><LI><a href="#[1ca]">&gt;&gt;</a>&nbsp;&nbsp;&nbsp;queue_process
</UL>
<BR>[Address Reference Count : 1]<UL><LI> fds.o(fs_data)
</UL>
<P><STRONG><a name="[1cc]"></a>gc_record_find_next</STRONG> (Thumb, 174 bytes, Stack size 0 bytes, mbed/TARGET_NRF52_DK/TOOLCHAIN_ARM_STD/fds.o(i.gc_record_find_next))
<BR><BR>[Calls]<UL><LI><a href="#[1cb]">&gt;&gt;</a>&nbsp;&nbsp;&nbsp;fs_store
<LI><a href="#[1c8]">&gt;&gt;</a>&nbsp;&nbsp;&nbsp;fs_erase
</UL>
<BR>[Called By]<UL><LI><a href="#[1ca]">&gt;&gt;</a>&nbsp;&nbsp;&nbsp;queue_process
</UL>

<P><STRONG><a name="[1ca]"></a>queue_process</STRONG> (Thumb, 1522 bytes, Stack size 0 bytes, mbed/TARGET_NRF52_DK/TOOLCHAIN_ARM_STD/fds.o(i.queue_process))
<BR><BR>[Calls]<UL><LI><a href="#[1cb]">&gt;&gt;</a>&nbsp;&nbsp;&nbsp;fs_store
<LI><a href="#[1c8]">&gt;&gt;</a>&nbsp;&nbsp;&nbsp;fs_erase
<LI><a href="#[1ed]">&gt;&gt;</a>&nbsp;&nbsp;&nbsp;record_find_by_desc
<LI><a href="#[1ee]">&gt;&gt;</a>&nbsp;&nbsp;&nbsp;record_find
<LI><a href="#[1ca]">&gt;&gt;</a>&nbsp;&nbsp;&nbsp;queue_process
<LI><a href="#[1cc]">&gt;&gt;</a>&nbsp;&nbsp;&nbsp;gc_record_find_next
</UL>
<BR>[Called By]<UL><LI><a href="#[1ca]">&gt;&gt;</a>&nbsp;&nbsp;&nbsp;queue_process
<LI><a href="#[11]">&gt;&gt;</a>&nbsp;&nbsp;&nbsp;fs_event_handler
</UL>

<P><STRONG><a name="[1ee]"></a>record_find</STRONG> (Thumb, 350 bytes, Stack size 0 bytes, mbed/TARGET_NRF52_DK/TOOLCHAIN_ARM_STD/fds.o(i.record_find))
<BR><BR>[Called By]<UL><LI><a href="#[1ca]">&gt;&gt;</a>&nbsp;&nbsp;&nbsp;queue_process
</UL>

<P><STRONG><a name="[1ed]"></a>record_find_by_desc</STRONG> (Thumb, 278 bytes, Stack size 0 bytes, mbed/TARGET_NRF52_DK/TOOLCHAIN_ARM_STD/fds.o(i.record_find_by_desc))
<BR><BR>[Called By]<UL><LI><a href="#[1ca]">&gt;&gt;</a>&nbsp;&nbsp;&nbsp;queue_process
</UL>

<P><STRONG><a name="[1c9]"></a>queue_process</STRONG> (Thumb, 178 bytes, Stack size 0 bytes, mbed/TARGET_NRF52_DK/TOOLCHAIN_ARM_STD/fstorage.o(i.queue_process))
<BR><BR>[Called By]<UL><LI><a href="#[1cb]">&gt;&gt;</a>&nbsp;&nbsp;&nbsp;fs_store
<LI><a href="#[1c8]">&gt;&gt;</a>&nbsp;&nbsp;&nbsp;fs_erase
</UL>

<P><STRONG><a name="[1cd]"></a>gpio_apply_config</STRONG> (Thumb, 176 bytes, Stack size 0 bytes, mbed/TARGET_NRF52_DK/TOOLCHAIN_ARM_STD/gpio_api.o(i.gpio_apply_config))
<BR><BR>[Calls]<UL><LI><a href="#[1d0]">&gt;&gt;</a>&nbsp;&nbsp;&nbsp;nrf_drv_gpiote_out_init
<LI><a href="#[1ce]">&gt;&gt;</a>&nbsp;&nbsp;&nbsp;nrf_drv_gpiote_in_init
<LI><a href="#[1cf]">&gt;&gt;</a>&nbsp;&nbsp;&nbsp;nrf_drv_gpiote_in_event_enable
</UL>
<BR>[Called By]<UL><LI><a href="#[1d6]">&gt;&gt;</a>&nbsp;&nbsp;&nbsp;gpio_mode
<LI><a href="#[1d1]">&gt;&gt;</a>&nbsp;&nbsp;&nbsp;gpio_dir
</UL>

<P><STRONG><a name="[57]"></a>gpiote_irq_handler</STRONG> (Thumb, 84 bytes, Stack size 0 bytes, mbed/TARGET_NRF52_DK/TOOLCHAIN_ARM_STD/gpio_api.o(i.gpiote_irq_handler))
<BR>[Address Reference Count : 1]<UL><LI> gpio_api.o(i.gpio_apply_config)
</UL>
<P><STRONG><a name="[12f]"></a>irq_handler</STRONG> (Thumb, 134 bytes, Stack size 0 bytes, mbed/TARGET_NRF52_DK/TOOLCHAIN_ARM_STD/nrf_drv_pwm.o(i.irq_handler))
<BR><BR>[Called By]<UL><LI><a href="#[5e]">&gt;&gt;</a>&nbsp;&nbsp;&nbsp;PWM2_IRQHandler
<LI><a href="#[5d]">&gt;&gt;</a>&nbsp;&nbsp;&nbsp;PWM1_IRQHandler
<LI><a href="#[5c]">&gt;&gt;</a>&nbsp;&nbsp;&nbsp;PWM0_IRQHandler
</UL>

<P><STRONG><a name="[1d8]"></a>internal_pwmout_exe</STRONG> (Thumb, 218 bytes, Stack size 0 bytes, mbed/TARGET_NRF52_DK/TOOLCHAIN_ARM_STD/pwmout_api.o(i.internal_pwmout_exe))
<BR><BR>[Calls]<UL><LI><a href="#[135]">&gt;&gt;</a>&nbsp;&nbsp;&nbsp;mbed_assert_internal
<LI><a href="#[1d9]">&gt;&gt;</a>&nbsp;&nbsp;&nbsp;nrf_drv_pwm_uninit
<LI><a href="#[1db]">&gt;&gt;</a>&nbsp;&nbsp;&nbsp;nrf_drv_pwm_simple_playback
<LI><a href="#[1da]">&gt;&gt;</a>&nbsp;&nbsp;&nbsp;nrf_drv_pwm_init
</UL>
<BR>[Called By]<UL><LI><a href="#[16c]">&gt;&gt;</a>&nbsp;&nbsp;&nbsp;pwmout_write
<LI><a href="#[19e]">&gt;&gt;</a>&nbsp;&nbsp;&nbsp;pwmout_period_us
</UL>

<P><STRONG><a name="[1f1]"></a>internal_set_hwfc</STRONG> (Thumb, 116 bytes, Stack size 0 bytes, mbed/TARGET_NRF52_DK/TOOLCHAIN_ARM_STD/serial_api.o(i.internal_set_hwfc))
<BR><BR>[Called By]<UL><LI><a href="#[15a]">&gt;&gt;</a>&nbsp;&nbsp;&nbsp;serial_init
</UL>

<P><STRONG><a name="[1ba]"></a>bytewise_bitswap</STRONG> (Thumb, 42 bytes, Stack size 0 bytes, .\build\radio_config.o(i.bytewise_bitswap))
<BR><BR>[Calls]<UL><LI><a href="#[1bb]">&gt;&gt;</a>&nbsp;&nbsp;&nbsp;swap_bits
</UL>
<BR>[Called By]<UL><LI><a href="#[149]">&gt;&gt;</a>&nbsp;&nbsp;&nbsp;radio_configureNew
</UL>

<P><STRONG><a name="[1bb]"></a>swap_bits</STRONG> (Thumb, 36 bytes, Stack size 0 bytes, .\build\radio_config.o(i.swap_bits))
<BR><BR>[Called By]<UL><LI><a href="#[1ba]">&gt;&gt;</a>&nbsp;&nbsp;&nbsp;bytewise_bitswap
<LI><a href="#[149]">&gt;&gt;</a>&nbsp;&nbsp;&nbsp;radio_configureNew
</UL>

<P><STRONG><a name="[186]"></a>flash_page_erase(unsigned*)</STRONG> (Thumb, 50 bytes, Stack size 0 bytes, .\build\flash.o(i._Z16flash_page_erasePj))
<BR><BR>[Called By]<UL><LI><a href="#[185]">&gt;&gt;</a>&nbsp;&nbsp;&nbsp;Flash::writeFlash()
</UL>

<P><STRONG><a name="[187]"></a>flash_word_write(unsigned*, unsigned)</STRONG> (Thumb, 56 bytes, Stack size 0 bytes, .\build\flash.o(i._Z16flash_word_writePjj))
<BR><BR>[Called By]<UL><LI><a href="#[185]">&gt;&gt;</a>&nbsp;&nbsp;&nbsp;Flash::writeFlash()
</UL>

<P><STRONG><a name="[134]"></a>gpio_write(gpio_t*, int)</STRONG> (Thumb, 66 bytes, Stack size 0 bytes, .\build\rs485.o(i._Z10gpio_writeP6gpio_ti))
<BR><BR>[Calls]<UL><LI><a href="#[135]">&gt;&gt;</a>&nbsp;&nbsp;&nbsp;mbed_assert_internal
</UL>
<BR>[Called By]<UL><LI><a href="#[14d]">&gt;&gt;</a>&nbsp;&nbsp;&nbsp;mbed::DigitalOut::operator =(int)
</UL>

<P><STRONG><a name="[8b]"></a>__sti___12_UttecLed_cpp_66a161ca</STRONG> (Thumb, 20 bytes, Stack size 0 bytes, .\build\uttecled.o(i.__sti___12_UttecLed_cpp_66a161ca))
<BR><BR>[Calls]<UL><LI><a href="#[14b]">&gt;&gt;</a>&nbsp;&nbsp;&nbsp;mbed::DigitalOut::DigitalOut(PinName)
</UL>
<BR>[Address Reference Count : 1]<UL><LI> uttecled.o(.init_array)
</UL>
<P><STRONG><a name="[8c]"></a>__sti___11_mSecExe_cpp_pir</STRONG> (Thumb, 90 bytes, Stack size 0 bytes, .\build\msecexe.o(i.__sti___11_mSecExe_cpp_pir))
<BR><BR>[Calls]<UL><LI><a href="#[1ac]">&gt;&gt;</a>&nbsp;&nbsp;&nbsp;analogin_init
<LI><a href="#[1ae]">&gt;&gt;</a>&nbsp;&nbsp;&nbsp;pwmout_init
<LI><a href="#[15f]">&gt;&gt;</a>&nbsp;&nbsp;&nbsp;core_util_critical_section_exit
<LI><a href="#[15c]">&gt;&gt;</a>&nbsp;&nbsp;&nbsp;core_util_critical_section_enter
<LI><a href="#[1ad]">&gt;&gt;</a>&nbsp;&nbsp;&nbsp;__aeabi_atexit
<LI><a href="#[18f]">&gt;&gt;</a>&nbsp;&nbsp;&nbsp;UttecLed::UttecLed()
<LI><a href="#[85]">&gt;&gt;</a>&nbsp;&nbsp;&nbsp;mbed::AnalogIn::unlock()
<LI><a href="#[84]">&gt;&gt;</a>&nbsp;&nbsp;&nbsp;mbed::AnalogIn::lock()
</UL>
<BR>[Address Reference Count : 1]<UL><LI> msecexe.o(.init_array)
</UL>
<P><STRONG><a name="[8d]"></a>__sti___13_UttecUtil_cpp_380f9fb9</STRONG> (Thumb, 72 bytes, Stack size 0 bytes, .\build\uttecutil.o(i.__sti___13_UttecUtil_cpp_380f9fb9))
<BR><BR>[Calls]<UL><LI><a href="#[17b]">&gt;&gt;</a>&nbsp;&nbsp;&nbsp;mbed::Callback&lang;void()&rang;::Callback(void(*)())
<LI><a href="#[1ad]">&gt;&gt;</a>&nbsp;&nbsp;&nbsp;__aeabi_atexit
<LI><a href="#[165]">&gt;&gt;</a>&nbsp;&nbsp;&nbsp;mbed::TimerEvent::TimerEvent__sub_object()
</UL>
<BR>[Address Reference Count : 1]<UL><LI> uttecutil.o(.init_array)
</UL>
<P><STRONG><a name="[4a]"></a>&lang;Func3&rang;</STRONG> (Thumb, 12 bytes, Stack size 0 bytes, mbed/TARGET_NRF52_DK/TOOLCHAIN_ARM_STD/mbed.ar(SerialBase.o)(i.<Func3>))
<BR>[Address Reference Count : 1]<UL><LI> SerialBase.o(i._ZN4mbed10SerialBaseC1E7PinNameS1_i)
</UL>
<P><STRONG><a name="[1ef]"></a>schedule_interrupt</STRONG> (Thumb, 102 bytes, Stack size 0 bytes, mbed/TARGET_NRF52_DK/TOOLCHAIN_ARM_STD/mbed.ar(mbed_ticker_api.o)(i.schedule_interrupt))
<BR><BR>[Calls]<UL><LI><a href="#[1f0]">&gt;&gt;</a>&nbsp;&nbsp;&nbsp;update_present_time
</UL>
<BR>[Called By]<UL><LI><a href="#[1f2]">&gt;&gt;</a>&nbsp;&nbsp;&nbsp;ticker_read
<LI><a href="#[1dc]">&gt;&gt;</a>&nbsp;&nbsp;&nbsp;ticker_irq_handler
<LI><a href="#[167]">&gt;&gt;</a>&nbsp;&nbsp;&nbsp;ticker_set_handler
<LI><a href="#[164]">&gt;&gt;</a>&nbsp;&nbsp;&nbsp;ticker_remove_event
<LI><a href="#[162]">&gt;&gt;</a>&nbsp;&nbsp;&nbsp;ticker_insert_event_us
<LI><a href="#[174]">&gt;&gt;</a>&nbsp;&nbsp;&nbsp;ticker_read_us
</UL>

<P><STRONG><a name="[1f0]"></a>update_present_time</STRONG> (Thumb, 40 bytes, Stack size 0 bytes, mbed/TARGET_NRF52_DK/TOOLCHAIN_ARM_STD/mbed.ar(mbed_ticker_api.o)(i.update_present_time))
<BR><BR>[Called By]<UL><LI><a href="#[1f2]">&gt;&gt;</a>&nbsp;&nbsp;&nbsp;ticker_read
<LI><a href="#[1ef]">&gt;&gt;</a>&nbsp;&nbsp;&nbsp;schedule_interrupt
<LI><a href="#[167]">&gt;&gt;</a>&nbsp;&nbsp;&nbsp;ticker_set_handler
<LI><a href="#[162]">&gt;&gt;</a>&nbsp;&nbsp;&nbsp;ticker_insert_event_us
<LI><a href="#[174]">&gt;&gt;</a>&nbsp;&nbsp;&nbsp;ticker_read_us
</UL>

<P><STRONG><a name="[fc]"></a>_fp_digits</STRONG> (Thumb, 432 bytes, Stack size 0 bytes, C:\Keil_v5\ARM\ARMCC\Bin\..\lib\armlib\c_w.l(_printf_fp_dec.o)(.text))
<BR><BR>[Calls]<UL><LI><a href="#[100]">&gt;&gt;</a>&nbsp;&nbsp;&nbsp;_btod_emul
<LI><a href="#[ff]">&gt;&gt;</a>&nbsp;&nbsp;&nbsp;_btod_ediv
<LI><a href="#[fe]">&gt;&gt;</a>&nbsp;&nbsp;&nbsp;_btod_d2e
<LI><a href="#[fd]">&gt;&gt;</a>&nbsp;&nbsp;&nbsp;_btod_etento
<LI><a href="#[101]">&gt;&gt;</a>&nbsp;&nbsp;&nbsp;_ll_udiv10
</UL>
<BR>[Called By]<UL><LI><a href="#[102]">&gt;&gt;</a>&nbsp;&nbsp;&nbsp;_printf_fp_dec_real
</UL>

<P><STRONG><a name="[46]"></a>_printf_input_char</STRONG> (Thumb, 10 bytes, Stack size 0 bytes, C:\Keil_v5\ARM\ARMCC\Bin\..\lib\armlib\c_w.l(_printf_char_common.o)(.text))
<BR>[Address Reference Count : 1]<UL><LI> _printf_char_common.o(.text)
</UL><P>
<H3>
Undefined Global Symbols
</H3><HR></body></html>
