<html>
<body>
<pre>
<h1>µVision Build Log</h1>
<h2>Tool Versions:</h2>
IDE-Version: •ÏVision V5.24.2.0
Copyright (C) 2017 ARM Ltd and ARM Germany GmbH. All rights reserved.
License Information: hong Registered User, Microsoft Corporation, LIC=PE7EV-PCXUL-UHY8H-W2LS6-8DHAW-Q4K2V
 
Tool Versions:
Toolchain:       MDK-ARM Plus  Version: 5.24.1
Toolchain Path:  C:\Keil_v5\ARM\ARMCC\Bin
C Compiler:      Armcc.exe V5.06 update 5 (build 528)
Assembler:       Armasm.exe V5.06 update 5 (build 528)
Linker/Locator:  ArmLink.exe V5.06 update 5 (build 528)
Library Manager: ArmAr.exe V5.06 update 5 (build 528)
Hex Converter:   FromElf.exe V5.06 update 5 (build 528)
CPU DLL:         
Dialog DLL:      DCM.DLL V1.16.0.0
Target DLL:      UL2CM3.DLL V1.160.3.0
Dialog DLL:      TCM.DLL V1.32.0.0
 
<h2>Project:</h2>
C:\mbed\mbed528\uttec528\BLE_LED.uvprojx
Project File Date:  12/22/2017

<h2>Output:</h2>
*** Using Compiler 'V5.06 update 5 (build 528)', folder: 'C:\Keil_v5\ARM\ARMCC\Bin'
Build target 'uttec528'
compiling Rf.cpp...
mbed_config.h(38): warning:  #47-D: incompatible redefinition of macro "DEVICE_SERIAL_ASYNCH" 
  #define DEVICE_SERIAL_ASYNCH 0
UttecLib\Rf.cpp: 1 warning, 0 errors
compiling Flash.cpp...
mbed_config.h(38): warning:  #47-D: incompatible redefinition of macro "DEVICE_SERIAL_ASYNCH" 
  #define DEVICE_SERIAL_ASYNCH 0
UttecLib\Flash.cpp: 1 warning, 0 errors
compiling main.cpp...
mbed_config.h(38): warning:  #47-D: incompatible redefinition of macro "DEVICE_SERIAL_ASYNCH" 
  #define DEVICE_SERIAL_ASYNCH 0
main.cpp(54): warning:  #111-D: statement is unreachable
  	printf("\n\rNow New nrf52832 2017.12.18 12:50\n\r");
main.cpp: 2 warnings, 0 errors
compiling procRf.cpp...
mbed_config.h(38): warning:  #47-D: incompatible redefinition of macro "DEVICE_SERIAL_ASYNCH" 
  #define DEVICE_SERIAL_ASYNCH 0
UttecApp\procRf.cpp: 1 warning, 0 errors
compiling rs485.cpp...
mbed_config.h(38): warning:  #47-D: incompatible redefinition of macro "DEVICE_SERIAL_ASYNCH" 
  #define DEVICE_SERIAL_ASYNCH 0
UttecLib\rs485.cpp: 1 warning, 0 errors
compiling procSec.cpp...
mbed_config.h(38): warning:  #47-D: incompatible redefinition of macro "DEVICE_SERIAL_ASYNCH" 
  #define DEVICE_SERIAL_ASYNCH 0
UttecApp\procSec.cpp: 1 warning, 0 errors
compiling proc_mSec.cpp...
mbed_config.h(38): warning:  #47-D: incompatible redefinition of macro "DEVICE_SERIAL_ASYNCH" 
  #define DEVICE_SERIAL_ASYNCH 0
UttecApp\proc_mSec.cpp: 1 warning, 0 errors
compiling UttecLed.cpp...
mbed_config.h(38): warning:  #47-D: incompatible redefinition of macro "DEVICE_SERIAL_ASYNCH" 
  #define DEVICE_SERIAL_ASYNCH 0
UttecApp\UttecLed.cpp: 1 warning, 0 errors
compiling server.cpp...
mbed_config.h(38): warning:  #47-D: incompatible redefinition of macro "DEVICE_SERIAL_ASYNCH" 
  #define DEVICE_SERIAL_ASYNCH 0
UttecApp\server.cpp: 1 warning, 0 errors
linking...
Program Size: Code=26128 RO-data=2312 RW-data=192 ZI-data=2064  
FromELF: creating hex file...
".\BUILD\BLE_LED.axf" - 0 Error(s), 10 Warning(s).

<h2>Software Packages used:</h2>

Package Vendor: NordicSemiconductor
                http://developer.nordicsemi.com/nRF5_SDK/pieces/nRF_DeviceFamilyPack/NordicSemiconductor.nRF_DeviceFamilyPack.8.15.0.pack
                NordicSemiconductor.nRF_DeviceFamilyPack.8.15.0
                Nordic Semiconductor nRF ARM devices Device Family Pack.

<h2>Collection of Component include folders:</h2>
  .\RTE\_uttec528
  C:\Keil_v5\ARM\PACK\NordicSemiconductor\nRF_DeviceFamilyPack\8.15.0\Device\Include

<h2>Collection of Component Files used:</h2>
Build Time Elapsed:  00:00:05
</pre>
</body>
</html>
